========================================
Running experiment on GPU
  D       = 2
  N       = 10
  lambda  = 1.0
  seed    = 4
  GPU     = 0
========================================
[round 01/100] avg private log-likelihood = -2.652
[round 02/100] avg private log-likelihood = -2.701
[round 03/100] avg private log-likelihood = -2.752
[round 04/100] avg private log-likelihood = -2.803
[round 05/100] avg private log-likelihood = -2.850
[round 06/100] avg private log-likelihood = -2.888
[round 07/100] avg private log-likelihood = -2.915
[round 08/100] avg private log-likelihood = -2.935
[round 09/100] avg private log-likelihood = -2.959
[round 10/100] avg private log-likelihood = -2.976
[round 11/100] avg private log-likelihood = -2.991
[round 12/100] avg private log-likelihood = -2.998
[round 13/100] avg private log-likelihood = -3.006
[round 14/100] avg private log-likelihood = -3.009
[round 15/100] avg private log-likelihood = -3.010
[round 16/100] avg private log-likelihood = -3.011
[round 17/100] avg private log-likelihood = -3.006
[round 18/100] avg private log-likelihood = -3.003
[round 19/100] avg private log-likelihood = -3.003
[round 20/100] avg private log-likelihood = -3.004
[round 21/100] avg private log-likelihood = -2.999
[round 22/100] avg private log-likelihood = -3.006
[round 23/100] avg private log-likelihood = -3.001
[round 24/100] avg private log-likelihood = -2.998
[round 25/100] avg private log-likelihood = -2.993
[round 26/100] avg private log-likelihood = -2.996
[round 27/100] avg private log-likelihood = -2.995
[round 28/100] avg private log-likelihood = -2.993
[round 29/100] avg private log-likelihood = -2.989
[round 30/100] avg private log-likelihood = -2.986
[round 31/100] avg private log-likelihood = -2.984
[round 32/100] avg private log-likelihood = -2.973
[round 33/100] avg private log-likelihood = -2.972
[round 34/100] avg private log-likelihood = -2.970
[round 35/100] avg private log-likelihood = -2.963
[round 36/100] avg private log-likelihood = -2.954
[round 37/100] avg private log-likelihood = -2.954
[round 38/100] avg private log-likelihood = -2.942
[round 39/100] avg private log-likelihood = -2.939
[round 40/100] avg private log-likelihood = -2.931
[round 41/100] avg private log-likelihood = -2.925
[round 42/100] avg private log-likelihood = -2.924
[round 43/100] avg private log-likelihood = -2.921
[round 44/100] avg private log-likelihood = -2.918
[round 45/100] avg private log-likelihood = -2.912
[round 46/100] avg private log-likelihood = -2.910
[round 47/100] avg private log-likelihood = -2.906
[round 48/100] avg private log-likelihood = -2.905
[round 49/100] avg private log-likelihood = -2.899
[round 50/100] avg private log-likelihood = -2.892
[round 51/100] avg private log-likelihood = -2.893
[round 52/100] avg private log-likelihood = -2.887
[round 53/100] avg private log-likelihood = -2.886
[round 54/100] avg private log-likelihood = -2.882
[round 55/100] avg private log-likelihood = -2.874
[round 56/100] avg private log-likelihood = -2.869
[round 57/100] avg private log-likelihood = -2.864
[round 58/100] avg private log-likelihood = -2.859
[round 59/100] avg private log-likelihood = -2.856
[round 60/100] avg private log-likelihood = -2.853
[round 61/100] avg private log-likelihood = -2.854
[round 62/100] avg private log-likelihood = -2.848
[round 63/100] avg private log-likelihood = -2.845
[round 64/100] avg private log-likelihood = -2.836
[round 65/100] avg private log-likelihood = -2.834
[round 66/100] avg private log-likelihood = -2.834
[round 67/100] avg private log-likelihood = -2.835
[round 68/100] avg private log-likelihood = -2.842
[round 69/100] avg private log-likelihood = -2.838
[round 70/100] avg private log-likelihood = -2.841
[round 71/100] avg private log-likelihood = -2.842
[round 72/100] avg private log-likelihood = -2.840
[round 73/100] avg private log-likelihood = -2.838
[round 74/100] avg private log-likelihood = -2.835
[round 75/100] avg private log-likelihood = -2.839
[round 76/100] avg private log-likelihood = -2.836
[round 77/100] avg private log-likelihood = -2.838
[round 78/100] avg private log-likelihood = -2.833
[round 79/100] avg private log-likelihood = -2.835
[round 80/100] avg private log-likelihood = -2.836
[round 81/100] avg private log-likelihood = -2.837
[round 82/100] avg private log-likelihood = -2.833
[round 83/100] avg private log-likelihood = -2.840
[round 84/100] avg private log-likelihood = -2.840
[round 85/100] avg private log-likelihood = -2.847
[round 86/100] avg private log-likelihood = -2.844
[round 87/100] avg private log-likelihood = -2.837
[round 88/100] avg private log-likelihood = -2.842
[round 89/100] avg private log-likelihood = -2.845
[round 90/100] avg private log-likelihood = -2.841
[round 91/100] avg private log-likelihood = -2.842
[round 92/100] avg private log-likelihood = -2.838
[round 93/100] avg private log-likelihood = -2.838
[round 94/100] avg private log-likelihood = -2.841
[round 95/100] avg private log-likelihood = -2.842
[round 96/100] avg private log-likelihood = -2.840
[round 97/100] avg private log-likelihood = -2.839
[round 98/100] avg private log-likelihood = -2.837
[round 99/100] avg private log-likelihood = -2.834
[round 100/100] avg private log-likelihood = -2.834
[round 01/100] avg private log-likelihood = -2.732
[round 02/100] avg private log-likelihood = -2.777
[round 03/100] avg private log-likelihood = -2.830
[round 04/100] avg private log-likelihood = -2.881
[round 05/100] avg private log-likelihood = -2.927
[round 06/100] avg private log-likelihood = -2.966
[round 07/100] avg private log-likelihood = -2.999
[round 08/100] avg private log-likelihood = -3.026
[round 09/100] avg private log-likelihood = -3.045
[round 10/100] avg private log-likelihood = -3.057
[round 11/100] avg private log-likelihood = -3.068
[round 12/100] avg private log-likelihood = -3.071
[round 13/100] avg private log-likelihood = -3.067
[round 14/100] avg private log-likelihood = -3.064
[round 15/100] avg private log-likelihood = -3.061
[round 16/100] avg private log-likelihood = -3.054
[round 17/100] avg private log-likelihood = -3.055
[round 18/100] avg private log-likelihood = -3.051
[round 19/100] avg private log-likelihood = -3.046
[round 20/100] avg private log-likelihood = -3.043
[round 21/100] avg private log-likelihood = -3.044
[round 22/100] avg private log-likelihood = -3.044
[round 23/100] avg private log-likelihood = -3.045
[round 24/100] avg private log-likelihood = -3.041
[round 25/100] avg private log-likelihood = -3.043
[round 26/100] avg private log-likelihood = -3.044
[round 27/100] avg private log-likelihood = -3.041
[round 28/100] avg private log-likelihood = -3.038
[round 29/100] avg private log-likelihood = -3.040
[round 30/100] avg private log-likelihood = -3.041
[round 31/100] avg private log-likelihood = -3.040
[round 32/100] avg private log-likelihood = -3.040
[round 33/100] avg private log-likelihood = -3.039
[round 34/100] avg private log-likelihood = -3.037
[round 35/100] avg private log-likelihood = -3.038
[round 36/100] avg private log-likelihood = -3.037
[round 37/100] avg private log-likelihood = -3.038
[round 38/100] avg private log-likelihood = -3.037
[round 39/100] avg private log-likelihood = -3.038
[round 40/100] avg private log-likelihood = -3.040
[round 41/100] avg private log-likelihood = -3.036
[round 42/100] avg private log-likelihood = -3.035
[round 43/100] avg private log-likelihood = -3.034
[round 44/100] avg private log-likelihood = -3.033
[round 45/100] avg private log-likelihood = -3.032
[round 46/100] avg private log-likelihood = -3.034
[round 47/100] avg private log-likelihood = -3.031
[round 48/100] avg private log-likelihood = -3.031
[round 49/100] avg private log-likelihood = -3.030
[round 50/100] avg private log-likelihood = -3.027
[round 51/100] avg private log-likelihood = -3.028
[round 52/100] avg private log-likelihood = -3.025
[round 53/100] avg private log-likelihood = -3.023
[round 54/100] avg private log-likelihood = -3.020
[round 55/100] avg private log-likelihood = -3.017
[round 56/100] avg private log-likelihood = -3.017
[round 57/100] avg private log-likelihood = -3.015
[round 58/100] avg private log-likelihood = -3.011
[round 59/100] avg private log-likelihood = -3.010
[round 60/100] avg private log-likelihood = -3.008
[round 61/100] avg private log-likelihood = -3.008
[round 62/100] avg private log-likelihood = -3.005
[round 63/100] avg private log-likelihood = -3.005
[round 64/100] avg private log-likelihood = -3.008
[round 65/100] avg private log-likelihood = -3.007
[round 66/100] avg private log-likelihood = -3.006
[round 67/100] avg private log-likelihood = -3.008
[round 68/100] avg private log-likelihood = -3.005
[round 69/100] avg private log-likelihood = -3.008
[round 70/100] avg private log-likelihood = -3.005
[round 71/100] avg private log-likelihood = -3.006
[round 72/100] avg private log-likelihood = -3.005
[round 73/100] avg private log-likelihood = -3.005
[round 74/100] avg private log-likelihood = -3.006
[round 75/100] avg private log-likelihood = -3.007
[round 76/100] avg private log-likelihood = -3.005
[round 77/100] avg private log-likelihood = -3.007
[round 78/100] avg private log-likelihood = -3.008
[round 79/100] avg private log-likelihood = -3.009
[round 80/100] avg private log-likelihood = -3.008
[round 81/100] avg private log-likelihood = -3.008
[round 82/100] avg private log-likelihood = -3.005
[round 83/100] avg private log-likelihood = -3.010
[round 84/100] avg private log-likelihood = -3.008
[round 85/100] avg private log-likelihood = -3.010
[round 86/100] avg private log-likelihood = -3.011
[round 87/100] avg private log-likelihood = -3.008
[round 88/100] avg private log-likelihood = -3.009
[round 89/100] avg private log-likelihood = -3.008
[round 90/100] avg private log-likelihood = -3.008
[round 91/100] avg private log-likelihood = -3.008
[round 92/100] avg private log-likelihood = -3.006
[round 93/100] avg private log-likelihood = -3.008
[round 94/100] avg private log-likelihood = -3.007
[round 95/100] avg private log-likelihood = -3.009
[round 96/100] avg private log-likelihood = -3.007
[round 97/100] avg private log-likelihood = -3.006
[round 98/100] avg private log-likelihood = -3.006
[round 99/100] avg private log-likelihood = -3.008
[round 100/100] avg private log-likelihood = -3.008
[DONE] Results saved to results/D2_N10_lam1.0_seed4.json
