========================================
Running experiment on GPU
  D       = 4
  N       = 10
  lambda  = 0.5
  seed    = 7
  GPU     = 0
========================================
[round 01/100] avg private log-likelihood = -4.556
[round 02/100] avg private log-likelihood = -4.657
[round 03/100] avg private log-likelihood = -4.762
[round 04/100] avg private log-likelihood = -4.859
[round 05/100] avg private log-likelihood = -4.946
[round 06/100] avg private log-likelihood = -5.014
[round 07/100] avg private log-likelihood = -5.081
[round 08/100] avg private log-likelihood = -5.133
[round 09/100] avg private log-likelihood = -5.175
[round 10/100] avg private log-likelihood = -5.212
[round 11/100] avg private log-likelihood = -5.235
[round 12/100] avg private log-likelihood = -5.260
[round 13/100] avg private log-likelihood = -5.283
[round 14/100] avg private log-likelihood = -5.303
[round 15/100] avg private log-likelihood = -5.324
[round 16/100] avg private log-likelihood = -5.341
[round 17/100] avg private log-likelihood = -5.356
[round 18/100] avg private log-likelihood = -5.351
[round 19/100] avg private log-likelihood = -5.356
[round 20/100] avg private log-likelihood = -5.357
[round 21/100] avg private log-likelihood = -5.352
[round 22/100] avg private log-likelihood = -5.353
[round 23/100] avg private log-likelihood = -5.352
[round 24/100] avg private log-likelihood = -5.344
[round 25/100] avg private log-likelihood = -5.346
[round 26/100] avg private log-likelihood = -5.343
[round 27/100] avg private log-likelihood = -5.340
[round 28/100] avg private log-likelihood = -5.337
[round 29/100] avg private log-likelihood = -5.336
[round 30/100] avg private log-likelihood = -5.332
[round 31/100] avg private log-likelihood = -5.340
[round 32/100] avg private log-likelihood = -5.340
[round 33/100] avg private log-likelihood = -5.341
[round 34/100] avg private log-likelihood = -5.335
[round 35/100] avg private log-likelihood = -5.336
[round 36/100] avg private log-likelihood = -5.335
[round 37/100] avg private log-likelihood = -5.337
[round 38/100] avg private log-likelihood = -5.339
[round 39/100] avg private log-likelihood = -5.342
[round 40/100] avg private log-likelihood = -5.340
[round 41/100] avg private log-likelihood = -5.339
[round 42/100] avg private log-likelihood = -5.342
[round 43/100] avg private log-likelihood = -5.344
[round 44/100] avg private log-likelihood = -5.345
[round 45/100] avg private log-likelihood = -5.344
[round 46/100] avg private log-likelihood = -5.344
[round 47/100] avg private log-likelihood = -5.344
[round 48/100] avg private log-likelihood = -5.343
[round 49/100] avg private log-likelihood = -5.343
[round 50/100] avg private log-likelihood = -5.346
[round 51/100] avg private log-likelihood = -5.345
[round 52/100] avg private log-likelihood = -5.342
[round 53/100] avg private log-likelihood = -5.339
[round 54/100] avg private log-likelihood = -5.333
[round 55/100] avg private log-likelihood = -5.344
[round 56/100] avg private log-likelihood = -5.340
[round 57/100] avg private log-likelihood = -5.337
[round 58/100] avg private log-likelihood = -5.339
[round 59/100] avg private log-likelihood = -5.336
[round 60/100] avg private log-likelihood = -5.344
[round 61/100] avg private log-likelihood = -5.343
[round 62/100] avg private log-likelihood = -5.344
[round 63/100] avg private log-likelihood = -5.348
[round 64/100] avg private log-likelihood = -5.345
[round 65/100] avg private log-likelihood = -5.345
[round 66/100] avg private log-likelihood = -5.342
[round 67/100] avg private log-likelihood = -5.341
[round 68/100] avg private log-likelihood = -5.345
[round 69/100] avg private log-likelihood = -5.346
[round 70/100] avg private log-likelihood = -5.344
[round 71/100] avg private log-likelihood = -5.340
[round 72/100] avg private log-likelihood = -5.348
[round 73/100] avg private log-likelihood = -5.343
[round 74/100] avg private log-likelihood = -5.336
[round 75/100] avg private log-likelihood = -5.343
[round 76/100] avg private log-likelihood = -5.343
[round 77/100] avg private log-likelihood = -5.341
[round 78/100] avg private log-likelihood = -5.334
[round 79/100] avg private log-likelihood = -5.333
[round 80/100] avg private log-likelihood = -5.333
[round 81/100] avg private log-likelihood = -5.337
[round 82/100] avg private log-likelihood = -5.338
[round 83/100] avg private log-likelihood = -5.339
[round 84/100] avg private log-likelihood = -5.341
[round 85/100] avg private log-likelihood = -5.342
[round 86/100] avg private log-likelihood = -5.346
[round 87/100] avg private log-likelihood = -5.344
[round 88/100] avg private log-likelihood = -5.344
[round 89/100] avg private log-likelihood = -5.344
[round 90/100] avg private log-likelihood = -5.341
[round 91/100] avg private log-likelihood = -5.349
[round 92/100] avg private log-likelihood = -5.344
[round 93/100] avg private log-likelihood = -5.338
[round 94/100] avg private log-likelihood = -5.339
[round 95/100] avg private log-likelihood = -5.336
[round 96/100] avg private log-likelihood = -5.338
[round 97/100] avg private log-likelihood = -5.337
[round 98/100] avg private log-likelihood = -5.340
[round 99/100] avg private log-likelihood = -5.342
[round 100/100] avg private log-likelihood = -5.343
[round 01/100] avg private log-likelihood = -4.553
[round 02/100] avg private log-likelihood = -4.654
[round 03/100] avg private log-likelihood = -4.755
[round 04/100] avg private log-likelihood = -4.854
[round 05/100] avg private log-likelihood = -4.937
[round 06/100] avg private log-likelihood = -5.011
[round 07/100] avg private log-likelihood = -5.073
[round 08/100] avg private log-likelihood = -5.128
[round 09/100] avg private log-likelihood = -5.174
[round 10/100] avg private log-likelihood = -5.212
[round 11/100] avg private log-likelihood = -5.238
[round 12/100] avg private log-likelihood = -5.261
[round 13/100] avg private log-likelihood = -5.279
[round 14/100] avg private log-likelihood = -5.299
[round 15/100] avg private log-likelihood = -5.325
[round 16/100] avg private log-likelihood = -5.340
[round 17/100] avg private log-likelihood = -5.357
[round 18/100] avg private log-likelihood = -5.360
[round 19/100] avg private log-likelihood = -5.362
[round 20/100] avg private log-likelihood = -5.352
[round 21/100] avg private log-likelihood = -5.355
[round 22/100] avg private log-likelihood = -5.353
[round 23/100] avg private log-likelihood = -5.351
[round 24/100] avg private log-likelihood = -5.353
[round 25/100] avg private log-likelihood = -5.353
[round 26/100] avg private log-likelihood = -5.351
[round 27/100] avg private log-likelihood = -5.344
[round 28/100] avg private log-likelihood = -5.340
[round 29/100] avg private log-likelihood = -5.338
[round 30/100] avg private log-likelihood = -5.336
[round 31/100] avg private log-likelihood = -5.338
[round 32/100] avg private log-likelihood = -5.344
[round 33/100] avg private log-likelihood = -5.343
[round 34/100] avg private log-likelihood = -5.341
[round 35/100] avg private log-likelihood = -5.342
[round 36/100] avg private log-likelihood = -5.340
[round 37/100] avg private log-likelihood = -5.340
[round 38/100] avg private log-likelihood = -5.340
[round 39/100] avg private log-likelihood = -5.339
[round 40/100] avg private log-likelihood = -5.338
[round 41/100] avg private log-likelihood = -5.339
[round 42/100] avg private log-likelihood = -5.339
[round 43/100] avg private log-likelihood = -5.337
[round 44/100] avg private log-likelihood = -5.339
[round 45/100] avg private log-likelihood = -5.339
[round 46/100] avg private log-likelihood = -5.339
[round 47/100] avg private log-likelihood = -5.341
[round 48/100] avg private log-likelihood = -5.342
[round 49/100] avg private log-likelihood = -5.344
[round 50/100] avg private log-likelihood = -5.342
[round 51/100] avg private log-likelihood = -5.341
[round 52/100] avg private log-likelihood = -5.346
[round 53/100] avg private log-likelihood = -5.339
[round 54/100] avg private log-likelihood = -5.340
[round 55/100] avg private log-likelihood = -5.339
[round 56/100] avg private log-likelihood = -5.335
[round 57/100] avg private log-likelihood = -5.338
[round 58/100] avg private log-likelihood = -5.338
[round 59/100] avg private log-likelihood = -5.337
[round 60/100] avg private log-likelihood = -5.342
[round 61/100] avg private log-likelihood = -5.341
[round 62/100] avg private log-likelihood = -5.344
[round 63/100] avg private log-likelihood = -5.343
[round 64/100] avg private log-likelihood = -5.343
[round 65/100] avg private log-likelihood = -5.344
[round 66/100] avg private log-likelihood = -5.347
[round 67/100] avg private log-likelihood = -5.347
[round 68/100] avg private log-likelihood = -5.342
[round 69/100] avg private log-likelihood = -5.344
[round 70/100] avg private log-likelihood = -5.343
[round 71/100] avg private log-likelihood = -5.342
[round 72/100] avg private log-likelihood = -5.337
[round 73/100] avg private log-likelihood = -5.337
[round 74/100] avg private log-likelihood = -5.340
[round 75/100] avg private log-likelihood = -5.343
[round 76/100] avg private log-likelihood = -5.339
[round 77/100] avg private log-likelihood = -5.341
[round 78/100] avg private log-likelihood = -5.343
[round 79/100] avg private log-likelihood = -5.337
[round 80/100] avg private log-likelihood = -5.341
[round 81/100] avg private log-likelihood = -5.343
[round 82/100] avg private log-likelihood = -5.343
[round 83/100] avg private log-likelihood = -5.340
[round 84/100] avg private log-likelihood = -5.343
[round 85/100] avg private log-likelihood = -5.343
[round 86/100] avg private log-likelihood = -5.337
[round 87/100] avg private log-likelihood = -5.341
[round 88/100] avg private log-likelihood = -5.335
[round 89/100] avg private log-likelihood = -5.332
[round 90/100] avg private log-likelihood = -5.337
[round 91/100] avg private log-likelihood = -5.341
[round 92/100] avg private log-likelihood = -5.335
[round 93/100] avg private log-likelihood = -5.342
[round 94/100] avg private log-likelihood = -5.340
[round 95/100] avg private log-likelihood = -5.341
[round 96/100] avg private log-likelihood = -5.344
[round 97/100] avg private log-likelihood = -5.339
[round 98/100] avg private log-likelihood = -5.337
[round 99/100] avg private log-likelihood = -5.339
[round 100/100] avg private log-likelihood = -5.340
[DONE] Results saved to results/D4_N10_lam0.5_seed7.json
