========================================
Running experiment on GPU
  D       = 8
  N       = 10
  lambda  = 1.0
  seed    = 4
  GPU     = 0
========================================
[round 01/100] avg private log-likelihood = -8.588
[round 02/100] avg private log-likelihood = -9.096
[round 03/100] avg private log-likelihood = -9.519
[round 04/100] avg private log-likelihood = -9.698
[round 05/100] avg private log-likelihood = -9.857
[round 06/100] avg private log-likelihood = -9.922
[round 07/100] avg private log-likelihood = -10.009
[round 08/100] avg private log-likelihood = -10.039
[round 09/100] avg private log-likelihood = -10.082
[round 10/100] avg private log-likelihood = -10.138
[round 11/100] avg private log-likelihood = -10.207
[round 12/100] avg private log-likelihood = -10.273
[round 13/100] avg private log-likelihood = -10.335
[round 14/100] avg private log-likelihood = -10.390
[round 15/100] avg private log-likelihood = -10.450
[round 16/100] avg private log-likelihood = -10.498
[round 17/100] avg private log-likelihood = -10.559
[round 18/100] avg private log-likelihood = -10.633
[round 19/100] avg private log-likelihood = -10.706
[round 20/100] avg private log-likelihood = -10.762
[round 21/100] avg private log-likelihood = -10.815
[round 22/100] avg private log-likelihood = -10.851
[round 23/100] avg private log-likelihood = -10.879
[round 24/100] avg private log-likelihood = -10.895
[round 25/100] avg private log-likelihood = -10.903
[round 26/100] avg private log-likelihood = -10.911
[round 27/100] avg private log-likelihood = -10.912
[round 28/100] avg private log-likelihood = -10.927
[round 29/100] avg private log-likelihood = -10.925
[round 30/100] avg private log-likelihood = -10.921
[round 31/100] avg private log-likelihood = -10.917
[round 32/100] avg private log-likelihood = -10.928
[round 33/100] avg private log-likelihood = -10.931
[round 34/100] avg private log-likelihood = -10.927
[round 35/100] avg private log-likelihood = -10.938
[round 36/100] avg private log-likelihood = -10.929
[round 37/100] avg private log-likelihood = -10.927
[round 38/100] avg private log-likelihood = -10.927
[round 39/100] avg private log-likelihood = -10.947
[round 40/100] avg private log-likelihood = -10.948
[round 41/100] avg private log-likelihood = -10.951
[round 42/100] avg private log-likelihood = -10.947
[round 43/100] avg private log-likelihood = -10.930
[round 44/100] avg private log-likelihood = -10.937
[round 45/100] avg private log-likelihood = -10.940
[round 46/100] avg private log-likelihood = -10.948
[round 47/100] avg private log-likelihood = -10.934
[round 48/100] avg private log-likelihood = -10.943
[round 49/100] avg private log-likelihood = -10.962
[round 50/100] avg private log-likelihood = -10.944
[round 51/100] avg private log-likelihood = -10.947
[round 52/100] avg private log-likelihood = -10.957
[round 53/100] avg private log-likelihood = -10.966
[round 54/100] avg private log-likelihood = -10.955
[round 55/100] avg private log-likelihood = -10.938
[round 56/100] avg private log-likelihood = -10.936
[round 57/100] avg private log-likelihood = -10.941
[round 58/100] avg private log-likelihood = -10.945
[round 59/100] avg private log-likelihood = -10.944
[round 60/100] avg private log-likelihood = -10.945
[round 61/100] avg private log-likelihood = -10.954
[round 62/100] avg private log-likelihood = -10.950
[round 63/100] avg private log-likelihood = -10.945
[round 64/100] avg private log-likelihood = -10.937
[round 65/100] avg private log-likelihood = -10.946
[round 66/100] avg private log-likelihood = -10.955
[round 67/100] avg private log-likelihood = -10.953
[round 68/100] avg private log-likelihood = -10.937
[round 69/100] avg private log-likelihood = -10.932
[round 70/100] avg private log-likelihood = -10.938
[round 71/100] avg private log-likelihood = -10.935
[round 72/100] avg private log-likelihood = -10.942
[round 73/100] avg private log-likelihood = -10.954
[round 74/100] avg private log-likelihood = -10.953
[round 75/100] avg private log-likelihood = -10.960
[round 76/100] avg private log-likelihood = -10.941
[round 77/100] avg private log-likelihood = -10.942
[round 78/100] avg private log-likelihood = -10.933
[round 79/100] avg private log-likelihood = -10.953
[round 80/100] avg private log-likelihood = -10.958
[round 81/100] avg private log-likelihood = -10.944
[round 82/100] avg private log-likelihood = -10.950
[round 83/100] avg private log-likelihood = -10.947
[round 84/100] avg private log-likelihood = -10.947
[round 85/100] avg private log-likelihood = -10.959
[round 86/100] avg private log-likelihood = -10.955
[round 87/100] avg private log-likelihood = -10.958
[round 88/100] avg private log-likelihood = -10.963
[round 89/100] avg private log-likelihood = -10.953
[round 90/100] avg private log-likelihood = -10.949
[round 91/100] avg private log-likelihood = -10.948
[round 92/100] avg private log-likelihood = -10.925
[round 93/100] avg private log-likelihood = -10.936
[round 94/100] avg private log-likelihood = -10.934
[round 95/100] avg private log-likelihood = -10.962
[round 96/100] avg private log-likelihood = -10.958
[round 97/100] avg private log-likelihood = -10.938
[round 98/100] avg private log-likelihood = -10.946
[round 99/100] avg private log-likelihood = -10.944
[round 100/100] avg private log-likelihood = -10.948
[round 01/100] avg private log-likelihood = -8.559
[round 02/100] avg private log-likelihood = -9.028
[round 03/100] avg private log-likelihood = -9.436
[round 04/100] avg private log-likelihood = -9.666
[round 05/100] avg private log-likelihood = -9.810
[round 06/100] avg private log-likelihood = -9.894
[round 07/100] avg private log-likelihood = -9.946
[round 08/100] avg private log-likelihood = -9.996
[round 09/100] avg private log-likelihood = -10.059
[round 10/100] avg private log-likelihood = -10.120
[round 11/100] avg private log-likelihood = -10.179
[round 12/100] avg private log-likelihood = -10.241
[round 13/100] avg private log-likelihood = -10.294
[round 14/100] avg private log-likelihood = -10.355
[round 15/100] avg private log-likelihood = -10.411
[round 16/100] avg private log-likelihood = -10.462
[round 17/100] avg private log-likelihood = -10.526
[round 18/100] avg private log-likelihood = -10.601
[round 19/100] avg private log-likelihood = -10.672
[round 20/100] avg private log-likelihood = -10.739
[round 21/100] avg private log-likelihood = -10.792
[round 22/100] avg private log-likelihood = -10.828
[round 23/100] avg private log-likelihood = -10.851
[round 24/100] avg private log-likelihood = -10.867
[round 25/100] avg private log-likelihood = -10.889
[round 26/100] avg private log-likelihood = -10.907
[round 27/100] avg private log-likelihood = -10.911
[round 28/100] avg private log-likelihood = -10.911
[round 29/100] avg private log-likelihood = -10.932
[round 30/100] avg private log-likelihood = -10.922
[round 31/100] avg private log-likelihood = -10.924
[round 32/100] avg private log-likelihood = -10.928
[round 33/100] avg private log-likelihood = -10.927
[round 34/100] avg private log-likelihood = -10.918
[round 35/100] avg private log-likelihood = -10.920
[round 36/100] avg private log-likelihood = -10.930
[round 37/100] avg private log-likelihood = -10.933
[round 38/100] avg private log-likelihood = -10.934
[round 39/100] avg private log-likelihood = -10.933
[round 40/100] avg private log-likelihood = -10.931
[round 41/100] avg private log-likelihood = -10.935
[round 42/100] avg private log-likelihood = -10.937
[round 43/100] avg private log-likelihood = -10.936
[round 44/100] avg private log-likelihood = -10.938
[round 45/100] avg private log-likelihood = -10.942
[round 46/100] avg private log-likelihood = -10.942
[round 47/100] avg private log-likelihood = -10.947
[round 48/100] avg private log-likelihood = -10.943
[round 49/100] avg private log-likelihood = -10.938
[round 50/100] avg private log-likelihood = -10.937
[round 51/100] avg private log-likelihood = -10.939
[round 52/100] avg private log-likelihood = -10.928
[round 53/100] avg private log-likelihood = -10.930
[round 54/100] avg private log-likelihood = -10.930
[round 55/100] avg private log-likelihood = -10.938
[round 56/100] avg private log-likelihood = -10.936
[round 57/100] avg private log-likelihood = -10.941
[round 58/100] avg private log-likelihood = -10.940
[round 59/100] avg private log-likelihood = -10.937
[round 60/100] avg private log-likelihood = -10.947
[round 61/100] avg private log-likelihood = -10.937
[round 62/100] avg private log-likelihood = -10.942
[round 63/100] avg private log-likelihood = -10.937
[round 64/100] avg private log-likelihood = -10.944
[round 65/100] avg private log-likelihood = -10.937
[round 66/100] avg private log-likelihood = -10.943
[round 67/100] avg private log-likelihood = -10.945
[round 68/100] avg private log-likelihood = -10.929
[round 69/100] avg private log-likelihood = -10.940
[round 70/100] avg private log-likelihood = -10.941
[round 71/100] avg private log-likelihood = -10.946
[round 72/100] avg private log-likelihood = -10.956
[round 73/100] avg private log-likelihood = -10.948
[round 74/100] avg private log-likelihood = -10.944
[round 75/100] avg private log-likelihood = -10.930
[round 76/100] avg private log-likelihood = -10.944
[round 77/100] avg private log-likelihood = -10.945
[round 78/100] avg private log-likelihood = -10.941
[round 79/100] avg private log-likelihood = -10.946
[round 80/100] avg private log-likelihood = -10.935
[round 81/100] avg private log-likelihood = -10.933
[round 82/100] avg private log-likelihood = -10.934
[round 83/100] avg private log-likelihood = -10.940
[round 84/100] avg private log-likelihood = -10.949
[round 85/100] avg private log-likelihood = -10.942
[round 86/100] avg private log-likelihood = -10.954
[round 87/100] avg private log-likelihood = -10.954
[round 88/100] avg private log-likelihood = -10.940
[round 89/100] avg private log-likelihood = -10.935
[round 90/100] avg private log-likelihood = -10.944
[round 91/100] avg private log-likelihood = -10.945
[round 92/100] avg private log-likelihood = -10.956
[round 93/100] avg private log-likelihood = -10.954
[round 94/100] avg private log-likelihood = -10.944
[round 95/100] avg private log-likelihood = -10.934
[round 96/100] avg private log-likelihood = -10.929
[round 97/100] avg private log-likelihood = -10.944
[round 98/100] avg private log-likelihood = -10.945
[round 99/100] avg private log-likelihood = -10.947
[round 100/100] avg private log-likelihood = -10.943
[DONE] Results saved to results/D8_N10_lam1.0_seed4.json
