========================================
Running experiment on GPU
  D       = 8
  N       = 10
  lambda  = 0.5
  seed    = 9
  GPU     = 0
========================================
[round 01/100] avg private log-likelihood = -9.083
[round 02/100] avg private log-likelihood = -9.376
[round 03/100] avg private log-likelihood = -9.613
[round 04/100] avg private log-likelihood = -9.750
[round 05/100] avg private log-likelihood = -9.872
[round 06/100] avg private log-likelihood = -9.947
[round 07/100] avg private log-likelihood = -10.004
[round 08/100] avg private log-likelihood = -10.028
[round 09/100] avg private log-likelihood = -10.050
[round 10/100] avg private log-likelihood = -10.088
[round 11/100] avg private log-likelihood = -10.123
[round 12/100] avg private log-likelihood = -10.155
[round 13/100] avg private log-likelihood = -10.189
[round 14/100] avg private log-likelihood = -10.218
[round 15/100] avg private log-likelihood = -10.244
[round 16/100] avg private log-likelihood = -10.263
[round 17/100] avg private log-likelihood = -10.285
[round 18/100] avg private log-likelihood = -10.292
[round 19/100] avg private log-likelihood = -10.311
[round 20/100] avg private log-likelihood = -10.328
[round 21/100] avg private log-likelihood = -10.327
[round 22/100] avg private log-likelihood = -10.336
[round 23/100] avg private log-likelihood = -10.355
[round 24/100] avg private log-likelihood = -10.354
[round 25/100] avg private log-likelihood = -10.356
[round 26/100] avg private log-likelihood = -10.357
[round 27/100] avg private log-likelihood = -10.357
[round 28/100] avg private log-likelihood = -10.356
[round 29/100] avg private log-likelihood = -10.366
[round 30/100] avg private log-likelihood = -10.367
[round 31/100] avg private log-likelihood = -10.375
[round 32/100] avg private log-likelihood = -10.371
[round 33/100] avg private log-likelihood = -10.369
[round 34/100] avg private log-likelihood = -10.373
[round 35/100] avg private log-likelihood = -10.369
[round 36/100] avg private log-likelihood = -10.374
[round 37/100] avg private log-likelihood = -10.372
[round 38/100] avg private log-likelihood = -10.373
[round 39/100] avg private log-likelihood = -10.382
[round 40/100] avg private log-likelihood = -10.383
[round 41/100] avg private log-likelihood = -10.381
[round 42/100] avg private log-likelihood = -10.371
[round 43/100] avg private log-likelihood = -10.361
[round 44/100] avg private log-likelihood = -10.356
[round 45/100] avg private log-likelihood = -10.358
[round 46/100] avg private log-likelihood = -10.362
[round 47/100] avg private log-likelihood = -10.365
[round 48/100] avg private log-likelihood = -10.367
[round 49/100] avg private log-likelihood = -10.375
[round 50/100] avg private log-likelihood = -10.377
[round 51/100] avg private log-likelihood = -10.375
[round 52/100] avg private log-likelihood = -10.376
[round 53/100] avg private log-likelihood = -10.368
[round 54/100] avg private log-likelihood = -10.372
[round 55/100] avg private log-likelihood = -10.372
[round 56/100] avg private log-likelihood = -10.372
[round 57/100] avg private log-likelihood = -10.378
[round 58/100] avg private log-likelihood = -10.379
[round 59/100] avg private log-likelihood = -10.379
[round 60/100] avg private log-likelihood = -10.374
[round 61/100] avg private log-likelihood = -10.373
[round 62/100] avg private log-likelihood = -10.371
[round 63/100] avg private log-likelihood = -10.370
[round 64/100] avg private log-likelihood = -10.368
[round 65/100] avg private log-likelihood = -10.364
[round 66/100] avg private log-likelihood = -10.372
[round 67/100] avg private log-likelihood = -10.374
[round 68/100] avg private log-likelihood = -10.377
[round 69/100] avg private log-likelihood = -10.371
[round 70/100] avg private log-likelihood = -10.367
[round 71/100] avg private log-likelihood = -10.372
[round 72/100] avg private log-likelihood = -10.369
[round 73/100] avg private log-likelihood = -10.367
[round 74/100] avg private log-likelihood = -10.372
[round 75/100] avg private log-likelihood = -10.373
[round 76/100] avg private log-likelihood = -10.371
[round 77/100] avg private log-likelihood = -10.377
[round 78/100] avg private log-likelihood = -10.383
[round 79/100] avg private log-likelihood = -10.371
[round 80/100] avg private log-likelihood = -10.370
[round 81/100] avg private log-likelihood = -10.362
[round 82/100] avg private log-likelihood = -10.356
[round 83/100] avg private log-likelihood = -10.365
[round 84/100] avg private log-likelihood = -10.369
[round 85/100] avg private log-likelihood = -10.370
[round 86/100] avg private log-likelihood = -10.362
[round 87/100] avg private log-likelihood = -10.363
[round 88/100] avg private log-likelihood = -10.364
[round 89/100] avg private log-likelihood = -10.369
[round 90/100] avg private log-likelihood = -10.373
[round 91/100] avg private log-likelihood = -10.370
[round 92/100] avg private log-likelihood = -10.378
[round 93/100] avg private log-likelihood = -10.376
[round 94/100] avg private log-likelihood = -10.373
[round 95/100] avg private log-likelihood = -10.370
[round 96/100] avg private log-likelihood = -10.369
[round 97/100] avg private log-likelihood = -10.361
[round 98/100] avg private log-likelihood = -10.365
[round 99/100] avg private log-likelihood = -10.368
[round 100/100] avg private log-likelihood = -10.366
[round 01/100] avg private log-likelihood = -9.070
[round 02/100] avg private log-likelihood = -9.358
[round 03/100] avg private log-likelihood = -9.590
[round 04/100] avg private log-likelihood = -9.751
[round 05/100] avg private log-likelihood = -9.865
[round 06/100] avg private log-likelihood = -9.946
[round 07/100] avg private log-likelihood = -9.992
[round 08/100] avg private log-likelihood = -10.006
[round 09/100] avg private log-likelihood = -10.034
[round 10/100] avg private log-likelihood = -10.075
[round 11/100] avg private log-likelihood = -10.113
[round 12/100] avg private log-likelihood = -10.150
[round 13/100] avg private log-likelihood = -10.186
[round 14/100] avg private log-likelihood = -10.216
[round 15/100] avg private log-likelihood = -10.244
[round 16/100] avg private log-likelihood = -10.259
[round 17/100] avg private log-likelihood = -10.281
[round 18/100] avg private log-likelihood = -10.294
[round 19/100] avg private log-likelihood = -10.311
[round 20/100] avg private log-likelihood = -10.322
[round 21/100] avg private log-likelihood = -10.329
[round 22/100] avg private log-likelihood = -10.346
[round 23/100] avg private log-likelihood = -10.346
[round 24/100] avg private log-likelihood = -10.356
[round 25/100] avg private log-likelihood = -10.361
[round 26/100] avg private log-likelihood = -10.364
[round 27/100] avg private log-likelihood = -10.370
[round 28/100] avg private log-likelihood = -10.368
[round 29/100] avg private log-likelihood = -10.370
[round 30/100] avg private log-likelihood = -10.371
[round 31/100] avg private log-likelihood = -10.374
[round 32/100] avg private log-likelihood = -10.367
[round 33/100] avg private log-likelihood = -10.369
[round 34/100] avg private log-likelihood = -10.373
[round 35/100] avg private log-likelihood = -10.369
[round 36/100] avg private log-likelihood = -10.362
[round 37/100] avg private log-likelihood = -10.366
[round 38/100] avg private log-likelihood = -10.361
[round 39/100] avg private log-likelihood = -10.363
[round 40/100] avg private log-likelihood = -10.367
[round 41/100] avg private log-likelihood = -10.366
[round 42/100] avg private log-likelihood = -10.371
[round 43/100] avg private log-likelihood = -10.368
[round 44/100] avg private log-likelihood = -10.375
[round 45/100] avg private log-likelihood = -10.372
[round 46/100] avg private log-likelihood = -10.373
[round 47/100] avg private log-likelihood = -10.373
[round 48/100] avg private log-likelihood = -10.375
[round 49/100] avg private log-likelihood = -10.377
[round 50/100] avg private log-likelihood = -10.378
[round 51/100] avg private log-likelihood = -10.377
[round 52/100] avg private log-likelihood = -10.379
[round 53/100] avg private log-likelihood = -10.378
[round 54/100] avg private log-likelihood = -10.376
[round 55/100] avg private log-likelihood = -10.374
[round 56/100] avg private log-likelihood = -10.371
[round 57/100] avg private log-likelihood = -10.375
[round 58/100] avg private log-likelihood = -10.376
[round 59/100] avg private log-likelihood = -10.372
[round 60/100] avg private log-likelihood = -10.377
[round 61/100] avg private log-likelihood = -10.367
[round 62/100] avg private log-likelihood = -10.368
[round 63/100] avg private log-likelihood = -10.374
[round 64/100] avg private log-likelihood = -10.379
[round 65/100] avg private log-likelihood = -10.380
[round 66/100] avg private log-likelihood = -10.380
[round 67/100] avg private log-likelihood = -10.377
[round 68/100] avg private log-likelihood = -10.374
[round 69/100] avg private log-likelihood = -10.372
[round 70/100] avg private log-likelihood = -10.374
[round 71/100] avg private log-likelihood = -10.372
[round 72/100] avg private log-likelihood = -10.370
[round 73/100] avg private log-likelihood = -10.367
[round 74/100] avg private log-likelihood = -10.373
[round 75/100] avg private log-likelihood = -10.371
[round 76/100] avg private log-likelihood = -10.370
[round 77/100] avg private log-likelihood = -10.374
[round 78/100] avg private log-likelihood = -10.379
[round 79/100] avg private log-likelihood = -10.382
[round 80/100] avg private log-likelihood = -10.377
[round 81/100] avg private log-likelihood = -10.374
[round 82/100] avg private log-likelihood = -10.374
[round 83/100] avg private log-likelihood = -10.370
[round 84/100] avg private log-likelihood = -10.369
[round 85/100] avg private log-likelihood = -10.381
[round 86/100] avg private log-likelihood = -10.379
[round 87/100] avg private log-likelihood = -10.377
[round 88/100] avg private log-likelihood = -10.373
[round 89/100] avg private log-likelihood = -10.377
[round 90/100] avg private log-likelihood = -10.372
[round 91/100] avg private log-likelihood = -10.369
[round 92/100] avg private log-likelihood = -10.373
[round 93/100] avg private log-likelihood = -10.371
[round 94/100] avg private log-likelihood = -10.370
[round 95/100] avg private log-likelihood = -10.370
[round 96/100] avg private log-likelihood = -10.368
[round 97/100] avg private log-likelihood = -10.364
[round 98/100] avg private log-likelihood = -10.372
[round 99/100] avg private log-likelihood = -10.368
[round 100/100] avg private log-likelihood = -10.368
[DONE] Results saved to results/D8_N10_lam0.5_seed9.json
