========================================
Running experiment on GPU
  D       = 16
  N       = 25
  lambda  = 0.5
  seed    = 8
  GPU     = 0
========================================
[round 01/100] avg private log-likelihood = -21.624
[round 02/100] avg private log-likelihood = -21.746
[round 03/100] avg private log-likelihood = -21.843
[round 04/100] avg private log-likelihood = -21.900
[round 05/100] avg private log-likelihood = -21.920
[round 06/100] avg private log-likelihood = -21.898
[round 07/100] avg private log-likelihood = -21.867
[round 08/100] avg private log-likelihood = -21.848
[round 09/100] avg private log-likelihood = -21.836
[round 10/100] avg private log-likelihood = -21.831
[round 11/100] avg private log-likelihood = -21.835
[round 12/100] avg private log-likelihood = -21.831
[round 13/100] avg private log-likelihood = -21.835
[round 14/100] avg private log-likelihood = -21.836
[round 15/100] avg private log-likelihood = -21.837
[round 16/100] avg private log-likelihood = -21.834
[round 17/100] avg private log-likelihood = -21.841
[round 18/100] avg private log-likelihood = -21.843
[round 19/100] avg private log-likelihood = -21.843
[round 20/100] avg private log-likelihood = -21.843
[round 21/100] avg private log-likelihood = -21.846
[round 22/100] avg private log-likelihood = -21.845
[round 23/100] avg private log-likelihood = -21.845
[round 24/100] avg private log-likelihood = -21.845
[round 25/100] avg private log-likelihood = -21.845
[round 26/100] avg private log-likelihood = -21.846
[round 27/100] avg private log-likelihood = -21.847
[round 28/100] avg private log-likelihood = -21.847
[round 29/100] avg private log-likelihood = -21.848
[round 30/100] avg private log-likelihood = -21.847
[round 31/100] avg private log-likelihood = -21.845
[round 32/100] avg private log-likelihood = -21.844
[round 33/100] avg private log-likelihood = -21.843
[round 34/100] avg private log-likelihood = -21.844
[round 35/100] avg private log-likelihood = -21.847
[round 36/100] avg private log-likelihood = -21.845
[round 37/100] avg private log-likelihood = -21.846
[round 38/100] avg private log-likelihood = -21.845
[round 39/100] avg private log-likelihood = -21.844
[round 40/100] avg private log-likelihood = -21.844
[round 41/100] avg private log-likelihood = -21.846
[round 42/100] avg private log-likelihood = -21.847
[round 43/100] avg private log-likelihood = -21.850
[round 44/100] avg private log-likelihood = -21.849
[round 45/100] avg private log-likelihood = -21.848
[round 46/100] avg private log-likelihood = -21.848
[round 47/100] avg private log-likelihood = -21.848
[round 48/100] avg private log-likelihood = -21.847
[round 49/100] avg private log-likelihood = -21.848
[round 50/100] avg private log-likelihood = -21.846
[round 51/100] avg private log-likelihood = -21.848
[round 52/100] avg private log-likelihood = -21.847
[round 53/100] avg private log-likelihood = -21.845
[round 54/100] avg private log-likelihood = -21.845
[round 55/100] avg private log-likelihood = -21.847
[round 56/100] avg private log-likelihood = -21.844
[round 57/100] avg private log-likelihood = -21.846
[round 58/100] avg private log-likelihood = -21.849
[round 59/100] avg private log-likelihood = -21.848
[round 60/100] avg private log-likelihood = -21.845
[round 61/100] avg private log-likelihood = -21.846
[round 62/100] avg private log-likelihood = -21.849
[round 63/100] avg private log-likelihood = -21.848
[round 64/100] avg private log-likelihood = -21.848
[round 65/100] avg private log-likelihood = -21.847
[round 66/100] avg private log-likelihood = -21.849
[round 67/100] avg private log-likelihood = -21.850
[round 68/100] avg private log-likelihood = -21.850
[round 69/100] avg private log-likelihood = -21.848
[round 70/100] avg private log-likelihood = -21.846
[round 71/100] avg private log-likelihood = -21.844
[round 72/100] avg private log-likelihood = -21.847
[round 73/100] avg private log-likelihood = -21.847
[round 74/100] avg private log-likelihood = -21.849
[round 75/100] avg private log-likelihood = -21.847
[round 76/100] avg private log-likelihood = -21.845
[round 77/100] avg private log-likelihood = -21.847
[round 78/100] avg private log-likelihood = -21.848
[round 79/100] avg private log-likelihood = -21.848
[round 80/100] avg private log-likelihood = -21.849
[round 81/100] avg private log-likelihood = -21.847
[round 82/100] avg private log-likelihood = -21.847
[round 83/100] avg private log-likelihood = -21.845
[round 84/100] avg private log-likelihood = -21.846
[round 85/100] avg private log-likelihood = -21.849
[round 86/100] avg private log-likelihood = -21.851
[round 87/100] avg private log-likelihood = -21.845
[round 88/100] avg private log-likelihood = -21.846
[round 89/100] avg private log-likelihood = -21.847
[round 90/100] avg private log-likelihood = -21.844
[round 91/100] avg private log-likelihood = -21.845
[round 92/100] avg private log-likelihood = -21.845
[round 93/100] avg private log-likelihood = -21.846
[round 94/100] avg private log-likelihood = -21.846
[round 95/100] avg private log-likelihood = -21.848
[round 96/100] avg private log-likelihood = -21.845
[round 97/100] avg private log-likelihood = -21.848
[round 98/100] avg private log-likelihood = -21.846
[round 99/100] avg private log-likelihood = -21.846
[round 100/100] avg private log-likelihood = -21.846
[round 01/100] avg private log-likelihood = -22.199
[round 02/100] avg private log-likelihood = -22.325
[round 03/100] avg private log-likelihood = -22.442
[round 04/100] avg private log-likelihood = -22.532
[round 05/100] avg private log-likelihood = -22.608
[round 06/100] avg private log-likelihood = -22.657
[round 07/100] avg private log-likelihood = -22.687
[round 08/100] avg private log-likelihood = -22.695
[round 09/100] avg private log-likelihood = -22.681
[round 10/100] avg private log-likelihood = -22.669
[round 11/100] avg private log-likelihood = -22.648
[round 12/100] avg private log-likelihood = -22.629
[round 13/100] avg private log-likelihood = -22.633
[round 14/100] avg private log-likelihood = -22.628
[round 15/100] avg private log-likelihood = -22.623
[round 16/100] avg private log-likelihood = -22.624
[round 17/100] avg private log-likelihood = -22.622
[round 18/100] avg private log-likelihood = -22.621
[round 19/100] avg private log-likelihood = -22.618
[round 20/100] avg private log-likelihood = -22.619
[round 21/100] avg private log-likelihood = -22.618
[round 22/100] avg private log-likelihood = -22.625
[round 23/100] avg private log-likelihood = -22.628
[round 24/100] avg private log-likelihood = -22.633
[round 25/100] avg private log-likelihood = -22.634
[round 26/100] avg private log-likelihood = -22.638
[round 27/100] avg private log-likelihood = -22.638
[round 28/100] avg private log-likelihood = -22.635
[round 29/100] avg private log-likelihood = -22.628
[round 30/100] avg private log-likelihood = -22.627
[round 31/100] avg private log-likelihood = -22.629
[round 32/100] avg private log-likelihood = -22.633
[round 33/100] avg private log-likelihood = -22.630
[round 34/100] avg private log-likelihood = -22.631
[round 35/100] avg private log-likelihood = -22.629
[round 36/100] avg private log-likelihood = -22.630
[round 37/100] avg private log-likelihood = -22.629
[round 38/100] avg private log-likelihood = -22.631
[round 39/100] avg private log-likelihood = -22.633
[round 40/100] avg private log-likelihood = -22.642
[round 41/100] avg private log-likelihood = -22.641
[round 42/100] avg private log-likelihood = -22.638
[round 43/100] avg private log-likelihood = -22.633
[round 44/100] avg private log-likelihood = -22.636
[round 45/100] avg private log-likelihood = -22.637
[round 46/100] avg private log-likelihood = -22.635
[round 47/100] avg private log-likelihood = -22.637
[round 48/100] avg private log-likelihood = -22.632
[round 49/100] avg private log-likelihood = -22.637
[round 50/100] avg private log-likelihood = -22.640
[round 51/100] avg private log-likelihood = -22.630
[round 52/100] avg private log-likelihood = -22.634
[round 53/100] avg private log-likelihood = -22.634
[round 54/100] avg private log-likelihood = -22.638
[round 55/100] avg private log-likelihood = -22.630
[round 56/100] avg private log-likelihood = -22.625
[round 57/100] avg private log-likelihood = -22.633
[round 58/100] avg private log-likelihood = -22.626
[round 59/100] avg private log-likelihood = -22.632
[round 60/100] avg private log-likelihood = -22.627
[round 61/100] avg private log-likelihood = -22.634
[round 62/100] avg private log-likelihood = -22.636
[round 63/100] avg private log-likelihood = -22.638
[round 64/100] avg private log-likelihood = -22.638
[round 65/100] avg private log-likelihood = -22.639
[round 66/100] avg private log-likelihood = -22.631
[round 67/100] avg private log-likelihood = -22.634
[round 68/100] avg private log-likelihood = -22.634
[round 69/100] avg private log-likelihood = -22.630
[round 70/100] avg private log-likelihood = -22.631
[round 71/100] avg private log-likelihood = -22.633
[round 72/100] avg private log-likelihood = -22.632
[round 73/100] avg private log-likelihood = -22.637
[round 74/100] avg private log-likelihood = -22.639
[round 75/100] avg private log-likelihood = -22.643
[round 76/100] avg private log-likelihood = -22.640
[round 77/100] avg private log-likelihood = -22.639
[round 78/100] avg private log-likelihood = -22.632
[round 79/100] avg private log-likelihood = -22.623
[round 80/100] avg private log-likelihood = -22.629
[round 81/100] avg private log-likelihood = -22.629
[round 82/100] avg private log-likelihood = -22.632
[round 83/100] avg private log-likelihood = -22.635
[round 84/100] avg private log-likelihood = -22.634
[round 85/100] avg private log-likelihood = -22.631
[round 86/100] avg private log-likelihood = -22.630
[round 87/100] avg private log-likelihood = -22.632
[round 88/100] avg private log-likelihood = -22.632
[round 89/100] avg private log-likelihood = -22.637
[round 90/100] avg private log-likelihood = -22.637
[round 91/100] avg private log-likelihood = -22.635
[round 92/100] avg private log-likelihood = -22.639
[round 93/100] avg private log-likelihood = -22.639
[round 94/100] avg private log-likelihood = -22.629
[round 95/100] avg private log-likelihood = -22.626
[round 96/100] avg private log-likelihood = -22.627
[round 97/100] avg private log-likelihood = -22.626
[round 98/100] avg private log-likelihood = -22.630
[round 99/100] avg private log-likelihood = -22.633
[round 100/100] avg private log-likelihood = -22.635
[DONE] Results saved to results/D16_N25_lam0.5_seed8.json
