========================================
Running experiment on GPU
  D       = 2
  N       = 10
  lambda  = 1.0
  seed    = 5
  GPU     = 0
========================================
[round 01/100] avg private log-likelihood = -2.207
[round 02/100] avg private log-likelihood = -2.251
[round 03/100] avg private log-likelihood = -2.318
[round 04/100] avg private log-likelihood = -2.374
[round 05/100] avg private log-likelihood = -2.447
[round 06/100] avg private log-likelihood = -2.508
[round 07/100] avg private log-likelihood = -2.576
[round 08/100] avg private log-likelihood = -2.637
[round 09/100] avg private log-likelihood = -2.686
[round 10/100] avg private log-likelihood = -2.721
[round 11/100] avg private log-likelihood = -2.734
[round 12/100] avg private log-likelihood = -2.744
[round 13/100] avg private log-likelihood = -2.745
[round 14/100] avg private log-likelihood = -2.732
[round 15/100] avg private log-likelihood = -2.717
[round 16/100] avg private log-likelihood = -2.695
[round 17/100] avg private log-likelihood = -2.672
[round 18/100] avg private log-likelihood = -2.651
[round 19/100] avg private log-likelihood = -2.632
[round 20/100] avg private log-likelihood = -2.610
[round 21/100] avg private log-likelihood = -2.595
[round 22/100] avg private log-likelihood = -2.584
[round 23/100] avg private log-likelihood = -2.578
[round 24/100] avg private log-likelihood = -2.570
[round 25/100] avg private log-likelihood = -2.564
[round 26/100] avg private log-likelihood = -2.560
[round 27/100] avg private log-likelihood = -2.557
[round 28/100] avg private log-likelihood = -2.559
[round 29/100] avg private log-likelihood = -2.558
[round 30/100] avg private log-likelihood = -2.552
[round 31/100] avg private log-likelihood = -2.548
[round 32/100] avg private log-likelihood = -2.543
[round 33/100] avg private log-likelihood = -2.537
[round 34/100] avg private log-likelihood = -2.524
[round 35/100] avg private log-likelihood = -2.518
[round 36/100] avg private log-likelihood = -2.505
[round 37/100] avg private log-likelihood = -2.497
[round 38/100] avg private log-likelihood = -2.487
[round 39/100] avg private log-likelihood = -2.484
[round 40/100] avg private log-likelihood = -2.476
[round 41/100] avg private log-likelihood = -2.471
[round 42/100] avg private log-likelihood = -2.461
[round 43/100] avg private log-likelihood = -2.458
[round 44/100] avg private log-likelihood = -2.458
[round 45/100] avg private log-likelihood = -2.456
[round 46/100] avg private log-likelihood = -2.454
[round 47/100] avg private log-likelihood = -2.454
[round 48/100] avg private log-likelihood = -2.448
[round 49/100] avg private log-likelihood = -2.444
[round 50/100] avg private log-likelihood = -2.441
[round 51/100] avg private log-likelihood = -2.440
[round 52/100] avg private log-likelihood = -2.431
[round 53/100] avg private log-likelihood = -2.429
[round 54/100] avg private log-likelihood = -2.425
[round 55/100] avg private log-likelihood = -2.421
[round 56/100] avg private log-likelihood = -2.415
[round 57/100] avg private log-likelihood = -2.410
[round 58/100] avg private log-likelihood = -2.399
[round 59/100] avg private log-likelihood = -2.396
[round 60/100] avg private log-likelihood = -2.392
[round 61/100] avg private log-likelihood = -2.386
[round 62/100] avg private log-likelihood = -2.385
[round 63/100] avg private log-likelihood = -2.379
[round 64/100] avg private log-likelihood = -2.375
[round 65/100] avg private log-likelihood = -2.372
[round 66/100] avg private log-likelihood = -2.369
[round 67/100] avg private log-likelihood = -2.359
[round 68/100] avg private log-likelihood = -2.354
[round 69/100] avg private log-likelihood = -2.348
[round 70/100] avg private log-likelihood = -2.349
[round 71/100] avg private log-likelihood = -2.343
[round 72/100] avg private log-likelihood = -2.342
[round 73/100] avg private log-likelihood = -2.344
[round 74/100] avg private log-likelihood = -2.337
[round 75/100] avg private log-likelihood = -2.339
[round 76/100] avg private log-likelihood = -2.336
[round 77/100] avg private log-likelihood = -2.339
[round 78/100] avg private log-likelihood = -2.338
[round 79/100] avg private log-likelihood = -2.331
[round 80/100] avg private log-likelihood = -2.331
[round 81/100] avg private log-likelihood = -2.329
[round 82/100] avg private log-likelihood = -2.330
[round 83/100] avg private log-likelihood = -2.329
[round 84/100] avg private log-likelihood = -2.320
[round 85/100] avg private log-likelihood = -2.324
[round 86/100] avg private log-likelihood = -2.322
[round 87/100] avg private log-likelihood = -2.322
[round 88/100] avg private log-likelihood = -2.321
[round 89/100] avg private log-likelihood = -2.320
[round 90/100] avg private log-likelihood = -2.323
[round 91/100] avg private log-likelihood = -2.319
[round 92/100] avg private log-likelihood = -2.318
[round 93/100] avg private log-likelihood = -2.314
[round 94/100] avg private log-likelihood = -2.313
[round 95/100] avg private log-likelihood = -2.312
[round 96/100] avg private log-likelihood = -2.316
[round 97/100] avg private log-likelihood = -2.318
[round 98/100] avg private log-likelihood = -2.315
[round 99/100] avg private log-likelihood = -2.314
[round 100/100] avg private log-likelihood = -2.319
[round 01/100] avg private log-likelihood = -2.095
[round 02/100] avg private log-likelihood = -2.157
[round 03/100] avg private log-likelihood = -2.231
[round 04/100] avg private log-likelihood = -2.307
[round 05/100] avg private log-likelihood = -2.382
[round 06/100] avg private log-likelihood = -2.455
[round 07/100] avg private log-likelihood = -2.526
[round 08/100] avg private log-likelihood = -2.587
[round 09/100] avg private log-likelihood = -2.635
[round 10/100] avg private log-likelihood = -2.667
[round 11/100] avg private log-likelihood = -2.682
[round 12/100] avg private log-likelihood = -2.690
[round 13/100] avg private log-likelihood = -2.692
[round 14/100] avg private log-likelihood = -2.686
[round 15/100] avg private log-likelihood = -2.670
[round 16/100] avg private log-likelihood = -2.658
[round 17/100] avg private log-likelihood = -2.640
[round 18/100] avg private log-likelihood = -2.620
[round 19/100] avg private log-likelihood = -2.601
[round 20/100] avg private log-likelihood = -2.586
[round 21/100] avg private log-likelihood = -2.572
[round 22/100] avg private log-likelihood = -2.558
[round 23/100] avg private log-likelihood = -2.552
[round 24/100] avg private log-likelihood = -2.546
[round 25/100] avg private log-likelihood = -2.541
[round 26/100] avg private log-likelihood = -2.537
[round 27/100] avg private log-likelihood = -2.536
[round 28/100] avg private log-likelihood = -2.532
[round 29/100] avg private log-likelihood = -2.532
[round 30/100] avg private log-likelihood = -2.530
[round 31/100] avg private log-likelihood = -2.531
[round 32/100] avg private log-likelihood = -2.529
[round 33/100] avg private log-likelihood = -2.526
[round 34/100] avg private log-likelihood = -2.525
[round 35/100] avg private log-likelihood = -2.525
[round 36/100] avg private log-likelihood = -2.525
[round 37/100] avg private log-likelihood = -2.524
[round 38/100] avg private log-likelihood = -2.526
[round 39/100] avg private log-likelihood = -2.522
[round 40/100] avg private log-likelihood = -2.522
[round 41/100] avg private log-likelihood = -2.520
[round 42/100] avg private log-likelihood = -2.522
[round 43/100] avg private log-likelihood = -2.520
[round 44/100] avg private log-likelihood = -2.522
[round 45/100] avg private log-likelihood = -2.522
[round 46/100] avg private log-likelihood = -2.521
[round 47/100] avg private log-likelihood = -2.519
[round 48/100] avg private log-likelihood = -2.516
[round 49/100] avg private log-likelihood = -2.515
[round 50/100] avg private log-likelihood = -2.516
[round 51/100] avg private log-likelihood = -2.515
[round 52/100] avg private log-likelihood = -2.516
[round 53/100] avg private log-likelihood = -2.515
[round 54/100] avg private log-likelihood = -2.515
[round 55/100] avg private log-likelihood = -2.516
[round 56/100] avg private log-likelihood = -2.512
[round 57/100] avg private log-likelihood = -2.516
[round 58/100] avg private log-likelihood = -2.517
[round 59/100] avg private log-likelihood = -2.518
[round 60/100] avg private log-likelihood = -2.517
[round 61/100] avg private log-likelihood = -2.516
[round 62/100] avg private log-likelihood = -2.516
[round 63/100] avg private log-likelihood = -2.518
[round 64/100] avg private log-likelihood = -2.515
[round 65/100] avg private log-likelihood = -2.516
[round 66/100] avg private log-likelihood = -2.513
[round 67/100] avg private log-likelihood = -2.516
[round 68/100] avg private log-likelihood = -2.517
[round 69/100] avg private log-likelihood = -2.518
[round 70/100] avg private log-likelihood = -2.517
[round 71/100] avg private log-likelihood = -2.517
[round 72/100] avg private log-likelihood = -2.514
[round 73/100] avg private log-likelihood = -2.516
[round 74/100] avg private log-likelihood = -2.515
[round 75/100] avg private log-likelihood = -2.516
[round 76/100] avg private log-likelihood = -2.512
[round 77/100] avg private log-likelihood = -2.517
[round 78/100] avg private log-likelihood = -2.513
[round 79/100] avg private log-likelihood = -2.514
[round 80/100] avg private log-likelihood = -2.514
[round 81/100] avg private log-likelihood = -2.516
[round 82/100] avg private log-likelihood = -2.516
[round 83/100] avg private log-likelihood = -2.515
[round 84/100] avg private log-likelihood = -2.517
[round 85/100] avg private log-likelihood = -2.517
[round 86/100] avg private log-likelihood = -2.516
[round 87/100] avg private log-likelihood = -2.515
[round 88/100] avg private log-likelihood = -2.515
[round 89/100] avg private log-likelihood = -2.512
[round 90/100] avg private log-likelihood = -2.514
[round 91/100] avg private log-likelihood = -2.514
[round 92/100] avg private log-likelihood = -2.515
[round 93/100] avg private log-likelihood = -2.517
[round 94/100] avg private log-likelihood = -2.516
[round 95/100] avg private log-likelihood = -2.516
[round 96/100] avg private log-likelihood = -2.521
[round 97/100] avg private log-likelihood = -2.520
[round 98/100] avg private log-likelihood = -2.518
[round 99/100] avg private log-likelihood = -2.516
[round 100/100] avg private log-likelihood = -2.516
[DONE] Results saved to results/D2_N10_lam1.0_seed5.json
