========================================
Running experiment on GPU
  D       = 8
  N       = 10
  lambda  = 1.0
  seed    = 2
  GPU     = 0
========================================
[round 01/100] avg private log-likelihood = -7.712
[round 02/100] avg private log-likelihood = -7.888
[round 03/100] avg private log-likelihood = -8.142
[round 04/100] avg private log-likelihood = -8.439
[round 05/100] avg private log-likelihood = -8.699
[round 06/100] avg private log-likelihood = -8.963
[round 07/100] avg private log-likelihood = -9.265
[round 08/100] avg private log-likelihood = -9.526
[round 09/100] avg private log-likelihood = -9.775
[round 10/100] avg private log-likelihood = -10.002
[round 11/100] avg private log-likelihood = -10.213
[round 12/100] avg private log-likelihood = -10.384
[round 13/100] avg private log-likelihood = -10.529
[round 14/100] avg private log-likelihood = -10.665
[round 15/100] avg private log-likelihood = -10.779
[round 16/100] avg private log-likelihood = -10.876
[round 17/100] avg private log-likelihood = -10.931
[round 18/100] avg private log-likelihood = -10.959
[round 19/100] avg private log-likelihood = -10.971
[round 20/100] avg private log-likelihood = -10.998
[round 21/100] avg private log-likelihood = -11.003
[round 22/100] avg private log-likelihood = -10.999
[round 23/100] avg private log-likelihood = -10.986
[round 24/100] avg private log-likelihood = -10.975
[round 25/100] avg private log-likelihood = -10.963
[round 26/100] avg private log-likelihood = -10.959
[round 27/100] avg private log-likelihood = -10.954
[round 28/100] avg private log-likelihood = -10.946
[round 29/100] avg private log-likelihood = -10.967
[round 30/100] avg private log-likelihood = -10.936
[round 31/100] avg private log-likelihood = -10.932
[round 32/100] avg private log-likelihood = -10.933
[round 33/100] avg private log-likelihood = -10.932
[round 34/100] avg private log-likelihood = -10.932
[round 35/100] avg private log-likelihood = -10.940
[round 36/100] avg private log-likelihood = -10.908
[round 37/100] avg private log-likelihood = -10.918
[round 38/100] avg private log-likelihood = -10.921
[round 39/100] avg private log-likelihood = -10.915
[round 40/100] avg private log-likelihood = -10.912
[round 41/100] avg private log-likelihood = -10.907
[round 42/100] avg private log-likelihood = -10.922
[round 43/100] avg private log-likelihood = -10.911
[round 44/100] avg private log-likelihood = -10.916
[round 45/100] avg private log-likelihood = -10.925
[round 46/100] avg private log-likelihood = -10.921
[round 47/100] avg private log-likelihood = -10.912
[round 48/100] avg private log-likelihood = -10.903
[round 49/100] avg private log-likelihood = -10.921
[round 50/100] avg private log-likelihood = -10.913
[round 51/100] avg private log-likelihood = -10.917
[round 52/100] avg private log-likelihood = -10.935
[round 53/100] avg private log-likelihood = -10.913
[round 54/100] avg private log-likelihood = -10.927
[round 55/100] avg private log-likelihood = -10.924
[round 56/100] avg private log-likelihood = -10.914
[round 57/100] avg private log-likelihood = -10.911
[round 58/100] avg private log-likelihood = -10.912
[round 59/100] avg private log-likelihood = -10.913
[round 60/100] avg private log-likelihood = -10.921
[round 61/100] avg private log-likelihood = -10.914
[round 62/100] avg private log-likelihood = -10.920
[round 63/100] avg private log-likelihood = -10.914
[round 64/100] avg private log-likelihood = -10.918
[round 65/100] avg private log-likelihood = -10.911
[round 66/100] avg private log-likelihood = -10.919
[round 67/100] avg private log-likelihood = -10.915
[round 68/100] avg private log-likelihood = -10.909
[round 69/100] avg private log-likelihood = -10.914
[round 70/100] avg private log-likelihood = -10.925
[round 71/100] avg private log-likelihood = -10.923
[round 72/100] avg private log-likelihood = -10.921
[round 73/100] avg private log-likelihood = -10.919
[round 74/100] avg private log-likelihood = -10.905
[round 75/100] avg private log-likelihood = -10.913
[round 76/100] avg private log-likelihood = -10.920
[round 77/100] avg private log-likelihood = -10.919
[round 78/100] avg private log-likelihood = -10.924
[round 79/100] avg private log-likelihood = -10.923
[round 80/100] avg private log-likelihood = -10.918
[round 81/100] avg private log-likelihood = -10.940
[round 82/100] avg private log-likelihood = -10.937
[round 83/100] avg private log-likelihood = -10.928
[round 84/100] avg private log-likelihood = -10.924
[round 85/100] avg private log-likelihood = -10.919
[round 86/100] avg private log-likelihood = -10.930
[round 87/100] avg private log-likelihood = -10.921
[round 88/100] avg private log-likelihood = -10.924
[round 89/100] avg private log-likelihood = -10.917
[round 90/100] avg private log-likelihood = -10.927
[round 91/100] avg private log-likelihood = -10.915
[round 92/100] avg private log-likelihood = -10.913
[round 93/100] avg private log-likelihood = -10.910
[round 94/100] avg private log-likelihood = -10.915
[round 95/100] avg private log-likelihood = -10.919
[round 96/100] avg private log-likelihood = -10.908
[round 97/100] avg private log-likelihood = -10.915
[round 98/100] avg private log-likelihood = -10.914
[round 99/100] avg private log-likelihood = -10.914
[round 100/100] avg private log-likelihood = -10.921
[round 01/100] avg private log-likelihood = -8.187
[round 02/100] avg private log-likelihood = -8.437
[round 03/100] avg private log-likelihood = -8.645
[round 04/100] avg private log-likelihood = -8.861
[round 05/100] avg private log-likelihood = -9.087
[round 06/100] avg private log-likelihood = -9.285
[round 07/100] avg private log-likelihood = -9.478
[round 08/100] avg private log-likelihood = -9.638
[round 09/100] avg private log-likelihood = -9.796
[round 10/100] avg private log-likelihood = -9.928
[round 11/100] avg private log-likelihood = -10.051
[round 12/100] avg private log-likelihood = -10.141
[round 13/100] avg private log-likelihood = -10.231
[round 14/100] avg private log-likelihood = -10.320
[round 15/100] avg private log-likelihood = -10.396
[round 16/100] avg private log-likelihood = -10.459
[round 17/100] avg private log-likelihood = -10.499
[round 18/100] avg private log-likelihood = -10.534
[round 19/100] avg private log-likelihood = -10.558
[round 20/100] avg private log-likelihood = -10.568
[round 21/100] avg private log-likelihood = -10.568
[round 22/100] avg private log-likelihood = -10.557
[round 23/100] avg private log-likelihood = -10.529
[round 24/100] avg private log-likelihood = -10.513
[round 25/100] avg private log-likelihood = -10.506
[round 26/100] avg private log-likelihood = -10.496
[round 27/100] avg private log-likelihood = -10.485
[round 28/100] avg private log-likelihood = -10.492
[round 29/100] avg private log-likelihood = -10.496
[round 30/100] avg private log-likelihood = -10.489
[round 31/100] avg private log-likelihood = -10.493
[round 32/100] avg private log-likelihood = -10.506
[round 33/100] avg private log-likelihood = -10.506
[round 34/100] avg private log-likelihood = -10.494
[round 35/100] avg private log-likelihood = -10.502
[round 36/100] avg private log-likelihood = -10.508
[round 37/100] avg private log-likelihood = -10.508
[round 38/100] avg private log-likelihood = -10.505
[round 39/100] avg private log-likelihood = -10.510
[round 40/100] avg private log-likelihood = -10.513
[round 41/100] avg private log-likelihood = -10.511
[round 42/100] avg private log-likelihood = -10.504
[round 43/100] avg private log-likelihood = -10.515
[round 44/100] avg private log-likelihood = -10.504
[round 45/100] avg private log-likelihood = -10.501
[round 46/100] avg private log-likelihood = -10.503
[round 47/100] avg private log-likelihood = -10.505
[round 48/100] avg private log-likelihood = -10.499
[round 49/100] avg private log-likelihood = -10.500
[round 50/100] avg private log-likelihood = -10.491
[round 51/100] avg private log-likelihood = -10.490
[round 52/100] avg private log-likelihood = -10.498
[round 53/100] avg private log-likelihood = -10.505
[round 54/100] avg private log-likelihood = -10.504
[round 55/100] avg private log-likelihood = -10.504
[round 56/100] avg private log-likelihood = -10.498
[round 57/100] avg private log-likelihood = -10.500
[round 58/100] avg private log-likelihood = -10.499
[round 59/100] avg private log-likelihood = -10.499
[round 60/100] avg private log-likelihood = -10.505
[round 61/100] avg private log-likelihood = -10.508
[round 62/100] avg private log-likelihood = -10.505
[round 63/100] avg private log-likelihood = -10.510
[round 64/100] avg private log-likelihood = -10.512
[round 65/100] avg private log-likelihood = -10.505
[round 66/100] avg private log-likelihood = -10.508
[round 67/100] avg private log-likelihood = -10.500
[round 68/100] avg private log-likelihood = -10.499
[round 69/100] avg private log-likelihood = -10.500
[round 70/100] avg private log-likelihood = -10.501
[round 71/100] avg private log-likelihood = -10.493
[round 72/100] avg private log-likelihood = -10.493
[round 73/100] avg private log-likelihood = -10.492
[round 74/100] avg private log-likelihood = -10.493
[round 75/100] avg private log-likelihood = -10.494
[round 76/100] avg private log-likelihood = -10.497
[round 77/100] avg private log-likelihood = -10.501
[round 78/100] avg private log-likelihood = -10.499
[round 79/100] avg private log-likelihood = -10.502
[round 80/100] avg private log-likelihood = -10.502
[round 81/100] avg private log-likelihood = -10.499
[round 82/100] avg private log-likelihood = -10.500
[round 83/100] avg private log-likelihood = -10.498
[round 84/100] avg private log-likelihood = -10.496
[round 85/100] avg private log-likelihood = -10.494
[round 86/100] avg private log-likelihood = -10.492
[round 87/100] avg private log-likelihood = -10.490
[round 88/100] avg private log-likelihood = -10.499
[round 89/100] avg private log-likelihood = -10.502
[round 90/100] avg private log-likelihood = -10.507
[round 91/100] avg private log-likelihood = -10.509
[round 92/100] avg private log-likelihood = -10.515
[round 93/100] avg private log-likelihood = -10.514
[round 94/100] avg private log-likelihood = -10.512
[round 95/100] avg private log-likelihood = -10.509
[round 96/100] avg private log-likelihood = -10.504
[round 97/100] avg private log-likelihood = -10.504
[round 98/100] avg private log-likelihood = -10.503
[round 99/100] avg private log-likelihood = -10.499
[round 100/100] avg private log-likelihood = -10.502
[DONE] Results saved to results/D8_N10_lam1.0_seed2.json
