========================================
Running experiment on GPU
  D       = 8
  N       = 25
  lambda  = 0.5
  seed    = 9
  GPU     = 0
========================================
[round 01/100] avg private log-likelihood = -11.395
[round 02/100] avg private log-likelihood = -11.475
[round 03/100] avg private log-likelihood = -11.541
[round 04/100] avg private log-likelihood = -11.578
[round 05/100] avg private log-likelihood = -11.609
[round 06/100] avg private log-likelihood = -11.638
[round 07/100] avg private log-likelihood = -11.665
[round 08/100] avg private log-likelihood = -11.687
[round 09/100] avg private log-likelihood = -11.708
[round 10/100] avg private log-likelihood = -11.723
[round 11/100] avg private log-likelihood = -11.741
[round 12/100] avg private log-likelihood = -11.747
[round 13/100] avg private log-likelihood = -11.747
[round 14/100] avg private log-likelihood = -11.722
[round 15/100] avg private log-likelihood = -11.689
[round 16/100] avg private log-likelihood = -11.657
[round 17/100] avg private log-likelihood = -11.634
[round 18/100] avg private log-likelihood = -11.615
[round 19/100] avg private log-likelihood = -11.598
[round 20/100] avg private log-likelihood = -11.586
[round 21/100] avg private log-likelihood = -11.576
[round 22/100] avg private log-likelihood = -11.569
[round 23/100] avg private log-likelihood = -11.566
[round 24/100] avg private log-likelihood = -11.562
[round 25/100] avg private log-likelihood = -11.561
[round 26/100] avg private log-likelihood = -11.559
[round 27/100] avg private log-likelihood = -11.563
[round 28/100] avg private log-likelihood = -11.561
[round 29/100] avg private log-likelihood = -11.559
[round 30/100] avg private log-likelihood = -11.560
[round 31/100] avg private log-likelihood = -11.561
[round 32/100] avg private log-likelihood = -11.560
[round 33/100] avg private log-likelihood = -11.561
[round 34/100] avg private log-likelihood = -11.558
[round 35/100] avg private log-likelihood = -11.560
[round 36/100] avg private log-likelihood = -11.561
[round 37/100] avg private log-likelihood = -11.562
[round 38/100] avg private log-likelihood = -11.561
[round 39/100] avg private log-likelihood = -11.560
[round 40/100] avg private log-likelihood = -11.561
[round 41/100] avg private log-likelihood = -11.562
[round 42/100] avg private log-likelihood = -11.561
[round 43/100] avg private log-likelihood = -11.559
[round 44/100] avg private log-likelihood = -11.560
[round 45/100] avg private log-likelihood = -11.560
[round 46/100] avg private log-likelihood = -11.562
[round 47/100] avg private log-likelihood = -11.560
[round 48/100] avg private log-likelihood = -11.559
[round 49/100] avg private log-likelihood = -11.560
[round 50/100] avg private log-likelihood = -11.559
[round 51/100] avg private log-likelihood = -11.558
[round 52/100] avg private log-likelihood = -11.561
[round 53/100] avg private log-likelihood = -11.563
[round 54/100] avg private log-likelihood = -11.559
[round 55/100] avg private log-likelihood = -11.561
[round 56/100] avg private log-likelihood = -11.560
[round 57/100] avg private log-likelihood = -11.560
[round 58/100] avg private log-likelihood = -11.560
[round 59/100] avg private log-likelihood = -11.560
[round 60/100] avg private log-likelihood = -11.562
[round 61/100] avg private log-likelihood = -11.560
[round 62/100] avg private log-likelihood = -11.561
[round 63/100] avg private log-likelihood = -11.560
[round 64/100] avg private log-likelihood = -11.559
[round 65/100] avg private log-likelihood = -11.561
[round 66/100] avg private log-likelihood = -11.559
[round 67/100] avg private log-likelihood = -11.561
[round 68/100] avg private log-likelihood = -11.560
[round 69/100] avg private log-likelihood = -11.561
[round 70/100] avg private log-likelihood = -11.560
[round 71/100] avg private log-likelihood = -11.559
[round 72/100] avg private log-likelihood = -11.561
[round 73/100] avg private log-likelihood = -11.564
[round 74/100] avg private log-likelihood = -11.562
[round 75/100] avg private log-likelihood = -11.562
[round 76/100] avg private log-likelihood = -11.561
[round 77/100] avg private log-likelihood = -11.562
[round 78/100] avg private log-likelihood = -11.562
[round 79/100] avg private log-likelihood = -11.563
[round 80/100] avg private log-likelihood = -11.561
[round 81/100] avg private log-likelihood = -11.559
[round 82/100] avg private log-likelihood = -11.562
[round 83/100] avg private log-likelihood = -11.562
[round 84/100] avg private log-likelihood = -11.559
[round 85/100] avg private log-likelihood = -11.562
[round 86/100] avg private log-likelihood = -11.561
[round 87/100] avg private log-likelihood = -11.561
[round 88/100] avg private log-likelihood = -11.562
[round 89/100] avg private log-likelihood = -11.562
[round 90/100] avg private log-likelihood = -11.560
[round 91/100] avg private log-likelihood = -11.560
[round 92/100] avg private log-likelihood = -11.562
[round 93/100] avg private log-likelihood = -11.562
[round 94/100] avg private log-likelihood = -11.562
[round 95/100] avg private log-likelihood = -11.560
[round 96/100] avg private log-likelihood = -11.558
[round 97/100] avg private log-likelihood = -11.560
[round 98/100] avg private log-likelihood = -11.562
[round 99/100] avg private log-likelihood = -11.561
[round 100/100] avg private log-likelihood = -11.560
[round 01/100] avg private log-likelihood = -11.391
[round 02/100] avg private log-likelihood = -11.471
[round 03/100] avg private log-likelihood = -11.530
[round 04/100] avg private log-likelihood = -11.571
[round 05/100] avg private log-likelihood = -11.605
[round 06/100] avg private log-likelihood = -11.632
[round 07/100] avg private log-likelihood = -11.661
[round 08/100] avg private log-likelihood = -11.690
[round 09/100] avg private log-likelihood = -11.702
[round 10/100] avg private log-likelihood = -11.720
[round 11/100] avg private log-likelihood = -11.733
[round 12/100] avg private log-likelihood = -11.741
[round 13/100] avg private log-likelihood = -11.738
[round 14/100] avg private log-likelihood = -11.714
[round 15/100] avg private log-likelihood = -11.685
[round 16/100] avg private log-likelihood = -11.656
[round 17/100] avg private log-likelihood = -11.633
[round 18/100] avg private log-likelihood = -11.612
[round 19/100] avg private log-likelihood = -11.596
[round 20/100] avg private log-likelihood = -11.583
[round 21/100] avg private log-likelihood = -11.573
[round 22/100] avg private log-likelihood = -11.568
[round 23/100] avg private log-likelihood = -11.564
[round 24/100] avg private log-likelihood = -11.562
[round 25/100] avg private log-likelihood = -11.559
[round 26/100] avg private log-likelihood = -11.560
[round 27/100] avg private log-likelihood = -11.560
[round 28/100] avg private log-likelihood = -11.561
[round 29/100] avg private log-likelihood = -11.559
[round 30/100] avg private log-likelihood = -11.558
[round 31/100] avg private log-likelihood = -11.560
[round 32/100] avg private log-likelihood = -11.560
[round 33/100] avg private log-likelihood = -11.560
[round 34/100] avg private log-likelihood = -11.559
[round 35/100] avg private log-likelihood = -11.559
[round 36/100] avg private log-likelihood = -11.559
[round 37/100] avg private log-likelihood = -11.560
[round 38/100] avg private log-likelihood = -11.560
[round 39/100] avg private log-likelihood = -11.560
[round 40/100] avg private log-likelihood = -11.560
[round 41/100] avg private log-likelihood = -11.561
[round 42/100] avg private log-likelihood = -11.560
[round 43/100] avg private log-likelihood = -11.561
[round 44/100] avg private log-likelihood = -11.560
[round 45/100] avg private log-likelihood = -11.561
[round 46/100] avg private log-likelihood = -11.562
[round 47/100] avg private log-likelihood = -11.560
[round 48/100] avg private log-likelihood = -11.561
[round 49/100] avg private log-likelihood = -11.562
[round 50/100] avg private log-likelihood = -11.562
[round 51/100] avg private log-likelihood = -11.559
[round 52/100] avg private log-likelihood = -11.562
[round 53/100] avg private log-likelihood = -11.562
[round 54/100] avg private log-likelihood = -11.562
[round 55/100] avg private log-likelihood = -11.562
[round 56/100] avg private log-likelihood = -11.561
[round 57/100] avg private log-likelihood = -11.561
[round 58/100] avg private log-likelihood = -11.559
[round 59/100] avg private log-likelihood = -11.561
[round 60/100] avg private log-likelihood = -11.562
[round 61/100] avg private log-likelihood = -11.561
[round 62/100] avg private log-likelihood = -11.561
[round 63/100] avg private log-likelihood = -11.561
[round 64/100] avg private log-likelihood = -11.560
[round 65/100] avg private log-likelihood = -11.561
[round 66/100] avg private log-likelihood = -11.561
[round 67/100] avg private log-likelihood = -11.562
[round 68/100] avg private log-likelihood = -11.560
[round 69/100] avg private log-likelihood = -11.561
[round 70/100] avg private log-likelihood = -11.561
[round 71/100] avg private log-likelihood = -11.560
[round 72/100] avg private log-likelihood = -11.560
[round 73/100] avg private log-likelihood = -11.560
[round 74/100] avg private log-likelihood = -11.559
[round 75/100] avg private log-likelihood = -11.559
[round 76/100] avg private log-likelihood = -11.559
[round 77/100] avg private log-likelihood = -11.561
[round 78/100] avg private log-likelihood = -11.560
[round 79/100] avg private log-likelihood = -11.560
[round 80/100] avg private log-likelihood = -11.559
[round 81/100] avg private log-likelihood = -11.559
[round 82/100] avg private log-likelihood = -11.559
[round 83/100] avg private log-likelihood = -11.560
[round 84/100] avg private log-likelihood = -11.561
[round 85/100] avg private log-likelihood = -11.558
[round 86/100] avg private log-likelihood = -11.560
[round 87/100] avg private log-likelihood = -11.559
[round 88/100] avg private log-likelihood = -11.558
[round 89/100] avg private log-likelihood = -11.560
[round 90/100] avg private log-likelihood = -11.560
[round 91/100] avg private log-likelihood = -11.558
[round 92/100] avg private log-likelihood = -11.560
[round 93/100] avg private log-likelihood = -11.559
[round 94/100] avg private log-likelihood = -11.557
[round 95/100] avg private log-likelihood = -11.558
[round 96/100] avg private log-likelihood = -11.560
[round 97/100] avg private log-likelihood = -11.561
[round 98/100] avg private log-likelihood = -11.560
[round 99/100] avg private log-likelihood = -11.559
[round 100/100] avg private log-likelihood = -11.560
[DONE] Results saved to results/D8_N25_lam0.5_seed9.json
