========================================
Running experiment on GPU
  D       = 16
  N       = 25
  lambda  = 1.0
  seed    = 5
  GPU     = 0
========================================
[round 01/100] avg private log-likelihood = -21.937
[round 02/100] avg private log-likelihood = -22.084
[round 03/100] avg private log-likelihood = -22.192
[round 04/100] avg private log-likelihood = -22.251
[round 05/100] avg private log-likelihood = -22.287
[round 06/100] avg private log-likelihood = -22.306
[round 07/100] avg private log-likelihood = -22.316
[round 08/100] avg private log-likelihood = -22.323
[round 09/100] avg private log-likelihood = -22.333
[round 10/100] avg private log-likelihood = -22.342
[round 11/100] avg private log-likelihood = -22.341
[round 12/100] avg private log-likelihood = -22.344
[round 13/100] avg private log-likelihood = -22.353
[round 14/100] avg private log-likelihood = -22.347
[round 15/100] avg private log-likelihood = -22.352
[round 16/100] avg private log-likelihood = -22.350
[round 17/100] avg private log-likelihood = -22.352
[round 18/100] avg private log-likelihood = -22.349
[round 19/100] avg private log-likelihood = -22.354
[round 20/100] avg private log-likelihood = -22.354
[round 21/100] avg private log-likelihood = -22.348
[round 22/100] avg private log-likelihood = -22.351
[round 23/100] avg private log-likelihood = -22.354
[round 24/100] avg private log-likelihood = -22.352
[round 25/100] avg private log-likelihood = -22.348
[round 26/100] avg private log-likelihood = -22.347
[round 27/100] avg private log-likelihood = -22.351
[round 28/100] avg private log-likelihood = -22.351
[round 29/100] avg private log-likelihood = -22.353
[round 30/100] avg private log-likelihood = -22.349
[round 31/100] avg private log-likelihood = -22.355
[round 32/100] avg private log-likelihood = -22.354
[round 33/100] avg private log-likelihood = -22.357
[round 34/100] avg private log-likelihood = -22.354
[round 35/100] avg private log-likelihood = -22.353
[round 36/100] avg private log-likelihood = -22.351
[round 37/100] avg private log-likelihood = -22.348
[round 38/100] avg private log-likelihood = -22.353
[round 39/100] avg private log-likelihood = -22.355
[round 40/100] avg private log-likelihood = -22.359
[round 41/100] avg private log-likelihood = -22.350
[round 42/100] avg private log-likelihood = -22.353
[round 43/100] avg private log-likelihood = -22.353
[round 44/100] avg private log-likelihood = -22.349
[round 45/100] avg private log-likelihood = -22.353
[round 46/100] avg private log-likelihood = -22.352
[round 47/100] avg private log-likelihood = -22.348
[round 48/100] avg private log-likelihood = -22.355
[round 49/100] avg private log-likelihood = -22.353
[round 50/100] avg private log-likelihood = -22.353
[round 51/100] avg private log-likelihood = -22.351
[round 52/100] avg private log-likelihood = -22.354
[round 53/100] avg private log-likelihood = -22.354
[round 54/100] avg private log-likelihood = -22.356
[round 55/100] avg private log-likelihood = -22.352
[round 56/100] avg private log-likelihood = -22.358
[round 57/100] avg private log-likelihood = -22.354
[round 58/100] avg private log-likelihood = -22.355
[round 59/100] avg private log-likelihood = -22.354
[round 60/100] avg private log-likelihood = -22.356
[round 61/100] avg private log-likelihood = -22.350
[round 62/100] avg private log-likelihood = -22.354
[round 63/100] avg private log-likelihood = -22.352
[round 64/100] avg private log-likelihood = -22.353
[round 65/100] avg private log-likelihood = -22.355
[round 66/100] avg private log-likelihood = -22.351
[round 67/100] avg private log-likelihood = -22.354
[round 68/100] avg private log-likelihood = -22.350
[round 69/100] avg private log-likelihood = -22.349
[round 70/100] avg private log-likelihood = -22.349
[round 71/100] avg private log-likelihood = -22.349
[round 72/100] avg private log-likelihood = -22.350
[round 73/100] avg private log-likelihood = -22.350
[round 74/100] avg private log-likelihood = -22.350
[round 75/100] avg private log-likelihood = -22.358
[round 76/100] avg private log-likelihood = -22.356
[round 77/100] avg private log-likelihood = -22.356
[round 78/100] avg private log-likelihood = -22.359
[round 79/100] avg private log-likelihood = -22.349
[round 80/100] avg private log-likelihood = -22.354
[round 81/100] avg private log-likelihood = -22.357
[round 82/100] avg private log-likelihood = -22.350
[round 83/100] avg private log-likelihood = -22.349
[round 84/100] avg private log-likelihood = -22.347
[round 85/100] avg private log-likelihood = -22.346
[round 86/100] avg private log-likelihood = -22.353
[round 87/100] avg private log-likelihood = -22.350
[round 88/100] avg private log-likelihood = -22.349
[round 89/100] avg private log-likelihood = -22.352
[round 90/100] avg private log-likelihood = -22.349
[round 91/100] avg private log-likelihood = -22.349
[round 92/100] avg private log-likelihood = -22.351
[round 93/100] avg private log-likelihood = -22.346
[round 94/100] avg private log-likelihood = -22.349
[round 95/100] avg private log-likelihood = -22.350
[round 96/100] avg private log-likelihood = -22.358
[round 97/100] avg private log-likelihood = -22.361
[round 98/100] avg private log-likelihood = -22.357
[round 99/100] avg private log-likelihood = -22.355
[round 100/100] avg private log-likelihood = -22.352
[round 01/100] avg private log-likelihood = -21.926
[round 02/100] avg private log-likelihood = -22.065
[round 03/100] avg private log-likelihood = -22.171
[round 04/100] avg private log-likelihood = -22.236
[round 05/100] avg private log-likelihood = -22.275
[round 06/100] avg private log-likelihood = -22.296
[round 07/100] avg private log-likelihood = -22.310
[round 08/100] avg private log-likelihood = -22.321
[round 09/100] avg private log-likelihood = -22.330
[round 10/100] avg private log-likelihood = -22.333
[round 11/100] avg private log-likelihood = -22.340
[round 12/100] avg private log-likelihood = -22.344
[round 13/100] avg private log-likelihood = -22.346
[round 14/100] avg private log-likelihood = -22.350
[round 15/100] avg private log-likelihood = -22.350
[round 16/100] avg private log-likelihood = -22.348
[round 17/100] avg private log-likelihood = -22.348
[round 18/100] avg private log-likelihood = -22.349
[round 19/100] avg private log-likelihood = -22.348
[round 20/100] avg private log-likelihood = -22.349
[round 21/100] avg private log-likelihood = -22.346
[round 22/100] avg private log-likelihood = -22.347
[round 23/100] avg private log-likelihood = -22.349
[round 24/100] avg private log-likelihood = -22.352
[round 25/100] avg private log-likelihood = -22.351
[round 26/100] avg private log-likelihood = -22.348
[round 27/100] avg private log-likelihood = -22.352
[round 28/100] avg private log-likelihood = -22.350
[round 29/100] avg private log-likelihood = -22.347
[round 30/100] avg private log-likelihood = -22.347
[round 31/100] avg private log-likelihood = -22.346
[round 32/100] avg private log-likelihood = -22.349
[round 33/100] avg private log-likelihood = -22.348
[round 34/100] avg private log-likelihood = -22.348
[round 35/100] avg private log-likelihood = -22.347
[round 36/100] avg private log-likelihood = -22.348
[round 37/100] avg private log-likelihood = -22.348
[round 38/100] avg private log-likelihood = -22.347
[round 39/100] avg private log-likelihood = -22.347
[round 40/100] avg private log-likelihood = -22.347
[round 41/100] avg private log-likelihood = -22.348
[round 42/100] avg private log-likelihood = -22.348
[round 43/100] avg private log-likelihood = -22.351
[round 44/100] avg private log-likelihood = -22.350
[round 45/100] avg private log-likelihood = -22.346
[round 46/100] avg private log-likelihood = -22.347
[round 47/100] avg private log-likelihood = -22.347
[round 48/100] avg private log-likelihood = -22.350
[round 49/100] avg private log-likelihood = -22.350
[round 50/100] avg private log-likelihood = -22.351
[round 51/100] avg private log-likelihood = -22.348
[round 52/100] avg private log-likelihood = -22.345
[round 53/100] avg private log-likelihood = -22.345
[round 54/100] avg private log-likelihood = -22.350
[round 55/100] avg private log-likelihood = -22.348
[round 56/100] avg private log-likelihood = -22.350
[round 57/100] avg private log-likelihood = -22.346
[round 58/100] avg private log-likelihood = -22.350
[round 59/100] avg private log-likelihood = -22.348
[round 60/100] avg private log-likelihood = -22.347
[round 61/100] avg private log-likelihood = -22.347
[round 62/100] avg private log-likelihood = -22.347
[round 63/100] avg private log-likelihood = -22.350
[round 64/100] avg private log-likelihood = -22.348
[round 65/100] avg private log-likelihood = -22.347
[round 66/100] avg private log-likelihood = -22.345
[round 67/100] avg private log-likelihood = -22.348
[round 68/100] avg private log-likelihood = -22.350
[round 69/100] avg private log-likelihood = -22.350
[round 70/100] avg private log-likelihood = -22.352
[round 71/100] avg private log-likelihood = -22.350
[round 72/100] avg private log-likelihood = -22.348
[round 73/100] avg private log-likelihood = -22.349
[round 74/100] avg private log-likelihood = -22.347
[round 75/100] avg private log-likelihood = -22.350
[round 76/100] avg private log-likelihood = -22.351
[round 77/100] avg private log-likelihood = -22.347
[round 78/100] avg private log-likelihood = -22.346
[round 79/100] avg private log-likelihood = -22.348
[round 80/100] avg private log-likelihood = -22.346
[round 81/100] avg private log-likelihood = -22.348
[round 82/100] avg private log-likelihood = -22.349
[round 83/100] avg private log-likelihood = -22.350
[round 84/100] avg private log-likelihood = -22.348
[round 85/100] avg private log-likelihood = -22.348
[round 86/100] avg private log-likelihood = -22.348
[round 87/100] avg private log-likelihood = -22.350
[round 88/100] avg private log-likelihood = -22.349
[round 89/100] avg private log-likelihood = -22.348
[round 90/100] avg private log-likelihood = -22.346
[round 91/100] avg private log-likelihood = -22.350
[round 92/100] avg private log-likelihood = -22.349
[round 93/100] avg private log-likelihood = -22.348
[round 94/100] avg private log-likelihood = -22.347
[round 95/100] avg private log-likelihood = -22.348
[round 96/100] avg private log-likelihood = -22.347
[round 97/100] avg private log-likelihood = -22.344
[round 98/100] avg private log-likelihood = -22.347
[round 99/100] avg private log-likelihood = -22.347
[round 100/100] avg private log-likelihood = -22.343
[DONE] Results saved to results/D16_N25_lam1.0_seed5.json
