========================================
Running experiment on GPU
  D       = 16
  N       = 10
  lambda  = 1.0
  seed    = 2
  GPU     = 0
========================================
[round 01/100] avg private log-likelihood = -14.484
[round 02/100] avg private log-likelihood = -15.182
[round 03/100] avg private log-likelihood = -15.713
[round 04/100] avg private log-likelihood = -16.144
[round 05/100] avg private log-likelihood = -16.595
[round 06/100] avg private log-likelihood = -16.991
[round 07/100] avg private log-likelihood = -17.375
[round 08/100] avg private log-likelihood = -17.726
[round 09/100] avg private log-likelihood = -18.035
[round 10/100] avg private log-likelihood = -18.316
[round 11/100] avg private log-likelihood = -18.589
[round 12/100] avg private log-likelihood = -18.839
[round 13/100] avg private log-likelihood = -19.011
[round 14/100] avg private log-likelihood = -19.181
[round 15/100] avg private log-likelihood = -19.348
[round 16/100] avg private log-likelihood = -19.513
[round 17/100] avg private log-likelihood = -19.634
[round 18/100] avg private log-likelihood = -19.721
[round 19/100] avg private log-likelihood = -19.767
[round 20/100] avg private log-likelihood = -19.803
[round 21/100] avg private log-likelihood = -19.830
[round 22/100] avg private log-likelihood = -19.864
[round 23/100] avg private log-likelihood = -19.901
[round 24/100] avg private log-likelihood = -19.893
[round 25/100] avg private log-likelihood = -19.868
[round 26/100] avg private log-likelihood = -19.886
[round 27/100] avg private log-likelihood = -19.886
[round 28/100] avg private log-likelihood = -19.914
[round 29/100] avg private log-likelihood = -19.923
[round 30/100] avg private log-likelihood = -19.890
[round 31/100] avg private log-likelihood = -19.868
[round 32/100] avg private log-likelihood = -19.893
[round 33/100] avg private log-likelihood = -19.891
[round 34/100] avg private log-likelihood = -19.880
[round 35/100] avg private log-likelihood = -19.884
[round 36/100] avg private log-likelihood = -19.864
[round 37/100] avg private log-likelihood = -19.868
[round 38/100] avg private log-likelihood = -19.868
[round 39/100] avg private log-likelihood = -19.858
[round 40/100] avg private log-likelihood = -19.843
[round 41/100] avg private log-likelihood = -19.837
[round 42/100] avg private log-likelihood = -19.840
[round 43/100] avg private log-likelihood = -19.851
[round 44/100] avg private log-likelihood = -19.855
[round 45/100] avg private log-likelihood = -19.852
[round 46/100] avg private log-likelihood = -19.871
[round 47/100] avg private log-likelihood = -19.847
[round 48/100] avg private log-likelihood = -19.856
[round 49/100] avg private log-likelihood = -19.869
[round 50/100] avg private log-likelihood = -19.873
[round 51/100] avg private log-likelihood = -19.862
[round 52/100] avg private log-likelihood = -19.861
[round 53/100] avg private log-likelihood = -19.872
[round 54/100] avg private log-likelihood = -19.864
[round 55/100] avg private log-likelihood = -19.858
[round 56/100] avg private log-likelihood = -19.870
[round 57/100] avg private log-likelihood = -19.840
[round 58/100] avg private log-likelihood = -19.828
[round 59/100] avg private log-likelihood = -19.854
[round 60/100] avg private log-likelihood = -19.873
[round 61/100] avg private log-likelihood = -19.882
[round 62/100] avg private log-likelihood = -19.872
[round 63/100] avg private log-likelihood = -19.874
[round 64/100] avg private log-likelihood = -19.852
[round 65/100] avg private log-likelihood = -19.841
[round 66/100] avg private log-likelihood = -19.844
[round 67/100] avg private log-likelihood = -19.842
[round 68/100] avg private log-likelihood = -19.853
[round 69/100] avg private log-likelihood = -19.846
[round 70/100] avg private log-likelihood = -19.838
[round 71/100] avg private log-likelihood = -19.848
[round 72/100] avg private log-likelihood = -19.840
[round 73/100] avg private log-likelihood = -19.855
[round 74/100] avg private log-likelihood = -19.854
[round 75/100] avg private log-likelihood = -19.850
[round 76/100] avg private log-likelihood = -19.862
[round 77/100] avg private log-likelihood = -19.867
[round 78/100] avg private log-likelihood = -19.864
[round 79/100] avg private log-likelihood = -19.864
[round 80/100] avg private log-likelihood = -19.876
[round 81/100] avg private log-likelihood = -19.857
[round 82/100] avg private log-likelihood = -19.835
[round 83/100] avg private log-likelihood = -19.839
[round 84/100] avg private log-likelihood = -19.851
[round 85/100] avg private log-likelihood = -19.851
[round 86/100] avg private log-likelihood = -19.857
[round 87/100] avg private log-likelihood = -19.863
[round 88/100] avg private log-likelihood = -19.854
[round 89/100] avg private log-likelihood = -19.844
[round 90/100] avg private log-likelihood = -19.893
[round 91/100] avg private log-likelihood = -19.881
[round 92/100] avg private log-likelihood = -19.867
[round 93/100] avg private log-likelihood = -19.855
[round 94/100] avg private log-likelihood = -19.858
[round 95/100] avg private log-likelihood = -19.863
[round 96/100] avg private log-likelihood = -19.840
[round 97/100] avg private log-likelihood = -19.845
[round 98/100] avg private log-likelihood = -19.844
[round 99/100] avg private log-likelihood = -19.859
[round 100/100] avg private log-likelihood = -19.832
[round 01/100] avg private log-likelihood = -14.440
[round 02/100] avg private log-likelihood = -15.105
[round 03/100] avg private log-likelihood = -15.609
[round 04/100] avg private log-likelihood = -16.075
[round 05/100] avg private log-likelihood = -16.513
[round 06/100] avg private log-likelihood = -16.910
[round 07/100] avg private log-likelihood = -17.299
[round 08/100] avg private log-likelihood = -17.646
[round 09/100] avg private log-likelihood = -17.960
[round 10/100] avg private log-likelihood = -18.257
[round 11/100] avg private log-likelihood = -18.517
[round 12/100] avg private log-likelihood = -18.739
[round 13/100] avg private log-likelihood = -18.951
[round 14/100] avg private log-likelihood = -19.126
[round 15/100] avg private log-likelihood = -19.303
[round 16/100] avg private log-likelihood = -19.458
[round 17/100] avg private log-likelihood = -19.571
[round 18/100] avg private log-likelihood = -19.666
[round 19/100] avg private log-likelihood = -19.739
[round 20/100] avg private log-likelihood = -19.786
[round 21/100] avg private log-likelihood = -19.815
[round 22/100] avg private log-likelihood = -19.864
[round 23/100] avg private log-likelihood = -19.871
[round 24/100] avg private log-likelihood = -19.873
[round 25/100] avg private log-likelihood = -19.865
[round 26/100] avg private log-likelihood = -19.891
[round 27/100] avg private log-likelihood = -19.887
[round 28/100] avg private log-likelihood = -19.879
[round 29/100] avg private log-likelihood = -19.866
[round 30/100] avg private log-likelihood = -19.873
[round 31/100] avg private log-likelihood = -19.860
[round 32/100] avg private log-likelihood = -19.846
[round 33/100] avg private log-likelihood = -19.844
[round 34/100] avg private log-likelihood = -19.840
[round 35/100] avg private log-likelihood = -19.837
[round 36/100] avg private log-likelihood = -19.836
[round 37/100] avg private log-likelihood = -19.837
[round 38/100] avg private log-likelihood = -19.838
[round 39/100] avg private log-likelihood = -19.853
[round 40/100] avg private log-likelihood = -19.850
[round 41/100] avg private log-likelihood = -19.848
[round 42/100] avg private log-likelihood = -19.843
[round 43/100] avg private log-likelihood = -19.837
[round 44/100] avg private log-likelihood = -19.843
[round 45/100] avg private log-likelihood = -19.852
[round 46/100] avg private log-likelihood = -19.850
[round 47/100] avg private log-likelihood = -19.844
[round 48/100] avg private log-likelihood = -19.838
[round 49/100] avg private log-likelihood = -19.828
[round 50/100] avg private log-likelihood = -19.813
[round 51/100] avg private log-likelihood = -19.826
[round 52/100] avg private log-likelihood = -19.831
[round 53/100] avg private log-likelihood = -19.847
[round 54/100] avg private log-likelihood = -19.835
[round 55/100] avg private log-likelihood = -19.848
[round 56/100] avg private log-likelihood = -19.843
[round 57/100] avg private log-likelihood = -19.846
[round 58/100] avg private log-likelihood = -19.853
[round 59/100] avg private log-likelihood = -19.866
[round 60/100] avg private log-likelihood = -19.852
[round 61/100] avg private log-likelihood = -19.857
[round 62/100] avg private log-likelihood = -19.859
[round 63/100] avg private log-likelihood = -19.858
[round 64/100] avg private log-likelihood = -19.856
[round 65/100] avg private log-likelihood = -19.844
[round 66/100] avg private log-likelihood = -19.840
[round 67/100] avg private log-likelihood = -19.842
[round 68/100] avg private log-likelihood = -19.844
[round 69/100] avg private log-likelihood = -19.852
[round 70/100] avg private log-likelihood = -19.849
[round 71/100] avg private log-likelihood = -19.838
[round 72/100] avg private log-likelihood = -19.846
[round 73/100] avg private log-likelihood = -19.840
[round 74/100] avg private log-likelihood = -19.845
[round 75/100] avg private log-likelihood = -19.866
[round 76/100] avg private log-likelihood = -19.851
[round 77/100] avg private log-likelihood = -19.845
[round 78/100] avg private log-likelihood = -19.847
[round 79/100] avg private log-likelihood = -19.839
[round 80/100] avg private log-likelihood = -19.832
[round 81/100] avg private log-likelihood = -19.830
[round 82/100] avg private log-likelihood = -19.840
[round 83/100] avg private log-likelihood = -19.831
[round 84/100] avg private log-likelihood = -19.826
[round 85/100] avg private log-likelihood = -19.812
[round 86/100] avg private log-likelihood = -19.828
[round 87/100] avg private log-likelihood = -19.835
[round 88/100] avg private log-likelihood = -19.828
[round 89/100] avg private log-likelihood = -19.837
[round 90/100] avg private log-likelihood = -19.836
[round 91/100] avg private log-likelihood = -19.842
[round 92/100] avg private log-likelihood = -19.846
[round 93/100] avg private log-likelihood = -19.845
[round 94/100] avg private log-likelihood = -19.841
[round 95/100] avg private log-likelihood = -19.851
[round 96/100] avg private log-likelihood = -19.852
[round 97/100] avg private log-likelihood = -19.829
[round 98/100] avg private log-likelihood = -19.842
[round 99/100] avg private log-likelihood = -19.824
[round 100/100] avg private log-likelihood = -19.841
[DONE] Results saved to results/D16_N10_lam1.0_seed2.json
