========================================
Running experiment on GPU
  D       = 16
  N       = 10
  lambda  = 0.5
  seed    = 3
  GPU     = 0
========================================
[round 01/100] avg private log-likelihood = -14.330
[round 02/100] avg private log-likelihood = -14.846
[round 03/100] avg private log-likelihood = -15.347
[round 04/100] avg private log-likelihood = -15.823
[round 05/100] avg private log-likelihood = -16.270
[round 06/100] avg private log-likelihood = -16.674
[round 07/100] avg private log-likelihood = -17.030
[round 08/100] avg private log-likelihood = -17.322
[round 09/100] avg private log-likelihood = -17.572
[round 10/100] avg private log-likelihood = -17.776
[round 11/100] avg private log-likelihood = -17.929
[round 12/100] avg private log-likelihood = -18.022
[round 13/100] avg private log-likelihood = -18.080
[round 14/100] avg private log-likelihood = -18.124
[round 15/100] avg private log-likelihood = -18.150
[round 16/100] avg private log-likelihood = -18.159
[round 17/100] avg private log-likelihood = -18.155
[round 18/100] avg private log-likelihood = -18.144
[round 19/100] avg private log-likelihood = -18.124
[round 20/100] avg private log-likelihood = -18.107
[round 21/100] avg private log-likelihood = -18.068
[round 22/100] avg private log-likelihood = -18.072
[round 23/100] avg private log-likelihood = -18.090
[round 24/100] avg private log-likelihood = -18.084
[round 25/100] avg private log-likelihood = -18.067
[round 26/100] avg private log-likelihood = -18.068
[round 27/100] avg private log-likelihood = -18.079
[round 28/100] avg private log-likelihood = -18.084
[round 29/100] avg private log-likelihood = -18.081
[round 30/100] avg private log-likelihood = -18.077
[round 31/100] avg private log-likelihood = -18.075
[round 32/100] avg private log-likelihood = -18.076
[round 33/100] avg private log-likelihood = -18.072
[round 34/100] avg private log-likelihood = -18.074
[round 35/100] avg private log-likelihood = -18.077
[round 36/100] avg private log-likelihood = -18.077
[round 37/100] avg private log-likelihood = -18.068
[round 38/100] avg private log-likelihood = -18.084
[round 39/100] avg private log-likelihood = -18.077
[round 40/100] avg private log-likelihood = -18.080
[round 41/100] avg private log-likelihood = -18.094
[round 42/100] avg private log-likelihood = -18.085
[round 43/100] avg private log-likelihood = -18.082
[round 44/100] avg private log-likelihood = -18.089
[round 45/100] avg private log-likelihood = -18.083
[round 46/100] avg private log-likelihood = -18.071
[round 47/100] avg private log-likelihood = -18.075
[round 48/100] avg private log-likelihood = -18.087
[round 49/100] avg private log-likelihood = -18.091
[round 50/100] avg private log-likelihood = -18.084
[round 51/100] avg private log-likelihood = -18.093
[round 52/100] avg private log-likelihood = -18.082
[round 53/100] avg private log-likelihood = -18.088
[round 54/100] avg private log-likelihood = -18.083
[round 55/100] avg private log-likelihood = -18.092
[round 56/100] avg private log-likelihood = -18.094
[round 57/100] avg private log-likelihood = -18.089
[round 58/100] avg private log-likelihood = -18.091
[round 59/100] avg private log-likelihood = -18.086
[round 60/100] avg private log-likelihood = -18.104
[round 61/100] avg private log-likelihood = -18.078
[round 62/100] avg private log-likelihood = -18.093
[round 63/100] avg private log-likelihood = -18.096
[round 64/100] avg private log-likelihood = -18.074
[round 65/100] avg private log-likelihood = -18.082
[round 66/100] avg private log-likelihood = -18.092
[round 67/100] avg private log-likelihood = -18.084
[round 68/100] avg private log-likelihood = -18.089
[round 69/100] avg private log-likelihood = -18.083
[round 70/100] avg private log-likelihood = -18.088
[round 71/100] avg private log-likelihood = -18.083
[round 72/100] avg private log-likelihood = -18.075
[round 73/100] avg private log-likelihood = -18.090
[round 74/100] avg private log-likelihood = -18.088
[round 75/100] avg private log-likelihood = -18.098
[round 76/100] avg private log-likelihood = -18.104
[round 77/100] avg private log-likelihood = -18.102
[round 78/100] avg private log-likelihood = -18.086
[round 79/100] avg private log-likelihood = -18.085
[round 80/100] avg private log-likelihood = -18.073
[round 81/100] avg private log-likelihood = -18.080
[round 82/100] avg private log-likelihood = -18.090
[round 83/100] avg private log-likelihood = -18.097
[round 84/100] avg private log-likelihood = -18.097
[round 85/100] avg private log-likelihood = -18.091
[round 86/100] avg private log-likelihood = -18.086
[round 87/100] avg private log-likelihood = -18.090
[round 88/100] avg private log-likelihood = -18.097
[round 89/100] avg private log-likelihood = -18.093
[round 90/100] avg private log-likelihood = -18.105
[round 91/100] avg private log-likelihood = -18.096
[round 92/100] avg private log-likelihood = -18.090
[round 93/100] avg private log-likelihood = -18.110
[round 94/100] avg private log-likelihood = -18.096
[round 95/100] avg private log-likelihood = -18.085
[round 96/100] avg private log-likelihood = -18.079
[round 97/100] avg private log-likelihood = -18.088
[round 98/100] avg private log-likelihood = -18.090
[round 99/100] avg private log-likelihood = -18.081
[round 100/100] avg private log-likelihood = -18.090
[round 01/100] avg private log-likelihood = -14.304
[round 02/100] avg private log-likelihood = -14.828
[round 03/100] avg private log-likelihood = -15.315
[round 04/100] avg private log-likelihood = -15.796
[round 05/100] avg private log-likelihood = -16.245
[round 06/100] avg private log-likelihood = -16.657
[round 07/100] avg private log-likelihood = -17.003
[round 08/100] avg private log-likelihood = -17.314
[round 09/100] avg private log-likelihood = -17.567
[round 10/100] avg private log-likelihood = -17.772
[round 11/100] avg private log-likelihood = -17.940
[round 12/100] avg private log-likelihood = -18.082
[round 13/100] avg private log-likelihood = -18.168
[round 14/100] avg private log-likelihood = -18.208
[round 15/100] avg private log-likelihood = -18.236
[round 16/100] avg private log-likelihood = -18.236
[round 17/100] avg private log-likelihood = -18.227
[round 18/100] avg private log-likelihood = -18.193
[round 19/100] avg private log-likelihood = -18.161
[round 20/100] avg private log-likelihood = -18.124
[round 21/100] avg private log-likelihood = -18.097
[round 22/100] avg private log-likelihood = -18.071
[round 23/100] avg private log-likelihood = -18.070
[round 24/100] avg private log-likelihood = -18.077
[round 25/100] avg private log-likelihood = -18.093
[round 26/100] avg private log-likelihood = -18.088
[round 27/100] avg private log-likelihood = -18.090
[round 28/100] avg private log-likelihood = -18.090
[round 29/100] avg private log-likelihood = -18.079
[round 30/100] avg private log-likelihood = -18.091
[round 31/100] avg private log-likelihood = -18.085
[round 32/100] avg private log-likelihood = -18.075
[round 33/100] avg private log-likelihood = -18.079
[round 34/100] avg private log-likelihood = -18.080
[round 35/100] avg private log-likelihood = -18.082
[round 36/100] avg private log-likelihood = -18.073
[round 37/100] avg private log-likelihood = -18.066
[round 38/100] avg private log-likelihood = -18.086
[round 39/100] avg private log-likelihood = -18.096
[round 40/100] avg private log-likelihood = -18.085
[round 41/100] avg private log-likelihood = -18.085
[round 42/100] avg private log-likelihood = -18.076
[round 43/100] avg private log-likelihood = -18.082
[round 44/100] avg private log-likelihood = -18.088
[round 45/100] avg private log-likelihood = -18.088
[round 46/100] avg private log-likelihood = -18.099
[round 47/100] avg private log-likelihood = -18.098
[round 48/100] avg private log-likelihood = -18.086
[round 49/100] avg private log-likelihood = -18.081
[round 50/100] avg private log-likelihood = -18.079
[round 51/100] avg private log-likelihood = -18.095
[round 52/100] avg private log-likelihood = -18.096
[round 53/100] avg private log-likelihood = -18.099
[round 54/100] avg private log-likelihood = -18.093
[round 55/100] avg private log-likelihood = -18.085
[round 56/100] avg private log-likelihood = -18.079
[round 57/100] avg private log-likelihood = -18.091
[round 58/100] avg private log-likelihood = -18.093
[round 59/100] avg private log-likelihood = -18.094
[round 60/100] avg private log-likelihood = -18.092
[round 61/100] avg private log-likelihood = -18.079
[round 62/100] avg private log-likelihood = -18.078
[round 63/100] avg private log-likelihood = -18.075
[round 64/100] avg private log-likelihood = -18.068
[round 65/100] avg private log-likelihood = -18.086
[round 66/100] avg private log-likelihood = -18.090
[round 67/100] avg private log-likelihood = -18.079
[round 68/100] avg private log-likelihood = -18.082
[round 69/100] avg private log-likelihood = -18.080
[round 70/100] avg private log-likelihood = -18.084
[round 71/100] avg private log-likelihood = -18.083
[round 72/100] avg private log-likelihood = -18.086
[round 73/100] avg private log-likelihood = -18.084
[round 74/100] avg private log-likelihood = -18.081
[round 75/100] avg private log-likelihood = -18.079
[round 76/100] avg private log-likelihood = -18.092
[round 77/100] avg private log-likelihood = -18.091
[round 78/100] avg private log-likelihood = -18.090
[round 79/100] avg private log-likelihood = -18.094
[round 80/100] avg private log-likelihood = -18.088
[round 81/100] avg private log-likelihood = -18.086
[round 82/100] avg private log-likelihood = -18.076
[round 83/100] avg private log-likelihood = -18.084
[round 84/100] avg private log-likelihood = -18.094
[round 85/100] avg private log-likelihood = -18.090
[round 86/100] avg private log-likelihood = -18.093
[round 87/100] avg private log-likelihood = -18.091
[round 88/100] avg private log-likelihood = -18.091
[round 89/100] avg private log-likelihood = -18.095
[round 90/100] avg private log-likelihood = -18.098
[round 91/100] avg private log-likelihood = -18.081
[round 92/100] avg private log-likelihood = -18.075
[round 93/100] avg private log-likelihood = -18.083
[round 94/100] avg private log-likelihood = -18.099
[round 95/100] avg private log-likelihood = -18.095
[round 96/100] avg private log-likelihood = -18.092
[round 97/100] avg private log-likelihood = -18.089
[round 98/100] avg private log-likelihood = -18.094
[round 99/100] avg private log-likelihood = -18.083
[round 100/100] avg private log-likelihood = -18.079
[DONE] Results saved to results/D16_N10_lam0.5_seed3.json
