========================================
Running experiment on GPU
  D       = 16
  N       = 25
  lambda  = 1.0
  seed    = 3
  GPU     = 0
========================================
[round 01/100] avg private log-likelihood = -21.498
[round 02/100] avg private log-likelihood = -21.664
[round 03/100] avg private log-likelihood = -21.799
[round 04/100] avg private log-likelihood = -21.885
[round 05/100] avg private log-likelihood = -21.932
[round 06/100] avg private log-likelihood = -21.947
[round 07/100] avg private log-likelihood = -21.956
[round 08/100] avg private log-likelihood = -21.965
[round 09/100] avg private log-likelihood = -21.971
[round 10/100] avg private log-likelihood = -21.966
[round 11/100] avg private log-likelihood = -21.964
[round 12/100] avg private log-likelihood = -21.968
[round 13/100] avg private log-likelihood = -21.968
[round 14/100] avg private log-likelihood = -21.971
[round 15/100] avg private log-likelihood = -21.973
[round 16/100] avg private log-likelihood = -21.974
[round 17/100] avg private log-likelihood = -21.978
[round 18/100] avg private log-likelihood = -21.973
[round 19/100] avg private log-likelihood = -21.970
[round 20/100] avg private log-likelihood = -21.975
[round 21/100] avg private log-likelihood = -21.966
[round 22/100] avg private log-likelihood = -21.974
[round 23/100] avg private log-likelihood = -21.975
[round 24/100] avg private log-likelihood = -21.967
[round 25/100] avg private log-likelihood = -21.962
[round 26/100] avg private log-likelihood = -21.974
[round 27/100] avg private log-likelihood = -21.970
[round 28/100] avg private log-likelihood = -21.969
[round 29/100] avg private log-likelihood = -21.967
[round 30/100] avg private log-likelihood = -21.973
[round 31/100] avg private log-likelihood = -21.973
[round 32/100] avg private log-likelihood = -21.969
[round 33/100] avg private log-likelihood = -21.971
[round 34/100] avg private log-likelihood = -21.973
[round 35/100] avg private log-likelihood = -21.971
[round 36/100] avg private log-likelihood = -21.967
[round 37/100] avg private log-likelihood = -21.971
[round 38/100] avg private log-likelihood = -21.975
[round 39/100] avg private log-likelihood = -21.974
[round 40/100] avg private log-likelihood = -21.974
[round 41/100] avg private log-likelihood = -21.973
[round 42/100] avg private log-likelihood = -21.977
[round 43/100] avg private log-likelihood = -21.970
[round 44/100] avg private log-likelihood = -21.964
[round 45/100] avg private log-likelihood = -21.967
[round 46/100] avg private log-likelihood = -21.972
[round 47/100] avg private log-likelihood = -21.964
[round 48/100] avg private log-likelihood = -21.974
[round 49/100] avg private log-likelihood = -21.971
[round 50/100] avg private log-likelihood = -21.972
[round 51/100] avg private log-likelihood = -21.977
[round 52/100] avg private log-likelihood = -21.978
[round 53/100] avg private log-likelihood = -21.977
[round 54/100] avg private log-likelihood = -21.973
[round 55/100] avg private log-likelihood = -21.969
[round 56/100] avg private log-likelihood = -21.972
[round 57/100] avg private log-likelihood = -21.972
[round 58/100] avg private log-likelihood = -21.972
[round 59/100] avg private log-likelihood = -21.970
[round 60/100] avg private log-likelihood = -21.969
[round 61/100] avg private log-likelihood = -21.970
[round 62/100] avg private log-likelihood = -21.973
[round 63/100] avg private log-likelihood = -21.967
[round 64/100] avg private log-likelihood = -21.969
[round 65/100] avg private log-likelihood = -21.970
[round 66/100] avg private log-likelihood = -21.970
[round 67/100] avg private log-likelihood = -21.961
[round 68/100] avg private log-likelihood = -21.970
[round 69/100] avg private log-likelihood = -21.966
[round 70/100] avg private log-likelihood = -21.971
[round 71/100] avg private log-likelihood = -21.972
[round 72/100] avg private log-likelihood = -21.975
[round 73/100] avg private log-likelihood = -21.973
[round 74/100] avg private log-likelihood = -21.974
[round 75/100] avg private log-likelihood = -21.977
[round 76/100] avg private log-likelihood = -21.969
[round 77/100] avg private log-likelihood = -21.971
[round 78/100] avg private log-likelihood = -21.974
[round 79/100] avg private log-likelihood = -21.972
[round 80/100] avg private log-likelihood = -21.976
[round 81/100] avg private log-likelihood = -21.975
[round 82/100] avg private log-likelihood = -21.981
[round 83/100] avg private log-likelihood = -21.973
[round 84/100] avg private log-likelihood = -21.968
[round 85/100] avg private log-likelihood = -21.968
[round 86/100] avg private log-likelihood = -21.977
[round 87/100] avg private log-likelihood = -21.973
[round 88/100] avg private log-likelihood = -21.975
[round 89/100] avg private log-likelihood = -21.979
[round 90/100] avg private log-likelihood = -21.970
[round 91/100] avg private log-likelihood = -21.972
[round 92/100] avg private log-likelihood = -21.976
[round 93/100] avg private log-likelihood = -21.975
[round 94/100] avg private log-likelihood = -21.980
[round 95/100] avg private log-likelihood = -21.975
[round 96/100] avg private log-likelihood = -21.976
[round 97/100] avg private log-likelihood = -21.969
[round 98/100] avg private log-likelihood = -21.972
[round 99/100] avg private log-likelihood = -21.969
[round 100/100] avg private log-likelihood = -21.975
[round 01/100] avg private log-likelihood = -21.488
[round 02/100] avg private log-likelihood = -21.647
[round 03/100] avg private log-likelihood = -21.776
[round 04/100] avg private log-likelihood = -21.866
[round 05/100] avg private log-likelihood = -21.915
[round 06/100] avg private log-likelihood = -21.939
[round 07/100] avg private log-likelihood = -21.955
[round 08/100] avg private log-likelihood = -21.958
[round 09/100] avg private log-likelihood = -21.961
[round 10/100] avg private log-likelihood = -21.964
[round 11/100] avg private log-likelihood = -21.965
[round 12/100] avg private log-likelihood = -21.966
[round 13/100] avg private log-likelihood = -21.967
[round 14/100] avg private log-likelihood = -21.968
[round 15/100] avg private log-likelihood = -21.969
[round 16/100] avg private log-likelihood = -21.967
[round 17/100] avg private log-likelihood = -21.967
[round 18/100] avg private log-likelihood = -21.967
[round 19/100] avg private log-likelihood = -21.967
[round 20/100] avg private log-likelihood = -21.972
[round 21/100] avg private log-likelihood = -21.970
[round 22/100] avg private log-likelihood = -21.970
[round 23/100] avg private log-likelihood = -21.971
[round 24/100] avg private log-likelihood = -21.975
[round 25/100] avg private log-likelihood = -21.974
[round 26/100] avg private log-likelihood = -21.971
[round 27/100] avg private log-likelihood = -21.971
[round 28/100] avg private log-likelihood = -21.969
[round 29/100] avg private log-likelihood = -21.970
[round 30/100] avg private log-likelihood = -21.970
[round 31/100] avg private log-likelihood = -21.970
[round 32/100] avg private log-likelihood = -21.967
[round 33/100] avg private log-likelihood = -21.970
[round 34/100] avg private log-likelihood = -21.969
[round 35/100] avg private log-likelihood = -21.968
[round 36/100] avg private log-likelihood = -21.964
[round 37/100] avg private log-likelihood = -21.969
[round 38/100] avg private log-likelihood = -21.969
[round 39/100] avg private log-likelihood = -21.972
[round 40/100] avg private log-likelihood = -21.969
[round 41/100] avg private log-likelihood = -21.964
[round 42/100] avg private log-likelihood = -21.967
[round 43/100] avg private log-likelihood = -21.967
[round 44/100] avg private log-likelihood = -21.969
[round 45/100] avg private log-likelihood = -21.969
[round 46/100] avg private log-likelihood = -21.968
[round 47/100] avg private log-likelihood = -21.968
[round 48/100] avg private log-likelihood = -21.972
[round 49/100] avg private log-likelihood = -21.970
[round 50/100] avg private log-likelihood = -21.969
[round 51/100] avg private log-likelihood = -21.968
[round 52/100] avg private log-likelihood = -21.969
[round 53/100] avg private log-likelihood = -21.966
[round 54/100] avg private log-likelihood = -21.968
[round 55/100] avg private log-likelihood = -21.962
[round 56/100] avg private log-likelihood = -21.967
[round 57/100] avg private log-likelihood = -21.966
[round 58/100] avg private log-likelihood = -21.967
[round 59/100] avg private log-likelihood = -21.970
[round 60/100] avg private log-likelihood = -21.972
[round 61/100] avg private log-likelihood = -21.969
[round 62/100] avg private log-likelihood = -21.968
[round 63/100] avg private log-likelihood = -21.969
[round 64/100] avg private log-likelihood = -21.964
[round 65/100] avg private log-likelihood = -21.968
[round 66/100] avg private log-likelihood = -21.970
[round 67/100] avg private log-likelihood = -21.964
[round 68/100] avg private log-likelihood = -21.965
[round 69/100] avg private log-likelihood = -21.968
[round 70/100] avg private log-likelihood = -21.967
[round 71/100] avg private log-likelihood = -21.969
[round 72/100] avg private log-likelihood = -21.970
[round 73/100] avg private log-likelihood = -21.968
[round 74/100] avg private log-likelihood = -21.969
[round 75/100] avg private log-likelihood = -21.968
[round 76/100] avg private log-likelihood = -21.966
[round 77/100] avg private log-likelihood = -21.965
[round 78/100] avg private log-likelihood = -21.969
[round 79/100] avg private log-likelihood = -21.972
[round 80/100] avg private log-likelihood = -21.972
[round 81/100] avg private log-likelihood = -21.971
[round 82/100] avg private log-likelihood = -21.969
[round 83/100] avg private log-likelihood = -21.969
[round 84/100] avg private log-likelihood = -21.969
[round 85/100] avg private log-likelihood = -21.969
[round 86/100] avg private log-likelihood = -21.968
[round 87/100] avg private log-likelihood = -21.968
[round 88/100] avg private log-likelihood = -21.965
[round 89/100] avg private log-likelihood = -21.969
[round 90/100] avg private log-likelihood = -21.968
[round 91/100] avg private log-likelihood = -21.970
[round 92/100] avg private log-likelihood = -21.968
[round 93/100] avg private log-likelihood = -21.969
[round 94/100] avg private log-likelihood = -21.968
[round 95/100] avg private log-likelihood = -21.968
[round 96/100] avg private log-likelihood = -21.969
[round 97/100] avg private log-likelihood = -21.968
[round 98/100] avg private log-likelihood = -21.968
[round 99/100] avg private log-likelihood = -21.968
[round 100/100] avg private log-likelihood = -21.965
[DONE] Results saved to results/D16_N25_lam1.0_seed3.json
