========================================
Running experiment on GPU
  D       = 8
  N       = 25
  lambda  = 1.0
  seed    = 0
  GPU     = 0
========================================
[round 01/100] avg private log-likelihood = -11.102
[round 02/100] avg private log-likelihood = -11.180
[round 03/100] avg private log-likelihood = -11.241
[round 04/100] avg private log-likelihood = -11.278
[round 05/100] avg private log-likelihood = -11.295
[round 06/100] avg private log-likelihood = -11.303
[round 07/100] avg private log-likelihood = -11.308
[round 08/100] avg private log-likelihood = -11.310
[round 09/100] avg private log-likelihood = -11.313
[round 10/100] avg private log-likelihood = -11.310
[round 11/100] avg private log-likelihood = -11.309
[round 12/100] avg private log-likelihood = -11.312
[round 13/100] avg private log-likelihood = -11.310
[round 14/100] avg private log-likelihood = -11.308
[round 15/100] avg private log-likelihood = -11.313
[round 16/100] avg private log-likelihood = -11.316
[round 17/100] avg private log-likelihood = -11.317
[round 18/100] avg private log-likelihood = -11.311
[round 19/100] avg private log-likelihood = -11.317
[round 20/100] avg private log-likelihood = -11.318
[round 21/100] avg private log-likelihood = -11.320
[round 22/100] avg private log-likelihood = -11.315
[round 23/100] avg private log-likelihood = -11.317
[round 24/100] avg private log-likelihood = -11.315
[round 25/100] avg private log-likelihood = -11.313
[round 26/100] avg private log-likelihood = -11.312
[round 27/100] avg private log-likelihood = -11.313
[round 28/100] avg private log-likelihood = -11.315
[round 29/100] avg private log-likelihood = -11.312
[round 30/100] avg private log-likelihood = -11.313
[round 31/100] avg private log-likelihood = -11.313
[round 32/100] avg private log-likelihood = -11.312
[round 33/100] avg private log-likelihood = -11.314
[round 34/100] avg private log-likelihood = -11.311
[round 35/100] avg private log-likelihood = -11.310
[round 36/100] avg private log-likelihood = -11.311
[round 37/100] avg private log-likelihood = -11.313
[round 38/100] avg private log-likelihood = -11.313
[round 39/100] avg private log-likelihood = -11.314
[round 40/100] avg private log-likelihood = -11.315
[round 41/100] avg private log-likelihood = -11.315
[round 42/100] avg private log-likelihood = -11.318
[round 43/100] avg private log-likelihood = -11.316
[round 44/100] avg private log-likelihood = -11.317
[round 45/100] avg private log-likelihood = -11.317
[round 46/100] avg private log-likelihood = -11.318
[round 47/100] avg private log-likelihood = -11.312
[round 48/100] avg private log-likelihood = -11.315
[round 49/100] avg private log-likelihood = -11.311
[round 50/100] avg private log-likelihood = -11.314
[round 51/100] avg private log-likelihood = -11.311
[round 52/100] avg private log-likelihood = -11.310
[round 53/100] avg private log-likelihood = -11.314
[round 54/100] avg private log-likelihood = -11.317
[round 55/100] avg private log-likelihood = -11.319
[round 56/100] avg private log-likelihood = -11.310
[round 57/100] avg private log-likelihood = -11.313
[round 58/100] avg private log-likelihood = -11.315
[round 59/100] avg private log-likelihood = -11.311
[round 60/100] avg private log-likelihood = -11.311
[round 61/100] avg private log-likelihood = -11.313
[round 62/100] avg private log-likelihood = -11.314
[round 63/100] avg private log-likelihood = -11.319
[round 64/100] avg private log-likelihood = -11.318
[round 65/100] avg private log-likelihood = -11.314
[round 66/100] avg private log-likelihood = -11.319
[round 67/100] avg private log-likelihood = -11.314
[round 68/100] avg private log-likelihood = -11.315
[round 69/100] avg private log-likelihood = -11.311
[round 70/100] avg private log-likelihood = -11.313
[round 71/100] avg private log-likelihood = -11.315
[round 72/100] avg private log-likelihood = -11.313
[round 73/100] avg private log-likelihood = -11.314
[round 74/100] avg private log-likelihood = -11.311
[round 75/100] avg private log-likelihood = -11.315
[round 76/100] avg private log-likelihood = -11.318
[round 77/100] avg private log-likelihood = -11.317
[round 78/100] avg private log-likelihood = -11.314
[round 79/100] avg private log-likelihood = -11.319
[round 80/100] avg private log-likelihood = -11.318
[round 81/100] avg private log-likelihood = -11.316
[round 82/100] avg private log-likelihood = -11.314
[round 83/100] avg private log-likelihood = -11.317
[round 84/100] avg private log-likelihood = -11.317
[round 85/100] avg private log-likelihood = -11.314
[round 86/100] avg private log-likelihood = -11.317
[round 87/100] avg private log-likelihood = -11.313
[round 88/100] avg private log-likelihood = -11.319
[round 89/100] avg private log-likelihood = -11.312
[round 90/100] avg private log-likelihood = -11.313
[round 91/100] avg private log-likelihood = -11.314
[round 92/100] avg private log-likelihood = -11.314
[round 93/100] avg private log-likelihood = -11.306
[round 94/100] avg private log-likelihood = -11.310
[round 95/100] avg private log-likelihood = -11.315
[round 96/100] avg private log-likelihood = -11.316
[round 97/100] avg private log-likelihood = -11.315
[round 98/100] avg private log-likelihood = -11.310
[round 99/100] avg private log-likelihood = -11.313
[round 100/100] avg private log-likelihood = -11.309
[round 01/100] avg private log-likelihood = -11.097
[round 02/100] avg private log-likelihood = -11.170
[round 03/100] avg private log-likelihood = -11.229
[round 04/100] avg private log-likelihood = -11.267
[round 05/100] avg private log-likelihood = -11.287
[round 06/100] avg private log-likelihood = -11.299
[round 07/100] avg private log-likelihood = -11.303
[round 08/100] avg private log-likelihood = -11.309
[round 09/100] avg private log-likelihood = -11.311
[round 10/100] avg private log-likelihood = -11.311
[round 11/100] avg private log-likelihood = -11.312
[round 12/100] avg private log-likelihood = -11.310
[round 13/100] avg private log-likelihood = -11.311
[round 14/100] avg private log-likelihood = -11.312
[round 15/100] avg private log-likelihood = -11.313
[round 16/100] avg private log-likelihood = -11.313
[round 17/100] avg private log-likelihood = -11.311
[round 18/100] avg private log-likelihood = -11.309
[round 19/100] avg private log-likelihood = -11.310
[round 20/100] avg private log-likelihood = -11.311
[round 21/100] avg private log-likelihood = -11.312
[round 22/100] avg private log-likelihood = -11.312
[round 23/100] avg private log-likelihood = -11.311
[round 24/100] avg private log-likelihood = -11.311
[round 25/100] avg private log-likelihood = -11.312
[round 26/100] avg private log-likelihood = -11.313
[round 27/100] avg private log-likelihood = -11.311
[round 28/100] avg private log-likelihood = -11.312
[round 29/100] avg private log-likelihood = -11.311
[round 30/100] avg private log-likelihood = -11.312
[round 31/100] avg private log-likelihood = -11.312
[round 32/100] avg private log-likelihood = -11.312
[round 33/100] avg private log-likelihood = -11.312
[round 34/100] avg private log-likelihood = -11.311
[round 35/100] avg private log-likelihood = -11.311
[round 36/100] avg private log-likelihood = -11.311
[round 37/100] avg private log-likelihood = -11.311
[round 38/100] avg private log-likelihood = -11.311
[round 39/100] avg private log-likelihood = -11.312
[round 40/100] avg private log-likelihood = -11.312
[round 41/100] avg private log-likelihood = -11.313
[round 42/100] avg private log-likelihood = -11.310
[round 43/100] avg private log-likelihood = -11.311
[round 44/100] avg private log-likelihood = -11.311
[round 45/100] avg private log-likelihood = -11.313
[round 46/100] avg private log-likelihood = -11.313
[round 47/100] avg private log-likelihood = -11.311
[round 48/100] avg private log-likelihood = -11.312
[round 49/100] avg private log-likelihood = -11.311
[round 50/100] avg private log-likelihood = -11.313
[round 51/100] avg private log-likelihood = -11.312
[round 52/100] avg private log-likelihood = -11.312
[round 53/100] avg private log-likelihood = -11.310
[round 54/100] avg private log-likelihood = -11.314
[round 55/100] avg private log-likelihood = -11.313
[round 56/100] avg private log-likelihood = -11.312
[round 57/100] avg private log-likelihood = -11.313
[round 58/100] avg private log-likelihood = -11.312
[round 59/100] avg private log-likelihood = -11.311
[round 60/100] avg private log-likelihood = -11.311
[round 61/100] avg private log-likelihood = -11.311
[round 62/100] avg private log-likelihood = -11.310
[round 63/100] avg private log-likelihood = -11.312
[round 64/100] avg private log-likelihood = -11.311
[round 65/100] avg private log-likelihood = -11.313
[round 66/100] avg private log-likelihood = -11.310
[round 67/100] avg private log-likelihood = -11.313
[round 68/100] avg private log-likelihood = -11.310
[round 69/100] avg private log-likelihood = -11.312
[round 70/100] avg private log-likelihood = -11.311
[round 71/100] avg private log-likelihood = -11.311
[round 72/100] avg private log-likelihood = -11.311
[round 73/100] avg private log-likelihood = -11.310
[round 74/100] avg private log-likelihood = -11.313
[round 75/100] avg private log-likelihood = -11.313
[round 76/100] avg private log-likelihood = -11.316
[round 77/100] avg private log-likelihood = -11.314
[round 78/100] avg private log-likelihood = -11.314
[round 79/100] avg private log-likelihood = -11.314
[round 80/100] avg private log-likelihood = -11.311
[round 81/100] avg private log-likelihood = -11.312
[round 82/100] avg private log-likelihood = -11.311
[round 83/100] avg private log-likelihood = -11.312
[round 84/100] avg private log-likelihood = -11.311
[round 85/100] avg private log-likelihood = -11.312
[round 86/100] avg private log-likelihood = -11.313
[round 87/100] avg private log-likelihood = -11.313
[round 88/100] avg private log-likelihood = -11.311
[round 89/100] avg private log-likelihood = -11.310
[round 90/100] avg private log-likelihood = -11.312
[round 91/100] avg private log-likelihood = -11.311
[round 92/100] avg private log-likelihood = -11.313
[round 93/100] avg private log-likelihood = -11.312
[round 94/100] avg private log-likelihood = -11.311
[round 95/100] avg private log-likelihood = -11.312
[round 96/100] avg private log-likelihood = -11.311
[round 97/100] avg private log-likelihood = -11.312
[round 98/100] avg private log-likelihood = -11.309
[round 99/100] avg private log-likelihood = -11.310
[round 100/100] avg private log-likelihood = -11.312
[DONE] Results saved to results/D8_N25_lam1.0_seed0.json
