========================================
Running experiment on GPU
  D       = 8
  N       = 10
  lambda  = 0.5
  seed    = 2
  GPU     = 0
========================================
[round 01/100] avg private log-likelihood = -7.550
[round 02/100] avg private log-likelihood = -7.725
[round 03/100] avg private log-likelihood = -7.939
[round 04/100] avg private log-likelihood = -8.173
[round 05/100] avg private log-likelihood = -8.413
[round 06/100] avg private log-likelihood = -8.632
[round 07/100] avg private log-likelihood = -8.843
[round 08/100] avg private log-likelihood = -9.037
[round 09/100] avg private log-likelihood = -9.207
[round 10/100] avg private log-likelihood = -9.357
[round 11/100] avg private log-likelihood = -9.489
[round 12/100] avg private log-likelihood = -9.595
[round 13/100] avg private log-likelihood = -9.692
[round 14/100] avg private log-likelihood = -9.787
[round 15/100] avg private log-likelihood = -9.854
[round 16/100] avg private log-likelihood = -9.911
[round 17/100] avg private log-likelihood = -9.939
[round 18/100] avg private log-likelihood = -9.954
[round 19/100] avg private log-likelihood = -9.968
[round 20/100] avg private log-likelihood = -9.990
[round 21/100] avg private log-likelihood = -9.997
[round 22/100] avg private log-likelihood = -9.988
[round 23/100] avg private log-likelihood = -9.985
[round 24/100] avg private log-likelihood = -9.976
[round 25/100] avg private log-likelihood = -9.974
[round 26/100] avg private log-likelihood = -9.964
[round 27/100] avg private log-likelihood = -9.965
[round 28/100] avg private log-likelihood = -9.965
[round 29/100] avg private log-likelihood = -9.984
[round 30/100] avg private log-likelihood = -9.968
[round 31/100] avg private log-likelihood = -9.965
[round 32/100] avg private log-likelihood = -9.960
[round 33/100] avg private log-likelihood = -9.963
[round 34/100] avg private log-likelihood = -9.974
[round 35/100] avg private log-likelihood = -9.983
[round 36/100] avg private log-likelihood = -9.963
[round 37/100] avg private log-likelihood = -9.969
[round 38/100] avg private log-likelihood = -9.967
[round 39/100] avg private log-likelihood = -9.966
[round 40/100] avg private log-likelihood = -9.961
[round 41/100] avg private log-likelihood = -9.959
[round 42/100] avg private log-likelihood = -9.974
[round 43/100] avg private log-likelihood = -9.967
[round 44/100] avg private log-likelihood = -9.961
[round 45/100] avg private log-likelihood = -9.969
[round 46/100] avg private log-likelihood = -9.970
[round 47/100] avg private log-likelihood = -9.977
[round 48/100] avg private log-likelihood = -9.967
[round 49/100] avg private log-likelihood = -9.977
[round 50/100] avg private log-likelihood = -9.964
[round 51/100] avg private log-likelihood = -9.967
[round 52/100] avg private log-likelihood = -9.974
[round 53/100] avg private log-likelihood = -9.968
[round 54/100] avg private log-likelihood = -9.980
[round 55/100] avg private log-likelihood = -9.966
[round 56/100] avg private log-likelihood = -9.964
[round 57/100] avg private log-likelihood = -9.971
[round 58/100] avg private log-likelihood = -9.967
[round 59/100] avg private log-likelihood = -9.965
[round 60/100] avg private log-likelihood = -9.971
[round 61/100] avg private log-likelihood = -9.966
[round 62/100] avg private log-likelihood = -9.961
[round 63/100] avg private log-likelihood = -9.954
[round 64/100] avg private log-likelihood = -9.954
[round 65/100] avg private log-likelihood = -9.952
[round 66/100] avg private log-likelihood = -9.962
[round 67/100] avg private log-likelihood = -9.962
[round 68/100] avg private log-likelihood = -9.953
[round 69/100] avg private log-likelihood = -9.963
[round 70/100] avg private log-likelihood = -9.962
[round 71/100] avg private log-likelihood = -9.961
[round 72/100] avg private log-likelihood = -9.959
[round 73/100] avg private log-likelihood = -9.960
[round 74/100] avg private log-likelihood = -9.943
[round 75/100] avg private log-likelihood = -9.951
[round 76/100] avg private log-likelihood = -9.963
[round 77/100] avg private log-likelihood = -9.957
[round 78/100] avg private log-likelihood = -9.962
[round 79/100] avg private log-likelihood = -9.961
[round 80/100] avg private log-likelihood = -9.955
[round 81/100] avg private log-likelihood = -9.970
[round 82/100] avg private log-likelihood = -9.963
[round 83/100] avg private log-likelihood = -9.967
[round 84/100] avg private log-likelihood = -9.969
[round 85/100] avg private log-likelihood = -9.964
[round 86/100] avg private log-likelihood = -9.974
[round 87/100] avg private log-likelihood = -9.965
[round 88/100] avg private log-likelihood = -9.962
[round 89/100] avg private log-likelihood = -9.960
[round 90/100] avg private log-likelihood = -9.960
[round 91/100] avg private log-likelihood = -9.954
[round 92/100] avg private log-likelihood = -9.954
[round 93/100] avg private log-likelihood = -9.956
[round 94/100] avg private log-likelihood = -9.962
[round 95/100] avg private log-likelihood = -9.965
[round 96/100] avg private log-likelihood = -9.950
[round 97/100] avg private log-likelihood = -9.955
[round 98/100] avg private log-likelihood = -9.958
[round 99/100] avg private log-likelihood = -9.966
[round 100/100] avg private log-likelihood = -9.961
[round 01/100] avg private log-likelihood = -8.096
[round 02/100] avg private log-likelihood = -8.259
[round 03/100] avg private log-likelihood = -8.437
[round 04/100] avg private log-likelihood = -8.623
[round 05/100] avg private log-likelihood = -8.800
[round 06/100] avg private log-likelihood = -8.954
[round 07/100] avg private log-likelihood = -9.093
[round 08/100] avg private log-likelihood = -9.214
[round 09/100] avg private log-likelihood = -9.326
[round 10/100] avg private log-likelihood = -9.422
[round 11/100] avg private log-likelihood = -9.504
[round 12/100] avg private log-likelihood = -9.567
[round 13/100] avg private log-likelihood = -9.628
[round 14/100] avg private log-likelihood = -9.688
[round 15/100] avg private log-likelihood = -9.736
[round 16/100] avg private log-likelihood = -9.773
[round 17/100] avg private log-likelihood = -9.789
[round 18/100] avg private log-likelihood = -9.806
[round 19/100] avg private log-likelihood = -9.807
[round 20/100] avg private log-likelihood = -9.801
[round 21/100] avg private log-likelihood = -9.793
[round 22/100] avg private log-likelihood = -9.777
[round 23/100] avg private log-likelihood = -9.751
[round 24/100] avg private log-likelihood = -9.740
[round 25/100] avg private log-likelihood = -9.733
[round 26/100] avg private log-likelihood = -9.723
[round 27/100] avg private log-likelihood = -9.716
[round 28/100] avg private log-likelihood = -9.721
[round 29/100] avg private log-likelihood = -9.723
[round 30/100] avg private log-likelihood = -9.713
[round 31/100] avg private log-likelihood = -9.721
[round 32/100] avg private log-likelihood = -9.728
[round 33/100] avg private log-likelihood = -9.732
[round 34/100] avg private log-likelihood = -9.721
[round 35/100] avg private log-likelihood = -9.727
[round 36/100] avg private log-likelihood = -9.728
[round 37/100] avg private log-likelihood = -9.725
[round 38/100] avg private log-likelihood = -9.724
[round 39/100] avg private log-likelihood = -9.732
[round 40/100] avg private log-likelihood = -9.733
[round 41/100] avg private log-likelihood = -9.731
[round 42/100] avg private log-likelihood = -9.724
[round 43/100] avg private log-likelihood = -9.736
[round 44/100] avg private log-likelihood = -9.726
[round 45/100] avg private log-likelihood = -9.725
[round 46/100] avg private log-likelihood = -9.723
[round 47/100] avg private log-likelihood = -9.728
[round 48/100] avg private log-likelihood = -9.720
[round 49/100] avg private log-likelihood = -9.722
[round 50/100] avg private log-likelihood = -9.715
[round 51/100] avg private log-likelihood = -9.712
[round 52/100] avg private log-likelihood = -9.721
[round 53/100] avg private log-likelihood = -9.729
[round 54/100] avg private log-likelihood = -9.724
[round 55/100] avg private log-likelihood = -9.727
[round 56/100] avg private log-likelihood = -9.719
[round 57/100] avg private log-likelihood = -9.719
[round 58/100] avg private log-likelihood = -9.718
[round 59/100] avg private log-likelihood = -9.718
[round 60/100] avg private log-likelihood = -9.723
[round 61/100] avg private log-likelihood = -9.723
[round 62/100] avg private log-likelihood = -9.720
[round 63/100] avg private log-likelihood = -9.726
[round 64/100] avg private log-likelihood = -9.727
[round 65/100] avg private log-likelihood = -9.721
[round 66/100] avg private log-likelihood = -9.721
[round 67/100] avg private log-likelihood = -9.715
[round 68/100] avg private log-likelihood = -9.717
[round 69/100] avg private log-likelihood = -9.716
[round 70/100] avg private log-likelihood = -9.718
[round 71/100] avg private log-likelihood = -9.709
[round 72/100] avg private log-likelihood = -9.708
[round 73/100] avg private log-likelihood = -9.708
[round 74/100] avg private log-likelihood = -9.709
[round 75/100] avg private log-likelihood = -9.709
[round 76/100] avg private log-likelihood = -9.711
[round 77/100] avg private log-likelihood = -9.713
[round 78/100] avg private log-likelihood = -9.715
[round 79/100] avg private log-likelihood = -9.718
[round 80/100] avg private log-likelihood = -9.716
[round 81/100] avg private log-likelihood = -9.714
[round 82/100] avg private log-likelihood = -9.716
[round 83/100] avg private log-likelihood = -9.710
[round 84/100] avg private log-likelihood = -9.709
[round 85/100] avg private log-likelihood = -9.707
[round 86/100] avg private log-likelihood = -9.706
[round 87/100] avg private log-likelihood = -9.705
[round 88/100] avg private log-likelihood = -9.713
[round 89/100] avg private log-likelihood = -9.713
[round 90/100] avg private log-likelihood = -9.717
[round 91/100] avg private log-likelihood = -9.721
[round 92/100] avg private log-likelihood = -9.720
[round 93/100] avg private log-likelihood = -9.719
[round 94/100] avg private log-likelihood = -9.719
[round 95/100] avg private log-likelihood = -9.715
[round 96/100] avg private log-likelihood = -9.716
[round 97/100] avg private log-likelihood = -9.717
[round 98/100] avg private log-likelihood = -9.713
[round 99/100] avg private log-likelihood = -9.714
[round 100/100] avg private log-likelihood = -9.712
[DONE] Results saved to results/D8_N10_lam0.5_seed2.json
