========================================
Running experiment on GPU
  D       = 16
  N       = 10
  lambda  = 1.0
  seed    = 6
  GPU     = 0
========================================
[round 01/100] avg private log-likelihood = -15.705
[round 02/100] avg private log-likelihood = -16.471
[round 03/100] avg private log-likelihood = -16.967
[round 04/100] avg private log-likelihood = -17.383
[round 05/100] avg private log-likelihood = -17.794
[round 06/100] avg private log-likelihood = -18.224
[round 07/100] avg private log-likelihood = -18.763
[round 08/100] avg private log-likelihood = -19.228
[round 09/100] avg private log-likelihood = -19.666
[round 10/100] avg private log-likelihood = -20.120
[round 11/100] avg private log-likelihood = -20.512
[round 12/100] avg private log-likelihood = -20.880
[round 13/100] avg private log-likelihood = -21.176
[round 14/100] avg private log-likelihood = -21.438
[round 15/100] avg private log-likelihood = -21.658
[round 16/100] avg private log-likelihood = -21.809
[round 17/100] avg private log-likelihood = -21.954
[round 18/100] avg private log-likelihood = -22.046
[round 19/100] avg private log-likelihood = -22.087
[round 20/100] avg private log-likelihood = -22.121
[round 21/100] avg private log-likelihood = -22.112
[round 22/100] avg private log-likelihood = -22.075
[round 23/100] avg private log-likelihood = -22.021
[round 24/100] avg private log-likelihood = -21.897
[round 25/100] avg private log-likelihood = -21.746
[round 26/100] avg private log-likelihood = -21.591
[round 27/100] avg private log-likelihood = -21.446
[round 28/100] avg private log-likelihood = -21.309
[round 29/100] avg private log-likelihood = -21.185
[round 30/100] avg private log-likelihood = -21.095
[round 31/100] avg private log-likelihood = -21.037
[round 32/100] avg private log-likelihood = -20.972
[round 33/100] avg private log-likelihood = -20.895
[round 34/100] avg private log-likelihood = -20.872
[round 35/100] avg private log-likelihood = -20.853
[round 36/100] avg private log-likelihood = -20.837
[round 37/100] avg private log-likelihood = -20.824
[round 38/100] avg private log-likelihood = -20.808
[round 39/100] avg private log-likelihood = -20.815
[round 40/100] avg private log-likelihood = -20.782
[round 41/100] avg private log-likelihood = -20.791
[round 42/100] avg private log-likelihood = -20.771
[round 43/100] avg private log-likelihood = -20.787
[round 44/100] avg private log-likelihood = -20.774
[round 45/100] avg private log-likelihood = -20.785
[round 46/100] avg private log-likelihood = -20.806
[round 47/100] avg private log-likelihood = -20.793
[round 48/100] avg private log-likelihood = -20.787
[round 49/100] avg private log-likelihood = -20.783
[round 50/100] avg private log-likelihood = -20.790
[round 51/100] avg private log-likelihood = -20.791
[round 52/100] avg private log-likelihood = -20.767
[round 53/100] avg private log-likelihood = -20.777
[round 54/100] avg private log-likelihood = -20.784
[round 55/100] avg private log-likelihood = -20.767
[round 56/100] avg private log-likelihood = -20.788
[round 57/100] avg private log-likelihood = -20.776
[round 58/100] avg private log-likelihood = -20.781
[round 59/100] avg private log-likelihood = -20.779
[round 60/100] avg private log-likelihood = -20.785
[round 61/100] avg private log-likelihood = -20.785
[round 62/100] avg private log-likelihood = -20.792
[round 63/100] avg private log-likelihood = -20.794
[round 64/100] avg private log-likelihood = -20.782
[round 65/100] avg private log-likelihood = -20.762
[round 66/100] avg private log-likelihood = -20.783
[round 67/100] avg private log-likelihood = -20.778
[round 68/100] avg private log-likelihood = -20.790
[round 69/100] avg private log-likelihood = -20.766
[round 70/100] avg private log-likelihood = -20.765
[round 71/100] avg private log-likelihood = -20.803
[round 72/100] avg private log-likelihood = -20.798
[round 73/100] avg private log-likelihood = -20.770
[round 74/100] avg private log-likelihood = -20.779
[round 75/100] avg private log-likelihood = -20.809
[round 76/100] avg private log-likelihood = -20.810
[round 77/100] avg private log-likelihood = -20.775
[round 78/100] avg private log-likelihood = -20.778
[round 79/100] avg private log-likelihood = -20.768
[round 80/100] avg private log-likelihood = -20.783
[round 81/100] avg private log-likelihood = -20.795
[round 82/100] avg private log-likelihood = -20.781
[round 83/100] avg private log-likelihood = -20.781
[round 84/100] avg private log-likelihood = -20.765
[round 85/100] avg private log-likelihood = -20.794
[round 86/100] avg private log-likelihood = -20.787
[round 87/100] avg private log-likelihood = -20.769
[round 88/100] avg private log-likelihood = -20.767
[round 89/100] avg private log-likelihood = -20.773
[round 90/100] avg private log-likelihood = -20.802
[round 91/100] avg private log-likelihood = -20.800
[round 92/100] avg private log-likelihood = -20.780
[round 93/100] avg private log-likelihood = -20.769
[round 94/100] avg private log-likelihood = -20.764
[round 95/100] avg private log-likelihood = -20.782
[round 96/100] avg private log-likelihood = -20.784
[round 97/100] avg private log-likelihood = -20.770
[round 98/100] avg private log-likelihood = -20.775
[round 99/100] avg private log-likelihood = -20.783
[round 100/100] avg private log-likelihood = -20.786
[round 01/100] avg private log-likelihood = -15.581
[round 02/100] avg private log-likelihood = -16.356
[round 03/100] avg private log-likelihood = -16.894
[round 04/100] avg private log-likelihood = -17.320
[round 05/100] avg private log-likelihood = -17.774
[round 06/100] avg private log-likelihood = -18.225
[round 07/100] avg private log-likelihood = -18.694
[round 08/100] avg private log-likelihood = -19.166
[round 09/100] avg private log-likelihood = -19.634
[round 10/100] avg private log-likelihood = -20.058
[round 11/100] avg private log-likelihood = -20.457
[round 12/100] avg private log-likelihood = -20.812
[round 13/100] avg private log-likelihood = -21.133
[round 14/100] avg private log-likelihood = -21.402
[round 15/100] avg private log-likelihood = -21.598
[round 16/100] avg private log-likelihood = -21.777
[round 17/100] avg private log-likelihood = -21.919
[round 18/100] avg private log-likelihood = -22.013
[round 19/100] avg private log-likelihood = -22.079
[round 20/100] avg private log-likelihood = -22.117
[round 21/100] avg private log-likelihood = -22.128
[round 22/100] avg private log-likelihood = -22.110
[round 23/100] avg private log-likelihood = -22.054
[round 24/100] avg private log-likelihood = -21.967
[round 25/100] avg private log-likelihood = -21.832
[round 26/100] avg private log-likelihood = -21.675
[round 27/100] avg private log-likelihood = -21.541
[round 28/100] avg private log-likelihood = -21.393
[round 29/100] avg private log-likelihood = -21.272
[round 30/100] avg private log-likelihood = -21.180
[round 31/100] avg private log-likelihood = -21.082
[round 32/100] avg private log-likelihood = -21.010
[round 33/100] avg private log-likelihood = -20.947
[round 34/100] avg private log-likelihood = -20.904
[round 35/100] avg private log-likelihood = -20.873
[round 36/100] avg private log-likelihood = -20.835
[round 37/100] avg private log-likelihood = -20.817
[round 38/100] avg private log-likelihood = -20.794
[round 39/100] avg private log-likelihood = -20.784
[round 40/100] avg private log-likelihood = -20.794
[round 41/100] avg private log-likelihood = -20.782
[round 42/100] avg private log-likelihood = -20.769
[round 43/100] avg private log-likelihood = -20.777
[round 44/100] avg private log-likelihood = -20.776
[round 45/100] avg private log-likelihood = -20.774
[round 46/100] avg private log-likelihood = -20.769
[round 47/100] avg private log-likelihood = -20.779
[round 48/100] avg private log-likelihood = -20.769
[round 49/100] avg private log-likelihood = -20.777
[round 50/100] avg private log-likelihood = -20.774
[round 51/100] avg private log-likelihood = -20.767
[round 52/100] avg private log-likelihood = -20.777
[round 53/100] avg private log-likelihood = -20.776
[round 54/100] avg private log-likelihood = -20.763
[round 55/100] avg private log-likelihood = -20.766
[round 56/100] avg private log-likelihood = -20.768
[round 57/100] avg private log-likelihood = -20.771
[round 58/100] avg private log-likelihood = -20.780
[round 59/100] avg private log-likelihood = -20.773
[round 60/100] avg private log-likelihood = -20.769
[round 61/100] avg private log-likelihood = -20.779
[round 62/100] avg private log-likelihood = -20.783
[round 63/100] avg private log-likelihood = -20.775
[round 64/100] avg private log-likelihood = -20.782
[round 65/100] avg private log-likelihood = -20.789
[round 66/100] avg private log-likelihood = -20.779
[round 67/100] avg private log-likelihood = -20.783
[round 68/100] avg private log-likelihood = -20.787
[round 69/100] avg private log-likelihood = -20.779
[round 70/100] avg private log-likelihood = -20.777
[round 71/100] avg private log-likelihood = -20.777
[round 72/100] avg private log-likelihood = -20.780
[round 73/100] avg private log-likelihood = -20.775
[round 74/100] avg private log-likelihood = -20.775
[round 75/100] avg private log-likelihood = -20.781
[round 76/100] avg private log-likelihood = -20.775
[round 77/100] avg private log-likelihood = -20.790
[round 78/100] avg private log-likelihood = -20.771
[round 79/100] avg private log-likelihood = -20.772
[round 80/100] avg private log-likelihood = -20.776
[round 81/100] avg private log-likelihood = -20.796
[round 82/100] avg private log-likelihood = -20.798
[round 83/100] avg private log-likelihood = -20.787
[round 84/100] avg private log-likelihood = -20.791
[round 85/100] avg private log-likelihood = -20.780
[round 86/100] avg private log-likelihood = -20.771
[round 87/100] avg private log-likelihood = -20.772
[round 88/100] avg private log-likelihood = -20.775
[round 89/100] avg private log-likelihood = -20.767
[round 90/100] avg private log-likelihood = -20.780
[round 91/100] avg private log-likelihood = -20.779
[round 92/100] avg private log-likelihood = -20.778
[round 93/100] avg private log-likelihood = -20.779
[round 94/100] avg private log-likelihood = -20.782
[round 95/100] avg private log-likelihood = -20.778
[round 96/100] avg private log-likelihood = -20.773
[round 97/100] avg private log-likelihood = -20.779
[round 98/100] avg private log-likelihood = -20.786
[round 99/100] avg private log-likelihood = -20.785
[round 100/100] avg private log-likelihood = -20.785
[DONE] Results saved to results/D16_N10_lam1.0_seed6.json
