========================================
Running experiment on GPU
  D       = 4
  N       = 10
  lambda  = 1.0
  seed    = 5
  GPU     = 0
========================================
[round 01/100] avg private log-likelihood = -4.584
[round 02/100] avg private log-likelihood = -4.739
[round 03/100] avg private log-likelihood = -4.883
[round 04/100] avg private log-likelihood = -5.013
[round 05/100] avg private log-likelihood = -5.145
[round 06/100] avg private log-likelihood = -5.273
[round 07/100] avg private log-likelihood = -5.398
[round 08/100] avg private log-likelihood = -5.519
[round 09/100] avg private log-likelihood = -5.632
[round 10/100] avg private log-likelihood = -5.735
[round 11/100] avg private log-likelihood = -5.834
[round 12/100] avg private log-likelihood = -5.915
[round 13/100] avg private log-likelihood = -5.987
[round 14/100] avg private log-likelihood = -6.044
[round 15/100] avg private log-likelihood = -6.094
[round 16/100] avg private log-likelihood = -6.125
[round 17/100] avg private log-likelihood = -6.150
[round 18/100] avg private log-likelihood = -6.180
[round 19/100] avg private log-likelihood = -6.199
[round 20/100] avg private log-likelihood = -6.206
[round 21/100] avg private log-likelihood = -6.210
[round 22/100] avg private log-likelihood = -6.215
[round 23/100] avg private log-likelihood = -6.226
[round 24/100] avg private log-likelihood = -6.235
[round 25/100] avg private log-likelihood = -6.242
[round 26/100] avg private log-likelihood = -6.241
[round 27/100] avg private log-likelihood = -6.241
[round 28/100] avg private log-likelihood = -6.238
[round 29/100] avg private log-likelihood = -6.246
[round 30/100] avg private log-likelihood = -6.255
[round 31/100] avg private log-likelihood = -6.249
[round 32/100] avg private log-likelihood = -6.257
[round 33/100] avg private log-likelihood = -6.251
[round 34/100] avg private log-likelihood = -6.244
[round 35/100] avg private log-likelihood = -6.248
[round 36/100] avg private log-likelihood = -6.247
[round 37/100] avg private log-likelihood = -6.244
[round 38/100] avg private log-likelihood = -6.242
[round 39/100] avg private log-likelihood = -6.244
[round 40/100] avg private log-likelihood = -6.243
[round 41/100] avg private log-likelihood = -6.247
[round 42/100] avg private log-likelihood = -6.247
[round 43/100] avg private log-likelihood = -6.255
[round 44/100] avg private log-likelihood = -6.263
[round 45/100] avg private log-likelihood = -6.255
[round 46/100] avg private log-likelihood = -6.253
[round 47/100] avg private log-likelihood = -6.248
[round 48/100] avg private log-likelihood = -6.247
[round 49/100] avg private log-likelihood = -6.245
[round 50/100] avg private log-likelihood = -6.250
[round 51/100] avg private log-likelihood = -6.245
[round 52/100] avg private log-likelihood = -6.250
[round 53/100] avg private log-likelihood = -6.260
[round 54/100] avg private log-likelihood = -6.253
[round 55/100] avg private log-likelihood = -6.254
[round 56/100] avg private log-likelihood = -6.255
[round 57/100] avg private log-likelihood = -6.253
[round 58/100] avg private log-likelihood = -6.245
[round 59/100] avg private log-likelihood = -6.254
[round 60/100] avg private log-likelihood = -6.255
[round 61/100] avg private log-likelihood = -6.248
[round 62/100] avg private log-likelihood = -6.257
[round 63/100] avg private log-likelihood = -6.256
[round 64/100] avg private log-likelihood = -6.259
[round 65/100] avg private log-likelihood = -6.247
[round 66/100] avg private log-likelihood = -6.252
[round 67/100] avg private log-likelihood = -6.242
[round 68/100] avg private log-likelihood = -6.241
[round 69/100] avg private log-likelihood = -6.241
[round 70/100] avg private log-likelihood = -6.246
[round 71/100] avg private log-likelihood = -6.255
[round 72/100] avg private log-likelihood = -6.254
[round 73/100] avg private log-likelihood = -6.256
[round 74/100] avg private log-likelihood = -6.240
[round 75/100] avg private log-likelihood = -6.249
[round 76/100] avg private log-likelihood = -6.245
[round 77/100] avg private log-likelihood = -6.253
[round 78/100] avg private log-likelihood = -6.255
[round 79/100] avg private log-likelihood = -6.250
[round 80/100] avg private log-likelihood = -6.250
[round 81/100] avg private log-likelihood = -6.248
[round 82/100] avg private log-likelihood = -6.246
[round 83/100] avg private log-likelihood = -6.253
[round 84/100] avg private log-likelihood = -6.262
[round 85/100] avg private log-likelihood = -6.260
[round 86/100] avg private log-likelihood = -6.247
[round 87/100] avg private log-likelihood = -6.248
[round 88/100] avg private log-likelihood = -6.250
[round 89/100] avg private log-likelihood = -6.253
[round 90/100] avg private log-likelihood = -6.251
[round 91/100] avg private log-likelihood = -6.239
[round 92/100] avg private log-likelihood = -6.239
[round 93/100] avg private log-likelihood = -6.235
[round 94/100] avg private log-likelihood = -6.247
[round 95/100] avg private log-likelihood = -6.248
[round 96/100] avg private log-likelihood = -6.245
[round 97/100] avg private log-likelihood = -6.240
[round 98/100] avg private log-likelihood = -6.249
[round 99/100] avg private log-likelihood = -6.246
[round 100/100] avg private log-likelihood = -6.233
[round 01/100] avg private log-likelihood = -4.421
[round 02/100] avg private log-likelihood = -4.571
[round 03/100] avg private log-likelihood = -4.717
[round 04/100] avg private log-likelihood = -4.847
[round 05/100] avg private log-likelihood = -4.977
[round 06/100] avg private log-likelihood = -5.101
[round 07/100] avg private log-likelihood = -5.221
[round 08/100] avg private log-likelihood = -5.338
[round 09/100] avg private log-likelihood = -5.446
[round 10/100] avg private log-likelihood = -5.555
[round 11/100] avg private log-likelihood = -5.652
[round 12/100] avg private log-likelihood = -5.741
[round 13/100] avg private log-likelihood = -5.817
[round 14/100] avg private log-likelihood = -5.882
[round 15/100] avg private log-likelihood = -5.932
[round 16/100] avg private log-likelihood = -5.970
[round 17/100] avg private log-likelihood = -6.004
[round 18/100] avg private log-likelihood = -6.028
[round 19/100] avg private log-likelihood = -6.046
[round 20/100] avg private log-likelihood = -6.057
[round 21/100] avg private log-likelihood = -6.067
[round 22/100] avg private log-likelihood = -6.070
[round 23/100] avg private log-likelihood = -6.079
[round 24/100] avg private log-likelihood = -6.082
[round 25/100] avg private log-likelihood = -6.077
[round 26/100] avg private log-likelihood = -6.082
[round 27/100] avg private log-likelihood = -6.087
[round 28/100] avg private log-likelihood = -6.085
[round 29/100] avg private log-likelihood = -6.089
[round 30/100] avg private log-likelihood = -6.085
[round 31/100] avg private log-likelihood = -6.088
[round 32/100] avg private log-likelihood = -6.089
[round 33/100] avg private log-likelihood = -6.087
[round 34/100] avg private log-likelihood = -6.087
[round 35/100] avg private log-likelihood = -6.095
[round 36/100] avg private log-likelihood = -6.090
[round 37/100] avg private log-likelihood = -6.092
[round 38/100] avg private log-likelihood = -6.092
[round 39/100] avg private log-likelihood = -6.092
[round 40/100] avg private log-likelihood = -6.093
[round 41/100] avg private log-likelihood = -6.091
[round 42/100] avg private log-likelihood = -6.098
[round 43/100] avg private log-likelihood = -6.097
[round 44/100] avg private log-likelihood = -6.096
[round 45/100] avg private log-likelihood = -6.098
[round 46/100] avg private log-likelihood = -6.099
[round 47/100] avg private log-likelihood = -6.094
[round 48/100] avg private log-likelihood = -6.091
[round 49/100] avg private log-likelihood = -6.094
[round 50/100] avg private log-likelihood = -6.101
[round 51/100] avg private log-likelihood = -6.098
[round 52/100] avg private log-likelihood = -6.098
[round 53/100] avg private log-likelihood = -6.102
[round 54/100] avg private log-likelihood = -6.103
[round 55/100] avg private log-likelihood = -6.098
[round 56/100] avg private log-likelihood = -6.097
[round 57/100] avg private log-likelihood = -6.098
[round 58/100] avg private log-likelihood = -6.099
[round 59/100] avg private log-likelihood = -6.094
[round 60/100] avg private log-likelihood = -6.093
[round 61/100] avg private log-likelihood = -6.089
[round 62/100] avg private log-likelihood = -6.092
[round 63/100] avg private log-likelihood = -6.094
[round 64/100] avg private log-likelihood = -6.094
[round 65/100] avg private log-likelihood = -6.090
[round 66/100] avg private log-likelihood = -6.093
[round 67/100] avg private log-likelihood = -6.096
[round 68/100] avg private log-likelihood = -6.095
[round 69/100] avg private log-likelihood = -6.092
[round 70/100] avg private log-likelihood = -6.092
[round 71/100] avg private log-likelihood = -6.094
[round 72/100] avg private log-likelihood = -6.093
[round 73/100] avg private log-likelihood = -6.101
[round 74/100] avg private log-likelihood = -6.099
[round 75/100] avg private log-likelihood = -6.106
[round 76/100] avg private log-likelihood = -6.100
[round 77/100] avg private log-likelihood = -6.091
[round 78/100] avg private log-likelihood = -6.092
[round 79/100] avg private log-likelihood = -6.091
[round 80/100] avg private log-likelihood = -6.100
[round 81/100] avg private log-likelihood = -6.094
[round 82/100] avg private log-likelihood = -6.093
[round 83/100] avg private log-likelihood = -6.094
[round 84/100] avg private log-likelihood = -6.099
[round 85/100] avg private log-likelihood = -6.099
[round 86/100] avg private log-likelihood = -6.097
[round 87/100] avg private log-likelihood = -6.097
[round 88/100] avg private log-likelihood = -6.094
[round 89/100] avg private log-likelihood = -6.097
[round 90/100] avg private log-likelihood = -6.100
[round 91/100] avg private log-likelihood = -6.103
[round 92/100] avg private log-likelihood = -6.104
[round 93/100] avg private log-likelihood = -6.099
[round 94/100] avg private log-likelihood = -6.095
[round 95/100] avg private log-likelihood = -6.094
[round 96/100] avg private log-likelihood = -6.100
[round 97/100] avg private log-likelihood = -6.101
[round 98/100] avg private log-likelihood = -6.098
[round 99/100] avg private log-likelihood = -6.089
[round 100/100] avg private log-likelihood = -6.088
[DONE] Results saved to results/D4_N10_lam1.0_seed5.json
