========================================
Running experiment on GPU
  D       = 2
  N       = 10
  lambda  = 1.0
  seed    = 1
  GPU     = 0
========================================
[round 01/100] avg private log-likelihood = -2.417
[round 02/100] avg private log-likelihood = -2.490
[round 03/100] avg private log-likelihood = -2.580
[round 04/100] avg private log-likelihood = -2.676
[round 05/100] avg private log-likelihood = -2.774
[round 06/100] avg private log-likelihood = -2.874
[round 07/100] avg private log-likelihood = -2.959
[round 08/100] avg private log-likelihood = -3.050
[round 09/100] avg private log-likelihood = -3.127
[round 10/100] avg private log-likelihood = -3.203
[round 11/100] avg private log-likelihood = -3.262
[round 12/100] avg private log-likelihood = -3.309
[round 13/100] avg private log-likelihood = -3.345
[round 14/100] avg private log-likelihood = -3.369
[round 15/100] avg private log-likelihood = -3.385
[round 16/100] avg private log-likelihood = -3.398
[round 17/100] avg private log-likelihood = -3.391
[round 18/100] avg private log-likelihood = -3.383
[round 19/100] avg private log-likelihood = -3.374
[round 20/100] avg private log-likelihood = -3.370
[round 21/100] avg private log-likelihood = -3.363
[round 22/100] avg private log-likelihood = -3.359
[round 23/100] avg private log-likelihood = -3.361
[round 24/100] avg private log-likelihood = -3.355
[round 25/100] avg private log-likelihood = -3.353
[round 26/100] avg private log-likelihood = -3.357
[round 27/100] avg private log-likelihood = -3.352
[round 28/100] avg private log-likelihood = -3.353
[round 29/100] avg private log-likelihood = -3.353
[round 30/100] avg private log-likelihood = -3.353
[round 31/100] avg private log-likelihood = -3.356
[round 32/100] avg private log-likelihood = -3.357
[round 33/100] avg private log-likelihood = -3.351
[round 34/100] avg private log-likelihood = -3.358
[round 35/100] avg private log-likelihood = -3.356
[round 36/100] avg private log-likelihood = -3.357
[round 37/100] avg private log-likelihood = -3.357
[round 38/100] avg private log-likelihood = -3.349
[round 39/100] avg private log-likelihood = -3.353
[round 40/100] avg private log-likelihood = -3.354
[round 41/100] avg private log-likelihood = -3.352
[round 42/100] avg private log-likelihood = -3.356
[round 43/100] avg private log-likelihood = -3.356
[round 44/100] avg private log-likelihood = -3.363
[round 45/100] avg private log-likelihood = -3.360
[round 46/100] avg private log-likelihood = -3.361
[round 47/100] avg private log-likelihood = -3.359
[round 48/100] avg private log-likelihood = -3.357
[round 49/100] avg private log-likelihood = -3.359
[round 50/100] avg private log-likelihood = -3.358
[round 51/100] avg private log-likelihood = -3.355
[round 52/100] avg private log-likelihood = -3.358
[round 53/100] avg private log-likelihood = -3.364
[round 54/100] avg private log-likelihood = -3.359
[round 55/100] avg private log-likelihood = -3.361
[round 56/100] avg private log-likelihood = -3.363
[round 57/100] avg private log-likelihood = -3.363
[round 58/100] avg private log-likelihood = -3.362
[round 59/100] avg private log-likelihood = -3.355
[round 60/100] avg private log-likelihood = -3.353
[round 61/100] avg private log-likelihood = -3.358
[round 62/100] avg private log-likelihood = -3.352
[round 63/100] avg private log-likelihood = -3.351
[round 64/100] avg private log-likelihood = -3.353
[round 65/100] avg private log-likelihood = -3.352
[round 66/100] avg private log-likelihood = -3.344
[round 67/100] avg private log-likelihood = -3.353
[round 68/100] avg private log-likelihood = -3.348
[round 69/100] avg private log-likelihood = -3.354
[round 70/100] avg private log-likelihood = -3.350
[round 71/100] avg private log-likelihood = -3.353
[round 72/100] avg private log-likelihood = -3.347
[round 73/100] avg private log-likelihood = -3.350
[round 74/100] avg private log-likelihood = -3.347
[round 75/100] avg private log-likelihood = -3.345
[round 76/100] avg private log-likelihood = -3.347
[round 77/100] avg private log-likelihood = -3.348
[round 78/100] avg private log-likelihood = -3.346
[round 79/100] avg private log-likelihood = -3.348
[round 80/100] avg private log-likelihood = -3.343
[round 81/100] avg private log-likelihood = -3.342
[round 82/100] avg private log-likelihood = -3.344
[round 83/100] avg private log-likelihood = -3.350
[round 84/100] avg private log-likelihood = -3.350
[round 85/100] avg private log-likelihood = -3.354
[round 86/100] avg private log-likelihood = -3.355
[round 87/100] avg private log-likelihood = -3.355
[round 88/100] avg private log-likelihood = -3.347
[round 89/100] avg private log-likelihood = -3.345
[round 90/100] avg private log-likelihood = -3.344
[round 91/100] avg private log-likelihood = -3.338
[round 92/100] avg private log-likelihood = -3.343
[round 93/100] avg private log-likelihood = -3.347
[round 94/100] avg private log-likelihood = -3.347
[round 95/100] avg private log-likelihood = -3.350
[round 96/100] avg private log-likelihood = -3.351
[round 97/100] avg private log-likelihood = -3.342
[round 98/100] avg private log-likelihood = -3.344
[round 99/100] avg private log-likelihood = -3.342
[round 100/100] avg private log-likelihood = -3.342
[round 01/100] avg private log-likelihood = -2.546
[round 02/100] avg private log-likelihood = -2.614
[round 03/100] avg private log-likelihood = -2.695
[round 04/100] avg private log-likelihood = -2.780
[round 05/100] avg private log-likelihood = -2.860
[round 06/100] avg private log-likelihood = -2.936
[round 07/100] avg private log-likelihood = -3.003
[round 08/100] avg private log-likelihood = -3.060
[round 09/100] avg private log-likelihood = -3.109
[round 10/100] avg private log-likelihood = -3.150
[round 11/100] avg private log-likelihood = -3.184
[round 12/100] avg private log-likelihood = -3.213
[round 13/100] avg private log-likelihood = -3.238
[round 14/100] avg private log-likelihood = -3.253
[round 15/100] avg private log-likelihood = -3.264
[round 16/100] avg private log-likelihood = -3.275
[round 17/100] avg private log-likelihood = -3.282
[round 18/100] avg private log-likelihood = -3.287
[round 19/100] avg private log-likelihood = -3.285
[round 20/100] avg private log-likelihood = -3.282
[round 21/100] avg private log-likelihood = -3.284
[round 22/100] avg private log-likelihood = -3.286
[round 23/100] avg private log-likelihood = -3.283
[round 24/100] avg private log-likelihood = -3.282
[round 25/100] avg private log-likelihood = -3.281
[round 26/100] avg private log-likelihood = -3.280
[round 27/100] avg private log-likelihood = -3.279
[round 28/100] avg private log-likelihood = -3.284
[round 29/100] avg private log-likelihood = -3.285
[round 30/100] avg private log-likelihood = -3.283
[round 31/100] avg private log-likelihood = -3.286
[round 32/100] avg private log-likelihood = -3.283
[round 33/100] avg private log-likelihood = -3.283
[round 34/100] avg private log-likelihood = -3.287
[round 35/100] avg private log-likelihood = -3.285
[round 36/100] avg private log-likelihood = -3.283
[round 37/100] avg private log-likelihood = -3.286
[round 38/100] avg private log-likelihood = -3.282
[round 39/100] avg private log-likelihood = -3.283
[round 40/100] avg private log-likelihood = -3.280
[round 41/100] avg private log-likelihood = -3.281
[round 42/100] avg private log-likelihood = -3.284
[round 43/100] avg private log-likelihood = -3.283
[round 44/100] avg private log-likelihood = -3.282
[round 45/100] avg private log-likelihood = -3.284
[round 46/100] avg private log-likelihood = -3.282
[round 47/100] avg private log-likelihood = -3.285
[round 48/100] avg private log-likelihood = -3.285
[round 49/100] avg private log-likelihood = -3.284
[round 50/100] avg private log-likelihood = -3.285
[round 51/100] avg private log-likelihood = -3.283
[round 52/100] avg private log-likelihood = -3.288
[round 53/100] avg private log-likelihood = -3.285
[round 54/100] avg private log-likelihood = -3.286
[round 55/100] avg private log-likelihood = -3.285
[round 56/100] avg private log-likelihood = -3.288
[round 57/100] avg private log-likelihood = -3.285
[round 58/100] avg private log-likelihood = -3.288
[round 59/100] avg private log-likelihood = -3.284
[round 60/100] avg private log-likelihood = -3.284
[round 61/100] avg private log-likelihood = -3.288
[round 62/100] avg private log-likelihood = -3.284
[round 63/100] avg private log-likelihood = -3.288
[round 64/100] avg private log-likelihood = -3.287
[round 65/100] avg private log-likelihood = -3.286
[round 66/100] avg private log-likelihood = -3.288
[round 67/100] avg private log-likelihood = -3.287
[round 68/100] avg private log-likelihood = -3.285
[round 69/100] avg private log-likelihood = -3.287
[round 70/100] avg private log-likelihood = -3.285
[round 71/100] avg private log-likelihood = -3.287
[round 72/100] avg private log-likelihood = -3.289
[round 73/100] avg private log-likelihood = -3.287
[round 74/100] avg private log-likelihood = -3.283
[round 75/100] avg private log-likelihood = -3.285
[round 76/100] avg private log-likelihood = -3.288
[round 77/100] avg private log-likelihood = -3.290
[round 78/100] avg private log-likelihood = -3.286
[round 79/100] avg private log-likelihood = -3.285
[round 80/100] avg private log-likelihood = -3.285
[round 81/100] avg private log-likelihood = -3.285
[round 82/100] avg private log-likelihood = -3.284
[round 83/100] avg private log-likelihood = -3.285
[round 84/100] avg private log-likelihood = -3.286
[round 85/100] avg private log-likelihood = -3.285
[round 86/100] avg private log-likelihood = -3.286
[round 87/100] avg private log-likelihood = -3.286
[round 88/100] avg private log-likelihood = -3.290
[round 89/100] avg private log-likelihood = -3.286
[round 90/100] avg private log-likelihood = -3.282
[round 91/100] avg private log-likelihood = -3.282
[round 92/100] avg private log-likelihood = -3.283
[round 93/100] avg private log-likelihood = -3.286
[round 94/100] avg private log-likelihood = -3.282
[round 95/100] avg private log-likelihood = -3.283
[round 96/100] avg private log-likelihood = -3.282
[round 97/100] avg private log-likelihood = -3.284
[round 98/100] avg private log-likelihood = -3.283
[round 99/100] avg private log-likelihood = -3.281
[round 100/100] avg private log-likelihood = -3.284
[DONE] Results saved to results/D2_N10_lam1.0_seed1.json
