========================================
Running experiment on GPU
  D       = 16
  N       = 25
  lambda  = 1.0
  seed    = 4
  GPU     = 0
========================================
[round 01/100] avg private log-likelihood = -21.362
[round 02/100] avg private log-likelihood = -21.518
[round 03/100] avg private log-likelihood = -21.632
[round 04/100] avg private log-likelihood = -21.697
[round 05/100] avg private log-likelihood = -21.736
[round 06/100] avg private log-likelihood = -21.751
[round 07/100] avg private log-likelihood = -21.762
[round 08/100] avg private log-likelihood = -21.776
[round 09/100] avg private log-likelihood = -21.774
[round 10/100] avg private log-likelihood = -21.780
[round 11/100] avg private log-likelihood = -21.781
[round 12/100] avg private log-likelihood = -21.788
[round 13/100] avg private log-likelihood = -21.785
[round 14/100] avg private log-likelihood = -21.789
[round 15/100] avg private log-likelihood = -21.791
[round 16/100] avg private log-likelihood = -21.790
[round 17/100] avg private log-likelihood = -21.790
[round 18/100] avg private log-likelihood = -21.788
[round 19/100] avg private log-likelihood = -21.790
[round 20/100] avg private log-likelihood = -21.789
[round 21/100] avg private log-likelihood = -21.791
[round 22/100] avg private log-likelihood = -21.793
[round 23/100] avg private log-likelihood = -21.790
[round 24/100] avg private log-likelihood = -21.796
[round 25/100] avg private log-likelihood = -21.798
[round 26/100] avg private log-likelihood = -21.795
[round 27/100] avg private log-likelihood = -21.787
[round 28/100] avg private log-likelihood = -21.796
[round 29/100] avg private log-likelihood = -21.795
[round 30/100] avg private log-likelihood = -21.796
[round 31/100] avg private log-likelihood = -21.793
[round 32/100] avg private log-likelihood = -21.792
[round 33/100] avg private log-likelihood = -21.787
[round 34/100] avg private log-likelihood = -21.793
[round 35/100] avg private log-likelihood = -21.796
[round 36/100] avg private log-likelihood = -21.794
[round 37/100] avg private log-likelihood = -21.797
[round 38/100] avg private log-likelihood = -21.796
[round 39/100] avg private log-likelihood = -21.798
[round 40/100] avg private log-likelihood = -21.792
[round 41/100] avg private log-likelihood = -21.795
[round 42/100] avg private log-likelihood = -21.793
[round 43/100] avg private log-likelihood = -21.787
[round 44/100] avg private log-likelihood = -21.790
[round 45/100] avg private log-likelihood = -21.794
[round 46/100] avg private log-likelihood = -21.796
[round 47/100] avg private log-likelihood = -21.792
[round 48/100] avg private log-likelihood = -21.792
[round 49/100] avg private log-likelihood = -21.795
[round 50/100] avg private log-likelihood = -21.796
[round 51/100] avg private log-likelihood = -21.794
[round 52/100] avg private log-likelihood = -21.794
[round 53/100] avg private log-likelihood = -21.793
[round 54/100] avg private log-likelihood = -21.793
[round 55/100] avg private log-likelihood = -21.789
[round 56/100] avg private log-likelihood = -21.792
[round 57/100] avg private log-likelihood = -21.802
[round 58/100] avg private log-likelihood = -21.797
[round 59/100] avg private log-likelihood = -21.789
[round 60/100] avg private log-likelihood = -21.793
[round 61/100] avg private log-likelihood = -21.799
[round 62/100] avg private log-likelihood = -21.790
[round 63/100] avg private log-likelihood = -21.793
[round 64/100] avg private log-likelihood = -21.792
[round 65/100] avg private log-likelihood = -21.793
[round 66/100] avg private log-likelihood = -21.788
[round 67/100] avg private log-likelihood = -21.793
[round 68/100] avg private log-likelihood = -21.789
[round 69/100] avg private log-likelihood = -21.790
[round 70/100] avg private log-likelihood = -21.796
[round 71/100] avg private log-likelihood = -21.796
[round 72/100] avg private log-likelihood = -21.792
[round 73/100] avg private log-likelihood = -21.799
[round 74/100] avg private log-likelihood = -21.792
[round 75/100] avg private log-likelihood = -21.794
[round 76/100] avg private log-likelihood = -21.791
[round 77/100] avg private log-likelihood = -21.791
[round 78/100] avg private log-likelihood = -21.790
[round 79/100] avg private log-likelihood = -21.794
[round 80/100] avg private log-likelihood = -21.789
[round 81/100] avg private log-likelihood = -21.785
[round 82/100] avg private log-likelihood = -21.792
[round 83/100] avg private log-likelihood = -21.793
[round 84/100] avg private log-likelihood = -21.792
[round 85/100] avg private log-likelihood = -21.797
[round 86/100] avg private log-likelihood = -21.794
[round 87/100] avg private log-likelihood = -21.790
[round 88/100] avg private log-likelihood = -21.792
[round 89/100] avg private log-likelihood = -21.793
[round 90/100] avg private log-likelihood = -21.793
[round 91/100] avg private log-likelihood = -21.793
[round 92/100] avg private log-likelihood = -21.790
[round 93/100] avg private log-likelihood = -21.795
[round 94/100] avg private log-likelihood = -21.795
[round 95/100] avg private log-likelihood = -21.791
[round 96/100] avg private log-likelihood = -21.792
[round 97/100] avg private log-likelihood = -21.793
[round 98/100] avg private log-likelihood = -21.788
[round 99/100] avg private log-likelihood = -21.787
[round 100/100] avg private log-likelihood = -21.796
[round 01/100] avg private log-likelihood = -21.351
[round 02/100] avg private log-likelihood = -21.500
[round 03/100] avg private log-likelihood = -21.611
[round 04/100] avg private log-likelihood = -21.684
[round 05/100] avg private log-likelihood = -21.726
[round 06/100] avg private log-likelihood = -21.744
[round 07/100] avg private log-likelihood = -21.754
[round 08/100] avg private log-likelihood = -21.765
[round 09/100] avg private log-likelihood = -21.768
[round 10/100] avg private log-likelihood = -21.770
[round 11/100] avg private log-likelihood = -21.776
[round 12/100] avg private log-likelihood = -21.781
[round 13/100] avg private log-likelihood = -21.781
[round 14/100] avg private log-likelihood = -21.785
[round 15/100] avg private log-likelihood = -21.784
[round 16/100] avg private log-likelihood = -21.789
[round 17/100] avg private log-likelihood = -21.790
[round 18/100] avg private log-likelihood = -21.788
[round 19/100] avg private log-likelihood = -21.788
[round 20/100] avg private log-likelihood = -21.789
[round 21/100] avg private log-likelihood = -21.788
[round 22/100] avg private log-likelihood = -21.793
[round 23/100] avg private log-likelihood = -21.787
[round 24/100] avg private log-likelihood = -21.790
[round 25/100] avg private log-likelihood = -21.788
[round 26/100] avg private log-likelihood = -21.791
[round 27/100] avg private log-likelihood = -21.789
[round 28/100] avg private log-likelihood = -21.785
[round 29/100] avg private log-likelihood = -21.787
[round 30/100] avg private log-likelihood = -21.785
[round 31/100] avg private log-likelihood = -21.788
[round 32/100] avg private log-likelihood = -21.789
[round 33/100] avg private log-likelihood = -21.788
[round 34/100] avg private log-likelihood = -21.790
[round 35/100] avg private log-likelihood = -21.788
[round 36/100] avg private log-likelihood = -21.789
[round 37/100] avg private log-likelihood = -21.787
[round 38/100] avg private log-likelihood = -21.785
[round 39/100] avg private log-likelihood = -21.787
[round 40/100] avg private log-likelihood = -21.787
[round 41/100] avg private log-likelihood = -21.787
[round 42/100] avg private log-likelihood = -21.786
[round 43/100] avg private log-likelihood = -21.786
[round 44/100] avg private log-likelihood = -21.789
[round 45/100] avg private log-likelihood = -21.788
[round 46/100] avg private log-likelihood = -21.788
[round 47/100] avg private log-likelihood = -21.791
[round 48/100] avg private log-likelihood = -21.790
[round 49/100] avg private log-likelihood = -21.787
[round 50/100] avg private log-likelihood = -21.787
[round 51/100] avg private log-likelihood = -21.788
[round 52/100] avg private log-likelihood = -21.787
[round 53/100] avg private log-likelihood = -21.787
[round 54/100] avg private log-likelihood = -21.787
[round 55/100] avg private log-likelihood = -21.789
[round 56/100] avg private log-likelihood = -21.791
[round 57/100] avg private log-likelihood = -21.792
[round 58/100] avg private log-likelihood = -21.791
[round 59/100] avg private log-likelihood = -21.791
[round 60/100] avg private log-likelihood = -21.788
[round 61/100] avg private log-likelihood = -21.786
[round 62/100] avg private log-likelihood = -21.783
[round 63/100] avg private log-likelihood = -21.786
[round 64/100] avg private log-likelihood = -21.787
[round 65/100] avg private log-likelihood = -21.785
[round 66/100] avg private log-likelihood = -21.790
[round 67/100] avg private log-likelihood = -21.791
[round 68/100] avg private log-likelihood = -21.787
[round 69/100] avg private log-likelihood = -21.788
[round 70/100] avg private log-likelihood = -21.789
[round 71/100] avg private log-likelihood = -21.786
[round 72/100] avg private log-likelihood = -21.787
[round 73/100] avg private log-likelihood = -21.785
[round 74/100] avg private log-likelihood = -21.790
[round 75/100] avg private log-likelihood = -21.789
[round 76/100] avg private log-likelihood = -21.791
[round 77/100] avg private log-likelihood = -21.787
[round 78/100] avg private log-likelihood = -21.787
[round 79/100] avg private log-likelihood = -21.787
[round 80/100] avg private log-likelihood = -21.787
[round 81/100] avg private log-likelihood = -21.788
[round 82/100] avg private log-likelihood = -21.789
[round 83/100] avg private log-likelihood = -21.789
[round 84/100] avg private log-likelihood = -21.787
[round 85/100] avg private log-likelihood = -21.790
[round 86/100] avg private log-likelihood = -21.792
[round 87/100] avg private log-likelihood = -21.791
[round 88/100] avg private log-likelihood = -21.791
[round 89/100] avg private log-likelihood = -21.792
[round 90/100] avg private log-likelihood = -21.789
[round 91/100] avg private log-likelihood = -21.789
[round 92/100] avg private log-likelihood = -21.788
[round 93/100] avg private log-likelihood = -21.789
[round 94/100] avg private log-likelihood = -21.789
[round 95/100] avg private log-likelihood = -21.793
[round 96/100] avg private log-likelihood = -21.788
[round 97/100] avg private log-likelihood = -21.790
[round 98/100] avg private log-likelihood = -21.787
[round 99/100] avg private log-likelihood = -21.791
[round 100/100] avg private log-likelihood = -21.787
[DONE] Results saved to results/D16_N25_lam1.0_seed4.json
