========================================
Running experiment on GPU
  D       = 2
  N       = 25
  lambda  = 0
  seed    = 4
  GPU     = 0
========================================
[round 01/100] avg private log-likelihood = -3.504
[round 02/100] avg private log-likelihood = -3.503
[round 03/100] avg private log-likelihood = -3.502
[round 04/100] avg private log-likelihood = -3.502
[round 05/100] avg private log-likelihood = -3.501
[round 06/100] avg private log-likelihood = -3.501
[round 07/100] avg private log-likelihood = -3.501
[round 08/100] avg private log-likelihood = -3.500
[round 09/100] avg private log-likelihood = -3.500
[round 10/100] avg private log-likelihood = -3.500
[round 11/100] avg private log-likelihood = -3.499
[round 12/100] avg private log-likelihood = -3.499
[round 13/100] avg private log-likelihood = -3.498
[round 14/100] avg private log-likelihood = -3.498
[round 15/100] avg private log-likelihood = -3.497
[round 16/100] avg private log-likelihood = -3.497
[round 17/100] avg private log-likelihood = -3.496
[round 18/100] avg private log-likelihood = -3.496
[round 19/100] avg private log-likelihood = -3.495
[round 20/100] avg private log-likelihood = -3.495
[round 21/100] avg private log-likelihood = -3.495
[round 22/100] avg private log-likelihood = -3.495
[round 23/100] avg private log-likelihood = -3.495
[round 24/100] avg private log-likelihood = -3.495
[round 25/100] avg private log-likelihood = -3.495
[round 26/100] avg private log-likelihood = -3.495
[round 27/100] avg private log-likelihood = -3.494
[round 28/100] avg private log-likelihood = -3.494
[round 29/100] avg private log-likelihood = -3.494
[round 30/100] avg private log-likelihood = -3.494
[round 31/100] avg private log-likelihood = -3.494
[round 32/100] avg private log-likelihood = -3.494
[round 33/100] avg private log-likelihood = -3.494
[round 34/100] avg private log-likelihood = -3.494
[round 35/100] avg private log-likelihood = -3.494
[round 36/100] avg private log-likelihood = -3.494
[round 37/100] avg private log-likelihood = -3.494
[round 38/100] avg private log-likelihood = -3.494
[round 39/100] avg private log-likelihood = -3.494
[round 40/100] avg private log-likelihood = -3.494
[round 41/100] avg private log-likelihood = -3.494
[round 42/100] avg private log-likelihood = -3.494
[round 43/100] avg private log-likelihood = -3.494
[round 44/100] avg private log-likelihood = -3.494
[round 45/100] avg private log-likelihood = -3.494
[round 46/100] avg private log-likelihood = -3.494
[round 47/100] avg private log-likelihood = -3.493
[round 48/100] avg private log-likelihood = -3.493
[round 49/100] avg private log-likelihood = -3.493
[round 50/100] avg private log-likelihood = -3.493
[round 51/100] avg private log-likelihood = -3.493
[round 52/100] avg private log-likelihood = -3.493
[round 53/100] avg private log-likelihood = -3.493
[round 54/100] avg private log-likelihood = -3.493
[round 55/100] avg private log-likelihood = -3.493
[round 56/100] avg private log-likelihood = -3.493
[round 57/100] avg private log-likelihood = -3.493
[round 58/100] avg private log-likelihood = -3.493
[round 59/100] avg private log-likelihood = -3.492
[round 60/100] avg private log-likelihood = -3.492
[round 61/100] avg private log-likelihood = -3.492
[round 62/100] avg private log-likelihood = -3.492
[round 63/100] avg private log-likelihood = -3.492
[round 64/100] avg private log-likelihood = -3.492
[round 65/100] avg private log-likelihood = -3.492
[round 66/100] avg private log-likelihood = -3.492
[round 67/100] avg private log-likelihood = -3.492
[round 68/100] avg private log-likelihood = -3.492
[round 69/100] avg private log-likelihood = -3.492
[round 70/100] avg private log-likelihood = -3.492
[round 71/100] avg private log-likelihood = -3.492
[round 72/100] avg private log-likelihood = -3.492
[round 73/100] avg private log-likelihood = -3.492
[round 74/100] avg private log-likelihood = -3.492
[round 75/100] avg private log-likelihood = -3.492
[round 76/100] avg private log-likelihood = -3.492
[round 77/100] avg private log-likelihood = -3.492
[round 78/100] avg private log-likelihood = -3.492
[round 79/100] avg private log-likelihood = -3.492
[round 80/100] avg private log-likelihood = -3.492
[round 81/100] avg private log-likelihood = -3.492
[round 82/100] avg private log-likelihood = -3.492
[round 83/100] avg private log-likelihood = -3.492
[round 84/100] avg private log-likelihood = -3.492
[round 85/100] avg private log-likelihood = -3.492
[round 86/100] avg private log-likelihood = -3.492
[round 87/100] avg private log-likelihood = -3.492
[round 88/100] avg private log-likelihood = -3.492
[round 89/100] avg private log-likelihood = -3.492
[round 90/100] avg private log-likelihood = -3.492
[round 91/100] avg private log-likelihood = -3.492
[round 92/100] avg private log-likelihood = -3.492
[round 93/100] avg private log-likelihood = -3.492
[round 94/100] avg private log-likelihood = -3.492
[round 95/100] avg private log-likelihood = -3.492
[round 96/100] avg private log-likelihood = -3.492
[round 97/100] avg private log-likelihood = -3.492
[round 98/100] avg private log-likelihood = -3.492
[round 99/100] avg private log-likelihood = -3.492
[round 100/100] avg private log-likelihood = -3.492
[round 01/100] avg private log-likelihood = -3.510
[round 02/100] avg private log-likelihood = -3.509
[round 03/100] avg private log-likelihood = -3.509
[round 04/100] avg private log-likelihood = -3.509
[round 05/100] avg private log-likelihood = -3.509
[round 06/100] avg private log-likelihood = -3.509
[round 07/100] avg private log-likelihood = -3.509
[round 08/100] avg private log-likelihood = -3.509
[round 09/100] avg private log-likelihood = -3.509
[round 10/100] avg private log-likelihood = -3.509
[round 11/100] avg private log-likelihood = -3.509
[round 12/100] avg private log-likelihood = -3.509
[round 13/100] avg private log-likelihood = -3.509
[round 14/100] avg private log-likelihood = -3.509
[round 15/100] avg private log-likelihood = -3.508
[round 16/100] avg private log-likelihood = -3.508
[round 17/100] avg private log-likelihood = -3.508
[round 18/100] avg private log-likelihood = -3.508
[round 19/100] avg private log-likelihood = -3.508
[round 20/100] avg private log-likelihood = -3.508
[round 21/100] avg private log-likelihood = -3.508
[round 22/100] avg private log-likelihood = -3.508
[round 23/100] avg private log-likelihood = -3.508
[round 24/100] avg private log-likelihood = -3.508
[round 25/100] avg private log-likelihood = -3.508
[round 26/100] avg private log-likelihood = -3.508
[round 27/100] avg private log-likelihood = -3.508
[round 28/100] avg private log-likelihood = -3.507
[round 29/100] avg private log-likelihood = -3.507
[round 30/100] avg private log-likelihood = -3.507
[round 31/100] avg private log-likelihood = -3.507
[round 32/100] avg private log-likelihood = -3.507
[round 33/100] avg private log-likelihood = -3.507
[round 34/100] avg private log-likelihood = -3.507
[round 35/100] avg private log-likelihood = -3.507
[round 36/100] avg private log-likelihood = -3.507
[round 37/100] avg private log-likelihood = -3.507
[round 38/100] avg private log-likelihood = -3.507
[round 39/100] avg private log-likelihood = -3.507
[round 40/100] avg private log-likelihood = -3.507
[round 41/100] avg private log-likelihood = -3.506
[round 42/100] avg private log-likelihood = -3.506
[round 43/100] avg private log-likelihood = -3.505
[round 44/100] avg private log-likelihood = -3.505
[round 45/100] avg private log-likelihood = -3.504
[round 46/100] avg private log-likelihood = -3.502
[round 47/100] avg private log-likelihood = -3.501
[round 48/100] avg private log-likelihood = -3.501
[round 49/100] avg private log-likelihood = -3.501
[round 50/100] avg private log-likelihood = -3.500
[round 51/100] avg private log-likelihood = -3.500
[round 52/100] avg private log-likelihood = -3.500
[round 53/100] avg private log-likelihood = -3.500
[round 54/100] avg private log-likelihood = -3.500
[round 55/100] avg private log-likelihood = -3.500
[round 56/100] avg private log-likelihood = -3.500
[round 57/100] avg private log-likelihood = -3.500
[round 58/100] avg private log-likelihood = -3.500
[round 59/100] avg private log-likelihood = -3.500
[round 60/100] avg private log-likelihood = -3.500
[round 61/100] avg private log-likelihood = -3.500
[round 62/100] avg private log-likelihood = -3.500
[round 63/100] avg private log-likelihood = -3.500
[round 64/100] avg private log-likelihood = -3.500
[round 65/100] avg private log-likelihood = -3.500
[round 66/100] avg private log-likelihood = -3.500
[round 67/100] avg private log-likelihood = -3.500
[round 68/100] avg private log-likelihood = -3.500
[round 69/100] avg private log-likelihood = -3.500
[round 70/100] avg private log-likelihood = -3.500
[round 71/100] avg private log-likelihood = -3.500
[round 72/100] avg private log-likelihood = -3.500
[round 73/100] avg private log-likelihood = -3.500
[round 74/100] avg private log-likelihood = -3.500
[round 75/100] avg private log-likelihood = -3.500
[round 76/100] avg private log-likelihood = -3.500
[round 77/100] avg private log-likelihood = -3.500
[round 78/100] avg private log-likelihood = -3.500
[round 79/100] avg private log-likelihood = -3.500
[round 80/100] avg private log-likelihood = -3.500
[round 81/100] avg private log-likelihood = -3.500
[round 82/100] avg private log-likelihood = -3.500
[round 83/100] avg private log-likelihood = -3.500
[round 84/100] avg private log-likelihood = -3.500
[round 85/100] avg private log-likelihood = -3.500
[round 86/100] avg private log-likelihood = -3.500
[round 87/100] avg private log-likelihood = -3.500
[round 88/100] avg private log-likelihood = -3.500
[round 89/100] avg private log-likelihood = -3.500
[round 90/100] avg private log-likelihood = -3.500
[round 91/100] avg private log-likelihood = -3.500
[round 92/100] avg private log-likelihood = -3.500
[round 93/100] avg private log-likelihood = -3.500
[round 94/100] avg private log-likelihood = -3.500
[round 95/100] avg private log-likelihood = -3.500
[round 96/100] avg private log-likelihood = -3.500
[round 97/100] avg private log-likelihood = -3.500
[round 98/100] avg private log-likelihood = -3.500
[round 99/100] avg private log-likelihood = -3.500
[round 100/100] avg private log-likelihood = -3.500
[DONE] Results saved to results/D2_N25_lam0.0_seed4.json
