========================================
Running experiment on GPU
  D       = 16
  N       = 10
  lambda  = 0.5
  seed    = 8
  GPU     = 0
========================================
[round 01/100] avg private log-likelihood = -15.989
[round 02/100] avg private log-likelihood = -16.486
[round 03/100] avg private log-likelihood = -16.949
[round 04/100] avg private log-likelihood = -17.341
[round 05/100] avg private log-likelihood = -17.702
[round 06/100] avg private log-likelihood = -18.042
[round 07/100] avg private log-likelihood = -18.360
[round 08/100] avg private log-likelihood = -18.660
[round 09/100] avg private log-likelihood = -18.932
[round 10/100] avg private log-likelihood = -19.194
[round 11/100] avg private log-likelihood = -19.441
[round 12/100] avg private log-likelihood = -19.682
[round 13/100] avg private log-likelihood = -19.913
[round 14/100] avg private log-likelihood = -20.131
[round 15/100] avg private log-likelihood = -20.312
[round 16/100] avg private log-likelihood = -20.476
[round 17/100] avg private log-likelihood = -20.614
[round 18/100] avg private log-likelihood = -20.703
[round 19/100] avg private log-likelihood = -20.769
[round 20/100] avg private log-likelihood = -20.802
[round 21/100] avg private log-likelihood = -20.837
[round 22/100] avg private log-likelihood = -20.856
[round 23/100] avg private log-likelihood = -20.854
[round 24/100] avg private log-likelihood = -20.861
[round 25/100] avg private log-likelihood = -20.862
[round 26/100] avg private log-likelihood = -20.877
[round 27/100] avg private log-likelihood = -20.861
[round 28/100] avg private log-likelihood = -20.857
[round 29/100] avg private log-likelihood = -20.865
[round 30/100] avg private log-likelihood = -20.858
[round 31/100] avg private log-likelihood = -20.854
[round 32/100] avg private log-likelihood = -20.847
[round 33/100] avg private log-likelihood = -20.830
[round 34/100] avg private log-likelihood = -20.854
[round 35/100] avg private log-likelihood = -20.879
[round 36/100] avg private log-likelihood = -20.873
[round 37/100] avg private log-likelihood = -20.872
[round 38/100] avg private log-likelihood = -20.853
[round 39/100] avg private log-likelihood = -20.840
[round 40/100] avg private log-likelihood = -20.846
[round 41/100] avg private log-likelihood = -20.850
[round 42/100] avg private log-likelihood = -20.860
[round 43/100] avg private log-likelihood = -20.850
[round 44/100] avg private log-likelihood = -20.864
[round 45/100] avg private log-likelihood = -20.860
[round 46/100] avg private log-likelihood = -20.864
[round 47/100] avg private log-likelihood = -20.853
[round 48/100] avg private log-likelihood = -20.845
[round 49/100] avg private log-likelihood = -20.847
[round 50/100] avg private log-likelihood = -20.837
[round 51/100] avg private log-likelihood = -20.845
[round 52/100] avg private log-likelihood = -20.854
[round 53/100] avg private log-likelihood = -20.849
[round 54/100] avg private log-likelihood = -20.842
[round 55/100] avg private log-likelihood = -20.844
[round 56/100] avg private log-likelihood = -20.841
[round 57/100] avg private log-likelihood = -20.830
[round 58/100] avg private log-likelihood = -20.858
[round 59/100] avg private log-likelihood = -20.867
[round 60/100] avg private log-likelihood = -20.849
[round 61/100] avg private log-likelihood = -20.852
[round 62/100] avg private log-likelihood = -20.863
[round 63/100] avg private log-likelihood = -20.855
[round 64/100] avg private log-likelihood = -20.870
[round 65/100] avg private log-likelihood = -20.854
[round 66/100] avg private log-likelihood = -20.849
[round 67/100] avg private log-likelihood = -20.832
[round 68/100] avg private log-likelihood = -20.852
[round 69/100] avg private log-likelihood = -20.851
[round 70/100] avg private log-likelihood = -20.855
[round 71/100] avg private log-likelihood = -20.843
[round 72/100] avg private log-likelihood = -20.842
[round 73/100] avg private log-likelihood = -20.836
[round 74/100] avg private log-likelihood = -20.866
[round 75/100] avg private log-likelihood = -20.868
[round 76/100] avg private log-likelihood = -20.849
[round 77/100] avg private log-likelihood = -20.843
[round 78/100] avg private log-likelihood = -20.871
[round 79/100] avg private log-likelihood = -20.875
[round 80/100] avg private log-likelihood = -20.877
[round 81/100] avg private log-likelihood = -20.865
[round 82/100] avg private log-likelihood = -20.843
[round 83/100] avg private log-likelihood = -20.857
[round 84/100] avg private log-likelihood = -20.851
[round 85/100] avg private log-likelihood = -20.863
[round 86/100] avg private log-likelihood = -20.848
[round 87/100] avg private log-likelihood = -20.833
[round 88/100] avg private log-likelihood = -20.836
[round 89/100] avg private log-likelihood = -20.839
[round 90/100] avg private log-likelihood = -20.853
[round 91/100] avg private log-likelihood = -20.856
[round 92/100] avg private log-likelihood = -20.848
[round 93/100] avg private log-likelihood = -20.847
[round 94/100] avg private log-likelihood = -20.844
[round 95/100] avg private log-likelihood = -20.836
[round 96/100] avg private log-likelihood = -20.835
[round 97/100] avg private log-likelihood = -20.825
[round 98/100] avg private log-likelihood = -20.843
[round 99/100] avg private log-likelihood = -20.840
[round 100/100] avg private log-likelihood = -20.838
[round 01/100] avg private log-likelihood = -15.960
[round 02/100] avg private log-likelihood = -16.463
[round 03/100] avg private log-likelihood = -16.926
[round 04/100] avg private log-likelihood = -17.320
[round 05/100] avg private log-likelihood = -17.677
[round 06/100] avg private log-likelihood = -18.001
[round 07/100] avg private log-likelihood = -18.328
[round 08/100] avg private log-likelihood = -18.624
[round 09/100] avg private log-likelihood = -18.911
[round 10/100] avg private log-likelihood = -19.176
[round 11/100] avg private log-likelihood = -19.416
[round 12/100] avg private log-likelihood = -19.660
[round 13/100] avg private log-likelihood = -19.894
[round 14/100] avg private log-likelihood = -20.105
[round 15/100] avg private log-likelihood = -20.288
[round 16/100] avg private log-likelihood = -20.443
[round 17/100] avg private log-likelihood = -20.571
[round 18/100] avg private log-likelihood = -20.675
[round 19/100] avg private log-likelihood = -20.753
[round 20/100] avg private log-likelihood = -20.815
[round 21/100] avg private log-likelihood = -20.853
[round 22/100] avg private log-likelihood = -20.879
[round 23/100] avg private log-likelihood = -20.869
[round 24/100] avg private log-likelihood = -20.860
[round 25/100] avg private log-likelihood = -20.862
[round 26/100] avg private log-likelihood = -20.859
[round 27/100] avg private log-likelihood = -20.854
[round 28/100] avg private log-likelihood = -20.846
[round 29/100] avg private log-likelihood = -20.839
[round 30/100] avg private log-likelihood = -20.847
[round 31/100] avg private log-likelihood = -20.831
[round 32/100] avg private log-likelihood = -20.842
[round 33/100] avg private log-likelihood = -20.852
[round 34/100] avg private log-likelihood = -20.852
[round 35/100] avg private log-likelihood = -20.844
[round 36/100] avg private log-likelihood = -20.837
[round 37/100] avg private log-likelihood = -20.845
[round 38/100] avg private log-likelihood = -20.857
[round 39/100] avg private log-likelihood = -20.853
[round 40/100] avg private log-likelihood = -20.849
[round 41/100] avg private log-likelihood = -20.850
[round 42/100] avg private log-likelihood = -20.840
[round 43/100] avg private log-likelihood = -20.843
[round 44/100] avg private log-likelihood = -20.845
[round 45/100] avg private log-likelihood = -20.854
[round 46/100] avg private log-likelihood = -20.866
[round 47/100] avg private log-likelihood = -20.876
[round 48/100] avg private log-likelihood = -20.855
[round 49/100] avg private log-likelihood = -20.856
[round 50/100] avg private log-likelihood = -20.836
[round 51/100] avg private log-likelihood = -20.829
[round 52/100] avg private log-likelihood = -20.841
[round 53/100] avg private log-likelihood = -20.858
[round 54/100] avg private log-likelihood = -20.858
[round 55/100] avg private log-likelihood = -20.854
[round 56/100] avg private log-likelihood = -20.845
[round 57/100] avg private log-likelihood = -20.844
[round 58/100] avg private log-likelihood = -20.848
[round 59/100] avg private log-likelihood = -20.852
[round 60/100] avg private log-likelihood = -20.852
[round 61/100] avg private log-likelihood = -20.841
[round 62/100] avg private log-likelihood = -20.847
[round 63/100] avg private log-likelihood = -20.853
[round 64/100] avg private log-likelihood = -20.862
[round 65/100] avg private log-likelihood = -20.863
[round 66/100] avg private log-likelihood = -20.846
[round 67/100] avg private log-likelihood = -20.845
[round 68/100] avg private log-likelihood = -20.846
[round 69/100] avg private log-likelihood = -20.846
[round 70/100] avg private log-likelihood = -20.839
[round 71/100] avg private log-likelihood = -20.833
[round 72/100] avg private log-likelihood = -20.830
[round 73/100] avg private log-likelihood = -20.841
[round 74/100] avg private log-likelihood = -20.854
[round 75/100] avg private log-likelihood = -20.862
[round 76/100] avg private log-likelihood = -20.858
[round 77/100] avg private log-likelihood = -20.854
[round 78/100] avg private log-likelihood = -20.858
[round 79/100] avg private log-likelihood = -20.832
[round 80/100] avg private log-likelihood = -20.834
[round 81/100] avg private log-likelihood = -20.835
[round 82/100] avg private log-likelihood = -20.835
[round 83/100] avg private log-likelihood = -20.857
[round 84/100] avg private log-likelihood = -20.844
[round 85/100] avg private log-likelihood = -20.847
[round 86/100] avg private log-likelihood = -20.839
[round 87/100] avg private log-likelihood = -20.848
[round 88/100] avg private log-likelihood = -20.854
[round 89/100] avg private log-likelihood = -20.848
[round 90/100] avg private log-likelihood = -20.823
[round 91/100] avg private log-likelihood = -20.829
[round 92/100] avg private log-likelihood = -20.837
[round 93/100] avg private log-likelihood = -20.844
[round 94/100] avg private log-likelihood = -20.846
[round 95/100] avg private log-likelihood = -20.852
[round 96/100] avg private log-likelihood = -20.857
[round 97/100] avg private log-likelihood = -20.861
[round 98/100] avg private log-likelihood = -20.841
[round 99/100] avg private log-likelihood = -20.849
[round 100/100] avg private log-likelihood = -20.852
[DONE] Results saved to results/D16_N10_lam0.5_seed8.json
