========================================
Running experiment on GPU
  D       = 8
  N       = 10
  lambda  = 0.5
  seed    = 0
  GPU     = 0
========================================
[round 01/100] avg private log-likelihood = -7.941
[round 02/100] avg private log-likelihood = -8.160
[round 03/100] avg private log-likelihood = -8.370
[round 04/100] avg private log-likelihood = -8.599
[round 05/100] avg private log-likelihood = -8.806
[round 06/100] avg private log-likelihood = -9.014
[round 07/100] avg private log-likelihood = -9.215
[round 08/100] avg private log-likelihood = -9.403
[round 09/100] avg private log-likelihood = -9.562
[round 10/100] avg private log-likelihood = -9.687
[round 11/100] avg private log-likelihood = -9.814
[round 12/100] avg private log-likelihood = -9.908
[round 13/100] avg private log-likelihood = -9.971
[round 14/100] avg private log-likelihood = -10.026
[round 15/100] avg private log-likelihood = -10.079
[round 16/100] avg private log-likelihood = -10.136
[round 17/100] avg private log-likelihood = -10.182
[round 18/100] avg private log-likelihood = -10.224
[round 19/100] avg private log-likelihood = -10.271
[round 20/100] avg private log-likelihood = -10.296
[round 21/100] avg private log-likelihood = -10.316
[round 22/100] avg private log-likelihood = -10.332
[round 23/100] avg private log-likelihood = -10.337
[round 24/100] avg private log-likelihood = -10.350
[round 25/100] avg private log-likelihood = -10.367
[round 26/100] avg private log-likelihood = -10.372
[round 27/100] avg private log-likelihood = -10.382
[round 28/100] avg private log-likelihood = -10.378
[round 29/100] avg private log-likelihood = -10.374
[round 30/100] avg private log-likelihood = -10.371
[round 31/100] avg private log-likelihood = -10.371
[round 32/100] avg private log-likelihood = -10.375
[round 33/100] avg private log-likelihood = -10.386
[round 34/100] avg private log-likelihood = -10.393
[round 35/100] avg private log-likelihood = -10.397
[round 36/100] avg private log-likelihood = -10.393
[round 37/100] avg private log-likelihood = -10.383
[round 38/100] avg private log-likelihood = -10.383
[round 39/100] avg private log-likelihood = -10.382
[round 40/100] avg private log-likelihood = -10.397
[round 41/100] avg private log-likelihood = -10.399
[round 42/100] avg private log-likelihood = -10.395
[round 43/100] avg private log-likelihood = -10.391
[round 44/100] avg private log-likelihood = -10.395
[round 45/100] avg private log-likelihood = -10.390
[round 46/100] avg private log-likelihood = -10.381
[round 47/100] avg private log-likelihood = -10.384
[round 48/100] avg private log-likelihood = -10.393
[round 49/100] avg private log-likelihood = -10.391
[round 50/100] avg private log-likelihood = -10.382
[round 51/100] avg private log-likelihood = -10.385
[round 52/100] avg private log-likelihood = -10.379
[round 53/100] avg private log-likelihood = -10.383
[round 54/100] avg private log-likelihood = -10.382
[round 55/100] avg private log-likelihood = -10.380
[round 56/100] avg private log-likelihood = -10.391
[round 57/100] avg private log-likelihood = -10.389
[round 58/100] avg private log-likelihood = -10.396
[round 59/100] avg private log-likelihood = -10.385
[round 60/100] avg private log-likelihood = -10.390
[round 61/100] avg private log-likelihood = -10.391
[round 62/100] avg private log-likelihood = -10.394
[round 63/100] avg private log-likelihood = -10.397
[round 64/100] avg private log-likelihood = -10.399
[round 65/100] avg private log-likelihood = -10.397
[round 66/100] avg private log-likelihood = -10.392
[round 67/100] avg private log-likelihood = -10.394
[round 68/100] avg private log-likelihood = -10.387
[round 69/100] avg private log-likelihood = -10.385
[round 70/100] avg private log-likelihood = -10.403
[round 71/100] avg private log-likelihood = -10.407
[round 72/100] avg private log-likelihood = -10.403
[round 73/100] avg private log-likelihood = -10.406
[round 74/100] avg private log-likelihood = -10.397
[round 75/100] avg private log-likelihood = -10.404
[round 76/100] avg private log-likelihood = -10.411
[round 77/100] avg private log-likelihood = -10.408
[round 78/100] avg private log-likelihood = -10.406
[round 79/100] avg private log-likelihood = -10.411
[round 80/100] avg private log-likelihood = -10.411
[round 81/100] avg private log-likelihood = -10.404
[round 82/100] avg private log-likelihood = -10.401
[round 83/100] avg private log-likelihood = -10.397
[round 84/100] avg private log-likelihood = -10.387
[round 85/100] avg private log-likelihood = -10.391
[round 86/100] avg private log-likelihood = -10.393
[round 87/100] avg private log-likelihood = -10.396
[round 88/100] avg private log-likelihood = -10.403
[round 89/100] avg private log-likelihood = -10.399
[round 90/100] avg private log-likelihood = -10.389
[round 91/100] avg private log-likelihood = -10.396
[round 92/100] avg private log-likelihood = -10.393
[round 93/100] avg private log-likelihood = -10.396
[round 94/100] avg private log-likelihood = -10.395
[round 95/100] avg private log-likelihood = -10.406
[round 96/100] avg private log-likelihood = -10.402
[round 97/100] avg private log-likelihood = -10.398
[round 98/100] avg private log-likelihood = -10.386
[round 99/100] avg private log-likelihood = -10.398
[round 100/100] avg private log-likelihood = -10.407
[round 01/100] avg private log-likelihood = -8.143
[round 02/100] avg private log-likelihood = -8.376
[round 03/100] avg private log-likelihood = -8.593
[round 04/100] avg private log-likelihood = -8.808
[round 05/100] avg private log-likelihood = -9.015
[round 06/100] avg private log-likelihood = -9.223
[round 07/100] avg private log-likelihood = -9.418
[round 08/100] avg private log-likelihood = -9.602
[round 09/100] avg private log-likelihood = -9.771
[round 10/100] avg private log-likelihood = -9.921
[round 11/100] avg private log-likelihood = -10.033
[round 12/100] avg private log-likelihood = -10.111
[round 13/100] avg private log-likelihood = -10.169
[round 14/100] avg private log-likelihood = -10.217
[round 15/100] avg private log-likelihood = -10.254
[round 16/100] avg private log-likelihood = -10.294
[round 17/100] avg private log-likelihood = -10.340
[round 18/100] avg private log-likelihood = -10.380
[round 19/100] avg private log-likelihood = -10.415
[round 20/100] avg private log-likelihood = -10.453
[round 21/100] avg private log-likelihood = -10.476
[round 22/100] avg private log-likelihood = -10.506
[round 23/100] avg private log-likelihood = -10.520
[round 24/100] avg private log-likelihood = -10.532
[round 25/100] avg private log-likelihood = -10.541
[round 26/100] avg private log-likelihood = -10.547
[round 27/100] avg private log-likelihood = -10.555
[round 28/100] avg private log-likelihood = -10.559
[round 29/100] avg private log-likelihood = -10.557
[round 30/100] avg private log-likelihood = -10.562
[round 31/100] avg private log-likelihood = -10.568
[round 32/100] avg private log-likelihood = -10.568
[round 33/100] avg private log-likelihood = -10.569
[round 34/100] avg private log-likelihood = -10.565
[round 35/100] avg private log-likelihood = -10.569
[round 36/100] avg private log-likelihood = -10.571
[round 37/100] avg private log-likelihood = -10.570
[round 38/100] avg private log-likelihood = -10.570
[round 39/100] avg private log-likelihood = -10.570
[round 40/100] avg private log-likelihood = -10.573
[round 41/100] avg private log-likelihood = -10.569
[round 42/100] avg private log-likelihood = -10.571
[round 43/100] avg private log-likelihood = -10.574
[round 44/100] avg private log-likelihood = -10.576
[round 45/100] avg private log-likelihood = -10.568
[round 46/100] avg private log-likelihood = -10.568
[round 47/100] avg private log-likelihood = -10.574
[round 48/100] avg private log-likelihood = -10.566
[round 49/100] avg private log-likelihood = -10.569
[round 50/100] avg private log-likelihood = -10.562
[round 51/100] avg private log-likelihood = -10.575
[round 52/100] avg private log-likelihood = -10.575
[round 53/100] avg private log-likelihood = -10.576
[round 54/100] avg private log-likelihood = -10.570
[round 55/100] avg private log-likelihood = -10.566
[round 56/100] avg private log-likelihood = -10.566
[round 57/100] avg private log-likelihood = -10.570
[round 58/100] avg private log-likelihood = -10.571
[round 59/100] avg private log-likelihood = -10.575
[round 60/100] avg private log-likelihood = -10.577
[round 61/100] avg private log-likelihood = -10.575
[round 62/100] avg private log-likelihood = -10.576
[round 63/100] avg private log-likelihood = -10.575
[round 64/100] avg private log-likelihood = -10.575
[round 65/100] avg private log-likelihood = -10.575
[round 66/100] avg private log-likelihood = -10.573
[round 67/100] avg private log-likelihood = -10.560
[round 68/100] avg private log-likelihood = -10.569
[round 69/100] avg private log-likelihood = -10.569
[round 70/100] avg private log-likelihood = -10.577
[round 71/100] avg private log-likelihood = -10.585
[round 72/100] avg private log-likelihood = -10.579
[round 73/100] avg private log-likelihood = -10.575
[round 74/100] avg private log-likelihood = -10.571
[round 75/100] avg private log-likelihood = -10.566
[round 76/100] avg private log-likelihood = -10.576
[round 77/100] avg private log-likelihood = -10.567
[round 78/100] avg private log-likelihood = -10.570
[round 79/100] avg private log-likelihood = -10.568
[round 80/100] avg private log-likelihood = -10.573
[round 81/100] avg private log-likelihood = -10.575
[round 82/100] avg private log-likelihood = -10.576
[round 83/100] avg private log-likelihood = -10.577
[round 84/100] avg private log-likelihood = -10.579
[round 85/100] avg private log-likelihood = -10.581
[round 86/100] avg private log-likelihood = -10.579
[round 87/100] avg private log-likelihood = -10.583
[round 88/100] avg private log-likelihood = -10.577
[round 89/100] avg private log-likelihood = -10.582
[round 90/100] avg private log-likelihood = -10.581
[round 91/100] avg private log-likelihood = -10.590
[round 92/100] avg private log-likelihood = -10.595
[round 93/100] avg private log-likelihood = -10.593
[round 94/100] avg private log-likelihood = -10.592
[round 95/100] avg private log-likelihood = -10.580
[round 96/100] avg private log-likelihood = -10.574
[round 97/100] avg private log-likelihood = -10.576
[round 98/100] avg private log-likelihood = -10.583
[round 99/100] avg private log-likelihood = -10.578
[round 100/100] avg private log-likelihood = -10.585
[DONE] Results saved to results/D8_N10_lam0.5_seed0.json
