========================================
Running experiment on GPU
  D       = 8
  N       = 10
  lambda  = 0.5
  seed    = 5
  GPU     = 0
========================================
[round 01/100] avg private log-likelihood = -8.631
[round 02/100] avg private log-likelihood = -8.866
[round 03/100] avg private log-likelihood = -9.033
[round 04/100] avg private log-likelihood = -9.169
[round 05/100] avg private log-likelihood = -9.323
[round 06/100] avg private log-likelihood = -9.454
[round 07/100] avg private log-likelihood = -9.572
[round 08/100] avg private log-likelihood = -9.675
[round 09/100] avg private log-likelihood = -9.774
[round 10/100] avg private log-likelihood = -9.838
[round 11/100] avg private log-likelihood = -9.883
[round 12/100] avg private log-likelihood = -9.904
[round 13/100] avg private log-likelihood = -9.900
[round 14/100] avg private log-likelihood = -9.894
[round 15/100] avg private log-likelihood = -9.884
[round 16/100] avg private log-likelihood = -9.871
[round 17/100] avg private log-likelihood = -9.861
[round 18/100] avg private log-likelihood = -9.857
[round 19/100] avg private log-likelihood = -9.847
[round 20/100] avg private log-likelihood = -9.843
[round 21/100] avg private log-likelihood = -9.843
[round 22/100] avg private log-likelihood = -9.848
[round 23/100] avg private log-likelihood = -9.856
[round 24/100] avg private log-likelihood = -9.859
[round 25/100] avg private log-likelihood = -9.867
[round 26/100] avg private log-likelihood = -9.866
[round 27/100] avg private log-likelihood = -9.866
[round 28/100] avg private log-likelihood = -9.867
[round 29/100] avg private log-likelihood = -9.867
[round 30/100] avg private log-likelihood = -9.871
[round 31/100] avg private log-likelihood = -9.868
[round 32/100] avg private log-likelihood = -9.868
[round 33/100] avg private log-likelihood = -9.869
[round 34/100] avg private log-likelihood = -9.866
[round 35/100] avg private log-likelihood = -9.869
[round 36/100] avg private log-likelihood = -9.871
[round 37/100] avg private log-likelihood = -9.870
[round 38/100] avg private log-likelihood = -9.867
[round 39/100] avg private log-likelihood = -9.870
[round 40/100] avg private log-likelihood = -9.869
[round 41/100] avg private log-likelihood = -9.872
[round 42/100] avg private log-likelihood = -9.870
[round 43/100] avg private log-likelihood = -9.870
[round 44/100] avg private log-likelihood = -9.869
[round 45/100] avg private log-likelihood = -9.874
[round 46/100] avg private log-likelihood = -9.874
[round 47/100] avg private log-likelihood = -9.870
[round 48/100] avg private log-likelihood = -9.867
[round 49/100] avg private log-likelihood = -9.864
[round 50/100] avg private log-likelihood = -9.868
[round 51/100] avg private log-likelihood = -9.872
[round 52/100] avg private log-likelihood = -9.873
[round 53/100] avg private log-likelihood = -9.876
[round 54/100] avg private log-likelihood = -9.871
[round 55/100] avg private log-likelihood = -9.872
[round 56/100] avg private log-likelihood = -9.871
[round 57/100] avg private log-likelihood = -9.871
[round 58/100] avg private log-likelihood = -9.869
[round 59/100] avg private log-likelihood = -9.867
[round 60/100] avg private log-likelihood = -9.866
[round 61/100] avg private log-likelihood = -9.869
[round 62/100] avg private log-likelihood = -9.876
[round 63/100] avg private log-likelihood = -9.879
[round 64/100] avg private log-likelihood = -9.874
[round 65/100] avg private log-likelihood = -9.872
[round 66/100] avg private log-likelihood = -9.878
[round 67/100] avg private log-likelihood = -9.874
[round 68/100] avg private log-likelihood = -9.874
[round 69/100] avg private log-likelihood = -9.872
[round 70/100] avg private log-likelihood = -9.868
[round 71/100] avg private log-likelihood = -9.869
[round 72/100] avg private log-likelihood = -9.869
[round 73/100] avg private log-likelihood = -9.869
[round 74/100] avg private log-likelihood = -9.867
[round 75/100] avg private log-likelihood = -9.868
[round 76/100] avg private log-likelihood = -9.866
[round 77/100] avg private log-likelihood = -9.866
[round 78/100] avg private log-likelihood = -9.870
[round 79/100] avg private log-likelihood = -9.870
[round 80/100] avg private log-likelihood = -9.870
[round 81/100] avg private log-likelihood = -9.867
[round 82/100] avg private log-likelihood = -9.870
[round 83/100] avg private log-likelihood = -9.861
[round 84/100] avg private log-likelihood = -9.868
[round 85/100] avg private log-likelihood = -9.873
[round 86/100] avg private log-likelihood = -9.867
[round 87/100] avg private log-likelihood = -9.871
[round 88/100] avg private log-likelihood = -9.872
[round 89/100] avg private log-likelihood = -9.877
[round 90/100] avg private log-likelihood = -9.871
[round 91/100] avg private log-likelihood = -9.874
[round 92/100] avg private log-likelihood = -9.868
[round 93/100] avg private log-likelihood = -9.866
[round 94/100] avg private log-likelihood = -9.867
[round 95/100] avg private log-likelihood = -9.865
[round 96/100] avg private log-likelihood = -9.866
[round 97/100] avg private log-likelihood = -9.869
[round 98/100] avg private log-likelihood = -9.878
[round 99/100] avg private log-likelihood = -9.873
[round 100/100] avg private log-likelihood = -9.866
[round 01/100] avg private log-likelihood = -8.623
[round 02/100] avg private log-likelihood = -8.841
[round 03/100] avg private log-likelihood = -9.009
[round 04/100] avg private log-likelihood = -9.166
[round 05/100] avg private log-likelihood = -9.307
[round 06/100] avg private log-likelihood = -9.442
[round 07/100] avg private log-likelihood = -9.557
[round 08/100] avg private log-likelihood = -9.664
[round 09/100] avg private log-likelihood = -9.758
[round 10/100] avg private log-likelihood = -9.827
[round 11/100] avg private log-likelihood = -9.873
[round 12/100] avg private log-likelihood = -9.899
[round 13/100] avg private log-likelihood = -9.905
[round 14/100] avg private log-likelihood = -9.906
[round 15/100] avg private log-likelihood = -9.900
[round 16/100] avg private log-likelihood = -9.882
[round 17/100] avg private log-likelihood = -9.870
[round 18/100] avg private log-likelihood = -9.857
[round 19/100] avg private log-likelihood = -9.857
[round 20/100] avg private log-likelihood = -9.854
[round 21/100] avg private log-likelihood = -9.850
[round 22/100] avg private log-likelihood = -9.852
[round 23/100] avg private log-likelihood = -9.858
[round 24/100] avg private log-likelihood = -9.864
[round 25/100] avg private log-likelihood = -9.867
[round 26/100] avg private log-likelihood = -9.867
[round 27/100] avg private log-likelihood = -9.864
[round 28/100] avg private log-likelihood = -9.859
[round 29/100] avg private log-likelihood = -9.860
[round 30/100] avg private log-likelihood = -9.860
[round 31/100] avg private log-likelihood = -9.862
[round 32/100] avg private log-likelihood = -9.859
[round 33/100] avg private log-likelihood = -9.857
[round 34/100] avg private log-likelihood = -9.859
[round 35/100] avg private log-likelihood = -9.862
[round 36/100] avg private log-likelihood = -9.869
[round 37/100] avg private log-likelihood = -9.866
[round 38/100] avg private log-likelihood = -9.867
[round 39/100] avg private log-likelihood = -9.870
[round 40/100] avg private log-likelihood = -9.865
[round 41/100] avg private log-likelihood = -9.862
[round 42/100] avg private log-likelihood = -9.868
[round 43/100] avg private log-likelihood = -9.869
[round 44/100] avg private log-likelihood = -9.866
[round 45/100] avg private log-likelihood = -9.871
[round 46/100] avg private log-likelihood = -9.873
[round 47/100] avg private log-likelihood = -9.866
[round 48/100] avg private log-likelihood = -9.867
[round 49/100] avg private log-likelihood = -9.868
[round 50/100] avg private log-likelihood = -9.866
[round 51/100] avg private log-likelihood = -9.868
[round 52/100] avg private log-likelihood = -9.876
[round 53/100] avg private log-likelihood = -9.874
[round 54/100] avg private log-likelihood = -9.872
[round 55/100] avg private log-likelihood = -9.870
[round 56/100] avg private log-likelihood = -9.870
[round 57/100] avg private log-likelihood = -9.869
[round 58/100] avg private log-likelihood = -9.870
[round 59/100] avg private log-likelihood = -9.870
[round 60/100] avg private log-likelihood = -9.871
[round 61/100] avg private log-likelihood = -9.871
[round 62/100] avg private log-likelihood = -9.868
[round 63/100] avg private log-likelihood = -9.867
[round 64/100] avg private log-likelihood = -9.872
[round 65/100] avg private log-likelihood = -9.872
[round 66/100] avg private log-likelihood = -9.879
[round 67/100] avg private log-likelihood = -9.876
[round 68/100] avg private log-likelihood = -9.868
[round 69/100] avg private log-likelihood = -9.870
[round 70/100] avg private log-likelihood = -9.870
[round 71/100] avg private log-likelihood = -9.868
[round 72/100] avg private log-likelihood = -9.865
[round 73/100] avg private log-likelihood = -9.872
[round 74/100] avg private log-likelihood = -9.866
[round 75/100] avg private log-likelihood = -9.867
[round 76/100] avg private log-likelihood = -9.867
[round 77/100] avg private log-likelihood = -9.874
[round 78/100] avg private log-likelihood = -9.874
[round 79/100] avg private log-likelihood = -9.876
[round 80/100] avg private log-likelihood = -9.881
[round 81/100] avg private log-likelihood = -9.880
[round 82/100] avg private log-likelihood = -9.877
[round 83/100] avg private log-likelihood = -9.871
[round 84/100] avg private log-likelihood = -9.872
[round 85/100] avg private log-likelihood = -9.873
[round 86/100] avg private log-likelihood = -9.870
[round 87/100] avg private log-likelihood = -9.872
[round 88/100] avg private log-likelihood = -9.871
[round 89/100] avg private log-likelihood = -9.870
[round 90/100] avg private log-likelihood = -9.868
[round 91/100] avg private log-likelihood = -9.877
[round 92/100] avg private log-likelihood = -9.877
[round 93/100] avg private log-likelihood = -9.877
[round 94/100] avg private log-likelihood = -9.876
[round 95/100] avg private log-likelihood = -9.872
[round 96/100] avg private log-likelihood = -9.873
[round 97/100] avg private log-likelihood = -9.874
[round 98/100] avg private log-likelihood = -9.876
[round 99/100] avg private log-likelihood = -9.879
[round 100/100] avg private log-likelihood = -9.874
[DONE] Results saved to results/D8_N10_lam0.5_seed5.json
