========================================
Running experiment on GPU
  D       = 2
  N       = 10
  lambda  = 0.5
  seed    = 5
  GPU     = 0
========================================
[round 01/100] avg private log-likelihood = -2.181
[round 02/100] avg private log-likelihood = -2.218
[round 03/100] avg private log-likelihood = -2.266
[round 04/100] avg private log-likelihood = -2.318
[round 05/100] avg private log-likelihood = -2.374
[round 06/100] avg private log-likelihood = -2.424
[round 07/100] avg private log-likelihood = -2.470
[round 08/100] avg private log-likelihood = -2.501
[round 09/100] avg private log-likelihood = -2.522
[round 10/100] avg private log-likelihood = -2.536
[round 11/100] avg private log-likelihood = -2.536
[round 12/100] avg private log-likelihood = -2.532
[round 13/100] avg private log-likelihood = -2.525
[round 14/100] avg private log-likelihood = -2.507
[round 15/100] avg private log-likelihood = -2.490
[round 16/100] avg private log-likelihood = -2.472
[round 17/100] avg private log-likelihood = -2.457
[round 18/100] avg private log-likelihood = -2.447
[round 19/100] avg private log-likelihood = -2.440
[round 20/100] avg private log-likelihood = -2.431
[round 21/100] avg private log-likelihood = -2.424
[round 22/100] avg private log-likelihood = -2.417
[round 23/100] avg private log-likelihood = -2.414
[round 24/100] avg private log-likelihood = -2.411
[round 25/100] avg private log-likelihood = -2.407
[round 26/100] avg private log-likelihood = -2.402
[round 27/100] avg private log-likelihood = -2.399
[round 28/100] avg private log-likelihood = -2.398
[round 29/100] avg private log-likelihood = -2.396
[round 30/100] avg private log-likelihood = -2.391
[round 31/100] avg private log-likelihood = -2.389
[round 32/100] avg private log-likelihood = -2.386
[round 33/100] avg private log-likelihood = -2.381
[round 34/100] avg private log-likelihood = -2.378
[round 35/100] avg private log-likelihood = -2.373
[round 36/100] avg private log-likelihood = -2.368
[round 37/100] avg private log-likelihood = -2.363
[round 38/100] avg private log-likelihood = -2.358
[round 39/100] avg private log-likelihood = -2.356
[round 40/100] avg private log-likelihood = -2.351
[round 41/100] avg private log-likelihood = -2.348
[round 42/100] avg private log-likelihood = -2.342
[round 43/100] avg private log-likelihood = -2.340
[round 44/100] avg private log-likelihood = -2.340
[round 45/100] avg private log-likelihood = -2.337
[round 46/100] avg private log-likelihood = -2.334
[round 47/100] avg private log-likelihood = -2.335
[round 48/100] avg private log-likelihood = -2.332
[round 49/100] avg private log-likelihood = -2.331
[round 50/100] avg private log-likelihood = -2.326
[round 51/100] avg private log-likelihood = -2.326
[round 52/100] avg private log-likelihood = -2.322
[round 53/100] avg private log-likelihood = -2.323
[round 54/100] avg private log-likelihood = -2.322
[round 55/100] avg private log-likelihood = -2.321
[round 56/100] avg private log-likelihood = -2.319
[round 57/100] avg private log-likelihood = -2.317
[round 58/100] avg private log-likelihood = -2.313
[round 59/100] avg private log-likelihood = -2.310
[round 60/100] avg private log-likelihood = -2.309
[round 61/100] avg private log-likelihood = -2.306
[round 62/100] avg private log-likelihood = -2.308
[round 63/100] avg private log-likelihood = -2.309
[round 64/100] avg private log-likelihood = -2.305
[round 65/100] avg private log-likelihood = -2.304
[round 66/100] avg private log-likelihood = -2.304
[round 67/100] avg private log-likelihood = -2.302
[round 68/100] avg private log-likelihood = -2.299
[round 69/100] avg private log-likelihood = -2.296
[round 70/100] avg private log-likelihood = -2.296
[round 71/100] avg private log-likelihood = -2.294
[round 72/100] avg private log-likelihood = -2.292
[round 73/100] avg private log-likelihood = -2.295
[round 74/100] avg private log-likelihood = -2.292
[round 75/100] avg private log-likelihood = -2.291
[round 76/100] avg private log-likelihood = -2.288
[round 77/100] avg private log-likelihood = -2.289
[round 78/100] avg private log-likelihood = -2.291
[round 79/100] avg private log-likelihood = -2.288
[round 80/100] avg private log-likelihood = -2.287
[round 81/100] avg private log-likelihood = -2.285
[round 82/100] avg private log-likelihood = -2.285
[round 83/100] avg private log-likelihood = -2.282
[round 84/100] avg private log-likelihood = -2.280
[round 85/100] avg private log-likelihood = -2.283
[round 86/100] avg private log-likelihood = -2.282
[round 87/100] avg private log-likelihood = -2.284
[round 88/100] avg private log-likelihood = -2.282
[round 89/100] avg private log-likelihood = -2.280
[round 90/100] avg private log-likelihood = -2.280
[round 91/100] avg private log-likelihood = -2.280
[round 92/100] avg private log-likelihood = -2.280
[round 93/100] avg private log-likelihood = -2.279
[round 94/100] avg private log-likelihood = -2.279
[round 95/100] avg private log-likelihood = -2.278
[round 96/100] avg private log-likelihood = -2.280
[round 97/100] avg private log-likelihood = -2.284
[round 98/100] avg private log-likelihood = -2.281
[round 99/100] avg private log-likelihood = -2.280
[round 100/100] avg private log-likelihood = -2.281
[round 01/100] avg private log-likelihood = -2.078
[round 02/100] avg private log-likelihood = -2.124
[round 03/100] avg private log-likelihood = -2.182
[round 04/100] avg private log-likelihood = -2.242
[round 05/100] avg private log-likelihood = -2.303
[round 06/100] avg private log-likelihood = -2.356
[round 07/100] avg private log-likelihood = -2.401
[round 08/100] avg private log-likelihood = -2.431
[round 09/100] avg private log-likelihood = -2.451
[round 10/100] avg private log-likelihood = -2.464
[round 11/100] avg private log-likelihood = -2.473
[round 12/100] avg private log-likelihood = -2.477
[round 13/100] avg private log-likelihood = -2.475
[round 14/100] avg private log-likelihood = -2.470
[round 15/100] avg private log-likelihood = -2.458
[round 16/100] avg private log-likelihood = -2.447
[round 17/100] avg private log-likelihood = -2.437
[round 18/100] avg private log-likelihood = -2.428
[round 19/100] avg private log-likelihood = -2.421
[round 20/100] avg private log-likelihood = -2.417
[round 21/100] avg private log-likelihood = -2.411
[round 22/100] avg private log-likelihood = -2.402
[round 23/100] avg private log-likelihood = -2.398
[round 24/100] avg private log-likelihood = -2.395
[round 25/100] avg private log-likelihood = -2.391
[round 26/100] avg private log-likelihood = -2.389
[round 27/100] avg private log-likelihood = -2.386
[round 28/100] avg private log-likelihood = -2.381
[round 29/100] avg private log-likelihood = -2.380
[round 30/100] avg private log-likelihood = -2.376
[round 31/100] avg private log-likelihood = -2.376
[round 32/100] avg private log-likelihood = -2.373
[round 33/100] avg private log-likelihood = -2.372
[round 34/100] avg private log-likelihood = -2.372
[round 35/100] avg private log-likelihood = -2.372
[round 36/100] avg private log-likelihood = -2.373
[round 37/100] avg private log-likelihood = -2.371
[round 38/100] avg private log-likelihood = -2.373
[round 39/100] avg private log-likelihood = -2.371
[round 40/100] avg private log-likelihood = -2.370
[round 41/100] avg private log-likelihood = -2.369
[round 42/100] avg private log-likelihood = -2.369
[round 43/100] avg private log-likelihood = -2.368
[round 44/100] avg private log-likelihood = -2.369
[round 45/100] avg private log-likelihood = -2.369
[round 46/100] avg private log-likelihood = -2.369
[round 47/100] avg private log-likelihood = -2.368
[round 48/100] avg private log-likelihood = -2.366
[round 49/100] avg private log-likelihood = -2.364
[round 50/100] avg private log-likelihood = -2.364
[round 51/100] avg private log-likelihood = -2.364
[round 52/100] avg private log-likelihood = -2.364
[round 53/100] avg private log-likelihood = -2.362
[round 54/100] avg private log-likelihood = -2.361
[round 55/100] avg private log-likelihood = -2.363
[round 56/100] avg private log-likelihood = -2.361
[round 57/100] avg private log-likelihood = -2.362
[round 58/100] avg private log-likelihood = -2.363
[round 59/100] avg private log-likelihood = -2.363
[round 60/100] avg private log-likelihood = -2.361
[round 61/100] avg private log-likelihood = -2.361
[round 62/100] avg private log-likelihood = -2.360
[round 63/100] avg private log-likelihood = -2.362
[round 64/100] avg private log-likelihood = -2.359
[round 65/100] avg private log-likelihood = -2.360
[round 66/100] avg private log-likelihood = -2.359
[round 67/100] avg private log-likelihood = -2.361
[round 68/100] avg private log-likelihood = -2.361
[round 69/100] avg private log-likelihood = -2.361
[round 70/100] avg private log-likelihood = -2.359
[round 71/100] avg private log-likelihood = -2.361
[round 72/100] avg private log-likelihood = -2.358
[round 73/100] avg private log-likelihood = -2.361
[round 74/100] avg private log-likelihood = -2.361
[round 75/100] avg private log-likelihood = -2.361
[round 76/100] avg private log-likelihood = -2.359
[round 77/100] avg private log-likelihood = -2.361
[round 78/100] avg private log-likelihood = -2.359
[round 79/100] avg private log-likelihood = -2.360
[round 80/100] avg private log-likelihood = -2.359
[round 81/100] avg private log-likelihood = -2.361
[round 82/100] avg private log-likelihood = -2.362
[round 83/100] avg private log-likelihood = -2.360
[round 84/100] avg private log-likelihood = -2.362
[round 85/100] avg private log-likelihood = -2.362
[round 86/100] avg private log-likelihood = -2.360
[round 87/100] avg private log-likelihood = -2.360
[round 88/100] avg private log-likelihood = -2.360
[round 89/100] avg private log-likelihood = -2.359
[round 90/100] avg private log-likelihood = -2.360
[round 91/100] avg private log-likelihood = -2.360
[round 92/100] avg private log-likelihood = -2.360
[round 93/100] avg private log-likelihood = -2.361
[round 94/100] avg private log-likelihood = -2.361
[round 95/100] avg private log-likelihood = -2.362
[round 96/100] avg private log-likelihood = -2.364
[round 97/100] avg private log-likelihood = -2.363
[round 98/100] avg private log-likelihood = -2.362
[round 99/100] avg private log-likelihood = -2.361
[round 100/100] avg private log-likelihood = -2.360
[DONE] Results saved to results/D2_N10_lam0.5_seed5.json
