========================================
Running experiment on GPU
  D       = 8
  N       = 10
  lambda  = 1.0
  seed    = 9
  GPU     = 0
========================================
[round 01/100] avg private log-likelihood = -9.146
[round 02/100] avg private log-likelihood = -9.565
[round 03/100] avg private log-likelihood = -9.953
[round 04/100] avg private log-likelihood = -10.223
[round 05/100] avg private log-likelihood = -10.450
[round 06/100] avg private log-likelihood = -10.580
[round 07/100] avg private log-likelihood = -10.688
[round 08/100] avg private log-likelihood = -10.767
[round 09/100] avg private log-likelihood = -10.836
[round 10/100] avg private log-likelihood = -10.896
[round 11/100] avg private log-likelihood = -10.921
[round 12/100] avg private log-likelihood = -10.935
[round 13/100] avg private log-likelihood = -10.951
[round 14/100] avg private log-likelihood = -10.969
[round 15/100] avg private log-likelihood = -10.986
[round 16/100] avg private log-likelihood = -11.004
[round 17/100] avg private log-likelihood = -11.023
[round 18/100] avg private log-likelihood = -11.026
[round 19/100] avg private log-likelihood = -11.042
[round 20/100] avg private log-likelihood = -11.061
[round 21/100] avg private log-likelihood = -11.056
[round 22/100] avg private log-likelihood = -11.057
[round 23/100] avg private log-likelihood = -11.073
[round 24/100] avg private log-likelihood = -11.063
[round 25/100] avg private log-likelihood = -11.058
[round 26/100] avg private log-likelihood = -11.057
[round 27/100] avg private log-likelihood = -11.056
[round 28/100] avg private log-likelihood = -11.060
[round 29/100] avg private log-likelihood = -11.078
[round 30/100] avg private log-likelihood = -11.087
[round 31/100] avg private log-likelihood = -11.100
[round 32/100] avg private log-likelihood = -11.099
[round 33/100] avg private log-likelihood = -11.103
[round 34/100] avg private log-likelihood = -11.105
[round 35/100] avg private log-likelihood = -11.102
[round 36/100] avg private log-likelihood = -11.104
[round 37/100] avg private log-likelihood = -11.106
[round 38/100] avg private log-likelihood = -11.112
[round 39/100] avg private log-likelihood = -11.123
[round 40/100] avg private log-likelihood = -11.124
[round 41/100] avg private log-likelihood = -11.117
[round 42/100] avg private log-likelihood = -11.102
[round 43/100] avg private log-likelihood = -11.087
[round 44/100] avg private log-likelihood = -11.081
[round 45/100] avg private log-likelihood = -11.082
[round 46/100] avg private log-likelihood = -11.092
[round 47/100] avg private log-likelihood = -11.101
[round 48/100] avg private log-likelihood = -11.100
[round 49/100] avg private log-likelihood = -11.112
[round 50/100] avg private log-likelihood = -11.119
[round 51/100] avg private log-likelihood = -11.113
[round 52/100] avg private log-likelihood = -11.112
[round 53/100] avg private log-likelihood = -11.101
[round 54/100] avg private log-likelihood = -11.107
[round 55/100] avg private log-likelihood = -11.110
[round 56/100] avg private log-likelihood = -11.111
[round 57/100] avg private log-likelihood = -11.119
[round 58/100] avg private log-likelihood = -11.123
[round 59/100] avg private log-likelihood = -11.114
[round 60/100] avg private log-likelihood = -11.102
[round 61/100] avg private log-likelihood = -11.108
[round 62/100] avg private log-likelihood = -11.108
[round 63/100] avg private log-likelihood = -11.103
[round 64/100] avg private log-likelihood = -11.103
[round 65/100] avg private log-likelihood = -11.098
[round 66/100] avg private log-likelihood = -11.106
[round 67/100] avg private log-likelihood = -11.104
[round 68/100] avg private log-likelihood = -11.119
[round 69/100] avg private log-likelihood = -11.115
[round 70/100] avg private log-likelihood = -11.106
[round 71/100] avg private log-likelihood = -11.109
[round 72/100] avg private log-likelihood = -11.102
[round 73/100] avg private log-likelihood = -11.101
[round 74/100] avg private log-likelihood = -11.113
[round 75/100] avg private log-likelihood = -11.117
[round 76/100] avg private log-likelihood = -11.107
[round 77/100] avg private log-likelihood = -11.118
[round 78/100] avg private log-likelihood = -11.125
[round 79/100] avg private log-likelihood = -11.110
[round 80/100] avg private log-likelihood = -11.109
[round 81/100] avg private log-likelihood = -11.101
[round 82/100] avg private log-likelihood = -11.090
[round 83/100] avg private log-likelihood = -11.101
[round 84/100] avg private log-likelihood = -11.103
[round 85/100] avg private log-likelihood = -11.103
[round 86/100] avg private log-likelihood = -11.093
[round 87/100] avg private log-likelihood = -11.103
[round 88/100] avg private log-likelihood = -11.098
[round 89/100] avg private log-likelihood = -11.104
[round 90/100] avg private log-likelihood = -11.111
[round 91/100] avg private log-likelihood = -11.108
[round 92/100] avg private log-likelihood = -11.121
[round 93/100] avg private log-likelihood = -11.116
[round 94/100] avg private log-likelihood = -11.118
[round 95/100] avg private log-likelihood = -11.109
[round 96/100] avg private log-likelihood = -11.100
[round 97/100] avg private log-likelihood = -11.089
[round 98/100] avg private log-likelihood = -11.097
[round 99/100] avg private log-likelihood = -11.100
[round 100/100] avg private log-likelihood = -11.100
[round 01/100] avg private log-likelihood = -9.123
[round 02/100] avg private log-likelihood = -9.536
[round 03/100] avg private log-likelihood = -9.906
[round 04/100] avg private log-likelihood = -10.193
[round 05/100] avg private log-likelihood = -10.409
[round 06/100] avg private log-likelihood = -10.552
[round 07/100] avg private log-likelihood = -10.659
[round 08/100] avg private log-likelihood = -10.726
[round 09/100] avg private log-likelihood = -10.803
[round 10/100] avg private log-likelihood = -10.849
[round 11/100] avg private log-likelihood = -10.864
[round 12/100] avg private log-likelihood = -10.885
[round 13/100] avg private log-likelihood = -10.914
[round 14/100] avg private log-likelihood = -10.941
[round 15/100] avg private log-likelihood = -10.966
[round 16/100] avg private log-likelihood = -10.983
[round 17/100] avg private log-likelihood = -11.005
[round 18/100] avg private log-likelihood = -11.018
[round 19/100] avg private log-likelihood = -11.034
[round 20/100] avg private log-likelihood = -11.048
[round 21/100] avg private log-likelihood = -11.058
[round 22/100] avg private log-likelihood = -11.073
[round 23/100] avg private log-likelihood = -11.067
[round 24/100] avg private log-likelihood = -11.071
[round 25/100] avg private log-likelihood = -11.074
[round 26/100] avg private log-likelihood = -11.072
[round 27/100] avg private log-likelihood = -11.081
[round 28/100] avg private log-likelihood = -11.082
[round 29/100] avg private log-likelihood = -11.090
[round 30/100] avg private log-likelihood = -11.094
[round 31/100] avg private log-likelihood = -11.101
[round 32/100] avg private log-likelihood = -11.097
[round 33/100] avg private log-likelihood = -11.100
[round 34/100] avg private log-likelihood = -11.101
[round 35/100] avg private log-likelihood = -11.098
[round 36/100] avg private log-likelihood = -11.089
[round 37/100] avg private log-likelihood = -11.094
[round 38/100] avg private log-likelihood = -11.094
[round 39/100] avg private log-likelihood = -11.094
[round 40/100] avg private log-likelihood = -11.098
[round 41/100] avg private log-likelihood = -11.098
[round 42/100] avg private log-likelihood = -11.103
[round 43/100] avg private log-likelihood = -11.102
[round 44/100] avg private log-likelihood = -11.109
[round 45/100] avg private log-likelihood = -11.105
[round 46/100] avg private log-likelihood = -11.109
[round 47/100] avg private log-likelihood = -11.107
[round 48/100] avg private log-likelihood = -11.113
[round 49/100] avg private log-likelihood = -11.115
[round 50/100] avg private log-likelihood = -11.114
[round 51/100] avg private log-likelihood = -11.113
[round 52/100] avg private log-likelihood = -11.115
[round 53/100] avg private log-likelihood = -11.115
[round 54/100] avg private log-likelihood = -11.115
[round 55/100] avg private log-likelihood = -11.114
[round 56/100] avg private log-likelihood = -11.111
[round 57/100] avg private log-likelihood = -11.112
[round 58/100] avg private log-likelihood = -11.113
[round 59/100] avg private log-likelihood = -11.109
[round 60/100] avg private log-likelihood = -11.115
[round 61/100] avg private log-likelihood = -11.104
[round 62/100] avg private log-likelihood = -11.102
[round 63/100] avg private log-likelihood = -11.109
[round 64/100] avg private log-likelihood = -11.117
[round 65/100] avg private log-likelihood = -11.119
[round 66/100] avg private log-likelihood = -11.123
[round 67/100] avg private log-likelihood = -11.120
[round 68/100] avg private log-likelihood = -11.113
[round 69/100] avg private log-likelihood = -11.111
[round 70/100] avg private log-likelihood = -11.114
[round 71/100] avg private log-likelihood = -11.113
[round 72/100] avg private log-likelihood = -11.106
[round 73/100] avg private log-likelihood = -11.104
[round 74/100] avg private log-likelihood = -11.110
[round 75/100] avg private log-likelihood = -11.109
[round 76/100] avg private log-likelihood = -11.102
[round 77/100] avg private log-likelihood = -11.109
[round 78/100] avg private log-likelihood = -11.117
[round 79/100] avg private log-likelihood = -11.124
[round 80/100] avg private log-likelihood = -11.114
[round 81/100] avg private log-likelihood = -11.114
[round 82/100] avg private log-likelihood = -11.112
[round 83/100] avg private log-likelihood = -11.107
[round 84/100] avg private log-likelihood = -11.105
[round 85/100] avg private log-likelihood = -11.120
[round 86/100] avg private log-likelihood = -11.119
[round 87/100] avg private log-likelihood = -11.116
[round 88/100] avg private log-likelihood = -11.112
[round 89/100] avg private log-likelihood = -11.119
[round 90/100] avg private log-likelihood = -11.111
[round 91/100] avg private log-likelihood = -11.111
[round 92/100] avg private log-likelihood = -11.113
[round 93/100] avg private log-likelihood = -11.109
[round 94/100] avg private log-likelihood = -11.107
[round 95/100] avg private log-likelihood = -11.108
[round 96/100] avg private log-likelihood = -11.105
[round 97/100] avg private log-likelihood = -11.100
[round 98/100] avg private log-likelihood = -11.108
[round 99/100] avg private log-likelihood = -11.103
[round 100/100] avg private log-likelihood = -11.100
[DONE] Results saved to results/D8_N10_lam1.0_seed9.json
