========================================
Running experiment on GPU
  D       = 16
  N       = 25
  lambda  = 1.0
  seed    = 2
  GPU     = 0
========================================
[round 01/100] avg private log-likelihood = -21.849
[round 02/100] avg private log-likelihood = -21.994
[round 03/100] avg private log-likelihood = -22.109
[round 04/100] avg private log-likelihood = -22.170
[round 05/100] avg private log-likelihood = -22.209
[round 06/100] avg private log-likelihood = -22.234
[round 07/100] avg private log-likelihood = -22.242
[round 08/100] avg private log-likelihood = -22.246
[round 09/100] avg private log-likelihood = -22.253
[round 10/100] avg private log-likelihood = -22.254
[round 11/100] avg private log-likelihood = -22.256
[round 12/100] avg private log-likelihood = -22.259
[round 13/100] avg private log-likelihood = -22.256
[round 14/100] avg private log-likelihood = -22.258
[round 15/100] avg private log-likelihood = -22.253
[round 16/100] avg private log-likelihood = -22.256
[round 17/100] avg private log-likelihood = -22.256
[round 18/100] avg private log-likelihood = -22.261
[round 19/100] avg private log-likelihood = -22.255
[round 20/100] avg private log-likelihood = -22.259
[round 21/100] avg private log-likelihood = -22.262
[round 22/100] avg private log-likelihood = -22.262
[round 23/100] avg private log-likelihood = -22.259
[round 24/100] avg private log-likelihood = -22.258
[round 25/100] avg private log-likelihood = -22.255
[round 26/100] avg private log-likelihood = -22.258
[round 27/100] avg private log-likelihood = -22.254
[round 28/100] avg private log-likelihood = -22.259
[round 29/100] avg private log-likelihood = -22.258
[round 30/100] avg private log-likelihood = -22.254
[round 31/100] avg private log-likelihood = -22.253
[round 32/100] avg private log-likelihood = -22.250
[round 33/100] avg private log-likelihood = -22.252
[round 34/100] avg private log-likelihood = -22.255
[round 35/100] avg private log-likelihood = -22.260
[round 36/100] avg private log-likelihood = -22.258
[round 37/100] avg private log-likelihood = -22.268
[round 38/100] avg private log-likelihood = -22.256
[round 39/100] avg private log-likelihood = -22.253
[round 40/100] avg private log-likelihood = -22.259
[round 41/100] avg private log-likelihood = -22.255
[round 42/100] avg private log-likelihood = -22.264
[round 43/100] avg private log-likelihood = -22.256
[round 44/100] avg private log-likelihood = -22.258
[round 45/100] avg private log-likelihood = -22.260
[round 46/100] avg private log-likelihood = -22.260
[round 47/100] avg private log-likelihood = -22.263
[round 48/100] avg private log-likelihood = -22.256
[round 49/100] avg private log-likelihood = -22.259
[round 50/100] avg private log-likelihood = -22.262
[round 51/100] avg private log-likelihood = -22.265
[round 52/100] avg private log-likelihood = -22.261
[round 53/100] avg private log-likelihood = -22.260
[round 54/100] avg private log-likelihood = -22.260
[round 55/100] avg private log-likelihood = -22.257
[round 56/100] avg private log-likelihood = -22.262
[round 57/100] avg private log-likelihood = -22.261
[round 58/100] avg private log-likelihood = -22.263
[round 59/100] avg private log-likelihood = -22.263
[round 60/100] avg private log-likelihood = -22.263
[round 61/100] avg private log-likelihood = -22.261
[round 62/100] avg private log-likelihood = -22.259
[round 63/100] avg private log-likelihood = -22.252
[round 64/100] avg private log-likelihood = -22.262
[round 65/100] avg private log-likelihood = -22.258
[round 66/100] avg private log-likelihood = -22.259
[round 67/100] avg private log-likelihood = -22.258
[round 68/100] avg private log-likelihood = -22.262
[round 69/100] avg private log-likelihood = -22.254
[round 70/100] avg private log-likelihood = -22.262
[round 71/100] avg private log-likelihood = -22.259
[round 72/100] avg private log-likelihood = -22.261
[round 73/100] avg private log-likelihood = -22.258
[round 74/100] avg private log-likelihood = -22.257
[round 75/100] avg private log-likelihood = -22.258
[round 76/100] avg private log-likelihood = -22.258
[round 77/100] avg private log-likelihood = -22.257
[round 78/100] avg private log-likelihood = -22.259
[round 79/100] avg private log-likelihood = -22.256
[round 80/100] avg private log-likelihood = -22.257
[round 81/100] avg private log-likelihood = -22.260
[round 82/100] avg private log-likelihood = -22.260
[round 83/100] avg private log-likelihood = -22.264
[round 84/100] avg private log-likelihood = -22.266
[round 85/100] avg private log-likelihood = -22.265
[round 86/100] avg private log-likelihood = -22.258
[round 87/100] avg private log-likelihood = -22.255
[round 88/100] avg private log-likelihood = -22.262
[round 89/100] avg private log-likelihood = -22.264
[round 90/100] avg private log-likelihood = -22.260
[round 91/100] avg private log-likelihood = -22.256
[round 92/100] avg private log-likelihood = -22.259
[round 93/100] avg private log-likelihood = -22.265
[round 94/100] avg private log-likelihood = -22.260
[round 95/100] avg private log-likelihood = -22.264
[round 96/100] avg private log-likelihood = -22.257
[round 97/100] avg private log-likelihood = -22.256
[round 98/100] avg private log-likelihood = -22.258
[round 99/100] avg private log-likelihood = -22.267
[round 100/100] avg private log-likelihood = -22.259
[round 01/100] avg private log-likelihood = -21.838
[round 02/100] avg private log-likelihood = -21.976
[round 03/100] avg private log-likelihood = -22.088
[round 04/100] avg private log-likelihood = -22.157
[round 05/100] avg private log-likelihood = -22.196
[round 06/100] avg private log-likelihood = -22.222
[round 07/100] avg private log-likelihood = -22.236
[round 08/100] avg private log-likelihood = -22.246
[round 09/100] avg private log-likelihood = -22.251
[round 10/100] avg private log-likelihood = -22.254
[round 11/100] avg private log-likelihood = -22.258
[round 12/100] avg private log-likelihood = -22.256
[round 13/100] avg private log-likelihood = -22.258
[round 14/100] avg private log-likelihood = -22.257
[round 15/100] avg private log-likelihood = -22.257
[round 16/100] avg private log-likelihood = -22.258
[round 17/100] avg private log-likelihood = -22.259
[round 18/100] avg private log-likelihood = -22.255
[round 19/100] avg private log-likelihood = -22.256
[round 20/100] avg private log-likelihood = -22.255
[round 21/100] avg private log-likelihood = -22.259
[round 22/100] avg private log-likelihood = -22.256
[round 23/100] avg private log-likelihood = -22.256
[round 24/100] avg private log-likelihood = -22.253
[round 25/100] avg private log-likelihood = -22.255
[round 26/100] avg private log-likelihood = -22.251
[round 27/100] avg private log-likelihood = -22.257
[round 28/100] avg private log-likelihood = -22.255
[round 29/100] avg private log-likelihood = -22.255
[round 30/100] avg private log-likelihood = -22.258
[round 31/100] avg private log-likelihood = -22.258
[round 32/100] avg private log-likelihood = -22.256
[round 33/100] avg private log-likelihood = -22.260
[round 34/100] avg private log-likelihood = -22.256
[round 35/100] avg private log-likelihood = -22.256
[round 36/100] avg private log-likelihood = -22.257
[round 37/100] avg private log-likelihood = -22.255
[round 38/100] avg private log-likelihood = -22.255
[round 39/100] avg private log-likelihood = -22.257
[round 40/100] avg private log-likelihood = -22.258
[round 41/100] avg private log-likelihood = -22.257
[round 42/100] avg private log-likelihood = -22.257
[round 43/100] avg private log-likelihood = -22.258
[round 44/100] avg private log-likelihood = -22.257
[round 45/100] avg private log-likelihood = -22.253
[round 46/100] avg private log-likelihood = -22.258
[round 47/100] avg private log-likelihood = -22.256
[round 48/100] avg private log-likelihood = -22.255
[round 49/100] avg private log-likelihood = -22.256
[round 50/100] avg private log-likelihood = -22.253
[round 51/100] avg private log-likelihood = -22.250
[round 52/100] avg private log-likelihood = -22.255
[round 53/100] avg private log-likelihood = -22.255
[round 54/100] avg private log-likelihood = -22.251
[round 55/100] avg private log-likelihood = -22.254
[round 56/100] avg private log-likelihood = -22.254
[round 57/100] avg private log-likelihood = -22.255
[round 58/100] avg private log-likelihood = -22.255
[round 59/100] avg private log-likelihood = -22.254
[round 60/100] avg private log-likelihood = -22.256
[round 61/100] avg private log-likelihood = -22.255
[round 62/100] avg private log-likelihood = -22.258
[round 63/100] avg private log-likelihood = -22.256
[round 64/100] avg private log-likelihood = -22.257
[round 65/100] avg private log-likelihood = -22.255
[round 66/100] avg private log-likelihood = -22.253
[round 67/100] avg private log-likelihood = -22.253
[round 68/100] avg private log-likelihood = -22.256
[round 69/100] avg private log-likelihood = -22.257
[round 70/100] avg private log-likelihood = -22.256
[round 71/100] avg private log-likelihood = -22.255
[round 72/100] avg private log-likelihood = -22.251
[round 73/100] avg private log-likelihood = -22.253
[round 74/100] avg private log-likelihood = -22.257
[round 75/100] avg private log-likelihood = -22.258
[round 76/100] avg private log-likelihood = -22.257
[round 77/100] avg private log-likelihood = -22.255
[round 78/100] avg private log-likelihood = -22.254
[round 79/100] avg private log-likelihood = -22.256
[round 80/100] avg private log-likelihood = -22.253
[round 81/100] avg private log-likelihood = -22.252
[round 82/100] avg private log-likelihood = -22.254
[round 83/100] avg private log-likelihood = -22.254
[round 84/100] avg private log-likelihood = -22.255
[round 85/100] avg private log-likelihood = -22.254
[round 86/100] avg private log-likelihood = -22.252
[round 87/100] avg private log-likelihood = -22.258
[round 88/100] avg private log-likelihood = -22.257
[round 89/100] avg private log-likelihood = -22.258
[round 90/100] avg private log-likelihood = -22.256
[round 91/100] avg private log-likelihood = -22.253
[round 92/100] avg private log-likelihood = -22.252
[round 93/100] avg private log-likelihood = -22.261
[round 94/100] avg private log-likelihood = -22.258
[round 95/100] avg private log-likelihood = -22.257
[round 96/100] avg private log-likelihood = -22.257
[round 97/100] avg private log-likelihood = -22.255
[round 98/100] avg private log-likelihood = -22.257
[round 99/100] avg private log-likelihood = -22.258
[round 100/100] avg private log-likelihood = -22.258
[DONE] Results saved to results/D16_N25_lam1.0_seed2.json
