========================================
Running experiment on GPU
  D       = 2
  N       = 10
  lambda  = 1.0
  seed    = 6
  GPU     = 0
========================================
[round 01/100] avg private log-likelihood = -2.994
[round 02/100] avg private log-likelihood = -3.051
[round 03/100] avg private log-likelihood = -3.111
[round 04/100] avg private log-likelihood = -3.160
[round 05/100] avg private log-likelihood = -3.203
[round 06/100] avg private log-likelihood = -3.239
[round 07/100] avg private log-likelihood = -3.265
[round 08/100] avg private log-likelihood = -3.287
[round 09/100] avg private log-likelihood = -3.299
[round 10/100] avg private log-likelihood = -3.307
[round 11/100] avg private log-likelihood = -3.314
[round 12/100] avg private log-likelihood = -3.317
[round 13/100] avg private log-likelihood = -3.319
[round 14/100] avg private log-likelihood = -3.316
[round 15/100] avg private log-likelihood = -3.316
[round 16/100] avg private log-likelihood = -3.319
[round 17/100] avg private log-likelihood = -3.318
[round 18/100] avg private log-likelihood = -3.315
[round 19/100] avg private log-likelihood = -3.313
[round 20/100] avg private log-likelihood = -3.311
[round 21/100] avg private log-likelihood = -3.313
[round 22/100] avg private log-likelihood = -3.316
[round 23/100] avg private log-likelihood = -3.316
[round 24/100] avg private log-likelihood = -3.311
[round 25/100] avg private log-likelihood = -3.306
[round 26/100] avg private log-likelihood = -3.302
[round 27/100] avg private log-likelihood = -3.300
[round 28/100] avg private log-likelihood = -3.302
[round 29/100] avg private log-likelihood = -3.303
[round 30/100] avg private log-likelihood = -3.301
[round 31/100] avg private log-likelihood = -3.295
[round 32/100] avg private log-likelihood = -3.301
[round 33/100] avg private log-likelihood = -3.301
[round 34/100] avg private log-likelihood = -3.299
[round 35/100] avg private log-likelihood = -3.298
[round 36/100] avg private log-likelihood = -3.302
[round 37/100] avg private log-likelihood = -3.299
[round 38/100] avg private log-likelihood = -3.297
[round 39/100] avg private log-likelihood = -3.301
[round 40/100] avg private log-likelihood = -3.301
[round 41/100] avg private log-likelihood = -3.298
[round 42/100] avg private log-likelihood = -3.304
[round 43/100] avg private log-likelihood = -3.298
[round 44/100] avg private log-likelihood = -3.299
[round 45/100] avg private log-likelihood = -3.304
[round 46/100] avg private log-likelihood = -3.301
[round 47/100] avg private log-likelihood = -3.300
[round 48/100] avg private log-likelihood = -3.300
[round 49/100] avg private log-likelihood = -3.297
[round 50/100] avg private log-likelihood = -3.296
[round 51/100] avg private log-likelihood = -3.301
[round 52/100] avg private log-likelihood = -3.301
[round 53/100] avg private log-likelihood = -3.300
[round 54/100] avg private log-likelihood = -3.300
[round 55/100] avg private log-likelihood = -3.303
[round 56/100] avg private log-likelihood = -3.299
[round 57/100] avg private log-likelihood = -3.299
[round 58/100] avg private log-likelihood = -3.299
[round 59/100] avg private log-likelihood = -3.300
[round 60/100] avg private log-likelihood = -3.301
[round 61/100] avg private log-likelihood = -3.302
[round 62/100] avg private log-likelihood = -3.300
[round 63/100] avg private log-likelihood = -3.298
[round 64/100] avg private log-likelihood = -3.303
[round 65/100] avg private log-likelihood = -3.303
[round 66/100] avg private log-likelihood = -3.301
[round 67/100] avg private log-likelihood = -3.299
[round 68/100] avg private log-likelihood = -3.300
[round 69/100] avg private log-likelihood = -3.293
[round 70/100] avg private log-likelihood = -3.295
[round 71/100] avg private log-likelihood = -3.293
[round 72/100] avg private log-likelihood = -3.296
[round 73/100] avg private log-likelihood = -3.296
[round 74/100] avg private log-likelihood = -3.299
[round 75/100] avg private log-likelihood = -3.298
[round 76/100] avg private log-likelihood = -3.300
[round 77/100] avg private log-likelihood = -3.297
[round 78/100] avg private log-likelihood = -3.297
[round 79/100] avg private log-likelihood = -3.292
[round 80/100] avg private log-likelihood = -3.292
[round 81/100] avg private log-likelihood = -3.292
[round 82/100] avg private log-likelihood = -3.297
[round 83/100] avg private log-likelihood = -3.302
[round 84/100] avg private log-likelihood = -3.302
[round 85/100] avg private log-likelihood = -3.298
[round 86/100] avg private log-likelihood = -3.298
[round 87/100] avg private log-likelihood = -3.300
[round 88/100] avg private log-likelihood = -3.304
[round 89/100] avg private log-likelihood = -3.298
[round 90/100] avg private log-likelihood = -3.300
[round 91/100] avg private log-likelihood = -3.301
[round 92/100] avg private log-likelihood = -3.300
[round 93/100] avg private log-likelihood = -3.299
[round 94/100] avg private log-likelihood = -3.303
[round 95/100] avg private log-likelihood = -3.304
[round 96/100] avg private log-likelihood = -3.301
[round 97/100] avg private log-likelihood = -3.302
[round 98/100] avg private log-likelihood = -3.301
[round 99/100] avg private log-likelihood = -3.303
[round 100/100] avg private log-likelihood = -3.301
[round 01/100] avg private log-likelihood = -2.987
[round 02/100] avg private log-likelihood = -3.048
[round 03/100] avg private log-likelihood = -3.105
[round 04/100] avg private log-likelihood = -3.157
[round 05/100] avg private log-likelihood = -3.200
[round 06/100] avg private log-likelihood = -3.237
[round 07/100] avg private log-likelihood = -3.264
[round 08/100] avg private log-likelihood = -3.284
[round 09/100] avg private log-likelihood = -3.296
[round 10/100] avg private log-likelihood = -3.307
[round 11/100] avg private log-likelihood = -3.310
[round 12/100] avg private log-likelihood = -3.313
[round 13/100] avg private log-likelihood = -3.314
[round 14/100] avg private log-likelihood = -3.315
[round 15/100] avg private log-likelihood = -3.314
[round 16/100] avg private log-likelihood = -3.315
[round 17/100] avg private log-likelihood = -3.315
[round 18/100] avg private log-likelihood = -3.314
[round 19/100] avg private log-likelihood = -3.316
[round 20/100] avg private log-likelihood = -3.317
[round 21/100] avg private log-likelihood = -3.316
[round 22/100] avg private log-likelihood = -3.311
[round 23/100] avg private log-likelihood = -3.306
[round 24/100] avg private log-likelihood = -3.303
[round 25/100] avg private log-likelihood = -3.301
[round 26/100] avg private log-likelihood = -3.299
[round 27/100] avg private log-likelihood = -3.300
[round 28/100] avg private log-likelihood = -3.301
[round 29/100] avg private log-likelihood = -3.300
[round 30/100] avg private log-likelihood = -3.298
[round 31/100] avg private log-likelihood = -3.298
[round 32/100] avg private log-likelihood = -3.299
[round 33/100] avg private log-likelihood = -3.302
[round 34/100] avg private log-likelihood = -3.301
[round 35/100] avg private log-likelihood = -3.299
[round 36/100] avg private log-likelihood = -3.300
[round 37/100] avg private log-likelihood = -3.300
[round 38/100] avg private log-likelihood = -3.297
[round 39/100] avg private log-likelihood = -3.297
[round 40/100] avg private log-likelihood = -3.300
[round 41/100] avg private log-likelihood = -3.300
[round 42/100] avg private log-likelihood = -3.300
[round 43/100] avg private log-likelihood = -3.298
[round 44/100] avg private log-likelihood = -3.297
[round 45/100] avg private log-likelihood = -3.299
[round 46/100] avg private log-likelihood = -3.300
[round 47/100] avg private log-likelihood = -3.299
[round 48/100] avg private log-likelihood = -3.298
[round 49/100] avg private log-likelihood = -3.299
[round 50/100] avg private log-likelihood = -3.297
[round 51/100] avg private log-likelihood = -3.299
[round 52/100] avg private log-likelihood = -3.298
[round 53/100] avg private log-likelihood = -3.297
[round 54/100] avg private log-likelihood = -3.297
[round 55/100] avg private log-likelihood = -3.297
[round 56/100] avg private log-likelihood = -3.298
[round 57/100] avg private log-likelihood = -3.295
[round 58/100] avg private log-likelihood = -3.298
[round 59/100] avg private log-likelihood = -3.297
[round 60/100] avg private log-likelihood = -3.294
[round 61/100] avg private log-likelihood = -3.295
[round 62/100] avg private log-likelihood = -3.299
[round 63/100] avg private log-likelihood = -3.302
[round 64/100] avg private log-likelihood = -3.302
[round 65/100] avg private log-likelihood = -3.302
[round 66/100] avg private log-likelihood = -3.300
[round 67/100] avg private log-likelihood = -3.299
[round 68/100] avg private log-likelihood = -3.301
[round 69/100] avg private log-likelihood = -3.299
[round 70/100] avg private log-likelihood = -3.299
[round 71/100] avg private log-likelihood = -3.299
[round 72/100] avg private log-likelihood = -3.300
[round 73/100] avg private log-likelihood = -3.299
[round 74/100] avg private log-likelihood = -3.300
[round 75/100] avg private log-likelihood = -3.298
[round 76/100] avg private log-likelihood = -3.299
[round 77/100] avg private log-likelihood = -3.299
[round 78/100] avg private log-likelihood = -3.299
[round 79/100] avg private log-likelihood = -3.298
[round 80/100] avg private log-likelihood = -3.302
[round 81/100] avg private log-likelihood = -3.301
[round 82/100] avg private log-likelihood = -3.302
[round 83/100] avg private log-likelihood = -3.298
[round 84/100] avg private log-likelihood = -3.299
[round 85/100] avg private log-likelihood = -3.300
[round 86/100] avg private log-likelihood = -3.300
[round 87/100] avg private log-likelihood = -3.297
[round 88/100] avg private log-likelihood = -3.297
[round 89/100] avg private log-likelihood = -3.297
[round 90/100] avg private log-likelihood = -3.297
[round 91/100] avg private log-likelihood = -3.296
[round 92/100] avg private log-likelihood = -3.297
[round 93/100] avg private log-likelihood = -3.296
[round 94/100] avg private log-likelihood = -3.298
[round 95/100] avg private log-likelihood = -3.301
[round 96/100] avg private log-likelihood = -3.302
[round 97/100] avg private log-likelihood = -3.299
[round 98/100] avg private log-likelihood = -3.302
[round 99/100] avg private log-likelihood = -3.300
[round 100/100] avg private log-likelihood = -3.300
[DONE] Results saved to results/D2_N10_lam1.0_seed6.json
