========================================
Running experiment on GPU
  D       = 8
  N       = 10
  lambda  = 0.5
  seed    = 1
  GPU     = 0
========================================
[round 01/100] avg private log-likelihood = -7.516
[round 02/100] avg private log-likelihood = -7.680
[round 03/100] avg private log-likelihood = -7.872
[round 04/100] avg private log-likelihood = -8.057
[round 05/100] avg private log-likelihood = -8.232
[round 06/100] avg private log-likelihood = -8.391
[round 07/100] avg private log-likelihood = -8.550
[round 08/100] avg private log-likelihood = -8.705
[round 09/100] avg private log-likelihood = -8.842
[round 10/100] avg private log-likelihood = -8.983
[round 11/100] avg private log-likelihood = -9.103
[round 12/100] avg private log-likelihood = -9.204
[round 13/100] avg private log-likelihood = -9.292
[round 14/100] avg private log-likelihood = -9.346
[round 15/100] avg private log-likelihood = -9.379
[round 16/100] avg private log-likelihood = -9.407
[round 17/100] avg private log-likelihood = -9.431
[round 18/100] avg private log-likelihood = -9.449
[round 19/100] avg private log-likelihood = -9.453
[round 20/100] avg private log-likelihood = -9.473
[round 21/100] avg private log-likelihood = -9.473
[round 22/100] avg private log-likelihood = -9.484
[round 23/100] avg private log-likelihood = -9.489
[round 24/100] avg private log-likelihood = -9.481
[round 25/100] avg private log-likelihood = -9.481
[round 26/100] avg private log-likelihood = -9.477
[round 27/100] avg private log-likelihood = -9.476
[round 28/100] avg private log-likelihood = -9.473
[round 29/100] avg private log-likelihood = -9.476
[round 30/100] avg private log-likelihood = -9.478
[round 31/100] avg private log-likelihood = -9.482
[round 32/100] avg private log-likelihood = -9.480
[round 33/100] avg private log-likelihood = -9.487
[round 34/100] avg private log-likelihood = -9.482
[round 35/100] avg private log-likelihood = -9.485
[round 36/100] avg private log-likelihood = -9.486
[round 37/100] avg private log-likelihood = -9.472
[round 38/100] avg private log-likelihood = -9.474
[round 39/100] avg private log-likelihood = -9.477
[round 40/100] avg private log-likelihood = -9.484
[round 41/100] avg private log-likelihood = -9.486
[round 42/100] avg private log-likelihood = -9.478
[round 43/100] avg private log-likelihood = -9.477
[round 44/100] avg private log-likelihood = -9.478
[round 45/100] avg private log-likelihood = -9.474
[round 46/100] avg private log-likelihood = -9.480
[round 47/100] avg private log-likelihood = -9.478
[round 48/100] avg private log-likelihood = -9.484
[round 49/100] avg private log-likelihood = -9.489
[round 50/100] avg private log-likelihood = -9.478
[round 51/100] avg private log-likelihood = -9.484
[round 52/100] avg private log-likelihood = -9.490
[round 53/100] avg private log-likelihood = -9.490
[round 54/100] avg private log-likelihood = -9.488
[round 55/100] avg private log-likelihood = -9.487
[round 56/100] avg private log-likelihood = -9.487
[round 57/100] avg private log-likelihood = -9.482
[round 58/100] avg private log-likelihood = -9.482
[round 59/100] avg private log-likelihood = -9.493
[round 60/100] avg private log-likelihood = -9.482
[round 61/100] avg private log-likelihood = -9.480
[round 62/100] avg private log-likelihood = -9.477
[round 63/100] avg private log-likelihood = -9.475
[round 64/100] avg private log-likelihood = -9.483
[round 65/100] avg private log-likelihood = -9.480
[round 66/100] avg private log-likelihood = -9.479
[round 67/100] avg private log-likelihood = -9.476
[round 68/100] avg private log-likelihood = -9.480
[round 69/100] avg private log-likelihood = -9.485
[round 70/100] avg private log-likelihood = -9.482
[round 71/100] avg private log-likelihood = -9.474
[round 72/100] avg private log-likelihood = -9.477
[round 73/100] avg private log-likelihood = -9.480
[round 74/100] avg private log-likelihood = -9.483
[round 75/100] avg private log-likelihood = -9.494
[round 76/100] avg private log-likelihood = -9.490
[round 77/100] avg private log-likelihood = -9.494
[round 78/100] avg private log-likelihood = -9.490
[round 79/100] avg private log-likelihood = -9.480
[round 80/100] avg private log-likelihood = -9.482
[round 81/100] avg private log-likelihood = -9.486
[round 82/100] avg private log-likelihood = -9.479
[round 83/100] avg private log-likelihood = -9.486
[round 84/100] avg private log-likelihood = -9.487
[round 85/100] avg private log-likelihood = -9.480
[round 86/100] avg private log-likelihood = -9.477
[round 87/100] avg private log-likelihood = -9.480
[round 88/100] avg private log-likelihood = -9.485
[round 89/100] avg private log-likelihood = -9.490
[round 90/100] avg private log-likelihood = -9.484
[round 91/100] avg private log-likelihood = -9.485
[round 92/100] avg private log-likelihood = -9.487
[round 93/100] avg private log-likelihood = -9.492
[round 94/100] avg private log-likelihood = -9.487
[round 95/100] avg private log-likelihood = -9.479
[round 96/100] avg private log-likelihood = -9.480
[round 97/100] avg private log-likelihood = -9.479
[round 98/100] avg private log-likelihood = -9.483
[round 99/100] avg private log-likelihood = -9.487
[round 100/100] avg private log-likelihood = -9.486
[round 01/100] avg private log-likelihood = -7.393
[round 02/100] avg private log-likelihood = -7.570
[round 03/100] avg private log-likelihood = -7.745
[round 04/100] avg private log-likelihood = -7.942
[round 05/100] avg private log-likelihood = -8.120
[round 06/100] avg private log-likelihood = -8.286
[round 07/100] avg private log-likelihood = -8.446
[round 08/100] avg private log-likelihood = -8.598
[round 09/100] avg private log-likelihood = -8.739
[round 10/100] avg private log-likelihood = -8.875
[round 11/100] avg private log-likelihood = -8.993
[round 12/100] avg private log-likelihood = -9.103
[round 13/100] avg private log-likelihood = -9.188
[round 14/100] avg private log-likelihood = -9.244
[round 15/100] avg private log-likelihood = -9.287
[round 16/100] avg private log-likelihood = -9.317
[round 17/100] avg private log-likelihood = -9.332
[round 18/100] avg private log-likelihood = -9.347
[round 19/100] avg private log-likelihood = -9.358
[round 20/100] avg private log-likelihood = -9.370
[round 21/100] avg private log-likelihood = -9.385
[round 22/100] avg private log-likelihood = -9.385
[round 23/100] avg private log-likelihood = -9.383
[round 24/100] avg private log-likelihood = -9.385
[round 25/100] avg private log-likelihood = -9.378
[round 26/100] avg private log-likelihood = -9.376
[round 27/100] avg private log-likelihood = -9.379
[round 28/100] avg private log-likelihood = -9.380
[round 29/100] avg private log-likelihood = -9.380
[round 30/100] avg private log-likelihood = -9.382
[round 31/100] avg private log-likelihood = -9.377
[round 32/100] avg private log-likelihood = -9.377
[round 33/100] avg private log-likelihood = -9.384
[round 34/100] avg private log-likelihood = -9.383
[round 35/100] avg private log-likelihood = -9.381
[round 36/100] avg private log-likelihood = -9.381
[round 37/100] avg private log-likelihood = -9.377
[round 38/100] avg private log-likelihood = -9.380
[round 39/100] avg private log-likelihood = -9.376
[round 40/100] avg private log-likelihood = -9.376
[round 41/100] avg private log-likelihood = -9.381
[round 42/100] avg private log-likelihood = -9.378
[round 43/100] avg private log-likelihood = -9.387
[round 44/100] avg private log-likelihood = -9.388
[round 45/100] avg private log-likelihood = -9.382
[round 46/100] avg private log-likelihood = -9.385
[round 47/100] avg private log-likelihood = -9.372
[round 48/100] avg private log-likelihood = -9.378
[round 49/100] avg private log-likelihood = -9.384
[round 50/100] avg private log-likelihood = -9.385
[round 51/100] avg private log-likelihood = -9.385
[round 52/100] avg private log-likelihood = -9.381
[round 53/100] avg private log-likelihood = -9.384
[round 54/100] avg private log-likelihood = -9.388
[round 55/100] avg private log-likelihood = -9.386
[round 56/100] avg private log-likelihood = -9.390
[round 57/100] avg private log-likelihood = -9.385
[round 58/100] avg private log-likelihood = -9.380
[round 59/100] avg private log-likelihood = -9.381
[round 60/100] avg private log-likelihood = -9.381
[round 61/100] avg private log-likelihood = -9.377
[round 62/100] avg private log-likelihood = -9.381
[round 63/100] avg private log-likelihood = -9.380
[round 64/100] avg private log-likelihood = -9.384
[round 65/100] avg private log-likelihood = -9.382
[round 66/100] avg private log-likelihood = -9.384
[round 67/100] avg private log-likelihood = -9.381
[round 68/100] avg private log-likelihood = -9.384
[round 69/100] avg private log-likelihood = -9.384
[round 70/100] avg private log-likelihood = -9.383
[round 71/100] avg private log-likelihood = -9.385
[round 72/100] avg private log-likelihood = -9.378
[round 73/100] avg private log-likelihood = -9.381
[round 74/100] avg private log-likelihood = -9.381
[round 75/100] avg private log-likelihood = -9.380
[round 76/100] avg private log-likelihood = -9.380
[round 77/100] avg private log-likelihood = -9.379
[round 78/100] avg private log-likelihood = -9.384
[round 79/100] avg private log-likelihood = -9.383
[round 80/100] avg private log-likelihood = -9.374
[round 81/100] avg private log-likelihood = -9.381
[round 82/100] avg private log-likelihood = -9.381
[round 83/100] avg private log-likelihood = -9.379
[round 84/100] avg private log-likelihood = -9.378
[round 85/100] avg private log-likelihood = -9.374
[round 86/100] avg private log-likelihood = -9.375
[round 87/100] avg private log-likelihood = -9.371
[round 88/100] avg private log-likelihood = -9.371
[round 89/100] avg private log-likelihood = -9.375
[round 90/100] avg private log-likelihood = -9.377
[round 91/100] avg private log-likelihood = -9.377
[round 92/100] avg private log-likelihood = -9.377
[round 93/100] avg private log-likelihood = -9.384
[round 94/100] avg private log-likelihood = -9.384
[round 95/100] avg private log-likelihood = -9.383
[round 96/100] avg private log-likelihood = -9.384
[round 97/100] avg private log-likelihood = -9.392
[round 98/100] avg private log-likelihood = -9.388
[round 99/100] avg private log-likelihood = -9.383
[round 100/100] avg private log-likelihood = -9.381
[DONE] Results saved to results/D8_N10_lam0.5_seed1.json
