========================================
Running experiment on GPU
  D       = 16
  N       = 25
  lambda  = 1.0
  seed    = 7
  GPU     = 0
========================================
[round 01/100] avg private log-likelihood = -21.470
[round 02/100] avg private log-likelihood = -21.622
[round 03/100] avg private log-likelihood = -21.725
[round 04/100] avg private log-likelihood = -21.770
[round 05/100] avg private log-likelihood = -21.802
[round 06/100] avg private log-likelihood = -21.815
[round 07/100] avg private log-likelihood = -21.834
[round 08/100] avg private log-likelihood = -21.843
[round 09/100] avg private log-likelihood = -21.846
[round 10/100] avg private log-likelihood = -21.849
[round 11/100] avg private log-likelihood = -21.855
[round 12/100] avg private log-likelihood = -21.861
[round 13/100] avg private log-likelihood = -21.859
[round 14/100] avg private log-likelihood = -21.860
[round 15/100] avg private log-likelihood = -21.860
[round 16/100] avg private log-likelihood = -21.855
[round 17/100] avg private log-likelihood = -21.856
[round 18/100] avg private log-likelihood = -21.854
[round 19/100] avg private log-likelihood = -21.862
[round 20/100] avg private log-likelihood = -21.862
[round 21/100] avg private log-likelihood = -21.867
[round 22/100] avg private log-likelihood = -21.863
[round 23/100] avg private log-likelihood = -21.861
[round 24/100] avg private log-likelihood = -21.861
[round 25/100] avg private log-likelihood = -21.867
[round 26/100] avg private log-likelihood = -21.859
[round 27/100] avg private log-likelihood = -21.864
[round 28/100] avg private log-likelihood = -21.866
[round 29/100] avg private log-likelihood = -21.859
[round 30/100] avg private log-likelihood = -21.856
[round 31/100] avg private log-likelihood = -21.856
[round 32/100] avg private log-likelihood = -21.862
[round 33/100] avg private log-likelihood = -21.858
[round 34/100] avg private log-likelihood = -21.865
[round 35/100] avg private log-likelihood = -21.859
[round 36/100] avg private log-likelihood = -21.858
[round 37/100] avg private log-likelihood = -21.857
[round 38/100] avg private log-likelihood = -21.858
[round 39/100] avg private log-likelihood = -21.857
[round 40/100] avg private log-likelihood = -21.860
[round 41/100] avg private log-likelihood = -21.859
[round 42/100] avg private log-likelihood = -21.859
[round 43/100] avg private log-likelihood = -21.865
[round 44/100] avg private log-likelihood = -21.866
[round 45/100] avg private log-likelihood = -21.856
[round 46/100] avg private log-likelihood = -21.863
[round 47/100] avg private log-likelihood = -21.862
[round 48/100] avg private log-likelihood = -21.860
[round 49/100] avg private log-likelihood = -21.865
[round 50/100] avg private log-likelihood = -21.866
[round 51/100] avg private log-likelihood = -21.870
[round 52/100] avg private log-likelihood = -21.866
[round 53/100] avg private log-likelihood = -21.868
[round 54/100] avg private log-likelihood = -21.864
[round 55/100] avg private log-likelihood = -21.867
[round 56/100] avg private log-likelihood = -21.859
[round 57/100] avg private log-likelihood = -21.861
[round 58/100] avg private log-likelihood = -21.857
[round 59/100] avg private log-likelihood = -21.859
[round 60/100] avg private log-likelihood = -21.857
[round 61/100] avg private log-likelihood = -21.859
[round 62/100] avg private log-likelihood = -21.866
[round 63/100] avg private log-likelihood = -21.863
[round 64/100] avg private log-likelihood = -21.867
[round 65/100] avg private log-likelihood = -21.866
[round 66/100] avg private log-likelihood = -21.865
[round 67/100] avg private log-likelihood = -21.862
[round 68/100] avg private log-likelihood = -21.861
[round 69/100] avg private log-likelihood = -21.859
[round 70/100] avg private log-likelihood = -21.860
[round 71/100] avg private log-likelihood = -21.862
[round 72/100] avg private log-likelihood = -21.860
[round 73/100] avg private log-likelihood = -21.861
[round 74/100] avg private log-likelihood = -21.861
[round 75/100] avg private log-likelihood = -21.856
[round 76/100] avg private log-likelihood = -21.865
[round 77/100] avg private log-likelihood = -21.863
[round 78/100] avg private log-likelihood = -21.863
[round 79/100] avg private log-likelihood = -21.864
[round 80/100] avg private log-likelihood = -21.859
[round 81/100] avg private log-likelihood = -21.864
[round 82/100] avg private log-likelihood = -21.862
[round 83/100] avg private log-likelihood = -21.860
[round 84/100] avg private log-likelihood = -21.856
[round 85/100] avg private log-likelihood = -21.859
[round 86/100] avg private log-likelihood = -21.861
[round 87/100] avg private log-likelihood = -21.860
[round 88/100] avg private log-likelihood = -21.860
[round 89/100] avg private log-likelihood = -21.865
[round 90/100] avg private log-likelihood = -21.861
[round 91/100] avg private log-likelihood = -21.857
[round 92/100] avg private log-likelihood = -21.861
[round 93/100] avg private log-likelihood = -21.858
[round 94/100] avg private log-likelihood = -21.859
[round 95/100] avg private log-likelihood = -21.864
[round 96/100] avg private log-likelihood = -21.863
[round 97/100] avg private log-likelihood = -21.858
[round 98/100] avg private log-likelihood = -21.858
[round 99/100] avg private log-likelihood = -21.855
[round 100/100] avg private log-likelihood = -21.864
[round 01/100] avg private log-likelihood = -21.459
[round 02/100] avg private log-likelihood = -21.599
[round 03/100] avg private log-likelihood = -21.702
[round 04/100] avg private log-likelihood = -21.765
[round 05/100] avg private log-likelihood = -21.799
[round 06/100] avg private log-likelihood = -21.812
[round 07/100] avg private log-likelihood = -21.823
[round 08/100] avg private log-likelihood = -21.833
[round 09/100] avg private log-likelihood = -21.840
[round 10/100] avg private log-likelihood = -21.843
[round 11/100] avg private log-likelihood = -21.850
[round 12/100] avg private log-likelihood = -21.853
[round 13/100] avg private log-likelihood = -21.855
[round 14/100] avg private log-likelihood = -21.858
[round 15/100] avg private log-likelihood = -21.861
[round 16/100] avg private log-likelihood = -21.861
[round 17/100] avg private log-likelihood = -21.857
[round 18/100] avg private log-likelihood = -21.857
[round 19/100] avg private log-likelihood = -21.857
[round 20/100] avg private log-likelihood = -21.856
[round 21/100] avg private log-likelihood = -21.858
[round 22/100] avg private log-likelihood = -21.860
[round 23/100] avg private log-likelihood = -21.855
[round 24/100] avg private log-likelihood = -21.859
[round 25/100] avg private log-likelihood = -21.857
[round 26/100] avg private log-likelihood = -21.861
[round 27/100] avg private log-likelihood = -21.857
[round 28/100] avg private log-likelihood = -21.856
[round 29/100] avg private log-likelihood = -21.853
[round 30/100] avg private log-likelihood = -21.859
[round 31/100] avg private log-likelihood = -21.857
[round 32/100] avg private log-likelihood = -21.855
[round 33/100] avg private log-likelihood = -21.857
[round 34/100] avg private log-likelihood = -21.855
[round 35/100] avg private log-likelihood = -21.858
[round 36/100] avg private log-likelihood = -21.856
[round 37/100] avg private log-likelihood = -21.857
[round 38/100] avg private log-likelihood = -21.857
[round 39/100] avg private log-likelihood = -21.858
[round 40/100] avg private log-likelihood = -21.856
[round 41/100] avg private log-likelihood = -21.854
[round 42/100] avg private log-likelihood = -21.857
[round 43/100] avg private log-likelihood = -21.856
[round 44/100] avg private log-likelihood = -21.857
[round 45/100] avg private log-likelihood = -21.855
[round 46/100] avg private log-likelihood = -21.857
[round 47/100] avg private log-likelihood = -21.858
[round 48/100] avg private log-likelihood = -21.857
[round 49/100] avg private log-likelihood = -21.855
[round 50/100] avg private log-likelihood = -21.857
[round 51/100] avg private log-likelihood = -21.860
[round 52/100] avg private log-likelihood = -21.859
[round 53/100] avg private log-likelihood = -21.857
[round 54/100] avg private log-likelihood = -21.858
[round 55/100] avg private log-likelihood = -21.857
[round 56/100] avg private log-likelihood = -21.855
[round 57/100] avg private log-likelihood = -21.859
[round 58/100] avg private log-likelihood = -21.859
[round 59/100] avg private log-likelihood = -21.859
[round 60/100] avg private log-likelihood = -21.858
[round 61/100] avg private log-likelihood = -21.855
[round 62/100] avg private log-likelihood = -21.861
[round 63/100] avg private log-likelihood = -21.860
[round 64/100] avg private log-likelihood = -21.858
[round 65/100] avg private log-likelihood = -21.859
[round 66/100] avg private log-likelihood = -21.854
[round 67/100] avg private log-likelihood = -21.854
[round 68/100] avg private log-likelihood = -21.857
[round 69/100] avg private log-likelihood = -21.856
[round 70/100] avg private log-likelihood = -21.854
[round 71/100] avg private log-likelihood = -21.857
[round 72/100] avg private log-likelihood = -21.857
[round 73/100] avg private log-likelihood = -21.859
[round 74/100] avg private log-likelihood = -21.857
[round 75/100] avg private log-likelihood = -21.857
[round 76/100] avg private log-likelihood = -21.857
[round 77/100] avg private log-likelihood = -21.856
[round 78/100] avg private log-likelihood = -21.859
[round 79/100] avg private log-likelihood = -21.859
[round 80/100] avg private log-likelihood = -21.860
[round 81/100] avg private log-likelihood = -21.861
[round 82/100] avg private log-likelihood = -21.860
[round 83/100] avg private log-likelihood = -21.859
[round 84/100] avg private log-likelihood = -21.861
[round 85/100] avg private log-likelihood = -21.858
[round 86/100] avg private log-likelihood = -21.861
[round 87/100] avg private log-likelihood = -21.858
[round 88/100] avg private log-likelihood = -21.856
[round 89/100] avg private log-likelihood = -21.856
[round 90/100] avg private log-likelihood = -21.857
[round 91/100] avg private log-likelihood = -21.858
[round 92/100] avg private log-likelihood = -21.856
[round 93/100] avg private log-likelihood = -21.857
[round 94/100] avg private log-likelihood = -21.860
[round 95/100] avg private log-likelihood = -21.860
[round 96/100] avg private log-likelihood = -21.858
[round 97/100] avg private log-likelihood = -21.857
[round 98/100] avg private log-likelihood = -21.858
[round 99/100] avg private log-likelihood = -21.856
[round 100/100] avg private log-likelihood = -21.856
[DONE] Results saved to results/D16_N25_lam1.0_seed7.json
