========================================
Running experiment on GPU
  D       = 2
  N       = 10
  lambda  = 0.5
  seed    = 3
  GPU     = 0
========================================
[round 01/100] avg private log-likelihood = -2.590
[round 02/100] avg private log-likelihood = -2.642
[round 03/100] avg private log-likelihood = -2.703
[round 04/100] avg private log-likelihood = -2.761
[round 05/100] avg private log-likelihood = -2.815
[round 06/100] avg private log-likelihood = -2.854
[round 07/100] avg private log-likelihood = -2.892
[round 08/100] avg private log-likelihood = -2.913
[round 09/100] avg private log-likelihood = -2.930
[round 10/100] avg private log-likelihood = -2.942
[round 11/100] avg private log-likelihood = -2.951
[round 12/100] avg private log-likelihood = -2.952
[round 13/100] avg private log-likelihood = -2.956
[round 14/100] avg private log-likelihood = -2.955
[round 15/100] avg private log-likelihood = -2.956
[round 16/100] avg private log-likelihood = -2.961
[round 17/100] avg private log-likelihood = -2.961
[round 18/100] avg private log-likelihood = -2.961
[round 19/100] avg private log-likelihood = -2.963
[round 20/100] avg private log-likelihood = -2.964
[round 21/100] avg private log-likelihood = -2.964
[round 22/100] avg private log-likelihood = -2.965
[round 23/100] avg private log-likelihood = -2.965
[round 24/100] avg private log-likelihood = -2.963
[round 25/100] avg private log-likelihood = -2.967
[round 26/100] avg private log-likelihood = -2.963
[round 27/100] avg private log-likelihood = -2.966
[round 28/100] avg private log-likelihood = -2.964
[round 29/100] avg private log-likelihood = -2.966
[round 30/100] avg private log-likelihood = -2.967
[round 31/100] avg private log-likelihood = -2.964
[round 32/100] avg private log-likelihood = -2.965
[round 33/100] avg private log-likelihood = -2.966
[round 34/100] avg private log-likelihood = -2.965
[round 35/100] avg private log-likelihood = -2.963
[round 36/100] avg private log-likelihood = -2.963
[round 37/100] avg private log-likelihood = -2.961
[round 38/100] avg private log-likelihood = -2.963
[round 39/100] avg private log-likelihood = -2.963
[round 40/100] avg private log-likelihood = -2.966
[round 41/100] avg private log-likelihood = -2.968
[round 42/100] avg private log-likelihood = -2.967
[round 43/100] avg private log-likelihood = -2.966
[round 44/100] avg private log-likelihood = -2.963
[round 45/100] avg private log-likelihood = -2.963
[round 46/100] avg private log-likelihood = -2.963
[round 47/100] avg private log-likelihood = -2.965
[round 48/100] avg private log-likelihood = -2.965
[round 49/100] avg private log-likelihood = -2.962
[round 50/100] avg private log-likelihood = -2.963
[round 51/100] avg private log-likelihood = -2.966
[round 52/100] avg private log-likelihood = -2.967
[round 53/100] avg private log-likelihood = -2.964
[round 54/100] avg private log-likelihood = -2.961
[round 55/100] avg private log-likelihood = -2.965
[round 56/100] avg private log-likelihood = -2.965
[round 57/100] avg private log-likelihood = -2.962
[round 58/100] avg private log-likelihood = -2.965
[round 59/100] avg private log-likelihood = -2.965
[round 60/100] avg private log-likelihood = -2.966
[round 61/100] avg private log-likelihood = -2.967
[round 62/100] avg private log-likelihood = -2.966
[round 63/100] avg private log-likelihood = -2.968
[round 64/100] avg private log-likelihood = -2.966
[round 65/100] avg private log-likelihood = -2.962
[round 66/100] avg private log-likelihood = -2.963
[round 67/100] avg private log-likelihood = -2.965
[round 68/100] avg private log-likelihood = -2.964
[round 69/100] avg private log-likelihood = -2.964
[round 70/100] avg private log-likelihood = -2.964
[round 71/100] avg private log-likelihood = -2.964
[round 72/100] avg private log-likelihood = -2.965
[round 73/100] avg private log-likelihood = -2.963
[round 74/100] avg private log-likelihood = -2.965
[round 75/100] avg private log-likelihood = -2.962
[round 76/100] avg private log-likelihood = -2.963
[round 77/100] avg private log-likelihood = -2.967
[round 78/100] avg private log-likelihood = -2.969
[round 79/100] avg private log-likelihood = -2.966
[round 80/100] avg private log-likelihood = -2.967
[round 81/100] avg private log-likelihood = -2.964
[round 82/100] avg private log-likelihood = -2.963
[round 83/100] avg private log-likelihood = -2.963
[round 84/100] avg private log-likelihood = -2.961
[round 85/100] avg private log-likelihood = -2.966
[round 86/100] avg private log-likelihood = -2.966
[round 87/100] avg private log-likelihood = -2.964
[round 88/100] avg private log-likelihood = -2.965
[round 89/100] avg private log-likelihood = -2.964
[round 90/100] avg private log-likelihood = -2.966
[round 91/100] avg private log-likelihood = -2.963
[round 92/100] avg private log-likelihood = -2.963
[round 93/100] avg private log-likelihood = -2.963
[round 94/100] avg private log-likelihood = -2.963
[round 95/100] avg private log-likelihood = -2.962
[round 96/100] avg private log-likelihood = -2.966
[round 97/100] avg private log-likelihood = -2.963
[round 98/100] avg private log-likelihood = -2.962
[round 99/100] avg private log-likelihood = -2.961
[round 100/100] avg private log-likelihood = -2.961
[round 01/100] avg private log-likelihood = -2.589
[round 02/100] avg private log-likelihood = -2.641
[round 03/100] avg private log-likelihood = -2.701
[round 04/100] avg private log-likelihood = -2.758
[round 05/100] avg private log-likelihood = -2.809
[round 06/100] avg private log-likelihood = -2.854
[round 07/100] avg private log-likelihood = -2.891
[round 08/100] avg private log-likelihood = -2.917
[round 09/100] avg private log-likelihood = -2.938
[round 10/100] avg private log-likelihood = -2.954
[round 11/100] avg private log-likelihood = -2.963
[round 12/100] avg private log-likelihood = -2.971
[round 13/100] avg private log-likelihood = -2.973
[round 14/100] avg private log-likelihood = -2.975
[round 15/100] avg private log-likelihood = -2.974
[round 16/100] avg private log-likelihood = -2.976
[round 17/100] avg private log-likelihood = -2.974
[round 18/100] avg private log-likelihood = -2.975
[round 19/100] avg private log-likelihood = -2.976
[round 20/100] avg private log-likelihood = -2.976
[round 21/100] avg private log-likelihood = -2.976
[round 22/100] avg private log-likelihood = -2.975
[round 23/100] avg private log-likelihood = -2.974
[round 24/100] avg private log-likelihood = -2.974
[round 25/100] avg private log-likelihood = -2.976
[round 26/100] avg private log-likelihood = -2.975
[round 27/100] avg private log-likelihood = -2.974
[round 28/100] avg private log-likelihood = -2.976
[round 29/100] avg private log-likelihood = -2.975
[round 30/100] avg private log-likelihood = -2.974
[round 31/100] avg private log-likelihood = -2.973
[round 32/100] avg private log-likelihood = -2.971
[round 33/100] avg private log-likelihood = -2.973
[round 34/100] avg private log-likelihood = -2.972
[round 35/100] avg private log-likelihood = -2.973
[round 36/100] avg private log-likelihood = -2.975
[round 37/100] avg private log-likelihood = -2.975
[round 38/100] avg private log-likelihood = -2.977
[round 39/100] avg private log-likelihood = -2.979
[round 40/100] avg private log-likelihood = -2.977
[round 41/100] avg private log-likelihood = -2.977
[round 42/100] avg private log-likelihood = -2.978
[round 43/100] avg private log-likelihood = -2.975
[round 44/100] avg private log-likelihood = -2.974
[round 45/100] avg private log-likelihood = -2.975
[round 46/100] avg private log-likelihood = -2.976
[round 47/100] avg private log-likelihood = -2.975
[round 48/100] avg private log-likelihood = -2.976
[round 49/100] avg private log-likelihood = -2.976
[round 50/100] avg private log-likelihood = -2.975
[round 51/100] avg private log-likelihood = -2.976
[round 52/100] avg private log-likelihood = -2.977
[round 53/100] avg private log-likelihood = -2.977
[round 54/100] avg private log-likelihood = -2.975
[round 55/100] avg private log-likelihood = -2.976
[round 56/100] avg private log-likelihood = -2.977
[round 57/100] avg private log-likelihood = -2.977
[round 58/100] avg private log-likelihood = -2.976
[round 59/100] avg private log-likelihood = -2.974
[round 60/100] avg private log-likelihood = -2.974
[round 61/100] avg private log-likelihood = -2.977
[round 62/100] avg private log-likelihood = -2.976
[round 63/100] avg private log-likelihood = -2.976
[round 64/100] avg private log-likelihood = -2.974
[round 65/100] avg private log-likelihood = -2.977
[round 66/100] avg private log-likelihood = -2.976
[round 67/100] avg private log-likelihood = -2.977
[round 68/100] avg private log-likelihood = -2.978
[round 69/100] avg private log-likelihood = -2.975
[round 70/100] avg private log-likelihood = -2.977
[round 71/100] avg private log-likelihood = -2.977
[round 72/100] avg private log-likelihood = -2.978
[round 73/100] avg private log-likelihood = -2.975
[round 74/100] avg private log-likelihood = -2.974
[round 75/100] avg private log-likelihood = -2.977
[round 76/100] avg private log-likelihood = -2.975
[round 77/100] avg private log-likelihood = -2.977
[round 78/100] avg private log-likelihood = -2.975
[round 79/100] avg private log-likelihood = -2.974
[round 80/100] avg private log-likelihood = -2.976
[round 81/100] avg private log-likelihood = -2.974
[round 82/100] avg private log-likelihood = -2.973
[round 83/100] avg private log-likelihood = -2.974
[round 84/100] avg private log-likelihood = -2.975
[round 85/100] avg private log-likelihood = -2.975
[round 86/100] avg private log-likelihood = -2.977
[round 87/100] avg private log-likelihood = -2.975
[round 88/100] avg private log-likelihood = -2.976
[round 89/100] avg private log-likelihood = -2.977
[round 90/100] avg private log-likelihood = -2.974
[round 91/100] avg private log-likelihood = -2.976
[round 92/100] avg private log-likelihood = -2.976
[round 93/100] avg private log-likelihood = -2.974
[round 94/100] avg private log-likelihood = -2.975
[round 95/100] avg private log-likelihood = -2.978
[round 96/100] avg private log-likelihood = -2.979
[round 97/100] avg private log-likelihood = -2.978
[round 98/100] avg private log-likelihood = -2.976
[round 99/100] avg private log-likelihood = -2.976
[round 100/100] avg private log-likelihood = -2.975
[DONE] Results saved to results/D2_N10_lam0.5_seed3.json
