========================================
Running experiment on GPU
  D       = 16
  N       = 25
  lambda  = 0.5
  seed    = 9
  GPU     = 0
========================================
[round 01/100] avg private log-likelihood = -21.628
[round 02/100] avg private log-likelihood = -21.704
[round 03/100] avg private log-likelihood = -21.762
[round 04/100] avg private log-likelihood = -21.796
[round 05/100] avg private log-likelihood = -21.817
[round 06/100] avg private log-likelihood = -21.829
[round 07/100] avg private log-likelihood = -21.838
[round 08/100] avg private log-likelihood = -21.843
[round 09/100] avg private log-likelihood = -21.844
[round 10/100] avg private log-likelihood = -21.844
[round 11/100] avg private log-likelihood = -21.843
[round 12/100] avg private log-likelihood = -21.844
[round 13/100] avg private log-likelihood = -21.847
[round 14/100] avg private log-likelihood = -21.842
[round 15/100] avg private log-likelihood = -21.845
[round 16/100] avg private log-likelihood = -21.845
[round 17/100] avg private log-likelihood = -21.846
[round 18/100] avg private log-likelihood = -21.845
[round 19/100] avg private log-likelihood = -21.842
[round 20/100] avg private log-likelihood = -21.842
[round 21/100] avg private log-likelihood = -21.845
[round 22/100] avg private log-likelihood = -21.845
[round 23/100] avg private log-likelihood = -21.846
[round 24/100] avg private log-likelihood = -21.845
[round 25/100] avg private log-likelihood = -21.846
[round 26/100] avg private log-likelihood = -21.844
[round 27/100] avg private log-likelihood = -21.844
[round 28/100] avg private log-likelihood = -21.841
[round 29/100] avg private log-likelihood = -21.842
[round 30/100] avg private log-likelihood = -21.844
[round 31/100] avg private log-likelihood = -21.845
[round 32/100] avg private log-likelihood = -21.846
[round 33/100] avg private log-likelihood = -21.844
[round 34/100] avg private log-likelihood = -21.845
[round 35/100] avg private log-likelihood = -21.847
[round 36/100] avg private log-likelihood = -21.845
[round 37/100] avg private log-likelihood = -21.843
[round 38/100] avg private log-likelihood = -21.842
[round 39/100] avg private log-likelihood = -21.845
[round 40/100] avg private log-likelihood = -21.846
[round 41/100] avg private log-likelihood = -21.849
[round 42/100] avg private log-likelihood = -21.846
[round 43/100] avg private log-likelihood = -21.844
[round 44/100] avg private log-likelihood = -21.844
[round 45/100] avg private log-likelihood = -21.846
[round 46/100] avg private log-likelihood = -21.845
[round 47/100] avg private log-likelihood = -21.845
[round 48/100] avg private log-likelihood = -21.846
[round 49/100] avg private log-likelihood = -21.848
[round 50/100] avg private log-likelihood = -21.845
[round 51/100] avg private log-likelihood = -21.843
[round 52/100] avg private log-likelihood = -21.844
[round 53/100] avg private log-likelihood = -21.842
[round 54/100] avg private log-likelihood = -21.844
[round 55/100] avg private log-likelihood = -21.842
[round 56/100] avg private log-likelihood = -21.843
[round 57/100] avg private log-likelihood = -21.847
[round 58/100] avg private log-likelihood = -21.846
[round 59/100] avg private log-likelihood = -21.844
[round 60/100] avg private log-likelihood = -21.842
[round 61/100] avg private log-likelihood = -21.842
[round 62/100] avg private log-likelihood = -21.841
[round 63/100] avg private log-likelihood = -21.843
[round 64/100] avg private log-likelihood = -21.844
[round 65/100] avg private log-likelihood = -21.846
[round 66/100] avg private log-likelihood = -21.844
[round 67/100] avg private log-likelihood = -21.841
[round 68/100] avg private log-likelihood = -21.844
[round 69/100] avg private log-likelihood = -21.845
[round 70/100] avg private log-likelihood = -21.844
[round 71/100] avg private log-likelihood = -21.846
[round 72/100] avg private log-likelihood = -21.846
[round 73/100] avg private log-likelihood = -21.845
[round 74/100] avg private log-likelihood = -21.842
[round 75/100] avg private log-likelihood = -21.845
[round 76/100] avg private log-likelihood = -21.844
[round 77/100] avg private log-likelihood = -21.848
[round 78/100] avg private log-likelihood = -21.849
[round 79/100] avg private log-likelihood = -21.846
[round 80/100] avg private log-likelihood = -21.845
[round 81/100] avg private log-likelihood = -21.842
[round 82/100] avg private log-likelihood = -21.843
[round 83/100] avg private log-likelihood = -21.842
[round 84/100] avg private log-likelihood = -21.843
[round 85/100] avg private log-likelihood = -21.844
[round 86/100] avg private log-likelihood = -21.846
[round 87/100] avg private log-likelihood = -21.845
[round 88/100] avg private log-likelihood = -21.845
[round 89/100] avg private log-likelihood = -21.844
[round 90/100] avg private log-likelihood = -21.841
[round 91/100] avg private log-likelihood = -21.843
[round 92/100] avg private log-likelihood = -21.845
[round 93/100] avg private log-likelihood = -21.844
[round 94/100] avg private log-likelihood = -21.845
[round 95/100] avg private log-likelihood = -21.844
[round 96/100] avg private log-likelihood = -21.845
[round 97/100] avg private log-likelihood = -21.844
[round 98/100] avg private log-likelihood = -21.845
[round 99/100] avg private log-likelihood = -21.844
[round 100/100] avg private log-likelihood = -21.843
[round 01/100] avg private log-likelihood = -21.623
[round 02/100] avg private log-likelihood = -21.697
[round 03/100] avg private log-likelihood = -21.755
[round 04/100] avg private log-likelihood = -21.791
[round 05/100] avg private log-likelihood = -21.811
[round 06/100] avg private log-likelihood = -21.827
[round 07/100] avg private log-likelihood = -21.834
[round 08/100] avg private log-likelihood = -21.839
[round 09/100] avg private log-likelihood = -21.842
[round 10/100] avg private log-likelihood = -21.843
[round 11/100] avg private log-likelihood = -21.842
[round 12/100] avg private log-likelihood = -21.842
[round 13/100] avg private log-likelihood = -21.845
[round 14/100] avg private log-likelihood = -21.841
[round 15/100] avg private log-likelihood = -21.843
[round 16/100] avg private log-likelihood = -21.843
[round 17/100] avg private log-likelihood = -21.842
[round 18/100] avg private log-likelihood = -21.844
[round 19/100] avg private log-likelihood = -21.842
[round 20/100] avg private log-likelihood = -21.840
[round 21/100] avg private log-likelihood = -21.841
[round 22/100] avg private log-likelihood = -21.843
[round 23/100] avg private log-likelihood = -21.844
[round 24/100] avg private log-likelihood = -21.843
[round 25/100] avg private log-likelihood = -21.844
[round 26/100] avg private log-likelihood = -21.843
[round 27/100] avg private log-likelihood = -21.843
[round 28/100] avg private log-likelihood = -21.843
[round 29/100] avg private log-likelihood = -21.842
[round 30/100] avg private log-likelihood = -21.841
[round 31/100] avg private log-likelihood = -21.842
[round 32/100] avg private log-likelihood = -21.844
[round 33/100] avg private log-likelihood = -21.845
[round 34/100] avg private log-likelihood = -21.844
[round 35/100] avg private log-likelihood = -21.842
[round 36/100] avg private log-likelihood = -21.843
[round 37/100] avg private log-likelihood = -21.844
[round 38/100] avg private log-likelihood = -21.843
[round 39/100] avg private log-likelihood = -21.843
[round 40/100] avg private log-likelihood = -21.841
[round 41/100] avg private log-likelihood = -21.841
[round 42/100] avg private log-likelihood = -21.842
[round 43/100] avg private log-likelihood = -21.845
[round 44/100] avg private log-likelihood = -21.843
[round 45/100] avg private log-likelihood = -21.844
[round 46/100] avg private log-likelihood = -21.844
[round 47/100] avg private log-likelihood = -21.843
[round 48/100] avg private log-likelihood = -21.843
[round 49/100] avg private log-likelihood = -21.843
[round 50/100] avg private log-likelihood = -21.844
[round 51/100] avg private log-likelihood = -21.842
[round 52/100] avg private log-likelihood = -21.842
[round 53/100] avg private log-likelihood = -21.844
[round 54/100] avg private log-likelihood = -21.843
[round 55/100] avg private log-likelihood = -21.845
[round 56/100] avg private log-likelihood = -21.844
[round 57/100] avg private log-likelihood = -21.845
[round 58/100] avg private log-likelihood = -21.843
[round 59/100] avg private log-likelihood = -21.844
[round 60/100] avg private log-likelihood = -21.845
[round 61/100] avg private log-likelihood = -21.842
[round 62/100] avg private log-likelihood = -21.840
[round 63/100] avg private log-likelihood = -21.842
[round 64/100] avg private log-likelihood = -21.843
[round 65/100] avg private log-likelihood = -21.843
[round 66/100] avg private log-likelihood = -21.844
[round 67/100] avg private log-likelihood = -21.845
[round 68/100] avg private log-likelihood = -21.845
[round 69/100] avg private log-likelihood = -21.845
[round 70/100] avg private log-likelihood = -21.843
[round 71/100] avg private log-likelihood = -21.842
[round 72/100] avg private log-likelihood = -21.842
[round 73/100] avg private log-likelihood = -21.841
[round 74/100] avg private log-likelihood = -21.841
[round 75/100] avg private log-likelihood = -21.843
[round 76/100] avg private log-likelihood = -21.844
[round 77/100] avg private log-likelihood = -21.844
[round 78/100] avg private log-likelihood = -21.845
[round 79/100] avg private log-likelihood = -21.845
[round 80/100] avg private log-likelihood = -21.843
[round 81/100] avg private log-likelihood = -21.844
[round 82/100] avg private log-likelihood = -21.845
[round 83/100] avg private log-likelihood = -21.843
[round 84/100] avg private log-likelihood = -21.843
[round 85/100] avg private log-likelihood = -21.844
[round 86/100] avg private log-likelihood = -21.843
[round 87/100] avg private log-likelihood = -21.843
[round 88/100] avg private log-likelihood = -21.844
[round 89/100] avg private log-likelihood = -21.845
[round 90/100] avg private log-likelihood = -21.844
[round 91/100] avg private log-likelihood = -21.842
[round 92/100] avg private log-likelihood = -21.841
[round 93/100] avg private log-likelihood = -21.845
[round 94/100] avg private log-likelihood = -21.842
[round 95/100] avg private log-likelihood = -21.842
[round 96/100] avg private log-likelihood = -21.844
[round 97/100] avg private log-likelihood = -21.843
[round 98/100] avg private log-likelihood = -21.843
[round 99/100] avg private log-likelihood = -21.846
[round 100/100] avg private log-likelihood = -21.845
[DONE] Results saved to results/D16_N25_lam0.5_seed9.json
