========================================
Running experiment on GPU
  D       = 4
  N       = 10
  lambda  = 0.5
  seed    = 8
  GPU     = 0
========================================
[round 01/100] avg private log-likelihood = -4.600
[round 02/100] avg private log-likelihood = -4.712
[round 03/100] avg private log-likelihood = -4.821
[round 04/100] avg private log-likelihood = -4.920
[round 05/100] avg private log-likelihood = -5.010
[round 06/100] avg private log-likelihood = -5.095
[round 07/100] avg private log-likelihood = -5.171
[round 08/100] avg private log-likelihood = -5.250
[round 09/100] avg private log-likelihood = -5.316
[round 10/100] avg private log-likelihood = -5.379
[round 11/100] avg private log-likelihood = -5.436
[round 12/100] avg private log-likelihood = -5.476
[round 13/100] avg private log-likelihood = -5.513
[round 14/100] avg private log-likelihood = -5.544
[round 15/100] avg private log-likelihood = -5.573
[round 16/100] avg private log-likelihood = -5.595
[round 17/100] avg private log-likelihood = -5.615
[round 18/100] avg private log-likelihood = -5.638
[round 19/100] avg private log-likelihood = -5.645
[round 20/100] avg private log-likelihood = -5.653
[round 21/100] avg private log-likelihood = -5.656
[round 22/100] avg private log-likelihood = -5.657
[round 23/100] avg private log-likelihood = -5.658
[round 24/100] avg private log-likelihood = -5.662
[round 25/100] avg private log-likelihood = -5.661
[round 26/100] avg private log-likelihood = -5.664
[round 27/100] avg private log-likelihood = -5.663
[round 28/100] avg private log-likelihood = -5.661
[round 29/100] avg private log-likelihood = -5.665
[round 30/100] avg private log-likelihood = -5.665
[round 31/100] avg private log-likelihood = -5.664
[round 32/100] avg private log-likelihood = -5.662
[round 33/100] avg private log-likelihood = -5.661
[round 34/100] avg private log-likelihood = -5.666
[round 35/100] avg private log-likelihood = -5.666
[round 36/100] avg private log-likelihood = -5.667
[round 37/100] avg private log-likelihood = -5.668
[round 38/100] avg private log-likelihood = -5.668
[round 39/100] avg private log-likelihood = -5.665
[round 40/100] avg private log-likelihood = -5.670
[round 41/100] avg private log-likelihood = -5.666
[round 42/100] avg private log-likelihood = -5.665
[round 43/100] avg private log-likelihood = -5.665
[round 44/100] avg private log-likelihood = -5.663
[round 45/100] avg private log-likelihood = -5.665
[round 46/100] avg private log-likelihood = -5.664
[round 47/100] avg private log-likelihood = -5.665
[round 48/100] avg private log-likelihood = -5.668
[round 49/100] avg private log-likelihood = -5.665
[round 50/100] avg private log-likelihood = -5.668
[round 51/100] avg private log-likelihood = -5.672
[round 52/100] avg private log-likelihood = -5.666
[round 53/100] avg private log-likelihood = -5.659
[round 54/100] avg private log-likelihood = -5.666
[round 55/100] avg private log-likelihood = -5.666
[round 56/100] avg private log-likelihood = -5.666
[round 57/100] avg private log-likelihood = -5.662
[round 58/100] avg private log-likelihood = -5.665
[round 59/100] avg private log-likelihood = -5.667
[round 60/100] avg private log-likelihood = -5.670
[round 61/100] avg private log-likelihood = -5.667
[round 62/100] avg private log-likelihood = -5.663
[round 63/100] avg private log-likelihood = -5.660
[round 64/100] avg private log-likelihood = -5.663
[round 65/100] avg private log-likelihood = -5.662
[round 66/100] avg private log-likelihood = -5.666
[round 67/100] avg private log-likelihood = -5.667
[round 68/100] avg private log-likelihood = -5.662
[round 69/100] avg private log-likelihood = -5.666
[round 70/100] avg private log-likelihood = -5.662
[round 71/100] avg private log-likelihood = -5.662
[round 72/100] avg private log-likelihood = -5.660
[round 73/100] avg private log-likelihood = -5.665
[round 74/100] avg private log-likelihood = -5.667
[round 75/100] avg private log-likelihood = -5.666
[round 76/100] avg private log-likelihood = -5.656
[round 77/100] avg private log-likelihood = -5.654
[round 78/100] avg private log-likelihood = -5.661
[round 79/100] avg private log-likelihood = -5.662
[round 80/100] avg private log-likelihood = -5.667
[round 81/100] avg private log-likelihood = -5.673
[round 82/100] avg private log-likelihood = -5.670
[round 83/100] avg private log-likelihood = -5.673
[round 84/100] avg private log-likelihood = -5.673
[round 85/100] avg private log-likelihood = -5.679
[round 86/100] avg private log-likelihood = -5.676
[round 87/100] avg private log-likelihood = -5.675
[round 88/100] avg private log-likelihood = -5.670
[round 89/100] avg private log-likelihood = -5.666
[round 90/100] avg private log-likelihood = -5.669
[round 91/100] avg private log-likelihood = -5.673
[round 92/100] avg private log-likelihood = -5.669
[round 93/100] avg private log-likelihood = -5.666
[round 94/100] avg private log-likelihood = -5.665
[round 95/100] avg private log-likelihood = -5.670
[round 96/100] avg private log-likelihood = -5.670
[round 97/100] avg private log-likelihood = -5.670
[round 98/100] avg private log-likelihood = -5.667
[round 99/100] avg private log-likelihood = -5.668
[round 100/100] avg private log-likelihood = -5.666
[round 01/100] avg private log-likelihood = -4.598
[round 02/100] avg private log-likelihood = -4.705
[round 03/100] avg private log-likelihood = -4.815
[round 04/100] avg private log-likelihood = -4.914
[round 05/100] avg private log-likelihood = -5.006
[round 06/100] avg private log-likelihood = -5.088
[round 07/100] avg private log-likelihood = -5.169
[round 08/100] avg private log-likelihood = -5.244
[round 09/100] avg private log-likelihood = -5.310
[round 10/100] avg private log-likelihood = -5.370
[round 11/100] avg private log-likelihood = -5.423
[round 12/100] avg private log-likelihood = -5.471
[round 13/100] avg private log-likelihood = -5.511
[round 14/100] avg private log-likelihood = -5.546
[round 15/100] avg private log-likelihood = -5.570
[round 16/100] avg private log-likelihood = -5.590
[round 17/100] avg private log-likelihood = -5.617
[round 18/100] avg private log-likelihood = -5.631
[round 19/100] avg private log-likelihood = -5.643
[round 20/100] avg private log-likelihood = -5.650
[round 21/100] avg private log-likelihood = -5.657
[round 22/100] avg private log-likelihood = -5.658
[round 23/100] avg private log-likelihood = -5.657
[round 24/100] avg private log-likelihood = -5.661
[round 25/100] avg private log-likelihood = -5.661
[round 26/100] avg private log-likelihood = -5.662
[round 27/100] avg private log-likelihood = -5.664
[round 28/100] avg private log-likelihood = -5.666
[round 29/100] avg private log-likelihood = -5.668
[round 30/100] avg private log-likelihood = -5.663
[round 31/100] avg private log-likelihood = -5.663
[round 32/100] avg private log-likelihood = -5.662
[round 33/100] avg private log-likelihood = -5.665
[round 34/100] avg private log-likelihood = -5.666
[round 35/100] avg private log-likelihood = -5.666
[round 36/100] avg private log-likelihood = -5.663
[round 37/100] avg private log-likelihood = -5.667
[round 38/100] avg private log-likelihood = -5.667
[round 39/100] avg private log-likelihood = -5.667
[round 40/100] avg private log-likelihood = -5.664
[round 41/100] avg private log-likelihood = -5.666
[round 42/100] avg private log-likelihood = -5.664
[round 43/100] avg private log-likelihood = -5.667
[round 44/100] avg private log-likelihood = -5.665
[round 45/100] avg private log-likelihood = -5.665
[round 46/100] avg private log-likelihood = -5.663
[round 47/100] avg private log-likelihood = -5.663
[round 48/100] avg private log-likelihood = -5.661
[round 49/100] avg private log-likelihood = -5.662
[round 50/100] avg private log-likelihood = -5.661
[round 51/100] avg private log-likelihood = -5.668
[round 52/100] avg private log-likelihood = -5.666
[round 53/100] avg private log-likelihood = -5.667
[round 54/100] avg private log-likelihood = -5.670
[round 55/100] avg private log-likelihood = -5.667
[round 56/100] avg private log-likelihood = -5.663
[round 57/100] avg private log-likelihood = -5.664
[round 58/100] avg private log-likelihood = -5.661
[round 59/100] avg private log-likelihood = -5.665
[round 60/100] avg private log-likelihood = -5.670
[round 61/100] avg private log-likelihood = -5.670
[round 62/100] avg private log-likelihood = -5.669
[round 63/100] avg private log-likelihood = -5.672
[round 64/100] avg private log-likelihood = -5.673
[round 65/100] avg private log-likelihood = -5.673
[round 66/100] avg private log-likelihood = -5.671
[round 67/100] avg private log-likelihood = -5.668
[round 68/100] avg private log-likelihood = -5.669
[round 69/100] avg private log-likelihood = -5.669
[round 70/100] avg private log-likelihood = -5.672
[round 71/100] avg private log-likelihood = -5.672
[round 72/100] avg private log-likelihood = -5.673
[round 73/100] avg private log-likelihood = -5.670
[round 74/100] avg private log-likelihood = -5.667
[round 75/100] avg private log-likelihood = -5.670
[round 76/100] avg private log-likelihood = -5.671
[round 77/100] avg private log-likelihood = -5.668
[round 78/100] avg private log-likelihood = -5.666
[round 79/100] avg private log-likelihood = -5.669
[round 80/100] avg private log-likelihood = -5.668
[round 81/100] avg private log-likelihood = -5.665
[round 82/100] avg private log-likelihood = -5.669
[round 83/100] avg private log-likelihood = -5.666
[round 84/100] avg private log-likelihood = -5.666
[round 85/100] avg private log-likelihood = -5.667
[round 86/100] avg private log-likelihood = -5.664
[round 87/100] avg private log-likelihood = -5.669
[round 88/100] avg private log-likelihood = -5.668
[round 89/100] avg private log-likelihood = -5.672
[round 90/100] avg private log-likelihood = -5.671
[round 91/100] avg private log-likelihood = -5.670
[round 92/100] avg private log-likelihood = -5.674
[round 93/100] avg private log-likelihood = -5.672
[round 94/100] avg private log-likelihood = -5.670
[round 95/100] avg private log-likelihood = -5.671
[round 96/100] avg private log-likelihood = -5.665
[round 97/100] avg private log-likelihood = -5.665
[round 98/100] avg private log-likelihood = -5.666
[round 99/100] avg private log-likelihood = -5.669
[round 100/100] avg private log-likelihood = -5.672
[DONE] Results saved to results/D4_N10_lam0.5_seed8.json
