========================================
Running experiment on GPU
  D       = 4
  N       = 10
  lambda  = 1.0
  seed    = 8
  GPU     = 0
========================================
[round 01/100] avg private log-likelihood = -4.636
[round 02/100] avg private log-likelihood = -4.782
[round 03/100] avg private log-likelihood = -4.949
[round 04/100] avg private log-likelihood = -5.090
[round 05/100] avg private log-likelihood = -5.206
[round 06/100] avg private log-likelihood = -5.310
[round 07/100] avg private log-likelihood = -5.403
[round 08/100] avg private log-likelihood = -5.503
[round 09/100] avg private log-likelihood = -5.593
[round 10/100] avg private log-likelihood = -5.684
[round 11/100] avg private log-likelihood = -5.771
[round 12/100] avg private log-likelihood = -5.843
[round 13/100] avg private log-likelihood = -5.913
[round 14/100] avg private log-likelihood = -5.973
[round 15/100] avg private log-likelihood = -6.024
[round 16/100] avg private log-likelihood = -6.061
[round 17/100] avg private log-likelihood = -6.094
[round 18/100] avg private log-likelihood = -6.134
[round 19/100] avg private log-likelihood = -6.156
[round 20/100] avg private log-likelihood = -6.181
[round 21/100] avg private log-likelihood = -6.191
[round 22/100] avg private log-likelihood = -6.197
[round 23/100] avg private log-likelihood = -6.192
[round 24/100] avg private log-likelihood = -6.200
[round 25/100] avg private log-likelihood = -6.200
[round 26/100] avg private log-likelihood = -6.205
[round 27/100] avg private log-likelihood = -6.204
[round 28/100] avg private log-likelihood = -6.197
[round 29/100] avg private log-likelihood = -6.203
[round 30/100] avg private log-likelihood = -6.204
[round 31/100] avg private log-likelihood = -6.201
[round 32/100] avg private log-likelihood = -6.197
[round 33/100] avg private log-likelihood = -6.193
[round 34/100] avg private log-likelihood = -6.202
[round 35/100] avg private log-likelihood = -6.200
[round 36/100] avg private log-likelihood = -6.202
[round 37/100] avg private log-likelihood = -6.204
[round 38/100] avg private log-likelihood = -6.201
[round 39/100] avg private log-likelihood = -6.196
[round 40/100] avg private log-likelihood = -6.201
[round 41/100] avg private log-likelihood = -6.200
[round 42/100] avg private log-likelihood = -6.197
[round 43/100] avg private log-likelihood = -6.199
[round 44/100] avg private log-likelihood = -6.196
[round 45/100] avg private log-likelihood = -6.195
[round 46/100] avg private log-likelihood = -6.188
[round 47/100] avg private log-likelihood = -6.187
[round 48/100] avg private log-likelihood = -6.191
[round 49/100] avg private log-likelihood = -6.186
[round 50/100] avg private log-likelihood = -6.184
[round 51/100] avg private log-likelihood = -6.185
[round 52/100] avg private log-likelihood = -6.184
[round 53/100] avg private log-likelihood = -6.170
[round 54/100] avg private log-likelihood = -6.176
[round 55/100] avg private log-likelihood = -6.173
[round 56/100] avg private log-likelihood = -6.170
[round 57/100] avg private log-likelihood = -6.167
[round 58/100] avg private log-likelihood = -6.167
[round 59/100] avg private log-likelihood = -6.165
[round 60/100] avg private log-likelihood = -6.171
[round 61/100] avg private log-likelihood = -6.167
[round 62/100] avg private log-likelihood = -6.161
[round 63/100] avg private log-likelihood = -6.157
[round 64/100] avg private log-likelihood = -6.151
[round 65/100] avg private log-likelihood = -6.152
[round 66/100] avg private log-likelihood = -6.156
[round 67/100] avg private log-likelihood = -6.161
[round 68/100] avg private log-likelihood = -6.155
[round 69/100] avg private log-likelihood = -6.163
[round 70/100] avg private log-likelihood = -6.156
[round 71/100] avg private log-likelihood = -6.153
[round 72/100] avg private log-likelihood = -6.159
[round 73/100] avg private log-likelihood = -6.160
[round 74/100] avg private log-likelihood = -6.166
[round 75/100] avg private log-likelihood = -6.162
[round 76/100] avg private log-likelihood = -6.154
[round 77/100] avg private log-likelihood = -6.150
[round 78/100] avg private log-likelihood = -6.151
[round 79/100] avg private log-likelihood = -6.153
[round 80/100] avg private log-likelihood = -6.161
[round 81/100] avg private log-likelihood = -6.169
[round 82/100] avg private log-likelihood = -6.163
[round 83/100] avg private log-likelihood = -6.167
[round 84/100] avg private log-likelihood = -6.168
[round 85/100] avg private log-likelihood = -6.173
[round 86/100] avg private log-likelihood = -6.166
[round 87/100] avg private log-likelihood = -6.162
[round 88/100] avg private log-likelihood = -6.160
[round 89/100] avg private log-likelihood = -6.156
[round 90/100] avg private log-likelihood = -6.163
[round 91/100] avg private log-likelihood = -6.168
[round 92/100] avg private log-likelihood = -6.165
[round 93/100] avg private log-likelihood = -6.165
[round 94/100] avg private log-likelihood = -6.161
[round 95/100] avg private log-likelihood = -6.162
[round 96/100] avg private log-likelihood = -6.162
[round 97/100] avg private log-likelihood = -6.165
[round 98/100] avg private log-likelihood = -6.163
[round 99/100] avg private log-likelihood = -6.160
[round 100/100] avg private log-likelihood = -6.152
[round 01/100] avg private log-likelihood = -4.621
[round 02/100] avg private log-likelihood = -4.767
[round 03/100] avg private log-likelihood = -4.929
[round 04/100] avg private log-likelihood = -5.074
[round 05/100] avg private log-likelihood = -5.195
[round 06/100] avg private log-likelihood = -5.297
[round 07/100] avg private log-likelihood = -5.402
[round 08/100] avg private log-likelihood = -5.496
[round 09/100] avg private log-likelihood = -5.586
[round 10/100] avg private log-likelihood = -5.676
[round 11/100] avg private log-likelihood = -5.755
[round 12/100] avg private log-likelihood = -5.832
[round 13/100] avg private log-likelihood = -5.900
[round 14/100] avg private log-likelihood = -5.965
[round 15/100] avg private log-likelihood = -6.013
[round 16/100] avg private log-likelihood = -6.049
[round 17/100] avg private log-likelihood = -6.088
[round 18/100] avg private log-likelihood = -6.118
[round 19/100] avg private log-likelihood = -6.147
[round 20/100] avg private log-likelihood = -6.167
[round 21/100] avg private log-likelihood = -6.183
[round 22/100] avg private log-likelihood = -6.189
[round 23/100] avg private log-likelihood = -6.193
[round 24/100] avg private log-likelihood = -6.200
[round 25/100] avg private log-likelihood = -6.201
[round 26/100] avg private log-likelihood = -6.203
[round 27/100] avg private log-likelihood = -6.205
[round 28/100] avg private log-likelihood = -6.204
[round 29/100] avg private log-likelihood = -6.205
[round 30/100] avg private log-likelihood = -6.200
[round 31/100] avg private log-likelihood = -6.201
[round 32/100] avg private log-likelihood = -6.200
[round 33/100] avg private log-likelihood = -6.203
[round 34/100] avg private log-likelihood = -6.204
[round 35/100] avg private log-likelihood = -6.202
[round 36/100] avg private log-likelihood = -6.200
[round 37/100] avg private log-likelihood = -6.204
[round 38/100] avg private log-likelihood = -6.206
[round 39/100] avg private log-likelihood = -6.201
[round 40/100] avg private log-likelihood = -6.198
[round 41/100] avg private log-likelihood = -6.200
[round 42/100] avg private log-likelihood = -6.197
[round 43/100] avg private log-likelihood = -6.193
[round 44/100] avg private log-likelihood = -6.193
[round 45/100] avg private log-likelihood = -6.189
[round 46/100] avg private log-likelihood = -6.183
[round 47/100] avg private log-likelihood = -6.182
[round 48/100] avg private log-likelihood = -6.178
[round 49/100] avg private log-likelihood = -6.175
[round 50/100] avg private log-likelihood = -6.175
[round 51/100] avg private log-likelihood = -6.180
[round 52/100] avg private log-likelihood = -6.175
[round 53/100] avg private log-likelihood = -6.175
[round 54/100] avg private log-likelihood = -6.177
[round 55/100] avg private log-likelihood = -6.174
[round 56/100] avg private log-likelihood = -6.172
[round 57/100] avg private log-likelihood = -6.172
[round 58/100] avg private log-likelihood = -6.169
[round 59/100] avg private log-likelihood = -6.169
[round 60/100] avg private log-likelihood = -6.170
[round 61/100] avg private log-likelihood = -6.166
[round 62/100] avg private log-likelihood = -6.167
[round 63/100] avg private log-likelihood = -6.168
[round 64/100] avg private log-likelihood = -6.162
[round 65/100] avg private log-likelihood = -6.161
[round 66/100] avg private log-likelihood = -6.163
[round 67/100] avg private log-likelihood = -6.157
[round 68/100] avg private log-likelihood = -6.157
[round 69/100] avg private log-likelihood = -6.157
[round 70/100] avg private log-likelihood = -6.161
[round 71/100] avg private log-likelihood = -6.156
[round 72/100] avg private log-likelihood = -6.157
[round 73/100] avg private log-likelihood = -6.156
[round 74/100] avg private log-likelihood = -6.159
[round 75/100] avg private log-likelihood = -6.161
[round 76/100] avg private log-likelihood = -6.159
[round 77/100] avg private log-likelihood = -6.155
[round 78/100] avg private log-likelihood = -6.154
[round 79/100] avg private log-likelihood = -6.152
[round 80/100] avg private log-likelihood = -6.155
[round 81/100] avg private log-likelihood = -6.156
[round 82/100] avg private log-likelihood = -6.155
[round 83/100] avg private log-likelihood = -6.157
[round 84/100] avg private log-likelihood = -6.157
[round 85/100] avg private log-likelihood = -6.154
[round 86/100] avg private log-likelihood = -6.154
[round 87/100] avg private log-likelihood = -6.157
[round 88/100] avg private log-likelihood = -6.155
[round 89/100] avg private log-likelihood = -6.159
[round 90/100] avg private log-likelihood = -6.158
[round 91/100] avg private log-likelihood = -6.161
[round 92/100] avg private log-likelihood = -6.160
[round 93/100] avg private log-likelihood = -6.163
[round 94/100] avg private log-likelihood = -6.158
[round 95/100] avg private log-likelihood = -6.160
[round 96/100] avg private log-likelihood = -6.157
[round 97/100] avg private log-likelihood = -6.155
[round 98/100] avg private log-likelihood = -6.155
[round 99/100] avg private log-likelihood = -6.159
[round 100/100] avg private log-likelihood = -6.161
[DONE] Results saved to results/D4_N10_lam1.0_seed8.json
