========================================
Running experiment on GPU
  D       = 8
  N       = 10
  lambda  = 1.0
  seed    = 7
  GPU     = 0
========================================
[round 01/100] avg private log-likelihood = -7.588
[round 02/100] avg private log-likelihood = -8.020
[round 03/100] avg private log-likelihood = -8.390
[round 04/100] avg private log-likelihood = -8.725
[round 05/100] avg private log-likelihood = -9.053
[round 06/100] avg private log-likelihood = -9.384
[round 07/100] avg private log-likelihood = -9.735
[round 08/100] avg private log-likelihood = -10.077
[round 09/100] avg private log-likelihood = -10.366
[round 10/100] avg private log-likelihood = -10.641
[round 11/100] avg private log-likelihood = -10.898
[round 12/100] avg private log-likelihood = -11.146
[round 13/100] avg private log-likelihood = -11.378
[round 14/100] avg private log-likelihood = -11.552
[round 15/100] avg private log-likelihood = -11.715
[round 16/100] avg private log-likelihood = -11.833
[round 17/100] avg private log-likelihood = -11.918
[round 18/100] avg private log-likelihood = -11.976
[round 19/100] avg private log-likelihood = -11.987
[round 20/100] avg private log-likelihood = -11.981
[round 21/100] avg private log-likelihood = -11.935
[round 22/100] avg private log-likelihood = -11.877
[round 23/100] avg private log-likelihood = -11.827
[round 24/100] avg private log-likelihood = -11.758
[round 25/100] avg private log-likelihood = -11.710
[round 26/100] avg private log-likelihood = -11.653
[round 27/100] avg private log-likelihood = -11.624
[round 28/100] avg private log-likelihood = -11.593
[round 29/100] avg private log-likelihood = -11.576
[round 30/100] avg private log-likelihood = -11.554
[round 31/100] avg private log-likelihood = -11.550
[round 32/100] avg private log-likelihood = -11.537
[round 33/100] avg private log-likelihood = -11.544
[round 34/100] avg private log-likelihood = -11.527
[round 35/100] avg private log-likelihood = -11.525
[round 36/100] avg private log-likelihood = -11.515
[round 37/100] avg private log-likelihood = -11.505
[round 38/100] avg private log-likelihood = -11.529
[round 39/100] avg private log-likelihood = -11.535
[round 40/100] avg private log-likelihood = -11.508
[round 41/100] avg private log-likelihood = -11.514
[round 42/100] avg private log-likelihood = -11.504
[round 43/100] avg private log-likelihood = -11.501
[round 44/100] avg private log-likelihood = -11.501
[round 45/100] avg private log-likelihood = -11.502
[round 46/100] avg private log-likelihood = -11.508
[round 47/100] avg private log-likelihood = -11.500
[round 48/100] avg private log-likelihood = -11.496
[round 49/100] avg private log-likelihood = -11.494
[round 50/100] avg private log-likelihood = -11.511
[round 51/100] avg private log-likelihood = -11.513
[round 52/100] avg private log-likelihood = -11.514
[round 53/100] avg private log-likelihood = -11.508
[round 54/100] avg private log-likelihood = -11.496
[round 55/100] avg private log-likelihood = -11.507
[round 56/100] avg private log-likelihood = -11.515
[round 57/100] avg private log-likelihood = -11.509
[round 58/100] avg private log-likelihood = -11.509
[round 59/100] avg private log-likelihood = -11.502
[round 60/100] avg private log-likelihood = -11.510
[round 61/100] avg private log-likelihood = -11.507
[round 62/100] avg private log-likelihood = -11.498
[round 63/100] avg private log-likelihood = -11.517
[round 64/100] avg private log-likelihood = -11.507
[round 65/100] avg private log-likelihood = -11.512
[round 66/100] avg private log-likelihood = -11.501
[round 67/100] avg private log-likelihood = -11.494
[round 68/100] avg private log-likelihood = -11.502
[round 69/100] avg private log-likelihood = -11.511
[round 70/100] avg private log-likelihood = -11.507
[round 71/100] avg private log-likelihood = -11.509
[round 72/100] avg private log-likelihood = -11.515
[round 73/100] avg private log-likelihood = -11.509
[round 74/100] avg private log-likelihood = -11.509
[round 75/100] avg private log-likelihood = -11.496
[round 76/100] avg private log-likelihood = -11.494
[round 77/100] avg private log-likelihood = -11.501
[round 78/100] avg private log-likelihood = -11.501
[round 79/100] avg private log-likelihood = -11.485
[round 80/100] avg private log-likelihood = -11.492
[round 81/100] avg private log-likelihood = -11.487
[round 82/100] avg private log-likelihood = -11.504
[round 83/100] avg private log-likelihood = -11.504
[round 84/100] avg private log-likelihood = -11.500
[round 85/100] avg private log-likelihood = -11.500
[round 86/100] avg private log-likelihood = -11.492
[round 87/100] avg private log-likelihood = -11.493
[round 88/100] avg private log-likelihood = -11.494
[round 89/100] avg private log-likelihood = -11.486
[round 90/100] avg private log-likelihood = -11.496
[round 91/100] avg private log-likelihood = -11.494
[round 92/100] avg private log-likelihood = -11.487
[round 93/100] avg private log-likelihood = -11.500
[round 94/100] avg private log-likelihood = -11.493
[round 95/100] avg private log-likelihood = -11.500
[round 96/100] avg private log-likelihood = -11.501
[round 97/100] avg private log-likelihood = -11.493
[round 98/100] avg private log-likelihood = -11.504
[round 99/100] avg private log-likelihood = -11.509
[round 100/100] avg private log-likelihood = -11.518
[round 01/100] avg private log-likelihood = -7.535
[round 02/100] avg private log-likelihood = -7.954
[round 03/100] avg private log-likelihood = -8.330
[round 04/100] avg private log-likelihood = -8.678
[round 05/100] avg private log-likelihood = -9.010
[round 06/100] avg private log-likelihood = -9.343
[round 07/100] avg private log-likelihood = -9.683
[round 08/100] avg private log-likelihood = -10.026
[round 09/100] avg private log-likelihood = -10.349
[round 10/100] avg private log-likelihood = -10.633
[round 11/100] avg private log-likelihood = -10.901
[round 12/100] avg private log-likelihood = -11.135
[round 13/100] avg private log-likelihood = -11.356
[round 14/100] avg private log-likelihood = -11.540
[round 15/100] avg private log-likelihood = -11.700
[round 16/100] avg private log-likelihood = -11.813
[round 17/100] avg private log-likelihood = -11.906
[round 18/100] avg private log-likelihood = -11.965
[round 19/100] avg private log-likelihood = -11.997
[round 20/100] avg private log-likelihood = -11.998
[round 21/100] avg private log-likelihood = -11.967
[round 22/100] avg private log-likelihood = -11.908
[round 23/100] avg private log-likelihood = -11.852
[round 24/100] avg private log-likelihood = -11.793
[round 25/100] avg private log-likelihood = -11.739
[round 26/100] avg private log-likelihood = -11.690
[round 27/100] avg private log-likelihood = -11.662
[round 28/100] avg private log-likelihood = -11.621
[round 29/100] avg private log-likelihood = -11.594
[round 30/100] avg private log-likelihood = -11.581
[round 31/100] avg private log-likelihood = -11.566
[round 32/100] avg private log-likelihood = -11.550
[round 33/100] avg private log-likelihood = -11.543
[round 34/100] avg private log-likelihood = -11.530
[round 35/100] avg private log-likelihood = -11.527
[round 36/100] avg private log-likelihood = -11.521
[round 37/100] avg private log-likelihood = -11.519
[round 38/100] avg private log-likelihood = -11.514
[round 39/100] avg private log-likelihood = -11.524
[round 40/100] avg private log-likelihood = -11.520
[round 41/100] avg private log-likelihood = -11.508
[round 42/100] avg private log-likelihood = -11.503
[round 43/100] avg private log-likelihood = -11.498
[round 44/100] avg private log-likelihood = -11.495
[round 45/100] avg private log-likelihood = -11.493
[round 46/100] avg private log-likelihood = -11.494
[round 47/100] avg private log-likelihood = -11.485
[round 48/100] avg private log-likelihood = -11.488
[round 49/100] avg private log-likelihood = -11.490
[round 50/100] avg private log-likelihood = -11.493
[round 51/100] avg private log-likelihood = -11.482
[round 52/100] avg private log-likelihood = -11.488
[round 53/100] avg private log-likelihood = -11.484
[round 54/100] avg private log-likelihood = -11.485
[round 55/100] avg private log-likelihood = -11.489
[round 56/100] avg private log-likelihood = -11.490
[round 57/100] avg private log-likelihood = -11.494
[round 58/100] avg private log-likelihood = -11.494
[round 59/100] avg private log-likelihood = -11.489
[round 60/100] avg private log-likelihood = -11.489
[round 61/100] avg private log-likelihood = -11.488
[round 62/100] avg private log-likelihood = -11.484
[round 63/100] avg private log-likelihood = -11.490
[round 64/100] avg private log-likelihood = -11.491
[round 65/100] avg private log-likelihood = -11.494
[round 66/100] avg private log-likelihood = -11.485
[round 67/100] avg private log-likelihood = -11.483
[round 68/100] avg private log-likelihood = -11.487
[round 69/100] avg private log-likelihood = -11.486
[round 70/100] avg private log-likelihood = -11.482
[round 71/100] avg private log-likelihood = -11.486
[round 72/100] avg private log-likelihood = -11.495
[round 73/100] avg private log-likelihood = -11.487
[round 74/100] avg private log-likelihood = -11.487
[round 75/100] avg private log-likelihood = -11.488
[round 76/100] avg private log-likelihood = -11.482
[round 77/100] avg private log-likelihood = -11.483
[round 78/100] avg private log-likelihood = -11.486
[round 79/100] avg private log-likelihood = -11.482
[round 80/100] avg private log-likelihood = -11.488
[round 81/100] avg private log-likelihood = -11.496
[round 82/100] avg private log-likelihood = -11.493
[round 83/100] avg private log-likelihood = -11.488
[round 84/100] avg private log-likelihood = -11.493
[round 85/100] avg private log-likelihood = -11.498
[round 86/100] avg private log-likelihood = -11.496
[round 87/100] avg private log-likelihood = -11.486
[round 88/100] avg private log-likelihood = -11.484
[round 89/100] avg private log-likelihood = -11.492
[round 90/100] avg private log-likelihood = -11.495
[round 91/100] avg private log-likelihood = -11.492
[round 92/100] avg private log-likelihood = -11.497
[round 93/100] avg private log-likelihood = -11.490
[round 94/100] avg private log-likelihood = -11.499
[round 95/100] avg private log-likelihood = -11.495
[round 96/100] avg private log-likelihood = -11.489
[round 97/100] avg private log-likelihood = -11.492
[round 98/100] avg private log-likelihood = -11.499
[round 99/100] avg private log-likelihood = -11.494
[round 100/100] avg private log-likelihood = -11.490
[DONE] Results saved to results/D8_N10_lam1.0_seed7.json
