========================================
Running experiment on GPU
  D       = 2
  N       = 50
  lambda  = 1.0
  seed    = 2
  GPU     = 0
========================================
[round 01/100] avg private log-likelihood = -3.760
[round 02/100] avg private log-likelihood = -3.769
[round 03/100] avg private log-likelihood = -3.774
[round 04/100] avg private log-likelihood = -3.775
[round 05/100] avg private log-likelihood = -3.774
[round 06/100] avg private log-likelihood = -3.776
[round 07/100] avg private log-likelihood = -3.777
[round 08/100] avg private log-likelihood = -3.776
[round 09/100] avg private log-likelihood = -3.776
[round 10/100] avg private log-likelihood = -3.775
[round 11/100] avg private log-likelihood = -3.775
[round 12/100] avg private log-likelihood = -3.773
[round 13/100] avg private log-likelihood = -3.773
[round 14/100] avg private log-likelihood = -3.773
[round 15/100] avg private log-likelihood = -3.774
[round 16/100] avg private log-likelihood = -3.775
[round 17/100] avg private log-likelihood = -3.773
[round 18/100] avg private log-likelihood = -3.774
[round 19/100] avg private log-likelihood = -3.772
[round 20/100] avg private log-likelihood = -3.773
[round 21/100] avg private log-likelihood = -3.772
[round 22/100] avg private log-likelihood = -3.771
[round 23/100] avg private log-likelihood = -3.771
[round 24/100] avg private log-likelihood = -3.772
[round 25/100] avg private log-likelihood = -3.770
[round 26/100] avg private log-likelihood = -3.772
[round 27/100] avg private log-likelihood = -3.771
[round 28/100] avg private log-likelihood = -3.771
[round 29/100] avg private log-likelihood = -3.770
[round 30/100] avg private log-likelihood = -3.768
[round 31/100] avg private log-likelihood = -3.768
[round 32/100] avg private log-likelihood = -3.767
[round 33/100] avg private log-likelihood = -3.767
[round 34/100] avg private log-likelihood = -3.767
[round 35/100] avg private log-likelihood = -3.766
[round 36/100] avg private log-likelihood = -3.767
[round 37/100] avg private log-likelihood = -3.766
[round 38/100] avg private log-likelihood = -3.766
[round 39/100] avg private log-likelihood = -3.763
[round 40/100] avg private log-likelihood = -3.764
[round 41/100] avg private log-likelihood = -3.764
[round 42/100] avg private log-likelihood = -3.767
[round 43/100] avg private log-likelihood = -3.765
[round 44/100] avg private log-likelihood = -3.762
[round 45/100] avg private log-likelihood = -3.763
[round 46/100] avg private log-likelihood = -3.764
[round 47/100] avg private log-likelihood = -3.761
[round 48/100] avg private log-likelihood = -3.762
[round 49/100] avg private log-likelihood = -3.762
[round 50/100] avg private log-likelihood = -3.761
[round 51/100] avg private log-likelihood = -3.761
[round 52/100] avg private log-likelihood = -3.760
[round 53/100] avg private log-likelihood = -3.758
[round 54/100] avg private log-likelihood = -3.758
[round 55/100] avg private log-likelihood = -3.758
[round 56/100] avg private log-likelihood = -3.757
[round 57/100] avg private log-likelihood = -3.757
[round 58/100] avg private log-likelihood = -3.758
[round 59/100] avg private log-likelihood = -3.760
[round 60/100] avg private log-likelihood = -3.758
[round 61/100] avg private log-likelihood = -3.757
[round 62/100] avg private log-likelihood = -3.757
[round 63/100] avg private log-likelihood = -3.757
[round 64/100] avg private log-likelihood = -3.757
[round 65/100] avg private log-likelihood = -3.755
[round 66/100] avg private log-likelihood = -3.756
[round 67/100] avg private log-likelihood = -3.758
[round 68/100] avg private log-likelihood = -3.757
[round 69/100] avg private log-likelihood = -3.757
[round 70/100] avg private log-likelihood = -3.755
[round 71/100] avg private log-likelihood = -3.757
[round 72/100] avg private log-likelihood = -3.756
[round 73/100] avg private log-likelihood = -3.756
[round 74/100] avg private log-likelihood = -3.755
[round 75/100] avg private log-likelihood = -3.756
[round 76/100] avg private log-likelihood = -3.756
[round 77/100] avg private log-likelihood = -3.755
[round 78/100] avg private log-likelihood = -3.757
[round 79/100] avg private log-likelihood = -3.756
[round 80/100] avg private log-likelihood = -3.757
[round 81/100] avg private log-likelihood = -3.756
[round 82/100] avg private log-likelihood = -3.757
[round 83/100] avg private log-likelihood = -3.757
[round 84/100] avg private log-likelihood = -3.757
[round 85/100] avg private log-likelihood = -3.757
[round 86/100] avg private log-likelihood = -3.756
[round 87/100] avg private log-likelihood = -3.755
[round 88/100] avg private log-likelihood = -3.756
[round 89/100] avg private log-likelihood = -3.757
[round 90/100] avg private log-likelihood = -3.757
[round 91/100] avg private log-likelihood = -3.756
[round 92/100] avg private log-likelihood = -3.755
[round 93/100] avg private log-likelihood = -3.756
[round 94/100] avg private log-likelihood = -3.755
[round 95/100] avg private log-likelihood = -3.757
[round 96/100] avg private log-likelihood = -3.755
[round 97/100] avg private log-likelihood = -3.757
[round 98/100] avg private log-likelihood = -3.756
[round 99/100] avg private log-likelihood = -3.756
[round 100/100] avg private log-likelihood = -3.757
[round 01/100] avg private log-likelihood = -3.701
[round 02/100] avg private log-likelihood = -3.710
[round 03/100] avg private log-likelihood = -3.715
[round 04/100] avg private log-likelihood = -3.718
[round 05/100] avg private log-likelihood = -3.718
[round 06/100] avg private log-likelihood = -3.718
[round 07/100] avg private log-likelihood = -3.719
[round 08/100] avg private log-likelihood = -3.719
[round 09/100] avg private log-likelihood = -3.719
[round 10/100] avg private log-likelihood = -3.719
[round 11/100] avg private log-likelihood = -3.718
[round 12/100] avg private log-likelihood = -3.719
[round 13/100] avg private log-likelihood = -3.718
[round 14/100] avg private log-likelihood = -3.719
[round 15/100] avg private log-likelihood = -3.719
[round 16/100] avg private log-likelihood = -3.718
[round 17/100] avg private log-likelihood = -3.719
[round 18/100] avg private log-likelihood = -3.719
[round 19/100] avg private log-likelihood = -3.719
[round 20/100] avg private log-likelihood = -3.719
[round 21/100] avg private log-likelihood = -3.719
[round 22/100] avg private log-likelihood = -3.719
[round 23/100] avg private log-likelihood = -3.719
[round 24/100] avg private log-likelihood = -3.719
[round 25/100] avg private log-likelihood = -3.720
[round 26/100] avg private log-likelihood = -3.718
[round 27/100] avg private log-likelihood = -3.719
[round 28/100] avg private log-likelihood = -3.719
[round 29/100] avg private log-likelihood = -3.718
[round 30/100] avg private log-likelihood = -3.719
[round 31/100] avg private log-likelihood = -3.718
[round 32/100] avg private log-likelihood = -3.719
[round 33/100] avg private log-likelihood = -3.719
[round 34/100] avg private log-likelihood = -3.720
[round 35/100] avg private log-likelihood = -3.720
[round 36/100] avg private log-likelihood = -3.719
[round 37/100] avg private log-likelihood = -3.719
[round 38/100] avg private log-likelihood = -3.718
[round 39/100] avg private log-likelihood = -3.719
[round 40/100] avg private log-likelihood = -3.719
[round 41/100] avg private log-likelihood = -3.719
[round 42/100] avg private log-likelihood = -3.719
[round 43/100] avg private log-likelihood = -3.719
[round 44/100] avg private log-likelihood = -3.719
[round 45/100] avg private log-likelihood = -3.719
[round 46/100] avg private log-likelihood = -3.718
[round 47/100] avg private log-likelihood = -3.719
[round 48/100] avg private log-likelihood = -3.718
[round 49/100] avg private log-likelihood = -3.719
[round 50/100] avg private log-likelihood = -3.718
[round 51/100] avg private log-likelihood = -3.719
[round 52/100] avg private log-likelihood = -3.719
[round 53/100] avg private log-likelihood = -3.719
[round 54/100] avg private log-likelihood = -3.719
[round 55/100] avg private log-likelihood = -3.719
[round 56/100] avg private log-likelihood = -3.719
[round 57/100] avg private log-likelihood = -3.719
[round 58/100] avg private log-likelihood = -3.720
[round 59/100] avg private log-likelihood = -3.719
[round 60/100] avg private log-likelihood = -3.719
[round 61/100] avg private log-likelihood = -3.719
[round 62/100] avg private log-likelihood = -3.718
[round 63/100] avg private log-likelihood = -3.718
[round 64/100] avg private log-likelihood = -3.718
[round 65/100] avg private log-likelihood = -3.719
[round 66/100] avg private log-likelihood = -3.719
[round 67/100] avg private log-likelihood = -3.719
[round 68/100] avg private log-likelihood = -3.719
[round 69/100] avg private log-likelihood = -3.720
[round 70/100] avg private log-likelihood = -3.718
[round 71/100] avg private log-likelihood = -3.718
[round 72/100] avg private log-likelihood = -3.718
[round 73/100] avg private log-likelihood = -3.719
[round 74/100] avg private log-likelihood = -3.718
[round 75/100] avg private log-likelihood = -3.718
[round 76/100] avg private log-likelihood = -3.719
[round 77/100] avg private log-likelihood = -3.719
[round 78/100] avg private log-likelihood = -3.718
[round 79/100] avg private log-likelihood = -3.719
[round 80/100] avg private log-likelihood = -3.719
[round 81/100] avg private log-likelihood = -3.719
[round 82/100] avg private log-likelihood = -3.719
[round 83/100] avg private log-likelihood = -3.719
[round 84/100] avg private log-likelihood = -3.719
[round 85/100] avg private log-likelihood = -3.719
[round 86/100] avg private log-likelihood = -3.719
[round 87/100] avg private log-likelihood = -3.719
[round 88/100] avg private log-likelihood = -3.718
[round 89/100] avg private log-likelihood = -3.719
[round 90/100] avg private log-likelihood = -3.719
[round 91/100] avg private log-likelihood = -3.719
[round 92/100] avg private log-likelihood = -3.719
[round 93/100] avg private log-likelihood = -3.719
[round 94/100] avg private log-likelihood = -3.719
[round 95/100] avg private log-likelihood = -3.719
[round 96/100] avg private log-likelihood = -3.719
[round 97/100] avg private log-likelihood = -3.719
[round 98/100] avg private log-likelihood = -3.719
[round 99/100] avg private log-likelihood = -3.720
[round 100/100] avg private log-likelihood = -3.719
[DONE] Results saved to results/D2_N50_lam1.0_seed2.json
