========================================
Running experiment on GPU
  D       = 8
  N       = 10
  lambda  = 0.5
  seed    = 8
  GPU     = 0
========================================
[round 01/100] avg private log-likelihood = -7.829
[round 02/100] avg private log-likelihood = -8.078
[round 03/100] avg private log-likelihood = -8.331
[round 04/100] avg private log-likelihood = -8.542
[round 05/100] avg private log-likelihood = -8.739
[round 06/100] avg private log-likelihood = -8.945
[round 07/100] avg private log-likelihood = -9.127
[round 08/100] avg private log-likelihood = -9.313
[round 09/100] avg private log-likelihood = -9.482
[round 10/100] avg private log-likelihood = -9.641
[round 11/100] avg private log-likelihood = -9.786
[round 12/100] avg private log-likelihood = -9.897
[round 13/100] avg private log-likelihood = -9.984
[round 14/100] avg private log-likelihood = -10.051
[round 15/100] avg private log-likelihood = -10.100
[round 16/100] avg private log-likelihood = -10.136
[round 17/100] avg private log-likelihood = -10.166
[round 18/100] avg private log-likelihood = -10.199
[round 19/100] avg private log-likelihood = -10.224
[round 20/100] avg private log-likelihood = -10.250
[round 21/100] avg private log-likelihood = -10.274
[round 22/100] avg private log-likelihood = -10.282
[round 23/100] avg private log-likelihood = -10.285
[round 24/100] avg private log-likelihood = -10.283
[round 25/100] avg private log-likelihood = -10.291
[round 26/100] avg private log-likelihood = -10.296
[round 27/100] avg private log-likelihood = -10.294
[round 28/100] avg private log-likelihood = -10.298
[round 29/100] avg private log-likelihood = -10.304
[round 30/100] avg private log-likelihood = -10.315
[round 31/100] avg private log-likelihood = -10.312
[round 32/100] avg private log-likelihood = -10.304
[round 33/100] avg private log-likelihood = -10.309
[round 34/100] avg private log-likelihood = -10.315
[round 35/100] avg private log-likelihood = -10.318
[round 36/100] avg private log-likelihood = -10.312
[round 37/100] avg private log-likelihood = -10.309
[round 38/100] avg private log-likelihood = -10.311
[round 39/100] avg private log-likelihood = -10.314
[round 40/100] avg private log-likelihood = -10.312
[round 41/100] avg private log-likelihood = -10.316
[round 42/100] avg private log-likelihood = -10.320
[round 43/100] avg private log-likelihood = -10.324
[round 44/100] avg private log-likelihood = -10.317
[round 45/100] avg private log-likelihood = -10.313
[round 46/100] avg private log-likelihood = -10.310
[round 47/100] avg private log-likelihood = -10.316
[round 48/100] avg private log-likelihood = -10.322
[round 49/100] avg private log-likelihood = -10.326
[round 50/100] avg private log-likelihood = -10.321
[round 51/100] avg private log-likelihood = -10.320
[round 52/100] avg private log-likelihood = -10.328
[round 53/100] avg private log-likelihood = -10.323
[round 54/100] avg private log-likelihood = -10.310
[round 55/100] avg private log-likelihood = -10.306
[round 56/100] avg private log-likelihood = -10.318
[round 57/100] avg private log-likelihood = -10.314
[round 58/100] avg private log-likelihood = -10.315
[round 59/100] avg private log-likelihood = -10.323
[round 60/100] avg private log-likelihood = -10.317
[round 61/100] avg private log-likelihood = -10.317
[round 62/100] avg private log-likelihood = -10.314
[round 63/100] avg private log-likelihood = -10.309
[round 64/100] avg private log-likelihood = -10.306
[round 65/100] avg private log-likelihood = -10.320
[round 66/100] avg private log-likelihood = -10.323
[round 67/100] avg private log-likelihood = -10.324
[round 68/100] avg private log-likelihood = -10.320
[round 69/100] avg private log-likelihood = -10.316
[round 70/100] avg private log-likelihood = -10.327
[round 71/100] avg private log-likelihood = -10.323
[round 72/100] avg private log-likelihood = -10.321
[round 73/100] avg private log-likelihood = -10.329
[round 74/100] avg private log-likelihood = -10.315
[round 75/100] avg private log-likelihood = -10.313
[round 76/100] avg private log-likelihood = -10.314
[round 77/100] avg private log-likelihood = -10.297
[round 78/100] avg private log-likelihood = -10.308
[round 79/100] avg private log-likelihood = -10.308
[round 80/100] avg private log-likelihood = -10.308
[round 81/100] avg private log-likelihood = -10.307
[round 82/100] avg private log-likelihood = -10.319
[round 83/100] avg private log-likelihood = -10.319
[round 84/100] avg private log-likelihood = -10.313
[round 85/100] avg private log-likelihood = -10.319
[round 86/100] avg private log-likelihood = -10.319
[round 87/100] avg private log-likelihood = -10.316
[round 88/100] avg private log-likelihood = -10.315
[round 89/100] avg private log-likelihood = -10.309
[round 90/100] avg private log-likelihood = -10.315
[round 91/100] avg private log-likelihood = -10.313
[round 92/100] avg private log-likelihood = -10.319
[round 93/100] avg private log-likelihood = -10.316
[round 94/100] avg private log-likelihood = -10.306
[round 95/100] avg private log-likelihood = -10.311
[round 96/100] avg private log-likelihood = -10.313
[round 97/100] avg private log-likelihood = -10.321
[round 98/100] avg private log-likelihood = -10.312
[round 99/100] avg private log-likelihood = -10.324
[round 100/100] avg private log-likelihood = -10.329
[round 01/100] avg private log-likelihood = -7.812
[round 02/100] avg private log-likelihood = -8.067
[round 03/100] avg private log-likelihood = -8.305
[round 04/100] avg private log-likelihood = -8.519
[round 05/100] avg private log-likelihood = -8.727
[round 06/100] avg private log-likelihood = -8.923
[round 07/100] avg private log-likelihood = -9.112
[round 08/100] avg private log-likelihood = -9.291
[round 09/100] avg private log-likelihood = -9.459
[round 10/100] avg private log-likelihood = -9.620
[round 11/100] avg private log-likelihood = -9.753
[round 12/100] avg private log-likelihood = -9.863
[round 13/100] avg private log-likelihood = -9.942
[round 14/100] avg private log-likelihood = -10.005
[round 15/100] avg private log-likelihood = -10.057
[round 16/100] avg private log-likelihood = -10.116
[round 17/100] avg private log-likelihood = -10.157
[round 18/100] avg private log-likelihood = -10.181
[round 19/100] avg private log-likelihood = -10.213
[round 20/100] avg private log-likelihood = -10.232
[round 21/100] avg private log-likelihood = -10.245
[round 22/100] avg private log-likelihood = -10.266
[round 23/100] avg private log-likelihood = -10.277
[round 24/100] avg private log-likelihood = -10.289
[round 25/100] avg private log-likelihood = -10.288
[round 26/100] avg private log-likelihood = -10.295
[round 27/100] avg private log-likelihood = -10.301
[round 28/100] avg private log-likelihood = -10.292
[round 29/100] avg private log-likelihood = -10.301
[round 30/100] avg private log-likelihood = -10.306
[round 31/100] avg private log-likelihood = -10.304
[round 32/100] avg private log-likelihood = -10.301
[round 33/100] avg private log-likelihood = -10.309
[round 34/100] avg private log-likelihood = -10.308
[round 35/100] avg private log-likelihood = -10.306
[round 36/100] avg private log-likelihood = -10.305
[round 37/100] avg private log-likelihood = -10.310
[round 38/100] avg private log-likelihood = -10.312
[round 39/100] avg private log-likelihood = -10.309
[round 40/100] avg private log-likelihood = -10.301
[round 41/100] avg private log-likelihood = -10.312
[round 42/100] avg private log-likelihood = -10.311
[round 43/100] avg private log-likelihood = -10.312
[round 44/100] avg private log-likelihood = -10.309
[round 45/100] avg private log-likelihood = -10.311
[round 46/100] avg private log-likelihood = -10.315
[round 47/100] avg private log-likelihood = -10.327
[round 48/100] avg private log-likelihood = -10.335
[round 49/100] avg private log-likelihood = -10.334
[round 50/100] avg private log-likelihood = -10.322
[round 51/100] avg private log-likelihood = -10.320
[round 52/100] avg private log-likelihood = -10.313
[round 53/100] avg private log-likelihood = -10.321
[round 54/100] avg private log-likelihood = -10.318
[round 55/100] avg private log-likelihood = -10.315
[round 56/100] avg private log-likelihood = -10.310
[round 57/100] avg private log-likelihood = -10.313
[round 58/100] avg private log-likelihood = -10.319
[round 59/100] avg private log-likelihood = -10.315
[round 60/100] avg private log-likelihood = -10.317
[round 61/100] avg private log-likelihood = -10.312
[round 62/100] avg private log-likelihood = -10.307
[round 63/100] avg private log-likelihood = -10.306
[round 64/100] avg private log-likelihood = -10.309
[round 65/100] avg private log-likelihood = -10.313
[round 66/100] avg private log-likelihood = -10.320
[round 67/100] avg private log-likelihood = -10.312
[round 68/100] avg private log-likelihood = -10.315
[round 69/100] avg private log-likelihood = -10.323
[round 70/100] avg private log-likelihood = -10.321
[round 71/100] avg private log-likelihood = -10.312
[round 72/100] avg private log-likelihood = -10.323
[round 73/100] avg private log-likelihood = -10.323
[round 74/100] avg private log-likelihood = -10.335
[round 75/100] avg private log-likelihood = -10.334
[round 76/100] avg private log-likelihood = -10.325
[round 77/100] avg private log-likelihood = -10.332
[round 78/100] avg private log-likelihood = -10.323
[round 79/100] avg private log-likelihood = -10.322
[round 80/100] avg private log-likelihood = -10.314
[round 81/100] avg private log-likelihood = -10.315
[round 82/100] avg private log-likelihood = -10.319
[round 83/100] avg private log-likelihood = -10.318
[round 84/100] avg private log-likelihood = -10.315
[round 85/100] avg private log-likelihood = -10.310
[round 86/100] avg private log-likelihood = -10.308
[round 87/100] avg private log-likelihood = -10.313
[round 88/100] avg private log-likelihood = -10.306
[round 89/100] avg private log-likelihood = -10.311
[round 90/100] avg private log-likelihood = -10.319
[round 91/100] avg private log-likelihood = -10.314
[round 92/100] avg private log-likelihood = -10.325
[round 93/100] avg private log-likelihood = -10.325
[round 94/100] avg private log-likelihood = -10.325
[round 95/100] avg private log-likelihood = -10.315
[round 96/100] avg private log-likelihood = -10.315
[round 97/100] avg private log-likelihood = -10.306
[round 98/100] avg private log-likelihood = -10.306
[round 99/100] avg private log-likelihood = -10.304
[round 100/100] avg private log-likelihood = -10.307
[DONE] Results saved to results/D8_N10_lam0.5_seed8.json
