========================================
Running experiment on GPU
  D       = 2
  N       = 10
  lambda  = 0
  seed    = 5
  GPU     = 0
========================================
[round 01/100] avg private log-likelihood = -2.156
[round 02/100] avg private log-likelihood = -2.152
[round 03/100] avg private log-likelihood = -2.149
[round 04/100] avg private log-likelihood = -2.146
[round 05/100] avg private log-likelihood = -2.143
[round 06/100] avg private log-likelihood = -2.141
[round 07/100] avg private log-likelihood = -2.137
[round 08/100] avg private log-likelihood = -2.134
[round 09/100] avg private log-likelihood = -2.130
[round 10/100] avg private log-likelihood = -2.128
[round 11/100] avg private log-likelihood = -2.125
[round 12/100] avg private log-likelihood = -2.122
[round 13/100] avg private log-likelihood = -2.120
[round 14/100] avg private log-likelihood = -2.118
[round 15/100] avg private log-likelihood = -2.115
[round 16/100] avg private log-likelihood = -2.113
[round 17/100] avg private log-likelihood = -2.111
[round 18/100] avg private log-likelihood = -2.109
[round 19/100] avg private log-likelihood = -2.107
[round 20/100] avg private log-likelihood = -2.105
[round 21/100] avg private log-likelihood = -2.102
[round 22/100] avg private log-likelihood = -2.100
[round 23/100] avg private log-likelihood = -2.098
[round 24/100] avg private log-likelihood = -2.096
[round 25/100] avg private log-likelihood = -2.094
[round 26/100] avg private log-likelihood = -2.092
[round 27/100] avg private log-likelihood = -2.089
[round 28/100] avg private log-likelihood = -2.087
[round 29/100] avg private log-likelihood = -2.085
[round 30/100] avg private log-likelihood = -2.083
[round 31/100] avg private log-likelihood = -2.081
[round 32/100] avg private log-likelihood = -2.079
[round 33/100] avg private log-likelihood = -2.077
[round 34/100] avg private log-likelihood = -2.075
[round 35/100] avg private log-likelihood = -2.073
[round 36/100] avg private log-likelihood = -2.071
[round 37/100] avg private log-likelihood = -2.069
[round 38/100] avg private log-likelihood = -2.066
[round 39/100] avg private log-likelihood = -2.064
[round 40/100] avg private log-likelihood = -2.062
[round 41/100] avg private log-likelihood = -2.060
[round 42/100] avg private log-likelihood = -2.058
[round 43/100] avg private log-likelihood = -2.057
[round 44/100] avg private log-likelihood = -2.057
[round 45/100] avg private log-likelihood = -2.057
[round 46/100] avg private log-likelihood = -2.057
[round 47/100] avg private log-likelihood = -2.057
[round 48/100] avg private log-likelihood = -2.057
[round 49/100] avg private log-likelihood = -2.057
[round 50/100] avg private log-likelihood = -2.057
[round 51/100] avg private log-likelihood = -2.057
[round 52/100] avg private log-likelihood = -2.057
[round 53/100] avg private log-likelihood = -2.057
[round 54/100] avg private log-likelihood = -2.057
[round 55/100] avg private log-likelihood = -2.057
[round 56/100] avg private log-likelihood = -2.057
[round 57/100] avg private log-likelihood = -2.057
[round 58/100] avg private log-likelihood = -2.057
[round 59/100] avg private log-likelihood = -2.057
[round 60/100] avg private log-likelihood = -2.057
[round 61/100] avg private log-likelihood = -2.057
[round 62/100] avg private log-likelihood = -2.057
[round 63/100] avg private log-likelihood = -2.057
[round 64/100] avg private log-likelihood = -2.057
[round 65/100] avg private log-likelihood = -2.057
[round 66/100] avg private log-likelihood = -2.057
[round 67/100] avg private log-likelihood = -2.057
[round 68/100] avg private log-likelihood = -2.057
[round 69/100] avg private log-likelihood = -2.057
[round 70/100] avg private log-likelihood = -2.057
[round 71/100] avg private log-likelihood = -2.057
[round 72/100] avg private log-likelihood = -2.057
[round 73/100] avg private log-likelihood = -2.057
[round 74/100] avg private log-likelihood = -2.057
[round 75/100] avg private log-likelihood = -2.057
[round 76/100] avg private log-likelihood = -2.057
[round 77/100] avg private log-likelihood = -2.057
[round 78/100] avg private log-likelihood = -2.057
[round 79/100] avg private log-likelihood = -2.057
[round 80/100] avg private log-likelihood = -2.057
[round 81/100] avg private log-likelihood = -2.057
[round 82/100] avg private log-likelihood = -2.057
[round 83/100] avg private log-likelihood = -2.057
[round 84/100] avg private log-likelihood = -2.057
[round 85/100] avg private log-likelihood = -2.057
[round 86/100] avg private log-likelihood = -2.057
[round 87/100] avg private log-likelihood = -2.057
[round 88/100] avg private log-likelihood = -2.057
[round 89/100] avg private log-likelihood = -2.057
[round 90/100] avg private log-likelihood = -2.057
[round 91/100] avg private log-likelihood = -2.057
[round 92/100] avg private log-likelihood = -2.057
[round 93/100] avg private log-likelihood = -2.057
[round 94/100] avg private log-likelihood = -2.057
[round 95/100] avg private log-likelihood = -2.057
[round 96/100] avg private log-likelihood = -2.057
[round 97/100] avg private log-likelihood = -2.057
[round 98/100] avg private log-likelihood = -2.057
[round 99/100] avg private log-likelihood = -2.057
[round 100/100] avg private log-likelihood = -2.057
[round 01/100] avg private log-likelihood = -2.050
[round 02/100] avg private log-likelihood = -2.049
[round 03/100] avg private log-likelihood = -2.049
[round 04/100] avg private log-likelihood = -2.048
[round 05/100] avg private log-likelihood = -2.048
[round 06/100] avg private log-likelihood = -2.048
[round 07/100] avg private log-likelihood = -2.047
[round 08/100] avg private log-likelihood = -2.047
[round 09/100] avg private log-likelihood = -2.046
[round 10/100] avg private log-likelihood = -2.045
[round 11/100] avg private log-likelihood = -2.044
[round 12/100] avg private log-likelihood = -2.042
[round 13/100] avg private log-likelihood = -2.041
[round 14/100] avg private log-likelihood = -2.040
[round 15/100] avg private log-likelihood = -2.040
[round 16/100] avg private log-likelihood = -2.040
[round 17/100] avg private log-likelihood = -2.040
[round 18/100] avg private log-likelihood = -2.040
[round 19/100] avg private log-likelihood = -2.039
[round 20/100] avg private log-likelihood = -2.039
[round 21/100] avg private log-likelihood = -2.039
[round 22/100] avg private log-likelihood = -2.038
[round 23/100] avg private log-likelihood = -2.038
[round 24/100] avg private log-likelihood = -2.036
[round 25/100] avg private log-likelihood = -2.034
[round 26/100] avg private log-likelihood = -2.033
[round 27/100] avg private log-likelihood = -2.031
[round 28/100] avg private log-likelihood = -2.031
[round 29/100] avg private log-likelihood = -2.030
[round 30/100] avg private log-likelihood = -2.030
[round 31/100] avg private log-likelihood = -2.030
[round 32/100] avg private log-likelihood = -2.030
[round 33/100] avg private log-likelihood = -2.029
[round 34/100] avg private log-likelihood = -2.029
[round 35/100] avg private log-likelihood = -2.030
[round 36/100] avg private log-likelihood = -2.030
[round 37/100] avg private log-likelihood = -2.029
[round 38/100] avg private log-likelihood = -2.030
[round 39/100] avg private log-likelihood = -2.029
[round 40/100] avg private log-likelihood = -2.030
[round 41/100] avg private log-likelihood = -2.029
[round 42/100] avg private log-likelihood = -2.030
[round 43/100] avg private log-likelihood = -2.030
[round 44/100] avg private log-likelihood = -2.030
[round 45/100] avg private log-likelihood = -2.030
[round 46/100] avg private log-likelihood = -2.030
[round 47/100] avg private log-likelihood = -2.029
[round 48/100] avg private log-likelihood = -2.029
[round 49/100] avg private log-likelihood = -2.029
[round 50/100] avg private log-likelihood = -2.029
[round 51/100] avg private log-likelihood = -2.029
[round 52/100] avg private log-likelihood = -2.030
[round 53/100] avg private log-likelihood = -2.030
[round 54/100] avg private log-likelihood = -2.030
[round 55/100] avg private log-likelihood = -2.030
[round 56/100] avg private log-likelihood = -2.029
[round 57/100] avg private log-likelihood = -2.029
[round 58/100] avg private log-likelihood = -2.029
[round 59/100] avg private log-likelihood = -2.029
[round 60/100] avg private log-likelihood = -2.029
[round 61/100] avg private log-likelihood = -2.030
[round 62/100] avg private log-likelihood = -2.029
[round 63/100] avg private log-likelihood = -2.030
[round 64/100] avg private log-likelihood = -2.029
[round 65/100] avg private log-likelihood = -2.030
[round 66/100] avg private log-likelihood = -2.030
[round 67/100] avg private log-likelihood = -2.029
[round 68/100] avg private log-likelihood = -2.029
[round 69/100] avg private log-likelihood = -2.030
[round 70/100] avg private log-likelihood = -2.029
[round 71/100] avg private log-likelihood = -2.029
[round 72/100] avg private log-likelihood = -2.030
[round 73/100] avg private log-likelihood = -2.029
[round 74/100] avg private log-likelihood = -2.029
[round 75/100] avg private log-likelihood = -2.030
[round 76/100] avg private log-likelihood = -2.030
[round 77/100] avg private log-likelihood = -2.029
[round 78/100] avg private log-likelihood = -2.030
[round 79/100] avg private log-likelihood = -2.030
[round 80/100] avg private log-likelihood = -2.030
[round 81/100] avg private log-likelihood = -2.030
[round 82/100] avg private log-likelihood = -2.029
[round 83/100] avg private log-likelihood = -2.029
[round 84/100] avg private log-likelihood = -2.029
[round 85/100] avg private log-likelihood = -2.030
[round 86/100] avg private log-likelihood = -2.029
[round 87/100] avg private log-likelihood = -2.030
[round 88/100] avg private log-likelihood = -2.029
[round 89/100] avg private log-likelihood = -2.029
[round 90/100] avg private log-likelihood = -2.029
[round 91/100] avg private log-likelihood = -2.029
[round 92/100] avg private log-likelihood = -2.029
[round 93/100] avg private log-likelihood = -2.029
[round 94/100] avg private log-likelihood = -2.029
[round 95/100] avg private log-likelihood = -2.029
[round 96/100] avg private log-likelihood = -2.029
[round 97/100] avg private log-likelihood = -2.029
[round 98/100] avg private log-likelihood = -2.030
[round 99/100] avg private log-likelihood = -2.029
[round 100/100] avg private log-likelihood = -2.029
[DONE] Results saved to results/D2_N10_lam0.0_seed5.json
