========================================
Running experiment on GPU
  D       = 2
  N       = 25
  lambda  = 0
  seed    = 5
  GPU     = 0
========================================
[round 01/100] avg private log-likelihood = -3.176
[round 02/100] avg private log-likelihood = -3.173
[round 03/100] avg private log-likelihood = -3.172
[round 04/100] avg private log-likelihood = -3.170
[round 05/100] avg private log-likelihood = -3.169
[round 06/100] avg private log-likelihood = -3.167
[round 07/100] avg private log-likelihood = -3.166
[round 08/100] avg private log-likelihood = -3.164
[round 09/100] avg private log-likelihood = -3.162
[round 10/100] avg private log-likelihood = -3.160
[round 11/100] avg private log-likelihood = -3.157
[round 12/100] avg private log-likelihood = -3.155
[round 13/100] avg private log-likelihood = -3.152
[round 14/100] avg private log-likelihood = -3.150
[round 15/100] avg private log-likelihood = -3.148
[round 16/100] avg private log-likelihood = -3.147
[round 17/100] avg private log-likelihood = -3.146
[round 18/100] avg private log-likelihood = -3.144
[round 19/100] avg private log-likelihood = -3.143
[round 20/100] avg private log-likelihood = -3.142
[round 21/100] avg private log-likelihood = -3.141
[round 22/100] avg private log-likelihood = -3.140
[round 23/100] avg private log-likelihood = -3.139
[round 24/100] avg private log-likelihood = -3.138
[round 25/100] avg private log-likelihood = -3.137
[round 26/100] avg private log-likelihood = -3.135
[round 27/100] avg private log-likelihood = -3.134
[round 28/100] avg private log-likelihood = -3.134
[round 29/100] avg private log-likelihood = -3.133
[round 30/100] avg private log-likelihood = -3.132
[round 31/100] avg private log-likelihood = -3.131
[round 32/100] avg private log-likelihood = -3.130
[round 33/100] avg private log-likelihood = -3.130
[round 34/100] avg private log-likelihood = -3.129
[round 35/100] avg private log-likelihood = -3.128
[round 36/100] avg private log-likelihood = -3.127
[round 37/100] avg private log-likelihood = -3.127
[round 38/100] avg private log-likelihood = -3.126
[round 39/100] avg private log-likelihood = -3.125
[round 40/100] avg private log-likelihood = -3.124
[round 41/100] avg private log-likelihood = -3.123
[round 42/100] avg private log-likelihood = -3.123
[round 43/100] avg private log-likelihood = -3.122
[round 44/100] avg private log-likelihood = -3.121
[round 45/100] avg private log-likelihood = -3.120
[round 46/100] avg private log-likelihood = -3.120
[round 47/100] avg private log-likelihood = -3.119
[round 48/100] avg private log-likelihood = -3.118
[round 49/100] avg private log-likelihood = -3.117
[round 50/100] avg private log-likelihood = -3.116
[round 51/100] avg private log-likelihood = -3.115
[round 52/100] avg private log-likelihood = -3.114
[round 53/100] avg private log-likelihood = -3.114
[round 54/100] avg private log-likelihood = -3.113
[round 55/100] avg private log-likelihood = -3.112
[round 56/100] avg private log-likelihood = -3.111
[round 57/100] avg private log-likelihood = -3.111
[round 58/100] avg private log-likelihood = -3.110
[round 59/100] avg private log-likelihood = -3.109
[round 60/100] avg private log-likelihood = -3.109
[round 61/100] avg private log-likelihood = -3.109
[round 62/100] avg private log-likelihood = -3.108
[round 63/100] avg private log-likelihood = -3.108
[round 64/100] avg private log-likelihood = -3.108
[round 65/100] avg private log-likelihood = -3.107
[round 66/100] avg private log-likelihood = -3.107
[round 67/100] avg private log-likelihood = -3.107
[round 68/100] avg private log-likelihood = -3.106
[round 69/100] avg private log-likelihood = -3.106
[round 70/100] avg private log-likelihood = -3.105
[round 71/100] avg private log-likelihood = -3.105
[round 72/100] avg private log-likelihood = -3.105
[round 73/100] avg private log-likelihood = -3.105
[round 74/100] avg private log-likelihood = -3.105
[round 75/100] avg private log-likelihood = -3.104
[round 76/100] avg private log-likelihood = -3.104
[round 77/100] avg private log-likelihood = -3.105
[round 78/100] avg private log-likelihood = -3.105
[round 79/100] avg private log-likelihood = -3.105
[round 80/100] avg private log-likelihood = -3.104
[round 81/100] avg private log-likelihood = -3.104
[round 82/100] avg private log-likelihood = -3.104
[round 83/100] avg private log-likelihood = -3.105
[round 84/100] avg private log-likelihood = -3.105
[round 85/100] avg private log-likelihood = -3.105
[round 86/100] avg private log-likelihood = -3.105
[round 87/100] avg private log-likelihood = -3.105
[round 88/100] avg private log-likelihood = -3.105
[round 89/100] avg private log-likelihood = -3.105
[round 90/100] avg private log-likelihood = -3.104
[round 91/100] avg private log-likelihood = -3.104
[round 92/100] avg private log-likelihood = -3.104
[round 93/100] avg private log-likelihood = -3.104
[round 94/100] avg private log-likelihood = -3.105
[round 95/100] avg private log-likelihood = -3.105
[round 96/100] avg private log-likelihood = -3.104
[round 97/100] avg private log-likelihood = -3.104
[round 98/100] avg private log-likelihood = -3.104
[round 99/100] avg private log-likelihood = -3.105
[round 100/100] avg private log-likelihood = -3.105
[round 01/100] avg private log-likelihood = -3.161
[round 02/100] avg private log-likelihood = -3.154
[round 03/100] avg private log-likelihood = -3.148
[round 04/100] avg private log-likelihood = -3.144
[round 05/100] avg private log-likelihood = -3.141
[round 06/100] avg private log-likelihood = -3.139
[round 07/100] avg private log-likelihood = -3.137
[round 08/100] avg private log-likelihood = -3.136
[round 09/100] avg private log-likelihood = -3.135
[round 10/100] avg private log-likelihood = -3.134
[round 11/100] avg private log-likelihood = -3.133
[round 12/100] avg private log-likelihood = -3.133
[round 13/100] avg private log-likelihood = -3.132
[round 14/100] avg private log-likelihood = -3.132
[round 15/100] avg private log-likelihood = -3.131
[round 16/100] avg private log-likelihood = -3.130
[round 17/100] avg private log-likelihood = -3.129
[round 18/100] avg private log-likelihood = -3.129
[round 19/100] avg private log-likelihood = -3.128
[round 20/100] avg private log-likelihood = -3.127
[round 21/100] avg private log-likelihood = -3.126
[round 22/100] avg private log-likelihood = -3.125
[round 23/100] avg private log-likelihood = -3.124
[round 24/100] avg private log-likelihood = -3.123
[round 25/100] avg private log-likelihood = -3.123
[round 26/100] avg private log-likelihood = -3.122
[round 27/100] avg private log-likelihood = -3.122
[round 28/100] avg private log-likelihood = -3.122
[round 29/100] avg private log-likelihood = -3.122
[round 30/100] avg private log-likelihood = -3.122
[round 31/100] avg private log-likelihood = -3.122
[round 32/100] avg private log-likelihood = -3.122
[round 33/100] avg private log-likelihood = -3.122
[round 34/100] avg private log-likelihood = -3.122
[round 35/100] avg private log-likelihood = -3.122
[round 36/100] avg private log-likelihood = -3.122
[round 37/100] avg private log-likelihood = -3.122
[round 38/100] avg private log-likelihood = -3.122
[round 39/100] avg private log-likelihood = -3.122
[round 40/100] avg private log-likelihood = -3.122
[round 41/100] avg private log-likelihood = -3.122
[round 42/100] avg private log-likelihood = -3.122
[round 43/100] avg private log-likelihood = -3.122
[round 44/100] avg private log-likelihood = -3.122
[round 45/100] avg private log-likelihood = -3.122
[round 46/100] avg private log-likelihood = -3.122
[round 47/100] avg private log-likelihood = -3.122
[round 48/100] avg private log-likelihood = -3.122
[round 49/100] avg private log-likelihood = -3.122
[round 50/100] avg private log-likelihood = -3.122
[round 51/100] avg private log-likelihood = -3.122
[round 52/100] avg private log-likelihood = -3.122
[round 53/100] avg private log-likelihood = -3.122
[round 54/100] avg private log-likelihood = -3.122
[round 55/100] avg private log-likelihood = -3.122
[round 56/100] avg private log-likelihood = -3.122
[round 57/100] avg private log-likelihood = -3.122
[round 58/100] avg private log-likelihood = -3.122
[round 59/100] avg private log-likelihood = -3.122
[round 60/100] avg private log-likelihood = -3.122
[round 61/100] avg private log-likelihood = -3.122
[round 62/100] avg private log-likelihood = -3.122
[round 63/100] avg private log-likelihood = -3.122
[round 64/100] avg private log-likelihood = -3.122
[round 65/100] avg private log-likelihood = -3.122
[round 66/100] avg private log-likelihood = -3.122
[round 67/100] avg private log-likelihood = -3.122
[round 68/100] avg private log-likelihood = -3.122
[round 69/100] avg private log-likelihood = -3.122
[round 70/100] avg private log-likelihood = -3.122
[round 71/100] avg private log-likelihood = -3.122
[round 72/100] avg private log-likelihood = -3.122
[round 73/100] avg private log-likelihood = -3.122
[round 74/100] avg private log-likelihood = -3.122
[round 75/100] avg private log-likelihood = -3.122
[round 76/100] avg private log-likelihood = -3.122
[round 77/100] avg private log-likelihood = -3.122
[round 78/100] avg private log-likelihood = -3.122
[round 79/100] avg private log-likelihood = -3.122
[round 80/100] avg private log-likelihood = -3.122
[round 81/100] avg private log-likelihood = -3.122
[round 82/100] avg private log-likelihood = -3.122
[round 83/100] avg private log-likelihood = -3.122
[round 84/100] avg private log-likelihood = -3.122
[round 85/100] avg private log-likelihood = -3.122
[round 86/100] avg private log-likelihood = -3.122
[round 87/100] avg private log-likelihood = -3.122
[round 88/100] avg private log-likelihood = -3.122
[round 89/100] avg private log-likelihood = -3.122
[round 90/100] avg private log-likelihood = -3.122
[round 91/100] avg private log-likelihood = -3.122
[round 92/100] avg private log-likelihood = -3.122
[round 93/100] avg private log-likelihood = -3.122
[round 94/100] avg private log-likelihood = -3.122
[round 95/100] avg private log-likelihood = -3.122
[round 96/100] avg private log-likelihood = -3.122
[round 97/100] avg private log-likelihood = -3.122
[round 98/100] avg private log-likelihood = -3.122
[round 99/100] avg private log-likelihood = -3.122
[round 100/100] avg private log-likelihood = -3.122
[DONE] Results saved to results/D2_N25_lam0.0_seed5.json
