========================================
Running experiment on GPU
  D       = 16
  N       = 10
  lambda  = 0.5
  seed    = 4
  GPU     = 0
========================================
[round 01/100] avg private log-likelihood = -14.862
[round 02/100] avg private log-likelihood = -15.470
[round 03/100] avg private log-likelihood = -15.934
[round 04/100] avg private log-likelihood = -16.410
[round 05/100] avg private log-likelihood = -16.869
[round 06/100] avg private log-likelihood = -17.320
[round 07/100] avg private log-likelihood = -17.775
[round 08/100] avg private log-likelihood = -18.205
[round 09/100] avg private log-likelihood = -18.568
[round 10/100] avg private log-likelihood = -18.915
[round 11/100] avg private log-likelihood = -19.207
[round 12/100] avg private log-likelihood = -19.506
[round 13/100] avg private log-likelihood = -19.742
[round 14/100] avg private log-likelihood = -19.914
[round 15/100] avg private log-likelihood = -19.994
[round 16/100] avg private log-likelihood = -20.013
[round 17/100] avg private log-likelihood = -19.957
[round 18/100] avg private log-likelihood = -19.913
[round 19/100] avg private log-likelihood = -19.886
[round 20/100] avg private log-likelihood = -19.847
[round 21/100] avg private log-likelihood = -19.818
[round 22/100] avg private log-likelihood = -19.816
[round 23/100] avg private log-likelihood = -19.797
[round 24/100] avg private log-likelihood = -19.793
[round 25/100] avg private log-likelihood = -19.788
[round 26/100] avg private log-likelihood = -19.784
[round 27/100] avg private log-likelihood = -19.787
[round 28/100] avg private log-likelihood = -19.782
[round 29/100] avg private log-likelihood = -19.766
[round 30/100] avg private log-likelihood = -19.771
[round 31/100] avg private log-likelihood = -19.761
[round 32/100] avg private log-likelihood = -19.765
[round 33/100] avg private log-likelihood = -19.770
[round 34/100] avg private log-likelihood = -19.768
[round 35/100] avg private log-likelihood = -19.787
[round 36/100] avg private log-likelihood = -19.783
[round 37/100] avg private log-likelihood = -19.778
[round 38/100] avg private log-likelihood = -19.757
[round 39/100] avg private log-likelihood = -19.759
[round 40/100] avg private log-likelihood = -19.778
[round 41/100] avg private log-likelihood = -19.769
[round 42/100] avg private log-likelihood = -19.770
[round 43/100] avg private log-likelihood = -19.754
[round 44/100] avg private log-likelihood = -19.756
[round 45/100] avg private log-likelihood = -19.765
[round 46/100] avg private log-likelihood = -19.767
[round 47/100] avg private log-likelihood = -19.778
[round 48/100] avg private log-likelihood = -19.787
[round 49/100] avg private log-likelihood = -19.778
[round 50/100] avg private log-likelihood = -19.776
[round 51/100] avg private log-likelihood = -19.768
[round 52/100] avg private log-likelihood = -19.771
[round 53/100] avg private log-likelihood = -19.786
[round 54/100] avg private log-likelihood = -19.796
[round 55/100] avg private log-likelihood = -19.774
[round 56/100] avg private log-likelihood = -19.776
[round 57/100] avg private log-likelihood = -19.793
[round 58/100] avg private log-likelihood = -19.779
[round 59/100] avg private log-likelihood = -19.787
[round 60/100] avg private log-likelihood = -19.764
[round 61/100] avg private log-likelihood = -19.785
[round 62/100] avg private log-likelihood = -19.775
[round 63/100] avg private log-likelihood = -19.780
[round 64/100] avg private log-likelihood = -19.761
[round 65/100] avg private log-likelihood = -19.767
[round 66/100] avg private log-likelihood = -19.767
[round 67/100] avg private log-likelihood = -19.762
[round 68/100] avg private log-likelihood = -19.767
[round 69/100] avg private log-likelihood = -19.771
[round 70/100] avg private log-likelihood = -19.768
[round 71/100] avg private log-likelihood = -19.773
[round 72/100] avg private log-likelihood = -19.745
[round 73/100] avg private log-likelihood = -19.759
[round 74/100] avg private log-likelihood = -19.767
[round 75/100] avg private log-likelihood = -19.801
[round 76/100] avg private log-likelihood = -19.778
[round 77/100] avg private log-likelihood = -19.764
[round 78/100] avg private log-likelihood = -19.775
[round 79/100] avg private log-likelihood = -19.797
[round 80/100] avg private log-likelihood = -19.787
[round 81/100] avg private log-likelihood = -19.764
[round 82/100] avg private log-likelihood = -19.766
[round 83/100] avg private log-likelihood = -19.792
[round 84/100] avg private log-likelihood = -19.779
[round 85/100] avg private log-likelihood = -19.763
[round 86/100] avg private log-likelihood = -19.778
[round 87/100] avg private log-likelihood = -19.789
[round 88/100] avg private log-likelihood = -19.767
[round 89/100] avg private log-likelihood = -19.764
[round 90/100] avg private log-likelihood = -19.774
[round 91/100] avg private log-likelihood = -19.782
[round 92/100] avg private log-likelihood = -19.767
[round 93/100] avg private log-likelihood = -19.771
[round 94/100] avg private log-likelihood = -19.773
[round 95/100] avg private log-likelihood = -19.777
[round 96/100] avg private log-likelihood = -19.786
[round 97/100] avg private log-likelihood = -19.772
[round 98/100] avg private log-likelihood = -19.763
[round 99/100] avg private log-likelihood = -19.751
[round 100/100] avg private log-likelihood = -19.763
[round 01/100] avg private log-likelihood = -14.823
[round 02/100] avg private log-likelihood = -15.408
[round 03/100] avg private log-likelihood = -15.909
[round 04/100] avg private log-likelihood = -16.396
[round 05/100] avg private log-likelihood = -16.844
[round 06/100] avg private log-likelihood = -17.298
[round 07/100] avg private log-likelihood = -17.752
[round 08/100] avg private log-likelihood = -18.167
[round 09/100] avg private log-likelihood = -18.544
[round 10/100] avg private log-likelihood = -18.880
[round 11/100] avg private log-likelihood = -19.177
[round 12/100] avg private log-likelihood = -19.461
[round 13/100] avg private log-likelihood = -19.699
[round 14/100] avg private log-likelihood = -19.880
[round 15/100] avg private log-likelihood = -19.972
[round 16/100] avg private log-likelihood = -19.987
[round 17/100] avg private log-likelihood = -19.953
[round 18/100] avg private log-likelihood = -19.934
[round 19/100] avg private log-likelihood = -19.898
[round 20/100] avg private log-likelihood = -19.843
[round 21/100] avg private log-likelihood = -19.826
[round 22/100] avg private log-likelihood = -19.817
[round 23/100] avg private log-likelihood = -19.785
[round 24/100] avg private log-likelihood = -19.781
[round 25/100] avg private log-likelihood = -19.786
[round 26/100] avg private log-likelihood = -19.787
[round 27/100] avg private log-likelihood = -19.770
[round 28/100] avg private log-likelihood = -19.772
[round 29/100] avg private log-likelihood = -19.775
[round 30/100] avg private log-likelihood = -19.757
[round 31/100] avg private log-likelihood = -19.749
[round 32/100] avg private log-likelihood = -19.772
[round 33/100] avg private log-likelihood = -19.770
[round 34/100] avg private log-likelihood = -19.759
[round 35/100] avg private log-likelihood = -19.743
[round 36/100] avg private log-likelihood = -19.760
[round 37/100] avg private log-likelihood = -19.786
[round 38/100] avg private log-likelihood = -19.771
[round 39/100] avg private log-likelihood = -19.783
[round 40/100] avg private log-likelihood = -19.787
[round 41/100] avg private log-likelihood = -19.786
[round 42/100] avg private log-likelihood = -19.769
[round 43/100] avg private log-likelihood = -19.771
[round 44/100] avg private log-likelihood = -19.783
[round 45/100] avg private log-likelihood = -19.775
[round 46/100] avg private log-likelihood = -19.772
[round 47/100] avg private log-likelihood = -19.760
[round 48/100] avg private log-likelihood = -19.759
[round 49/100] avg private log-likelihood = -19.778
[round 50/100] avg private log-likelihood = -19.746
[round 51/100] avg private log-likelihood = -19.765
[round 52/100] avg private log-likelihood = -19.784
[round 53/100] avg private log-likelihood = -19.767
[round 54/100] avg private log-likelihood = -19.780
[round 55/100] avg private log-likelihood = -19.778
[round 56/100] avg private log-likelihood = -19.771
[round 57/100] avg private log-likelihood = -19.781
[round 58/100] avg private log-likelihood = -19.789
[round 59/100] avg private log-likelihood = -19.789
[round 60/100] avg private log-likelihood = -19.794
[round 61/100] avg private log-likelihood = -19.776
[round 62/100] avg private log-likelihood = -19.775
[round 63/100] avg private log-likelihood = -19.779
[round 64/100] avg private log-likelihood = -19.778
[round 65/100] avg private log-likelihood = -19.769
[round 66/100] avg private log-likelihood = -19.767
[round 67/100] avg private log-likelihood = -19.773
[round 68/100] avg private log-likelihood = -19.767
[round 69/100] avg private log-likelihood = -19.787
[round 70/100] avg private log-likelihood = -19.776
[round 71/100] avg private log-likelihood = -19.760
[round 72/100] avg private log-likelihood = -19.762
[round 73/100] avg private log-likelihood = -19.768
[round 74/100] avg private log-likelihood = -19.762
[round 75/100] avg private log-likelihood = -19.766
[round 76/100] avg private log-likelihood = -19.764
[round 77/100] avg private log-likelihood = -19.760
[round 78/100] avg private log-likelihood = -19.774
[round 79/100] avg private log-likelihood = -19.769
[round 80/100] avg private log-likelihood = -19.755
[round 81/100] avg private log-likelihood = -19.764
[round 82/100] avg private log-likelihood = -19.779
[round 83/100] avg private log-likelihood = -19.795
[round 84/100] avg private log-likelihood = -19.767
[round 85/100] avg private log-likelihood = -19.780
[round 86/100] avg private log-likelihood = -19.763
[round 87/100] avg private log-likelihood = -19.751
[round 88/100] avg private log-likelihood = -19.742
[round 89/100] avg private log-likelihood = -19.789
[round 90/100] avg private log-likelihood = -19.779
[round 91/100] avg private log-likelihood = -19.762
[round 92/100] avg private log-likelihood = -19.762
[round 93/100] avg private log-likelihood = -19.763
[round 94/100] avg private log-likelihood = -19.762
[round 95/100] avg private log-likelihood = -19.774
[round 96/100] avg private log-likelihood = -19.781
[round 97/100] avg private log-likelihood = -19.768
[round 98/100] avg private log-likelihood = -19.773
[round 99/100] avg private log-likelihood = -19.775
[round 100/100] avg private log-likelihood = -19.765
[DONE] Results saved to results/D16_N10_lam0.5_seed4.json
