========================================
Running experiment on GPU
  D       = 16
  N       = 10
  lambda  = 1.0
  seed    = 4
  GPU     = 0
========================================
[round 01/100] avg private log-likelihood = -15.135
[round 02/100] avg private log-likelihood = -15.972
[round 03/100] avg private log-likelihood = -16.647
[round 04/100] avg private log-likelihood = -17.247
[round 05/100] avg private log-likelihood = -17.812
[round 06/100] avg private log-likelihood = -18.375
[round 07/100] avg private log-likelihood = -18.899
[round 08/100] avg private log-likelihood = -19.467
[round 09/100] avg private log-likelihood = -19.938
[round 10/100] avg private log-likelihood = -20.446
[round 11/100] avg private log-likelihood = -20.894
[round 12/100] avg private log-likelihood = -21.361
[round 13/100] avg private log-likelihood = -21.789
[round 14/100] avg private log-likelihood = -22.158
[round 15/100] avg private log-likelihood = -22.494
[round 16/100] avg private log-likelihood = -22.768
[round 17/100] avg private log-likelihood = -22.961
[round 18/100] avg private log-likelihood = -23.119
[round 19/100] avg private log-likelihood = -23.240
[round 20/100] avg private log-likelihood = -23.294
[round 21/100] avg private log-likelihood = -23.340
[round 22/100] avg private log-likelihood = -23.376
[round 23/100] avg private log-likelihood = -23.411
[round 24/100] avg private log-likelihood = -23.402
[round 25/100] avg private log-likelihood = -23.382
[round 26/100] avg private log-likelihood = -23.366
[round 27/100] avg private log-likelihood = -23.315
[round 28/100] avg private log-likelihood = -23.281
[round 29/100] avg private log-likelihood = -23.232
[round 30/100] avg private log-likelihood = -23.198
[round 31/100] avg private log-likelihood = -23.138
[round 32/100] avg private log-likelihood = -23.093
[round 33/100] avg private log-likelihood = -23.060
[round 34/100] avg private log-likelihood = -22.998
[round 35/100] avg private log-likelihood = -23.010
[round 36/100] avg private log-likelihood = -22.964
[round 37/100] avg private log-likelihood = -22.942
[round 38/100] avg private log-likelihood = -22.921
[round 39/100] avg private log-likelihood = -22.942
[round 40/100] avg private log-likelihood = -22.936
[round 41/100] avg private log-likelihood = -22.938
[round 42/100] avg private log-likelihood = -22.926
[round 43/100] avg private log-likelihood = -22.905
[round 44/100] avg private log-likelihood = -22.879
[round 45/100] avg private log-likelihood = -22.875
[round 46/100] avg private log-likelihood = -22.915
[round 47/100] avg private log-likelihood = -22.933
[round 48/100] avg private log-likelihood = -22.924
[round 49/100] avg private log-likelihood = -22.929
[round 50/100] avg private log-likelihood = -22.915
[round 51/100] avg private log-likelihood = -22.907
[round 52/100] avg private log-likelihood = -22.916
[round 53/100] avg private log-likelihood = -22.944
[round 54/100] avg private log-likelihood = -22.926
[round 55/100] avg private log-likelihood = -22.887
[round 56/100] avg private log-likelihood = -22.902
[round 57/100] avg private log-likelihood = -22.916
[round 58/100] avg private log-likelihood = -22.917
[round 59/100] avg private log-likelihood = -22.914
[round 60/100] avg private log-likelihood = -22.905
[round 61/100] avg private log-likelihood = -22.935
[round 62/100] avg private log-likelihood = -22.904
[round 63/100] avg private log-likelihood = -22.935
[round 64/100] avg private log-likelihood = -22.908
[round 65/100] avg private log-likelihood = -22.911
[round 66/100] avg private log-likelihood = -22.932
[round 67/100] avg private log-likelihood = -22.929
[round 68/100] avg private log-likelihood = -22.931
[round 69/100] avg private log-likelihood = -22.909
[round 70/100] avg private log-likelihood = -22.900
[round 71/100] avg private log-likelihood = -22.929
[round 72/100] avg private log-likelihood = -22.889
[round 73/100] avg private log-likelihood = -22.891
[round 74/100] avg private log-likelihood = -22.893
[round 75/100] avg private log-likelihood = -22.926
[round 76/100] avg private log-likelihood = -22.925
[round 77/100] avg private log-likelihood = -22.916
[round 78/100] avg private log-likelihood = -22.904
[round 79/100] avg private log-likelihood = -22.928
[round 80/100] avg private log-likelihood = -22.897
[round 81/100] avg private log-likelihood = -22.883
[round 82/100] avg private log-likelihood = -22.907
[round 83/100] avg private log-likelihood = -22.936
[round 84/100] avg private log-likelihood = -22.914
[round 85/100] avg private log-likelihood = -22.898
[round 86/100] avg private log-likelihood = -22.919
[round 87/100] avg private log-likelihood = -22.911
[round 88/100] avg private log-likelihood = -22.906
[round 89/100] avg private log-likelihood = -22.903
[round 90/100] avg private log-likelihood = -22.924
[round 91/100] avg private log-likelihood = -22.898
[round 92/100] avg private log-likelihood = -22.892
[round 93/100] avg private log-likelihood = -22.910
[round 94/100] avg private log-likelihood = -22.890
[round 95/100] avg private log-likelihood = -22.904
[round 96/100] avg private log-likelihood = -22.914
[round 97/100] avg private log-likelihood = -22.914
[round 98/100] avg private log-likelihood = -22.908
[round 99/100] avg private log-likelihood = -22.896
[round 100/100] avg private log-likelihood = -22.893
[round 01/100] avg private log-likelihood = -14.982
[round 02/100] avg private log-likelihood = -15.847
[round 03/100] avg private log-likelihood = -16.570
[round 04/100] avg private log-likelihood = -17.185
[round 05/100] avg private log-likelihood = -17.754
[round 06/100] avg private log-likelihood = -18.285
[round 07/100] avg private log-likelihood = -18.836
[round 08/100] avg private log-likelihood = -19.359
[round 09/100] avg private log-likelihood = -19.865
[round 10/100] avg private log-likelihood = -20.358
[round 11/100] avg private log-likelihood = -20.821
[round 12/100] avg private log-likelihood = -21.272
[round 13/100] avg private log-likelihood = -21.688
[round 14/100] avg private log-likelihood = -22.081
[round 15/100] avg private log-likelihood = -22.410
[round 16/100] avg private log-likelihood = -22.698
[round 17/100] avg private log-likelihood = -22.913
[round 18/100] avg private log-likelihood = -23.081
[round 19/100] avg private log-likelihood = -23.196
[round 20/100] avg private log-likelihood = -23.271
[round 21/100] avg private log-likelihood = -23.314
[round 22/100] avg private log-likelihood = -23.362
[round 23/100] avg private log-likelihood = -23.350
[round 24/100] avg private log-likelihood = -23.369
[round 25/100] avg private log-likelihood = -23.383
[round 26/100] avg private log-likelihood = -23.385
[round 27/100] avg private log-likelihood = -23.341
[round 28/100] avg private log-likelihood = -23.314
[round 29/100] avg private log-likelihood = -23.283
[round 30/100] avg private log-likelihood = -23.239
[round 31/100] avg private log-likelihood = -23.209
[round 32/100] avg private log-likelihood = -23.190
[round 33/100] avg private log-likelihood = -23.150
[round 34/100] avg private log-likelihood = -23.096
[round 35/100] avg private log-likelihood = -23.048
[round 36/100] avg private log-likelihood = -23.013
[round 37/100] avg private log-likelihood = -22.994
[round 38/100] avg private log-likelihood = -22.961
[round 39/100] avg private log-likelihood = -22.959
[round 40/100] avg private log-likelihood = -22.933
[round 41/100] avg private log-likelihood = -22.944
[round 42/100] avg private log-likelihood = -22.937
[round 43/100] avg private log-likelihood = -22.922
[round 44/100] avg private log-likelihood = -22.927
[round 45/100] avg private log-likelihood = -22.919
[round 46/100] avg private log-likelihood = -22.910
[round 47/100] avg private log-likelihood = -22.905
[round 48/100] avg private log-likelihood = -22.908
[round 49/100] avg private log-likelihood = -22.909
[round 50/100] avg private log-likelihood = -22.877
[round 51/100] avg private log-likelihood = -22.901
[round 52/100] avg private log-likelihood = -22.908
[round 53/100] avg private log-likelihood = -22.891
[round 54/100] avg private log-likelihood = -22.912
[round 55/100] avg private log-likelihood = -22.915
[round 56/100] avg private log-likelihood = -22.912
[round 57/100] avg private log-likelihood = -22.914
[round 58/100] avg private log-likelihood = -22.918
[round 59/100] avg private log-likelihood = -22.912
[round 60/100] avg private log-likelihood = -22.909
[round 61/100] avg private log-likelihood = -22.904
[round 62/100] avg private log-likelihood = -22.894
[round 63/100] avg private log-likelihood = -22.907
[round 64/100] avg private log-likelihood = -22.904
[round 65/100] avg private log-likelihood = -22.894
[round 66/100] avg private log-likelihood = -22.904
[round 67/100] avg private log-likelihood = -22.922
[round 68/100] avg private log-likelihood = -22.909
[round 69/100] avg private log-likelihood = -22.932
[round 70/100] avg private log-likelihood = -22.913
[round 71/100] avg private log-likelihood = -22.892
[round 72/100] avg private log-likelihood = -22.903
[round 73/100] avg private log-likelihood = -22.917
[round 74/100] avg private log-likelihood = -22.892
[round 75/100] avg private log-likelihood = -22.902
[round 76/100] avg private log-likelihood = -22.879
[round 77/100] avg private log-likelihood = -22.892
[round 78/100] avg private log-likelihood = -22.908
[round 79/100] avg private log-likelihood = -22.907
[round 80/100] avg private log-likelihood = -22.890
[round 81/100] avg private log-likelihood = -22.891
[round 82/100] avg private log-likelihood = -22.906
[round 83/100] avg private log-likelihood = -22.915
[round 84/100] avg private log-likelihood = -22.907
[round 85/100] avg private log-likelihood = -22.926
[round 86/100] avg private log-likelihood = -22.923
[round 87/100] avg private log-likelihood = -22.902
[round 88/100] avg private log-likelihood = -22.895
[round 89/100] avg private log-likelihood = -22.913
[round 90/100] avg private log-likelihood = -22.917
[round 91/100] avg private log-likelihood = -22.899
[round 92/100] avg private log-likelihood = -22.912
[round 93/100] avg private log-likelihood = -22.906
[round 94/100] avg private log-likelihood = -22.884
[round 95/100] avg private log-likelihood = -22.906
[round 96/100] avg private log-likelihood = -22.907
[round 97/100] avg private log-likelihood = -22.905
[round 98/100] avg private log-likelihood = -22.901
[round 99/100] avg private log-likelihood = -22.908
[round 100/100] avg private log-likelihood = -22.897
[DONE] Results saved to results/D16_N10_lam1.0_seed4.json
