========================================
Running experiment on GPU
  D       = 16
  N       = 10
  lambda  = 1.0
  seed    = 5
  GPU     = 0
========================================
[round 01/100] avg private log-likelihood = -16.290
[round 02/100] avg private log-likelihood = -16.895
[round 03/100] avg private log-likelihood = -17.503
[round 04/100] avg private log-likelihood = -17.978
[round 05/100] avg private log-likelihood = -18.462
[round 06/100] avg private log-likelihood = -18.813
[round 07/100] avg private log-likelihood = -19.179
[round 08/100] avg private log-likelihood = -19.581
[round 09/100] avg private log-likelihood = -20.011
[round 10/100] avg private log-likelihood = -20.433
[round 11/100] avg private log-likelihood = -20.867
[round 12/100] avg private log-likelihood = -21.257
[round 13/100] avg private log-likelihood = -21.638
[round 14/100] avg private log-likelihood = -21.971
[round 15/100] avg private log-likelihood = -22.228
[round 16/100] avg private log-likelihood = -22.379
[round 17/100] avg private log-likelihood = -22.480
[round 18/100] avg private log-likelihood = -22.570
[round 19/100] avg private log-likelihood = -22.611
[round 20/100] avg private log-likelihood = -22.633
[round 21/100] avg private log-likelihood = -22.637
[round 22/100] avg private log-likelihood = -22.643
[round 23/100] avg private log-likelihood = -22.634
[round 24/100] avg private log-likelihood = -22.644
[round 25/100] avg private log-likelihood = -22.651
[round 26/100] avg private log-likelihood = -22.651
[round 27/100] avg private log-likelihood = -22.655
[round 28/100] avg private log-likelihood = -22.633
[round 29/100] avg private log-likelihood = -22.663
[round 30/100] avg private log-likelihood = -22.633
[round 31/100] avg private log-likelihood = -22.620
[round 32/100] avg private log-likelihood = -22.616
[round 33/100] avg private log-likelihood = -22.595
[round 34/100] avg private log-likelihood = -22.592
[round 35/100] avg private log-likelihood = -22.602
[round 36/100] avg private log-likelihood = -22.568
[round 37/100] avg private log-likelihood = -22.577
[round 38/100] avg private log-likelihood = -22.566
[round 39/100] avg private log-likelihood = -22.566
[round 40/100] avg private log-likelihood = -22.558
[round 41/100] avg private log-likelihood = -22.555
[round 42/100] avg private log-likelihood = -22.537
[round 43/100] avg private log-likelihood = -22.509
[round 44/100] avg private log-likelihood = -22.519
[round 45/100] avg private log-likelihood = -22.510
[round 46/100] avg private log-likelihood = -22.524
[round 47/100] avg private log-likelihood = -22.512
[round 48/100] avg private log-likelihood = -22.520
[round 49/100] avg private log-likelihood = -22.508
[round 50/100] avg private log-likelihood = -22.507
[round 51/100] avg private log-likelihood = -22.499
[round 52/100] avg private log-likelihood = -22.500
[round 53/100] avg private log-likelihood = -22.502
[round 54/100] avg private log-likelihood = -22.518
[round 55/100] avg private log-likelihood = -22.485
[round 56/100] avg private log-likelihood = -22.511
[round 57/100] avg private log-likelihood = -22.506
[round 58/100] avg private log-likelihood = -22.502
[round 59/100] avg private log-likelihood = -22.525
[round 60/100] avg private log-likelihood = -22.527
[round 61/100] avg private log-likelihood = -22.534
[round 62/100] avg private log-likelihood = -22.526
[round 63/100] avg private log-likelihood = -22.522
[round 64/100] avg private log-likelihood = -22.517
[round 65/100] avg private log-likelihood = -22.502
[round 66/100] avg private log-likelihood = -22.494
[round 67/100] avg private log-likelihood = -22.490
[round 68/100] avg private log-likelihood = -22.475
[round 69/100] avg private log-likelihood = -22.490
[round 70/100] avg private log-likelihood = -22.496
[round 71/100] avg private log-likelihood = -22.492
[round 72/100] avg private log-likelihood = -22.495
[round 73/100] avg private log-likelihood = -22.511
[round 74/100] avg private log-likelihood = -22.484
[round 75/100] avg private log-likelihood = -22.484
[round 76/100] avg private log-likelihood = -22.494
[round 77/100] avg private log-likelihood = -22.480
[round 78/100] avg private log-likelihood = -22.479
[round 79/100] avg private log-likelihood = -22.487
[round 80/100] avg private log-likelihood = -22.497
[round 81/100] avg private log-likelihood = -22.499
[round 82/100] avg private log-likelihood = -22.516
[round 83/100] avg private log-likelihood = -22.506
[round 84/100] avg private log-likelihood = -22.501
[round 85/100] avg private log-likelihood = -22.484
[round 86/100] avg private log-likelihood = -22.477
[round 87/100] avg private log-likelihood = -22.487
[round 88/100] avg private log-likelihood = -22.483
[round 89/100] avg private log-likelihood = -22.481
[round 90/100] avg private log-likelihood = -22.483
[round 91/100] avg private log-likelihood = -22.497
[round 92/100] avg private log-likelihood = -22.505
[round 93/100] avg private log-likelihood = -22.511
[round 94/100] avg private log-likelihood = -22.505
[round 95/100] avg private log-likelihood = -22.517
[round 96/100] avg private log-likelihood = -22.504
[round 97/100] avg private log-likelihood = -22.515
[round 98/100] avg private log-likelihood = -22.517
[round 99/100] avg private log-likelihood = -22.505
[round 100/100] avg private log-likelihood = -22.514
[round 01/100] avg private log-likelihood = -16.062
[round 02/100] avg private log-likelihood = -16.773
[round 03/100] avg private log-likelihood = -17.407
[round 04/100] avg private log-likelihood = -17.944
[round 05/100] avg private log-likelihood = -18.367
[round 06/100] avg private log-likelihood = -18.757
[round 07/100] avg private log-likelihood = -19.143
[round 08/100] avg private log-likelihood = -19.556
[round 09/100] avg private log-likelihood = -19.971
[round 10/100] avg private log-likelihood = -20.388
[round 11/100] avg private log-likelihood = -20.814
[round 12/100] avg private log-likelihood = -21.198
[round 13/100] avg private log-likelihood = -21.555
[round 14/100] avg private log-likelihood = -21.892
[round 15/100] avg private log-likelihood = -22.143
[round 16/100] avg private log-likelihood = -22.309
[round 17/100] avg private log-likelihood = -22.425
[round 18/100] avg private log-likelihood = -22.492
[round 19/100] avg private log-likelihood = -22.567
[round 20/100] avg private log-likelihood = -22.620
[round 21/100] avg private log-likelihood = -22.618
[round 22/100] avg private log-likelihood = -22.614
[round 23/100] avg private log-likelihood = -22.655
[round 24/100] avg private log-likelihood = -22.675
[round 25/100] avg private log-likelihood = -22.663
[round 26/100] avg private log-likelihood = -22.667
[round 27/100] avg private log-likelihood = -22.669
[round 28/100] avg private log-likelihood = -22.660
[round 29/100] avg private log-likelihood = -22.651
[round 30/100] avg private log-likelihood = -22.630
[round 31/100] avg private log-likelihood = -22.620
[round 32/100] avg private log-likelihood = -22.609
[round 33/100] avg private log-likelihood = -22.596
[round 34/100] avg private log-likelihood = -22.578
[round 35/100] avg private log-likelihood = -22.580
[round 36/100] avg private log-likelihood = -22.577
[round 37/100] avg private log-likelihood = -22.560
[round 38/100] avg private log-likelihood = -22.551
[round 39/100] avg private log-likelihood = -22.516
[round 40/100] avg private log-likelihood = -22.528
[round 41/100] avg private log-likelihood = -22.528
[round 42/100] avg private log-likelihood = -22.534
[round 43/100] avg private log-likelihood = -22.544
[round 44/100] avg private log-likelihood = -22.524
[round 45/100] avg private log-likelihood = -22.517
[round 46/100] avg private log-likelihood = -22.507
[round 47/100] avg private log-likelihood = -22.490
[round 48/100] avg private log-likelihood = -22.485
[round 49/100] avg private log-likelihood = -22.501
[round 50/100] avg private log-likelihood = -22.494
[round 51/100] avg private log-likelihood = -22.501
[round 52/100] avg private log-likelihood = -22.488
[round 53/100] avg private log-likelihood = -22.495
[round 54/100] avg private log-likelihood = -22.483
[round 55/100] avg private log-likelihood = -22.482
[round 56/100] avg private log-likelihood = -22.485
[round 57/100] avg private log-likelihood = -22.498
[round 58/100] avg private log-likelihood = -22.487
[round 59/100] avg private log-likelihood = -22.481
[round 60/100] avg private log-likelihood = -22.487
[round 61/100] avg private log-likelihood = -22.496
[round 62/100] avg private log-likelihood = -22.489
[round 63/100] avg private log-likelihood = -22.495
[round 64/100] avg private log-likelihood = -22.494
[round 65/100] avg private log-likelihood = -22.490
[round 66/100] avg private log-likelihood = -22.507
[round 67/100] avg private log-likelihood = -22.499
[round 68/100] avg private log-likelihood = -22.500
[round 69/100] avg private log-likelihood = -22.496
[round 70/100] avg private log-likelihood = -22.491
[round 71/100] avg private log-likelihood = -22.481
[round 72/100] avg private log-likelihood = -22.507
[round 73/100] avg private log-likelihood = -22.489
[round 74/100] avg private log-likelihood = -22.489
[round 75/100] avg private log-likelihood = -22.491
[round 76/100] avg private log-likelihood = -22.502
[round 77/100] avg private log-likelihood = -22.492
[round 78/100] avg private log-likelihood = -22.482
[round 79/100] avg private log-likelihood = -22.484
[round 80/100] avg private log-likelihood = -22.482
[round 81/100] avg private log-likelihood = -22.469
[round 82/100] avg private log-likelihood = -22.477
[round 83/100] avg private log-likelihood = -22.488
[round 84/100] avg private log-likelihood = -22.499
[round 85/100] avg private log-likelihood = -22.495
[round 86/100] avg private log-likelihood = -22.491
[round 87/100] avg private log-likelihood = -22.496
[round 88/100] avg private log-likelihood = -22.493
[round 89/100] avg private log-likelihood = -22.481
[round 90/100] avg private log-likelihood = -22.488
[round 91/100] avg private log-likelihood = -22.486
[round 92/100] avg private log-likelihood = -22.485
[round 93/100] avg private log-likelihood = -22.497
[round 94/100] avg private log-likelihood = -22.491
[round 95/100] avg private log-likelihood = -22.483
[round 96/100] avg private log-likelihood = -22.485
[round 97/100] avg private log-likelihood = -22.488
[round 98/100] avg private log-likelihood = -22.498
[round 99/100] avg private log-likelihood = -22.496
[round 100/100] avg private log-likelihood = -22.483
[DONE] Results saved to results/D16_N10_lam1.0_seed5.json
