========================================
Running experiment on GPU
  D       = 8
  N       = 10
  lambda  = 0.5
  seed    = 3
  GPU     = 0
========================================
[round 01/100] avg private log-likelihood = -7.661
[round 02/100] avg private log-likelihood = -7.866
[round 03/100] avg private log-likelihood = -8.093
[round 04/100] avg private log-likelihood = -8.319
[round 05/100] avg private log-likelihood = -8.533
[round 06/100] avg private log-likelihood = -8.734
[round 07/100] avg private log-likelihood = -8.918
[round 08/100] avg private log-likelihood = -9.083
[round 09/100] avg private log-likelihood = -9.220
[round 10/100] avg private log-likelihood = -9.347
[round 11/100] avg private log-likelihood = -9.462
[round 12/100] avg private log-likelihood = -9.549
[round 13/100] avg private log-likelihood = -9.626
[round 14/100] avg private log-likelihood = -9.696
[round 15/100] avg private log-likelihood = -9.771
[round 16/100] avg private log-likelihood = -9.828
[round 17/100] avg private log-likelihood = -9.876
[round 18/100] avg private log-likelihood = -9.907
[round 19/100] avg private log-likelihood = -9.927
[round 20/100] avg private log-likelihood = -9.946
[round 21/100] avg private log-likelihood = -9.943
[round 22/100] avg private log-likelihood = -9.949
[round 23/100] avg private log-likelihood = -9.955
[round 24/100] avg private log-likelihood = -9.962
[round 25/100] avg private log-likelihood = -9.970
[round 26/100] avg private log-likelihood = -9.967
[round 27/100] avg private log-likelihood = -9.969
[round 28/100] avg private log-likelihood = -9.968
[round 29/100] avg private log-likelihood = -9.978
[round 30/100] avg private log-likelihood = -9.975
[round 31/100] avg private log-likelihood = -9.975
[round 32/100] avg private log-likelihood = -9.965
[round 33/100] avg private log-likelihood = -9.974
[round 34/100] avg private log-likelihood = -9.983
[round 35/100] avg private log-likelihood = -9.983
[round 36/100] avg private log-likelihood = -9.984
[round 37/100] avg private log-likelihood = -9.987
[round 38/100] avg private log-likelihood = -9.981
[round 39/100] avg private log-likelihood = -9.977
[round 40/100] avg private log-likelihood = -9.979
[round 41/100] avg private log-likelihood = -9.984
[round 42/100] avg private log-likelihood = -9.982
[round 43/100] avg private log-likelihood = -9.975
[round 44/100] avg private log-likelihood = -9.977
[round 45/100] avg private log-likelihood = -9.976
[round 46/100] avg private log-likelihood = -9.973
[round 47/100] avg private log-likelihood = -9.971
[round 48/100] avg private log-likelihood = -9.977
[round 49/100] avg private log-likelihood = -9.974
[round 50/100] avg private log-likelihood = -9.981
[round 51/100] avg private log-likelihood = -9.991
[round 52/100] avg private log-likelihood = -9.988
[round 53/100] avg private log-likelihood = -9.985
[round 54/100] avg private log-likelihood = -9.980
[round 55/100] avg private log-likelihood = -9.989
[round 56/100] avg private log-likelihood = -9.988
[round 57/100] avg private log-likelihood = -9.987
[round 58/100] avg private log-likelihood = -9.984
[round 59/100] avg private log-likelihood = -9.982
[round 60/100] avg private log-likelihood = -9.988
[round 61/100] avg private log-likelihood = -9.987
[round 62/100] avg private log-likelihood = -9.990
[round 63/100] avg private log-likelihood = -9.982
[round 64/100] avg private log-likelihood = -9.983
[round 65/100] avg private log-likelihood = -9.983
[round 66/100] avg private log-likelihood = -9.974
[round 67/100] avg private log-likelihood = -9.974
[round 68/100] avg private log-likelihood = -9.977
[round 69/100] avg private log-likelihood = -9.977
[round 70/100] avg private log-likelihood = -9.981
[round 71/100] avg private log-likelihood = -9.975
[round 72/100] avg private log-likelihood = -9.981
[round 73/100] avg private log-likelihood = -9.979
[round 74/100] avg private log-likelihood = -9.982
[round 75/100] avg private log-likelihood = -9.991
[round 76/100] avg private log-likelihood = -9.986
[round 77/100] avg private log-likelihood = -9.983
[round 78/100] avg private log-likelihood = -9.983
[round 79/100] avg private log-likelihood = -9.988
[round 80/100] avg private log-likelihood = -9.996
[round 81/100] avg private log-likelihood = -9.994
[round 82/100] avg private log-likelihood = -9.993
[round 83/100] avg private log-likelihood = -9.985
[round 84/100] avg private log-likelihood = -9.974
[round 85/100] avg private log-likelihood = -9.983
[round 86/100] avg private log-likelihood = -9.984
[round 87/100] avg private log-likelihood = -9.982
[round 88/100] avg private log-likelihood = -9.987
[round 89/100] avg private log-likelihood = -9.984
[round 90/100] avg private log-likelihood = -9.999
[round 91/100] avg private log-likelihood = -9.985
[round 92/100] avg private log-likelihood = -9.990
[round 93/100] avg private log-likelihood = -9.984
[round 94/100] avg private log-likelihood = -9.980
[round 95/100] avg private log-likelihood = -9.992
[round 96/100] avg private log-likelihood = -9.990
[round 97/100] avg private log-likelihood = -9.984
[round 98/100] avg private log-likelihood = -9.974
[round 99/100] avg private log-likelihood = -9.980
[round 100/100] avg private log-likelihood = -9.985
[round 01/100] avg private log-likelihood = -7.655
[round 02/100] avg private log-likelihood = -7.857
[round 03/100] avg private log-likelihood = -8.081
[round 04/100] avg private log-likelihood = -8.306
[round 05/100] avg private log-likelihood = -8.521
[round 06/100] avg private log-likelihood = -8.723
[round 07/100] avg private log-likelihood = -8.906
[round 08/100] avg private log-likelihood = -9.072
[round 09/100] avg private log-likelihood = -9.212
[round 10/100] avg private log-likelihood = -9.333
[round 11/100] avg private log-likelihood = -9.440
[round 12/100] avg private log-likelihood = -9.533
[round 13/100] avg private log-likelihood = -9.615
[round 14/100] avg private log-likelihood = -9.699
[round 15/100] avg private log-likelihood = -9.756
[round 16/100] avg private log-likelihood = -9.816
[round 17/100] avg private log-likelihood = -9.860
[round 18/100] avg private log-likelihood = -9.895
[round 19/100] avg private log-likelihood = -9.922
[round 20/100] avg private log-likelihood = -9.947
[round 21/100] avg private log-likelihood = -9.948
[round 22/100] avg private log-likelihood = -9.948
[round 23/100] avg private log-likelihood = -9.955
[round 24/100] avg private log-likelihood = -9.960
[round 25/100] avg private log-likelihood = -9.966
[round 26/100] avg private log-likelihood = -9.967
[round 27/100] avg private log-likelihood = -9.968
[round 28/100] avg private log-likelihood = -9.964
[round 29/100] avg private log-likelihood = -9.969
[round 30/100] avg private log-likelihood = -9.965
[round 31/100] avg private log-likelihood = -9.970
[round 32/100] avg private log-likelihood = -9.966
[round 33/100] avg private log-likelihood = -9.972
[round 34/100] avg private log-likelihood = -9.966
[round 35/100] avg private log-likelihood = -9.971
[round 36/100] avg private log-likelihood = -9.983
[round 37/100] avg private log-likelihood = -9.977
[round 38/100] avg private log-likelihood = -9.975
[round 39/100] avg private log-likelihood = -9.975
[round 40/100] avg private log-likelihood = -9.978
[round 41/100] avg private log-likelihood = -9.987
[round 42/100] avg private log-likelihood = -9.984
[round 43/100] avg private log-likelihood = -9.977
[round 44/100] avg private log-likelihood = -9.975
[round 45/100] avg private log-likelihood = -9.979
[round 46/100] avg private log-likelihood = -9.979
[round 47/100] avg private log-likelihood = -9.982
[round 48/100] avg private log-likelihood = -9.985
[round 49/100] avg private log-likelihood = -9.986
[round 50/100] avg private log-likelihood = -9.984
[round 51/100] avg private log-likelihood = -9.985
[round 52/100] avg private log-likelihood = -9.970
[round 53/100] avg private log-likelihood = -9.977
[round 54/100] avg private log-likelihood = -9.974
[round 55/100] avg private log-likelihood = -9.971
[round 56/100] avg private log-likelihood = -9.982
[round 57/100] avg private log-likelihood = -9.978
[round 58/100] avg private log-likelihood = -9.979
[round 59/100] avg private log-likelihood = -9.983
[round 60/100] avg private log-likelihood = -9.986
[round 61/100] avg private log-likelihood = -9.981
[round 62/100] avg private log-likelihood = -9.978
[round 63/100] avg private log-likelihood = -9.975
[round 64/100] avg private log-likelihood = -9.976
[round 65/100] avg private log-likelihood = -9.983
[round 66/100] avg private log-likelihood = -9.991
[round 67/100] avg private log-likelihood = -9.983
[round 68/100] avg private log-likelihood = -9.989
[round 69/100] avg private log-likelihood = -9.977
[round 70/100] avg private log-likelihood = -9.977
[round 71/100] avg private log-likelihood = -9.968
[round 72/100] avg private log-likelihood = -9.962
[round 73/100] avg private log-likelihood = -9.961
[round 74/100] avg private log-likelihood = -9.974
[round 75/100] avg private log-likelihood = -9.980
[round 76/100] avg private log-likelihood = -9.983
[round 77/100] avg private log-likelihood = -9.980
[round 78/100] avg private log-likelihood = -9.986
[round 79/100] avg private log-likelihood = -9.988
[round 80/100] avg private log-likelihood = -9.985
[round 81/100] avg private log-likelihood = -9.976
[round 82/100] avg private log-likelihood = -9.974
[round 83/100] avg private log-likelihood = -9.980
[round 84/100] avg private log-likelihood = -9.976
[round 85/100] avg private log-likelihood = -9.977
[round 86/100] avg private log-likelihood = -9.976
[round 87/100] avg private log-likelihood = -9.967
[round 88/100] avg private log-likelihood = -9.972
[round 89/100] avg private log-likelihood = -9.970
[round 90/100] avg private log-likelihood = -9.973
[round 91/100] avg private log-likelihood = -9.986
[round 92/100] avg private log-likelihood = -9.984
[round 93/100] avg private log-likelihood = -9.980
[round 94/100] avg private log-likelihood = -9.979
[round 95/100] avg private log-likelihood = -9.984
[round 96/100] avg private log-likelihood = -9.985
[round 97/100] avg private log-likelihood = -9.979
[round 98/100] avg private log-likelihood = -9.972
[round 99/100] avg private log-likelihood = -9.971
[round 100/100] avg private log-likelihood = -9.979
[DONE] Results saved to results/D8_N10_lam0.5_seed3.json
