========================================
Running experiment on GPU
  D       = 2
  N       = 10
  lambda  = 0.5
  seed    = 0
  GPU     = 0
========================================
[round 01/100] avg private log-likelihood = -2.461
[round 02/100] avg private log-likelihood = -2.495
[round 03/100] avg private log-likelihood = -2.527
[round 04/100] avg private log-likelihood = -2.553
[round 05/100] avg private log-likelihood = -2.572
[round 06/100] avg private log-likelihood = -2.581
[round 07/100] avg private log-likelihood = -2.587
[round 08/100] avg private log-likelihood = -2.587
[round 09/100] avg private log-likelihood = -2.589
[round 10/100] avg private log-likelihood = -2.589
[round 11/100] avg private log-likelihood = -2.589
[round 12/100] avg private log-likelihood = -2.590
[round 13/100] avg private log-likelihood = -2.589
[round 14/100] avg private log-likelihood = -2.590
[round 15/100] avg private log-likelihood = -2.590
[round 16/100] avg private log-likelihood = -2.591
[round 17/100] avg private log-likelihood = -2.587
[round 18/100] avg private log-likelihood = -2.586
[round 19/100] avg private log-likelihood = -2.588
[round 20/100] avg private log-likelihood = -2.585
[round 21/100] avg private log-likelihood = -2.582
[round 22/100] avg private log-likelihood = -2.581
[round 23/100] avg private log-likelihood = -2.575
[round 24/100] avg private log-likelihood = -2.574
[round 25/100] avg private log-likelihood = -2.574
[round 26/100] avg private log-likelihood = -2.573
[round 27/100] avg private log-likelihood = -2.575
[round 28/100] avg private log-likelihood = -2.572
[round 29/100] avg private log-likelihood = -2.569
[round 30/100] avg private log-likelihood = -2.568
[round 31/100] avg private log-likelihood = -2.565
[round 32/100] avg private log-likelihood = -2.563
[round 33/100] avg private log-likelihood = -2.560
[round 34/100] avg private log-likelihood = -2.559
[round 35/100] avg private log-likelihood = -2.559
[round 36/100] avg private log-likelihood = -2.556
[round 37/100] avg private log-likelihood = -2.556
[round 38/100] avg private log-likelihood = -2.553
[round 39/100] avg private log-likelihood = -2.552
[round 40/100] avg private log-likelihood = -2.550
[round 41/100] avg private log-likelihood = -2.551
[round 42/100] avg private log-likelihood = -2.547
[round 43/100] avg private log-likelihood = -2.544
[round 44/100] avg private log-likelihood = -2.543
[round 45/100] avg private log-likelihood = -2.539
[round 46/100] avg private log-likelihood = -2.537
[round 47/100] avg private log-likelihood = -2.536
[round 48/100] avg private log-likelihood = -2.534
[round 49/100] avg private log-likelihood = -2.533
[round 50/100] avg private log-likelihood = -2.533
[round 51/100] avg private log-likelihood = -2.530
[round 52/100] avg private log-likelihood = -2.528
[round 53/100] avg private log-likelihood = -2.526
[round 54/100] avg private log-likelihood = -2.524
[round 55/100] avg private log-likelihood = -2.522
[round 56/100] avg private log-likelihood = -2.520
[round 57/100] avg private log-likelihood = -2.518
[round 58/100] avg private log-likelihood = -2.518
[round 59/100] avg private log-likelihood = -2.517
[round 60/100] avg private log-likelihood = -2.512
[round 61/100] avg private log-likelihood = -2.509
[round 62/100] avg private log-likelihood = -2.509
[round 63/100] avg private log-likelihood = -2.507
[round 64/100] avg private log-likelihood = -2.508
[round 65/100] avg private log-likelihood = -2.507
[round 66/100] avg private log-likelihood = -2.506
[round 67/100] avg private log-likelihood = -2.505
[round 68/100] avg private log-likelihood = -2.503
[round 69/100] avg private log-likelihood = -2.502
[round 70/100] avg private log-likelihood = -2.505
[round 71/100] avg private log-likelihood = -2.506
[round 72/100] avg private log-likelihood = -2.503
[round 73/100] avg private log-likelihood = -2.502
[round 74/100] avg private log-likelihood = -2.502
[round 75/100] avg private log-likelihood = -2.504
[round 76/100] avg private log-likelihood = -2.504
[round 77/100] avg private log-likelihood = -2.505
[round 78/100] avg private log-likelihood = -2.505
[round 79/100] avg private log-likelihood = -2.503
[round 80/100] avg private log-likelihood = -2.503
[round 81/100] avg private log-likelihood = -2.502
[round 82/100] avg private log-likelihood = -2.502
[round 83/100] avg private log-likelihood = -2.501
[round 84/100] avg private log-likelihood = -2.501
[round 85/100] avg private log-likelihood = -2.503
[round 86/100] avg private log-likelihood = -2.505
[round 87/100] avg private log-likelihood = -2.503
[round 88/100] avg private log-likelihood = -2.502
[round 89/100] avg private log-likelihood = -2.502
[round 90/100] avg private log-likelihood = -2.501
[round 91/100] avg private log-likelihood = -2.503
[round 92/100] avg private log-likelihood = -2.505
[round 93/100] avg private log-likelihood = -2.503
[round 94/100] avg private log-likelihood = -2.504
[round 95/100] avg private log-likelihood = -2.504
[round 96/100] avg private log-likelihood = -2.503
[round 97/100] avg private log-likelihood = -2.503
[round 98/100] avg private log-likelihood = -2.502
[round 99/100] avg private log-likelihood = -2.503
[round 100/100] avg private log-likelihood = -2.503
[round 01/100] avg private log-likelihood = -2.577
[round 02/100] avg private log-likelihood = -2.599
[round 03/100] avg private log-likelihood = -2.622
[round 04/100] avg private log-likelihood = -2.640
[round 05/100] avg private log-likelihood = -2.651
[round 06/100] avg private log-likelihood = -2.661
[round 07/100] avg private log-likelihood = -2.666
[round 08/100] avg private log-likelihood = -2.670
[round 09/100] avg private log-likelihood = -2.670
[round 10/100] avg private log-likelihood = -2.671
[round 11/100] avg private log-likelihood = -2.669
[round 12/100] avg private log-likelihood = -2.667
[round 13/100] avg private log-likelihood = -2.667
[round 14/100] avg private log-likelihood = -2.667
[round 15/100] avg private log-likelihood = -2.663
[round 16/100] avg private log-likelihood = -2.662
[round 17/100] avg private log-likelihood = -2.660
[round 18/100] avg private log-likelihood = -2.659
[round 19/100] avg private log-likelihood = -2.657
[round 20/100] avg private log-likelihood = -2.657
[round 21/100] avg private log-likelihood = -2.656
[round 22/100] avg private log-likelihood = -2.654
[round 23/100] avg private log-likelihood = -2.655
[round 24/100] avg private log-likelihood = -2.654
[round 25/100] avg private log-likelihood = -2.654
[round 26/100] avg private log-likelihood = -2.652
[round 27/100] avg private log-likelihood = -2.650
[round 28/100] avg private log-likelihood = -2.651
[round 29/100] avg private log-likelihood = -2.651
[round 30/100] avg private log-likelihood = -2.649
[round 31/100] avg private log-likelihood = -2.649
[round 32/100] avg private log-likelihood = -2.646
[round 33/100] avg private log-likelihood = -2.647
[round 34/100] avg private log-likelihood = -2.646
[round 35/100] avg private log-likelihood = -2.646
[round 36/100] avg private log-likelihood = -2.644
[round 37/100] avg private log-likelihood = -2.641
[round 38/100] avg private log-likelihood = -2.640
[round 39/100] avg private log-likelihood = -2.640
[round 40/100] avg private log-likelihood = -2.638
[round 41/100] avg private log-likelihood = -2.637
[round 42/100] avg private log-likelihood = -2.636
[round 43/100] avg private log-likelihood = -2.635
[round 44/100] avg private log-likelihood = -2.634
[round 45/100] avg private log-likelihood = -2.634
[round 46/100] avg private log-likelihood = -2.633
[round 47/100] avg private log-likelihood = -2.633
[round 48/100] avg private log-likelihood = -2.634
[round 49/100] avg private log-likelihood = -2.634
[round 50/100] avg private log-likelihood = -2.634
[round 51/100] avg private log-likelihood = -2.632
[round 52/100] avg private log-likelihood = -2.631
[round 53/100] avg private log-likelihood = -2.632
[round 54/100] avg private log-likelihood = -2.632
[round 55/100] avg private log-likelihood = -2.631
[round 56/100] avg private log-likelihood = -2.633
[round 57/100] avg private log-likelihood = -2.633
[round 58/100] avg private log-likelihood = -2.631
[round 59/100] avg private log-likelihood = -2.631
[round 60/100] avg private log-likelihood = -2.632
[round 61/100] avg private log-likelihood = -2.631
[round 62/100] avg private log-likelihood = -2.633
[round 63/100] avg private log-likelihood = -2.631
[round 64/100] avg private log-likelihood = -2.632
[round 65/100] avg private log-likelihood = -2.630
[round 66/100] avg private log-likelihood = -2.630
[round 67/100] avg private log-likelihood = -2.631
[round 68/100] avg private log-likelihood = -2.632
[round 69/100] avg private log-likelihood = -2.630
[round 70/100] avg private log-likelihood = -2.629
[round 71/100] avg private log-likelihood = -2.630
[round 72/100] avg private log-likelihood = -2.631
[round 73/100] avg private log-likelihood = -2.633
[round 74/100] avg private log-likelihood = -2.632
[round 75/100] avg private log-likelihood = -2.632
[round 76/100] avg private log-likelihood = -2.632
[round 77/100] avg private log-likelihood = -2.632
[round 78/100] avg private log-likelihood = -2.632
[round 79/100] avg private log-likelihood = -2.632
[round 80/100] avg private log-likelihood = -2.631
[round 81/100] avg private log-likelihood = -2.632
[round 82/100] avg private log-likelihood = -2.632
[round 83/100] avg private log-likelihood = -2.631
[round 84/100] avg private log-likelihood = -2.630
[round 85/100] avg private log-likelihood = -2.630
[round 86/100] avg private log-likelihood = -2.630
[round 87/100] avg private log-likelihood = -2.629
[round 88/100] avg private log-likelihood = -2.632
[round 89/100] avg private log-likelihood = -2.631
[round 90/100] avg private log-likelihood = -2.631
[round 91/100] avg private log-likelihood = -2.631
[round 92/100] avg private log-likelihood = -2.632
[round 93/100] avg private log-likelihood = -2.633
[round 94/100] avg private log-likelihood = -2.632
[round 95/100] avg private log-likelihood = -2.633
[round 96/100] avg private log-likelihood = -2.632
[round 97/100] avg private log-likelihood = -2.632
[round 98/100] avg private log-likelihood = -2.632
[round 99/100] avg private log-likelihood = -2.630
[round 100/100] avg private log-likelihood = -2.630
[DONE] Results saved to results/D2_N10_lam0.5_seed0.json
