========================================
Running experiment on GPU
  D       = 8
  N       = 10
  lambda  = 0.5
  seed    = 7
  GPU     = 0
========================================
[round 01/100] avg private log-likelihood = -7.506
[round 02/100] avg private log-likelihood = -7.792
[round 03/100] avg private log-likelihood = -8.049
[round 04/100] avg private log-likelihood = -8.326
[round 05/100] avg private log-likelihood = -8.595
[round 06/100] avg private log-likelihood = -8.847
[round 07/100] avg private log-likelihood = -9.083
[round 08/100] avg private log-likelihood = -9.301
[round 09/100] avg private log-likelihood = -9.515
[round 10/100] avg private log-likelihood = -9.714
[round 11/100] avg private log-likelihood = -9.896
[round 12/100] avg private log-likelihood = -10.055
[round 13/100] avg private log-likelihood = -10.199
[round 14/100] avg private log-likelihood = -10.311
[round 15/100] avg private log-likelihood = -10.404
[round 16/100] avg private log-likelihood = -10.472
[round 17/100] avg private log-likelihood = -10.531
[round 18/100] avg private log-likelihood = -10.572
[round 19/100] avg private log-likelihood = -10.599
[round 20/100] avg private log-likelihood = -10.614
[round 21/100] avg private log-likelihood = -10.616
[round 22/100] avg private log-likelihood = -10.610
[round 23/100] avg private log-likelihood = -10.618
[round 24/100] avg private log-likelihood = -10.615
[round 25/100] avg private log-likelihood = -10.609
[round 26/100] avg private log-likelihood = -10.603
[round 27/100] avg private log-likelihood = -10.614
[round 28/100] avg private log-likelihood = -10.610
[round 29/100] avg private log-likelihood = -10.604
[round 30/100] avg private log-likelihood = -10.603
[round 31/100] avg private log-likelihood = -10.612
[round 32/100] avg private log-likelihood = -10.601
[round 33/100] avg private log-likelihood = -10.607
[round 34/100] avg private log-likelihood = -10.609
[round 35/100] avg private log-likelihood = -10.606
[round 36/100] avg private log-likelihood = -10.602
[round 37/100] avg private log-likelihood = -10.601
[round 38/100] avg private log-likelihood = -10.603
[round 39/100] avg private log-likelihood = -10.610
[round 40/100] avg private log-likelihood = -10.618
[round 41/100] avg private log-likelihood = -10.621
[round 42/100] avg private log-likelihood = -10.620
[round 43/100] avg private log-likelihood = -10.615
[round 44/100] avg private log-likelihood = -10.617
[round 45/100] avg private log-likelihood = -10.614
[round 46/100] avg private log-likelihood = -10.627
[round 47/100] avg private log-likelihood = -10.626
[round 48/100] avg private log-likelihood = -10.622
[round 49/100] avg private log-likelihood = -10.622
[round 50/100] avg private log-likelihood = -10.631
[round 51/100] avg private log-likelihood = -10.634
[round 52/100] avg private log-likelihood = -10.631
[round 53/100] avg private log-likelihood = -10.627
[round 54/100] avg private log-likelihood = -10.622
[round 55/100] avg private log-likelihood = -10.618
[round 56/100] avg private log-likelihood = -10.630
[round 57/100] avg private log-likelihood = -10.631
[round 58/100] avg private log-likelihood = -10.639
[round 59/100] avg private log-likelihood = -10.639
[round 60/100] avg private log-likelihood = -10.642
[round 61/100] avg private log-likelihood = -10.630
[round 62/100] avg private log-likelihood = -10.620
[round 63/100] avg private log-likelihood = -10.628
[round 64/100] avg private log-likelihood = -10.628
[round 65/100] avg private log-likelihood = -10.635
[round 66/100] avg private log-likelihood = -10.621
[round 67/100] avg private log-likelihood = -10.613
[round 68/100] avg private log-likelihood = -10.617
[round 69/100] avg private log-likelihood = -10.631
[round 70/100] avg private log-likelihood = -10.630
[round 71/100] avg private log-likelihood = -10.630
[round 72/100] avg private log-likelihood = -10.636
[round 73/100] avg private log-likelihood = -10.628
[round 74/100] avg private log-likelihood = -10.639
[round 75/100] avg private log-likelihood = -10.632
[round 76/100] avg private log-likelihood = -10.627
[round 77/100] avg private log-likelihood = -10.624
[round 78/100] avg private log-likelihood = -10.615
[round 79/100] avg private log-likelihood = -10.607
[round 80/100] avg private log-likelihood = -10.622
[round 81/100] avg private log-likelihood = -10.620
[round 82/100] avg private log-likelihood = -10.633
[round 83/100] avg private log-likelihood = -10.632
[round 84/100] avg private log-likelihood = -10.628
[round 85/100] avg private log-likelihood = -10.626
[round 86/100] avg private log-likelihood = -10.629
[round 87/100] avg private log-likelihood = -10.625
[round 88/100] avg private log-likelihood = -10.626
[round 89/100] avg private log-likelihood = -10.619
[round 90/100] avg private log-likelihood = -10.626
[round 91/100] avg private log-likelihood = -10.624
[round 92/100] avg private log-likelihood = -10.623
[round 93/100] avg private log-likelihood = -10.633
[round 94/100] avg private log-likelihood = -10.628
[round 95/100] avg private log-likelihood = -10.635
[round 96/100] avg private log-likelihood = -10.625
[round 97/100] avg private log-likelihood = -10.615
[round 98/100] avg private log-likelihood = -10.627
[round 99/100] avg private log-likelihood = -10.627
[round 100/100] avg private log-likelihood = -10.640
[round 01/100] avg private log-likelihood = -7.480
[round 02/100] avg private log-likelihood = -7.759
[round 03/100] avg private log-likelihood = -8.028
[round 04/100] avg private log-likelihood = -8.310
[round 05/100] avg private log-likelihood = -8.585
[round 06/100] avg private log-likelihood = -8.837
[round 07/100] avg private log-likelihood = -9.070
[round 08/100] avg private log-likelihood = -9.293
[round 09/100] avg private log-likelihood = -9.507
[round 10/100] avg private log-likelihood = -9.712
[round 11/100] avg private log-likelihood = -9.903
[round 12/100] avg private log-likelihood = -10.053
[round 13/100] avg private log-likelihood = -10.195
[round 14/100] avg private log-likelihood = -10.306
[round 15/100] avg private log-likelihood = -10.404
[round 16/100] avg private log-likelihood = -10.474
[round 17/100] avg private log-likelihood = -10.537
[round 18/100] avg private log-likelihood = -10.573
[round 19/100] avg private log-likelihood = -10.609
[round 20/100] avg private log-likelihood = -10.620
[round 21/100] avg private log-likelihood = -10.626
[round 22/100] avg private log-likelihood = -10.620
[round 23/100] avg private log-likelihood = -10.612
[round 24/100] avg private log-likelihood = -10.610
[round 25/100] avg private log-likelihood = -10.617
[round 26/100] avg private log-likelihood = -10.608
[round 27/100] avg private log-likelihood = -10.621
[round 28/100] avg private log-likelihood = -10.618
[round 29/100] avg private log-likelihood = -10.609
[round 30/100] avg private log-likelihood = -10.611
[round 31/100] avg private log-likelihood = -10.611
[round 32/100] avg private log-likelihood = -10.604
[round 33/100] avg private log-likelihood = -10.601
[round 34/100] avg private log-likelihood = -10.604
[round 35/100] avg private log-likelihood = -10.601
[round 36/100] avg private log-likelihood = -10.609
[round 37/100] avg private log-likelihood = -10.607
[round 38/100] avg private log-likelihood = -10.612
[round 39/100] avg private log-likelihood = -10.623
[round 40/100] avg private log-likelihood = -10.632
[round 41/100] avg private log-likelihood = -10.627
[round 42/100] avg private log-likelihood = -10.629
[round 43/100] avg private log-likelihood = -10.633
[round 44/100] avg private log-likelihood = -10.628
[round 45/100] avg private log-likelihood = -10.631
[round 46/100] avg private log-likelihood = -10.639
[round 47/100] avg private log-likelihood = -10.635
[round 48/100] avg private log-likelihood = -10.638
[round 49/100] avg private log-likelihood = -10.637
[round 50/100] avg private log-likelihood = -10.646
[round 51/100] avg private log-likelihood = -10.640
[round 52/100] avg private log-likelihood = -10.640
[round 53/100] avg private log-likelihood = -10.640
[round 54/100] avg private log-likelihood = -10.644
[round 55/100] avg private log-likelihood = -10.648
[round 56/100] avg private log-likelihood = -10.643
[round 57/100] avg private log-likelihood = -10.642
[round 58/100] avg private log-likelihood = -10.643
[round 59/100] avg private log-likelihood = -10.638
[round 60/100] avg private log-likelihood = -10.634
[round 61/100] avg private log-likelihood = -10.638
[round 62/100] avg private log-likelihood = -10.639
[round 63/100] avg private log-likelihood = -10.640
[round 64/100] avg private log-likelihood = -10.647
[round 65/100] avg private log-likelihood = -10.648
[round 66/100] avg private log-likelihood = -10.639
[round 67/100] avg private log-likelihood = -10.631
[round 68/100] avg private log-likelihood = -10.640
[round 69/100] avg private log-likelihood = -10.636
[round 70/100] avg private log-likelihood = -10.637
[round 71/100] avg private log-likelihood = -10.640
[round 72/100] avg private log-likelihood = -10.638
[round 73/100] avg private log-likelihood = -10.638
[round 74/100] avg private log-likelihood = -10.639
[round 75/100] avg private log-likelihood = -10.637
[round 76/100] avg private log-likelihood = -10.634
[round 77/100] avg private log-likelihood = -10.631
[round 78/100] avg private log-likelihood = -10.634
[round 79/100] avg private log-likelihood = -10.629
[round 80/100] avg private log-likelihood = -10.646
[round 81/100] avg private log-likelihood = -10.638
[round 82/100] avg private log-likelihood = -10.634
[round 83/100] avg private log-likelihood = -10.630
[round 84/100] avg private log-likelihood = -10.635
[round 85/100] avg private log-likelihood = -10.642
[round 86/100] avg private log-likelihood = -10.646
[round 87/100] avg private log-likelihood = -10.635
[round 88/100] avg private log-likelihood = -10.634
[round 89/100] avg private log-likelihood = -10.642
[round 90/100] avg private log-likelihood = -10.643
[round 91/100] avg private log-likelihood = -10.641
[round 92/100] avg private log-likelihood = -10.644
[round 93/100] avg private log-likelihood = -10.639
[round 94/100] avg private log-likelihood = -10.645
[round 95/100] avg private log-likelihood = -10.641
[round 96/100] avg private log-likelihood = -10.631
[round 97/100] avg private log-likelihood = -10.638
[round 98/100] avg private log-likelihood = -10.640
[round 99/100] avg private log-likelihood = -10.640
[round 100/100] avg private log-likelihood = -10.636
[DONE] Results saved to results/D8_N10_lam0.5_seed7.json
