========================================
Running experiment on GPU
  D       = 4
  N       = 10
  lambda  = 0.5
  seed    = 1
  GPU     = 0
========================================
[round 01/100] avg private log-likelihood = -4.217
[round 02/100] avg private log-likelihood = -4.321
[round 03/100] avg private log-likelihood = -4.439
[round 04/100] avg private log-likelihood = -4.562
[round 05/100] avg private log-likelihood = -4.681
[round 06/100] avg private log-likelihood = -4.802
[round 07/100] avg private log-likelihood = -4.917
[round 08/100] avg private log-likelihood = -5.027
[round 09/100] avg private log-likelihood = -5.121
[round 10/100] avg private log-likelihood = -5.200
[round 11/100] avg private log-likelihood = -5.271
[round 12/100] avg private log-likelihood = -5.323
[round 13/100] avg private log-likelihood = -5.360
[round 14/100] avg private log-likelihood = -5.377
[round 15/100] avg private log-likelihood = -5.393
[round 16/100] avg private log-likelihood = -5.397
[round 17/100] avg private log-likelihood = -5.394
[round 18/100] avg private log-likelihood = -5.398
[round 19/100] avg private log-likelihood = -5.394
[round 20/100] avg private log-likelihood = -5.398
[round 21/100] avg private log-likelihood = -5.398
[round 22/100] avg private log-likelihood = -5.393
[round 23/100] avg private log-likelihood = -5.392
[round 24/100] avg private log-likelihood = -5.402
[round 25/100] avg private log-likelihood = -5.404
[round 26/100] avg private log-likelihood = -5.403
[round 27/100] avg private log-likelihood = -5.398
[round 28/100] avg private log-likelihood = -5.392
[round 29/100] avg private log-likelihood = -5.399
[round 30/100] avg private log-likelihood = -5.397
[round 31/100] avg private log-likelihood = -5.405
[round 32/100] avg private log-likelihood = -5.407
[round 33/100] avg private log-likelihood = -5.402
[round 34/100] avg private log-likelihood = -5.400
[round 35/100] avg private log-likelihood = -5.403
[round 36/100] avg private log-likelihood = -5.397
[round 37/100] avg private log-likelihood = -5.392
[round 38/100] avg private log-likelihood = -5.390
[round 39/100] avg private log-likelihood = -5.392
[round 40/100] avg private log-likelihood = -5.402
[round 41/100] avg private log-likelihood = -5.398
[round 42/100] avg private log-likelihood = -5.402
[round 43/100] avg private log-likelihood = -5.396
[round 44/100] avg private log-likelihood = -5.392
[round 45/100] avg private log-likelihood = -5.398
[round 46/100] avg private log-likelihood = -5.395
[round 47/100] avg private log-likelihood = -5.399
[round 48/100] avg private log-likelihood = -5.405
[round 49/100] avg private log-likelihood = -5.404
[round 50/100] avg private log-likelihood = -5.399
[round 51/100] avg private log-likelihood = -5.401
[round 52/100] avg private log-likelihood = -5.406
[round 53/100] avg private log-likelihood = -5.407
[round 54/100] avg private log-likelihood = -5.402
[round 55/100] avg private log-likelihood = -5.405
[round 56/100] avg private log-likelihood = -5.402
[round 57/100] avg private log-likelihood = -5.398
[round 58/100] avg private log-likelihood = -5.396
[round 59/100] avg private log-likelihood = -5.402
[round 60/100] avg private log-likelihood = -5.403
[round 61/100] avg private log-likelihood = -5.403
[round 62/100] avg private log-likelihood = -5.403
[round 63/100] avg private log-likelihood = -5.392
[round 64/100] avg private log-likelihood = -5.398
[round 65/100] avg private log-likelihood = -5.396
[round 66/100] avg private log-likelihood = -5.395
[round 67/100] avg private log-likelihood = -5.400
[round 68/100] avg private log-likelihood = -5.400
[round 69/100] avg private log-likelihood = -5.400
[round 70/100] avg private log-likelihood = -5.398
[round 71/100] avg private log-likelihood = -5.397
[round 72/100] avg private log-likelihood = -5.397
[round 73/100] avg private log-likelihood = -5.406
[round 74/100] avg private log-likelihood = -5.405
[round 75/100] avg private log-likelihood = -5.401
[round 76/100] avg private log-likelihood = -5.406
[round 77/100] avg private log-likelihood = -5.406
[round 78/100] avg private log-likelihood = -5.402
[round 79/100] avg private log-likelihood = -5.402
[round 80/100] avg private log-likelihood = -5.404
[round 81/100] avg private log-likelihood = -5.407
[round 82/100] avg private log-likelihood = -5.404
[round 83/100] avg private log-likelihood = -5.401
[round 84/100] avg private log-likelihood = -5.402
[round 85/100] avg private log-likelihood = -5.402
[round 86/100] avg private log-likelihood = -5.404
[round 87/100] avg private log-likelihood = -5.401
[round 88/100] avg private log-likelihood = -5.406
[round 89/100] avg private log-likelihood = -5.401
[round 90/100] avg private log-likelihood = -5.403
[round 91/100] avg private log-likelihood = -5.402
[round 92/100] avg private log-likelihood = -5.399
[round 93/100] avg private log-likelihood = -5.401
[round 94/100] avg private log-likelihood = -5.400
[round 95/100] avg private log-likelihood = -5.403
[round 96/100] avg private log-likelihood = -5.409
[round 97/100] avg private log-likelihood = -5.405
[round 98/100] avg private log-likelihood = -5.400
[round 99/100] avg private log-likelihood = -5.400
[round 100/100] avg private log-likelihood = -5.403
[round 01/100] avg private log-likelihood = -4.211
[round 02/100] avg private log-likelihood = -4.316
[round 03/100] avg private log-likelihood = -4.434
[round 04/100] avg private log-likelihood = -4.554
[round 05/100] avg private log-likelihood = -4.675
[round 06/100] avg private log-likelihood = -4.796
[round 07/100] avg private log-likelihood = -4.910
[round 08/100] avg private log-likelihood = -5.019
[round 09/100] avg private log-likelihood = -5.117
[round 10/100] avg private log-likelihood = -5.195
[round 11/100] avg private log-likelihood = -5.256
[round 12/100] avg private log-likelihood = -5.303
[round 13/100] avg private log-likelihood = -5.343
[round 14/100] avg private log-likelihood = -5.362
[round 15/100] avg private log-likelihood = -5.378
[round 16/100] avg private log-likelihood = -5.388
[round 17/100] avg private log-likelihood = -5.391
[round 18/100] avg private log-likelihood = -5.391
[round 19/100] avg private log-likelihood = -5.393
[round 20/100] avg private log-likelihood = -5.390
[round 21/100] avg private log-likelihood = -5.391
[round 22/100] avg private log-likelihood = -5.399
[round 23/100] avg private log-likelihood = -5.391
[round 24/100] avg private log-likelihood = -5.396
[round 25/100] avg private log-likelihood = -5.400
[round 26/100] avg private log-likelihood = -5.401
[round 27/100] avg private log-likelihood = -5.395
[round 28/100] avg private log-likelihood = -5.397
[round 29/100] avg private log-likelihood = -5.392
[round 30/100] avg private log-likelihood = -5.386
[round 31/100] avg private log-likelihood = -5.395
[round 32/100] avg private log-likelihood = -5.398
[round 33/100] avg private log-likelihood = -5.392
[round 34/100] avg private log-likelihood = -5.401
[round 35/100] avg private log-likelihood = -5.406
[round 36/100] avg private log-likelihood = -5.409
[round 37/100] avg private log-likelihood = -5.404
[round 38/100] avg private log-likelihood = -5.396
[round 39/100] avg private log-likelihood = -5.393
[round 40/100] avg private log-likelihood = -5.397
[round 41/100] avg private log-likelihood = -5.402
[round 42/100] avg private log-likelihood = -5.395
[round 43/100] avg private log-likelihood = -5.398
[round 44/100] avg private log-likelihood = -5.404
[round 45/100] avg private log-likelihood = -5.398
[round 46/100] avg private log-likelihood = -5.399
[round 47/100] avg private log-likelihood = -5.399
[round 48/100] avg private log-likelihood = -5.397
[round 49/100] avg private log-likelihood = -5.396
[round 50/100] avg private log-likelihood = -5.399
[round 51/100] avg private log-likelihood = -5.404
[round 52/100] avg private log-likelihood = -5.402
[round 53/100] avg private log-likelihood = -5.409
[round 54/100] avg private log-likelihood = -5.404
[round 55/100] avg private log-likelihood = -5.397
[round 56/100] avg private log-likelihood = -5.400
[round 57/100] avg private log-likelihood = -5.394
[round 58/100] avg private log-likelihood = -5.394
[round 59/100] avg private log-likelihood = -5.391
[round 60/100] avg private log-likelihood = -5.394
[round 61/100] avg private log-likelihood = -5.398
[round 62/100] avg private log-likelihood = -5.399
[round 63/100] avg private log-likelihood = -5.402
[round 64/100] avg private log-likelihood = -5.397
[round 65/100] avg private log-likelihood = -5.396
[round 66/100] avg private log-likelihood = -5.399
[round 67/100] avg private log-likelihood = -5.404
[round 68/100] avg private log-likelihood = -5.400
[round 69/100] avg private log-likelihood = -5.405
[round 70/100] avg private log-likelihood = -5.399
[round 71/100] avg private log-likelihood = -5.395
[round 72/100] avg private log-likelihood = -5.397
[round 73/100] avg private log-likelihood = -5.398
[round 74/100] avg private log-likelihood = -5.403
[round 75/100] avg private log-likelihood = -5.396
[round 76/100] avg private log-likelihood = -5.396
[round 77/100] avg private log-likelihood = -5.393
[round 78/100] avg private log-likelihood = -5.403
[round 79/100] avg private log-likelihood = -5.403
[round 80/100] avg private log-likelihood = -5.400
[round 81/100] avg private log-likelihood = -5.401
[round 82/100] avg private log-likelihood = -5.403
[round 83/100] avg private log-likelihood = -5.402
[round 84/100] avg private log-likelihood = -5.402
[round 85/100] avg private log-likelihood = -5.396
[round 86/100] avg private log-likelihood = -5.400
[round 87/100] avg private log-likelihood = -5.403
[round 88/100] avg private log-likelihood = -5.401
[round 89/100] avg private log-likelihood = -5.396
[round 90/100] avg private log-likelihood = -5.402
[round 91/100] avg private log-likelihood = -5.399
[round 92/100] avg private log-likelihood = -5.398
[round 93/100] avg private log-likelihood = -5.397
[round 94/100] avg private log-likelihood = -5.398
[round 95/100] avg private log-likelihood = -5.397
[round 96/100] avg private log-likelihood = -5.398
[round 97/100] avg private log-likelihood = -5.401
[round 98/100] avg private log-likelihood = -5.400
[round 99/100] avg private log-likelihood = -5.400
[round 100/100] avg private log-likelihood = -5.402
[DONE] Results saved to results/D4_N10_lam0.5_seed1.json
