========================================
Running experiment on GPU
  D       = 16
  N       = 10
  lambda  = 0.5
  seed    = 5
  GPU     = 0
========================================
[round 01/100] avg private log-likelihood = -15.895
[round 02/100] avg private log-likelihood = -16.350
[round 03/100] avg private log-likelihood = -16.788
[round 04/100] avg private log-likelihood = -17.149
[round 05/100] avg private log-likelihood = -17.507
[round 06/100] avg private log-likelihood = -17.849
[round 07/100] avg private log-likelihood = -18.166
[round 08/100] avg private log-likelihood = -18.498
[round 09/100] avg private log-likelihood = -18.802
[round 10/100] avg private log-likelihood = -19.067
[round 11/100] avg private log-likelihood = -19.336
[round 12/100] avg private log-likelihood = -19.552
[round 13/100] avg private log-likelihood = -19.756
[round 14/100] avg private log-likelihood = -19.908
[round 15/100] avg private log-likelihood = -20.023
[round 16/100] avg private log-likelihood = -20.105
[round 17/100] avg private log-likelihood = -20.156
[round 18/100] avg private log-likelihood = -20.216
[round 19/100] avg private log-likelihood = -20.266
[round 20/100] avg private log-likelihood = -20.299
[round 21/100] avg private log-likelihood = -20.332
[round 22/100] avg private log-likelihood = -20.358
[round 23/100] avg private log-likelihood = -20.362
[round 24/100] avg private log-likelihood = -20.385
[round 25/100] avg private log-likelihood = -20.393
[round 26/100] avg private log-likelihood = -20.405
[round 27/100] avg private log-likelihood = -20.407
[round 28/100] avg private log-likelihood = -20.400
[round 29/100] avg private log-likelihood = -20.427
[round 30/100] avg private log-likelihood = -20.406
[round 31/100] avg private log-likelihood = -20.393
[round 32/100] avg private log-likelihood = -20.410
[round 33/100] avg private log-likelihood = -20.394
[round 34/100] avg private log-likelihood = -20.407
[round 35/100] avg private log-likelihood = -20.416
[round 36/100] avg private log-likelihood = -20.405
[round 37/100] avg private log-likelihood = -20.410
[round 38/100] avg private log-likelihood = -20.409
[round 39/100] avg private log-likelihood = -20.418
[round 40/100] avg private log-likelihood = -20.410
[round 41/100] avg private log-likelihood = -20.413
[round 42/100] avg private log-likelihood = -20.413
[round 43/100] avg private log-likelihood = -20.398
[round 44/100] avg private log-likelihood = -20.406
[round 45/100] avg private log-likelihood = -20.400
[round 46/100] avg private log-likelihood = -20.415
[round 47/100] avg private log-likelihood = -20.416
[round 48/100] avg private log-likelihood = -20.419
[round 49/100] avg private log-likelihood = -20.414
[round 50/100] avg private log-likelihood = -20.420
[round 51/100] avg private log-likelihood = -20.415
[round 52/100] avg private log-likelihood = -20.419
[round 53/100] avg private log-likelihood = -20.412
[round 54/100] avg private log-likelihood = -20.418
[round 55/100] avg private log-likelihood = -20.402
[round 56/100] avg private log-likelihood = -20.419
[round 57/100] avg private log-likelihood = -20.415
[round 58/100] avg private log-likelihood = -20.415
[round 59/100] avg private log-likelihood = -20.425
[round 60/100] avg private log-likelihood = -20.430
[round 61/100] avg private log-likelihood = -20.438
[round 62/100] avg private log-likelihood = -20.437
[round 63/100] avg private log-likelihood = -20.427
[round 64/100] avg private log-likelihood = -20.415
[round 65/100] avg private log-likelihood = -20.415
[round 66/100] avg private log-likelihood = -20.414
[round 67/100] avg private log-likelihood = -20.412
[round 68/100] avg private log-likelihood = -20.401
[round 69/100] avg private log-likelihood = -20.403
[round 70/100] avg private log-likelihood = -20.408
[round 71/100] avg private log-likelihood = -20.407
[round 72/100] avg private log-likelihood = -20.403
[round 73/100] avg private log-likelihood = -20.416
[round 74/100] avg private log-likelihood = -20.395
[round 75/100] avg private log-likelihood = -20.384
[round 76/100] avg private log-likelihood = -20.395
[round 77/100] avg private log-likelihood = -20.389
[round 78/100] avg private log-likelihood = -20.391
[round 79/100] avg private log-likelihood = -20.402
[round 80/100] avg private log-likelihood = -20.410
[round 81/100] avg private log-likelihood = -20.415
[round 82/100] avg private log-likelihood = -20.420
[round 83/100] avg private log-likelihood = -20.419
[round 84/100] avg private log-likelihood = -20.419
[round 85/100] avg private log-likelihood = -20.408
[round 86/100] avg private log-likelihood = -20.406
[round 87/100] avg private log-likelihood = -20.402
[round 88/100] avg private log-likelihood = -20.402
[round 89/100] avg private log-likelihood = -20.403
[round 90/100] avg private log-likelihood = -20.406
[round 91/100] avg private log-likelihood = -20.413
[round 92/100] avg private log-likelihood = -20.414
[round 93/100] avg private log-likelihood = -20.422
[round 94/100] avg private log-likelihood = -20.421
[round 95/100] avg private log-likelihood = -20.433
[round 96/100] avg private log-likelihood = -20.423
[round 97/100] avg private log-likelihood = -20.411
[round 98/100] avg private log-likelihood = -20.416
[round 99/100] avg private log-likelihood = -20.413
[round 100/100] avg private log-likelihood = -20.415
[round 01/100] avg private log-likelihood = -15.823
[round 02/100] avg private log-likelihood = -16.311
[round 03/100] avg private log-likelihood = -16.754
[round 04/100] avg private log-likelihood = -17.131
[round 05/100] avg private log-likelihood = -17.481
[round 06/100] avg private log-likelihood = -17.827
[round 07/100] avg private log-likelihood = -18.161
[round 08/100] avg private log-likelihood = -18.489
[round 09/100] avg private log-likelihood = -18.786
[round 10/100] avg private log-likelihood = -19.063
[round 11/100] avg private log-likelihood = -19.317
[round 12/100] avg private log-likelihood = -19.536
[round 13/100] avg private log-likelihood = -19.719
[round 14/100] avg private log-likelihood = -19.876
[round 15/100] avg private log-likelihood = -19.986
[round 16/100] avg private log-likelihood = -20.072
[round 17/100] avg private log-likelihood = -20.140
[round 18/100] avg private log-likelihood = -20.204
[round 19/100] avg private log-likelihood = -20.274
[round 20/100] avg private log-likelihood = -20.327
[round 21/100] avg private log-likelihood = -20.344
[round 22/100] avg private log-likelihood = -20.358
[round 23/100] avg private log-likelihood = -20.399
[round 24/100] avg private log-likelihood = -20.425
[round 25/100] avg private log-likelihood = -20.407
[round 26/100] avg private log-likelihood = -20.414
[round 27/100] avg private log-likelihood = -20.415
[round 28/100] avg private log-likelihood = -20.414
[round 29/100] avg private log-likelihood = -20.414
[round 30/100] avg private log-likelihood = -20.404
[round 31/100] avg private log-likelihood = -20.408
[round 32/100] avg private log-likelihood = -20.402
[round 33/100] avg private log-likelihood = -20.412
[round 34/100] avg private log-likelihood = -20.406
[round 35/100] avg private log-likelihood = -20.407
[round 36/100] avg private log-likelihood = -20.411
[round 37/100] avg private log-likelihood = -20.409
[round 38/100] avg private log-likelihood = -20.406
[round 39/100] avg private log-likelihood = -20.383
[round 40/100] avg private log-likelihood = -20.401
[round 41/100] avg private log-likelihood = -20.408
[round 42/100] avg private log-likelihood = -20.413
[round 43/100] avg private log-likelihood = -20.427
[round 44/100] avg private log-likelihood = -20.418
[round 45/100] avg private log-likelihood = -20.415
[round 46/100] avg private log-likelihood = -20.409
[round 47/100] avg private log-likelihood = -20.389
[round 48/100] avg private log-likelihood = -20.382
[round 49/100] avg private log-likelihood = -20.407
[round 50/100] avg private log-likelihood = -20.412
[round 51/100] avg private log-likelihood = -20.409
[round 52/100] avg private log-likelihood = -20.401
[round 53/100] avg private log-likelihood = -20.407
[round 54/100] avg private log-likelihood = -20.397
[round 55/100] avg private log-likelihood = -20.405
[round 56/100] avg private log-likelihood = -20.402
[round 57/100] avg private log-likelihood = -20.417
[round 58/100] avg private log-likelihood = -20.401
[round 59/100] avg private log-likelihood = -20.391
[round 60/100] avg private log-likelihood = -20.395
[round 61/100] avg private log-likelihood = -20.417
[round 62/100] avg private log-likelihood = -20.410
[round 63/100] avg private log-likelihood = -20.406
[round 64/100] avg private log-likelihood = -20.413
[round 65/100] avg private log-likelihood = -20.405
[round 66/100] avg private log-likelihood = -20.415
[round 67/100] avg private log-likelihood = -20.411
[round 68/100] avg private log-likelihood = -20.414
[round 69/100] avg private log-likelihood = -20.408
[round 70/100] avg private log-likelihood = -20.411
[round 71/100] avg private log-likelihood = -20.405
[round 72/100] avg private log-likelihood = -20.416
[round 73/100] avg private log-likelihood = -20.399
[round 74/100] avg private log-likelihood = -20.400
[round 75/100] avg private log-likelihood = -20.396
[round 76/100] avg private log-likelihood = -20.410
[round 77/100] avg private log-likelihood = -20.401
[round 78/100] avg private log-likelihood = -20.390
[round 79/100] avg private log-likelihood = -20.403
[round 80/100] avg private log-likelihood = -20.397
[round 81/100] avg private log-likelihood = -20.380
[round 82/100] avg private log-likelihood = -20.393
[round 83/100] avg private log-likelihood = -20.403
[round 84/100] avg private log-likelihood = -20.406
[round 85/100] avg private log-likelihood = -20.398
[round 86/100] avg private log-likelihood = -20.395
[round 87/100] avg private log-likelihood = -20.400
[round 88/100] avg private log-likelihood = -20.404
[round 89/100] avg private log-likelihood = -20.397
[round 90/100] avg private log-likelihood = -20.408
[round 91/100] avg private log-likelihood = -20.412
[round 92/100] avg private log-likelihood = -20.409
[round 93/100] avg private log-likelihood = -20.417
[round 94/100] avg private log-likelihood = -20.404
[round 95/100] avg private log-likelihood = -20.402
[round 96/100] avg private log-likelihood = -20.411
[round 97/100] avg private log-likelihood = -20.406
[round 98/100] avg private log-likelihood = -20.418
[round 99/100] avg private log-likelihood = -20.420
[round 100/100] avg private log-likelihood = -20.403
[DONE] Results saved to results/D16_N10_lam0.5_seed5.json
