========================================
Running experiment on GPU
  D       = 8
  N       = 10
  lambda  = 1.0
  seed    = 3
  GPU     = 0
========================================
[round 01/100] avg private log-likelihood = -7.711
[round 02/100] avg private log-likelihood = -7.989
[round 03/100] avg private log-likelihood = -8.296
[round 04/100] avg private log-likelihood = -8.572
[round 05/100] avg private log-likelihood = -8.842
[round 06/100] avg private log-likelihood = -9.115
[round 07/100] avg private log-likelihood = -9.374
[round 08/100] avg private log-likelihood = -9.598
[round 09/100] avg private log-likelihood = -9.780
[round 10/100] avg private log-likelihood = -9.952
[round 11/100] avg private log-likelihood = -10.107
[round 12/100] avg private log-likelihood = -10.224
[round 13/100] avg private log-likelihood = -10.326
[round 14/100] avg private log-likelihood = -10.421
[round 15/100] avg private log-likelihood = -10.512
[round 16/100] avg private log-likelihood = -10.590
[round 17/100] avg private log-likelihood = -10.658
[round 18/100] avg private log-likelihood = -10.700
[round 19/100] avg private log-likelihood = -10.735
[round 20/100] avg private log-likelihood = -10.768
[round 21/100] avg private log-likelihood = -10.766
[round 22/100] avg private log-likelihood = -10.773
[round 23/100] avg private log-likelihood = -10.784
[round 24/100] avg private log-likelihood = -10.775
[round 25/100] avg private log-likelihood = -10.776
[round 26/100] avg private log-likelihood = -10.753
[round 27/100] avg private log-likelihood = -10.744
[round 28/100] avg private log-likelihood = -10.727
[round 29/100] avg private log-likelihood = -10.721
[round 30/100] avg private log-likelihood = -10.700
[round 31/100] avg private log-likelihood = -10.691
[round 32/100] avg private log-likelihood = -10.678
[round 33/100] avg private log-likelihood = -10.665
[round 34/100] avg private log-likelihood = -10.668
[round 35/100] avg private log-likelihood = -10.665
[round 36/100] avg private log-likelihood = -10.652
[round 37/100] avg private log-likelihood = -10.643
[round 38/100] avg private log-likelihood = -10.637
[round 39/100] avg private log-likelihood = -10.621
[round 40/100] avg private log-likelihood = -10.618
[round 41/100] avg private log-likelihood = -10.620
[round 42/100] avg private log-likelihood = -10.627
[round 43/100] avg private log-likelihood = -10.622
[round 44/100] avg private log-likelihood = -10.627
[round 45/100] avg private log-likelihood = -10.611
[round 46/100] avg private log-likelihood = -10.614
[round 47/100] avg private log-likelihood = -10.616
[round 48/100] avg private log-likelihood = -10.628
[round 49/100] avg private log-likelihood = -10.622
[round 50/100] avg private log-likelihood = -10.634
[round 51/100] avg private log-likelihood = -10.639
[round 52/100] avg private log-likelihood = -10.630
[round 53/100] avg private log-likelihood = -10.628
[round 54/100] avg private log-likelihood = -10.623
[round 55/100] avg private log-likelihood = -10.634
[round 56/100] avg private log-likelihood = -10.634
[round 57/100] avg private log-likelihood = -10.640
[round 58/100] avg private log-likelihood = -10.640
[round 59/100] avg private log-likelihood = -10.631
[round 60/100] avg private log-likelihood = -10.635
[round 61/100] avg private log-likelihood = -10.629
[round 62/100] avg private log-likelihood = -10.634
[round 63/100] avg private log-likelihood = -10.626
[round 64/100] avg private log-likelihood = -10.620
[round 65/100] avg private log-likelihood = -10.624
[round 66/100] avg private log-likelihood = -10.619
[round 67/100] avg private log-likelihood = -10.618
[round 68/100] avg private log-likelihood = -10.615
[round 69/100] avg private log-likelihood = -10.621
[round 70/100] avg private log-likelihood = -10.622
[round 71/100] avg private log-likelihood = -10.617
[round 72/100] avg private log-likelihood = -10.631
[round 73/100] avg private log-likelihood = -10.625
[round 74/100] avg private log-likelihood = -10.631
[round 75/100] avg private log-likelihood = -10.652
[round 76/100] avg private log-likelihood = -10.637
[round 77/100] avg private log-likelihood = -10.639
[round 78/100] avg private log-likelihood = -10.643
[round 79/100] avg private log-likelihood = -10.645
[round 80/100] avg private log-likelihood = -10.646
[round 81/100] avg private log-likelihood = -10.647
[round 82/100] avg private log-likelihood = -10.646
[round 83/100] avg private log-likelihood = -10.628
[round 84/100] avg private log-likelihood = -10.622
[round 85/100] avg private log-likelihood = -10.631
[round 86/100] avg private log-likelihood = -10.638
[round 87/100] avg private log-likelihood = -10.637
[round 88/100] avg private log-likelihood = -10.638
[round 89/100] avg private log-likelihood = -10.638
[round 90/100] avg private log-likelihood = -10.649
[round 91/100] avg private log-likelihood = -10.637
[round 92/100] avg private log-likelihood = -10.636
[round 93/100] avg private log-likelihood = -10.630
[round 94/100] avg private log-likelihood = -10.622
[round 95/100] avg private log-likelihood = -10.633
[round 96/100] avg private log-likelihood = -10.634
[round 97/100] avg private log-likelihood = -10.623
[round 98/100] avg private log-likelihood = -10.617
[round 99/100] avg private log-likelihood = -10.619
[round 100/100] avg private log-likelihood = -10.637
[round 01/100] avg private log-likelihood = -7.693
[round 02/100] avg private log-likelihood = -7.964
[round 03/100] avg private log-likelihood = -8.258
[round 04/100] avg private log-likelihood = -8.540
[round 05/100] avg private log-likelihood = -8.814
[round 06/100] avg private log-likelihood = -9.080
[round 07/100] avg private log-likelihood = -9.335
[round 08/100] avg private log-likelihood = -9.562
[round 09/100] avg private log-likelihood = -9.751
[round 10/100] avg private log-likelihood = -9.920
[round 11/100] avg private log-likelihood = -10.068
[round 12/100] avg private log-likelihood = -10.195
[round 13/100] avg private log-likelihood = -10.302
[round 14/100] avg private log-likelihood = -10.402
[round 15/100] avg private log-likelihood = -10.477
[round 16/100] avg private log-likelihood = -10.560
[round 17/100] avg private log-likelihood = -10.625
[round 18/100] avg private log-likelihood = -10.674
[round 19/100] avg private log-likelihood = -10.717
[round 20/100] avg private log-likelihood = -10.758
[round 21/100] avg private log-likelihood = -10.763
[round 22/100] avg private log-likelihood = -10.766
[round 23/100] avg private log-likelihood = -10.769
[round 24/100] avg private log-likelihood = -10.768
[round 25/100] avg private log-likelihood = -10.769
[round 26/100] avg private log-likelihood = -10.756
[round 27/100] avg private log-likelihood = -10.745
[round 28/100] avg private log-likelihood = -10.729
[round 29/100] avg private log-likelihood = -10.723
[round 30/100] avg private log-likelihood = -10.702
[round 31/100] avg private log-likelihood = -10.688
[round 32/100] avg private log-likelihood = -10.676
[round 33/100] avg private log-likelihood = -10.672
[round 34/100] avg private log-likelihood = -10.657
[round 35/100] avg private log-likelihood = -10.655
[round 36/100] avg private log-likelihood = -10.656
[round 37/100] avg private log-likelihood = -10.644
[round 38/100] avg private log-likelihood = -10.637
[round 39/100] avg private log-likelihood = -10.629
[round 40/100] avg private log-likelihood = -10.628
[round 41/100] avg private log-likelihood = -10.634
[round 42/100] avg private log-likelihood = -10.630
[round 43/100] avg private log-likelihood = -10.627
[round 44/100] avg private log-likelihood = -10.618
[round 45/100] avg private log-likelihood = -10.620
[round 46/100] avg private log-likelihood = -10.620
[round 47/100] avg private log-likelihood = -10.624
[round 48/100] avg private log-likelihood = -10.623
[round 49/100] avg private log-likelihood = -10.624
[round 50/100] avg private log-likelihood = -10.616
[round 51/100] avg private log-likelihood = -10.624
[round 52/100] avg private log-likelihood = -10.612
[round 53/100] avg private log-likelihood = -10.619
[round 54/100] avg private log-likelihood = -10.623
[round 55/100] avg private log-likelihood = -10.615
[round 56/100] avg private log-likelihood = -10.620
[round 57/100] avg private log-likelihood = -10.623
[round 58/100] avg private log-likelihood = -10.622
[round 59/100] avg private log-likelihood = -10.625
[round 60/100] avg private log-likelihood = -10.629
[round 61/100] avg private log-likelihood = -10.626
[round 62/100] avg private log-likelihood = -10.622
[round 63/100] avg private log-likelihood = -10.625
[round 64/100] avg private log-likelihood = -10.620
[round 65/100] avg private log-likelihood = -10.626
[round 66/100] avg private log-likelihood = -10.627
[round 67/100] avg private log-likelihood = -10.623
[round 68/100] avg private log-likelihood = -10.631
[round 69/100] avg private log-likelihood = -10.620
[round 70/100] avg private log-likelihood = -10.622
[round 71/100] avg private log-likelihood = -10.617
[round 72/100] avg private log-likelihood = -10.609
[round 73/100] avg private log-likelihood = -10.611
[round 74/100] avg private log-likelihood = -10.622
[round 75/100] avg private log-likelihood = -10.623
[round 76/100] avg private log-likelihood = -10.623
[round 77/100] avg private log-likelihood = -10.621
[round 78/100] avg private log-likelihood = -10.622
[round 79/100] avg private log-likelihood = -10.627
[round 80/100] avg private log-likelihood = -10.628
[round 81/100] avg private log-likelihood = -10.622
[round 82/100] avg private log-likelihood = -10.619
[round 83/100] avg private log-likelihood = -10.620
[round 84/100] avg private log-likelihood = -10.617
[round 85/100] avg private log-likelihood = -10.619
[round 86/100] avg private log-likelihood = -10.617
[round 87/100] avg private log-likelihood = -10.609
[round 88/100] avg private log-likelihood = -10.613
[round 89/100] avg private log-likelihood = -10.617
[round 90/100] avg private log-likelihood = -10.609
[round 91/100] avg private log-likelihood = -10.621
[round 92/100] avg private log-likelihood = -10.624
[round 93/100] avg private log-likelihood = -10.617
[round 94/100] avg private log-likelihood = -10.626
[round 95/100] avg private log-likelihood = -10.631
[round 96/100] avg private log-likelihood = -10.628
[round 97/100] avg private log-likelihood = -10.624
[round 98/100] avg private log-likelihood = -10.620
[round 99/100] avg private log-likelihood = -10.620
[round 100/100] avg private log-likelihood = -10.625
[DONE] Results saved to results/D8_N10_lam1.0_seed3.json
