========================================
Running experiment on GPU
  D       = 16
  N       = 10
  lambda  = 1.0
  seed    = 3
  GPU     = 0
========================================
[round 01/100] avg private log-likelihood = -14.490
[round 02/100] avg private log-likelihood = -15.280
[round 03/100] avg private log-likelihood = -15.999
[round 04/100] avg private log-likelihood = -16.581
[round 05/100] avg private log-likelihood = -17.173
[round 06/100] avg private log-likelihood = -17.701
[round 07/100] avg private log-likelihood = -18.214
[round 08/100] avg private log-likelihood = -18.651
[round 09/100] avg private log-likelihood = -19.060
[round 10/100] avg private log-likelihood = -19.383
[round 11/100] avg private log-likelihood = -19.649
[round 12/100] avg private log-likelihood = -19.806
[round 13/100] avg private log-likelihood = -19.902
[round 14/100] avg private log-likelihood = -19.987
[round 15/100] avg private log-likelihood = -20.027
[round 16/100] avg private log-likelihood = -20.077
[round 17/100] avg private log-likelihood = -20.103
[round 18/100] avg private log-likelihood = -20.118
[round 19/100] avg private log-likelihood = -20.141
[round 20/100] avg private log-likelihood = -20.167
[round 21/100] avg private log-likelihood = -20.119
[round 22/100] avg private log-likelihood = -20.140
[round 23/100] avg private log-likelihood = -20.148
[round 24/100] avg private log-likelihood = -20.124
[round 25/100] avg private log-likelihood = -20.078
[round 26/100] avg private log-likelihood = -20.057
[round 27/100] avg private log-likelihood = -20.054
[round 28/100] avg private log-likelihood = -20.027
[round 29/100] avg private log-likelihood = -20.023
[round 30/100] avg private log-likelihood = -20.025
[round 31/100] avg private log-likelihood = -20.021
[round 32/100] avg private log-likelihood = -20.013
[round 33/100] avg private log-likelihood = -20.004
[round 34/100] avg private log-likelihood = -20.013
[round 35/100] avg private log-likelihood = -20.022
[round 36/100] avg private log-likelihood = -20.023
[round 37/100] avg private log-likelihood = -20.015
[round 38/100] avg private log-likelihood = -20.049
[round 39/100] avg private log-likelihood = -20.032
[round 40/100] avg private log-likelihood = -20.041
[round 41/100] avg private log-likelihood = -20.064
[round 42/100] avg private log-likelihood = -20.052
[round 43/100] avg private log-likelihood = -20.037
[round 44/100] avg private log-likelihood = -20.051
[round 45/100] avg private log-likelihood = -20.039
[round 46/100] avg private log-likelihood = -20.026
[round 47/100] avg private log-likelihood = -20.026
[round 48/100] avg private log-likelihood = -20.045
[round 49/100] avg private log-likelihood = -20.042
[round 50/100] avg private log-likelihood = -20.037
[round 51/100] avg private log-likelihood = -20.051
[round 52/100] avg private log-likelihood = -20.040
[round 53/100] avg private log-likelihood = -20.046
[round 54/100] avg private log-likelihood = -20.045
[round 55/100] avg private log-likelihood = -20.042
[round 56/100] avg private log-likelihood = -20.052
[round 57/100] avg private log-likelihood = -20.040
[round 58/100] avg private log-likelihood = -20.052
[round 59/100] avg private log-likelihood = -20.038
[round 60/100] avg private log-likelihood = -20.053
[round 61/100] avg private log-likelihood = -20.033
[round 62/100] avg private log-likelihood = -20.051
[round 63/100] avg private log-likelihood = -20.060
[round 64/100] avg private log-likelihood = -20.037
[round 65/100] avg private log-likelihood = -20.028
[round 66/100] avg private log-likelihood = -20.040
[round 67/100] avg private log-likelihood = -20.041
[round 68/100] avg private log-likelihood = -20.057
[round 69/100] avg private log-likelihood = -20.044
[round 70/100] avg private log-likelihood = -20.049
[round 71/100] avg private log-likelihood = -20.048
[round 72/100] avg private log-likelihood = -20.024
[round 73/100] avg private log-likelihood = -20.039
[round 74/100] avg private log-likelihood = -20.042
[round 75/100] avg private log-likelihood = -20.042
[round 76/100] avg private log-likelihood = -20.078
[round 77/100] avg private log-likelihood = -20.072
[round 78/100] avg private log-likelihood = -20.045
[round 79/100] avg private log-likelihood = -20.043
[round 80/100] avg private log-likelihood = -20.027
[round 81/100] avg private log-likelihood = -20.030
[round 82/100] avg private log-likelihood = -20.047
[round 83/100] avg private log-likelihood = -20.052
[round 84/100] avg private log-likelihood = -20.049
[round 85/100] avg private log-likelihood = -20.040
[round 86/100] avg private log-likelihood = -20.037
[round 87/100] avg private log-likelihood = -20.037
[round 88/100] avg private log-likelihood = -20.053
[round 89/100] avg private log-likelihood = -20.048
[round 90/100] avg private log-likelihood = -20.072
[round 91/100] avg private log-likelihood = -20.061
[round 92/100] avg private log-likelihood = -20.055
[round 93/100] avg private log-likelihood = -20.093
[round 94/100] avg private log-likelihood = -20.073
[round 95/100] avg private log-likelihood = -20.054
[round 96/100] avg private log-likelihood = -20.051
[round 97/100] avg private log-likelihood = -20.056
[round 98/100] avg private log-likelihood = -20.056
[round 99/100] avg private log-likelihood = -20.054
[round 100/100] avg private log-likelihood = -20.070
[round 01/100] avg private log-likelihood = -14.429
[round 02/100] avg private log-likelihood = -15.214
[round 03/100] avg private log-likelihood = -15.884
[round 04/100] avg private log-likelihood = -16.518
[round 05/100] avg private log-likelihood = -17.106
[round 06/100] avg private log-likelihood = -17.653
[round 07/100] avg private log-likelihood = -18.135
[round 08/100] avg private log-likelihood = -18.598
[round 09/100] avg private log-likelihood = -19.009
[round 10/100] avg private log-likelihood = -19.353
[round 11/100] avg private log-likelihood = -19.604
[round 12/100] avg private log-likelihood = -19.787
[round 13/100] avg private log-likelihood = -19.914
[round 14/100] avg private log-likelihood = -19.988
[round 15/100] avg private log-likelihood = -20.042
[round 16/100] avg private log-likelihood = -20.076
[round 17/100] avg private log-likelihood = -20.107
[round 18/100] avg private log-likelihood = -20.115
[round 19/100] avg private log-likelihood = -20.125
[round 20/100] avg private log-likelihood = -20.140
[round 21/100] avg private log-likelihood = -20.139
[round 22/100] avg private log-likelihood = -20.121
[round 23/100] avg private log-likelihood = -20.114
[round 24/100] avg private log-likelihood = -20.110
[round 25/100] avg private log-likelihood = -20.105
[round 26/100] avg private log-likelihood = -20.071
[round 27/100] avg private log-likelihood = -20.060
[round 28/100] avg private log-likelihood = -20.035
[round 29/100] avg private log-likelihood = -20.019
[round 30/100] avg private log-likelihood = -20.023
[round 31/100] avg private log-likelihood = -20.021
[round 32/100] avg private log-likelihood = -20.011
[round 33/100] avg private log-likelihood = -20.016
[round 34/100] avg private log-likelihood = -20.021
[round 35/100] avg private log-likelihood = -20.026
[round 36/100] avg private log-likelihood = -20.009
[round 37/100] avg private log-likelihood = -20.006
[round 38/100] avg private log-likelihood = -20.028
[round 39/100] avg private log-likelihood = -20.041
[round 40/100] avg private log-likelihood = -20.034
[round 41/100] avg private log-likelihood = -20.034
[round 42/100] avg private log-likelihood = -20.025
[round 43/100] avg private log-likelihood = -20.028
[round 44/100] avg private log-likelihood = -20.033
[round 45/100] avg private log-likelihood = -20.031
[round 46/100] avg private log-likelihood = -20.048
[round 47/100] avg private log-likelihood = -20.055
[round 48/100] avg private log-likelihood = -20.035
[round 49/100] avg private log-likelihood = -20.026
[round 50/100] avg private log-likelihood = -20.024
[round 51/100] avg private log-likelihood = -20.046
[round 52/100] avg private log-likelihood = -20.043
[round 53/100] avg private log-likelihood = -20.043
[round 54/100] avg private log-likelihood = -20.040
[round 55/100] avg private log-likelihood = -20.041
[round 56/100] avg private log-likelihood = -20.028
[round 57/100] avg private log-likelihood = -20.043
[round 58/100] avg private log-likelihood = -20.040
[round 59/100] avg private log-likelihood = -20.044
[round 60/100] avg private log-likelihood = -20.048
[round 61/100] avg private log-likelihood = -20.026
[round 62/100] avg private log-likelihood = -20.019
[round 63/100] avg private log-likelihood = -20.020
[round 64/100] avg private log-likelihood = -20.012
[round 65/100] avg private log-likelihood = -20.035
[round 66/100] avg private log-likelihood = -20.044
[round 67/100] avg private log-likelihood = -20.031
[round 68/100] avg private log-likelihood = -20.032
[round 69/100] avg private log-likelihood = -20.025
[round 70/100] avg private log-likelihood = -20.041
[round 71/100] avg private log-likelihood = -20.035
[round 72/100] avg private log-likelihood = -20.040
[round 73/100] avg private log-likelihood = -20.032
[round 74/100] avg private log-likelihood = -20.024
[round 75/100] avg private log-likelihood = -20.025
[round 76/100] avg private log-likelihood = -20.037
[round 77/100] avg private log-likelihood = -20.035
[round 78/100] avg private log-likelihood = -20.037
[round 79/100] avg private log-likelihood = -20.039
[round 80/100] avg private log-likelihood = -20.034
[round 81/100] avg private log-likelihood = -20.032
[round 82/100] avg private log-likelihood = -20.024
[round 83/100] avg private log-likelihood = -20.031
[round 84/100] avg private log-likelihood = -20.048
[round 85/100] avg private log-likelihood = -20.044
[round 86/100] avg private log-likelihood = -20.051
[round 87/100] avg private log-likelihood = -20.043
[round 88/100] avg private log-likelihood = -20.038
[round 89/100] avg private log-likelihood = -20.046
[round 90/100] avg private log-likelihood = -20.051
[round 91/100] avg private log-likelihood = -20.038
[round 92/100] avg private log-likelihood = -20.026
[round 93/100] avg private log-likelihood = -20.039
[round 94/100] avg private log-likelihood = -20.051
[round 95/100] avg private log-likelihood = -20.053
[round 96/100] avg private log-likelihood = -20.047
[round 97/100] avg private log-likelihood = -20.044
[round 98/100] avg private log-likelihood = -20.045
[round 99/100] avg private log-likelihood = -20.027
[round 100/100] avg private log-likelihood = -20.028
[DONE] Results saved to results/D16_N10_lam1.0_seed3.json
