========================================
Running experiment on GPU
  D       = 2
  N       = 10
  lambda  = 1.0
  seed    = 9
  GPU     = 0
========================================
[round 01/100] avg private log-likelihood = -2.683
[round 02/100] avg private log-likelihood = -2.774
[round 03/100] avg private log-likelihood = -2.872
[round 04/100] avg private log-likelihood = -2.955
[round 05/100] avg private log-likelihood = -3.022
[round 06/100] avg private log-likelihood = -3.079
[round 07/100] avg private log-likelihood = -3.135
[round 08/100] avg private log-likelihood = -3.169
[round 09/100] avg private log-likelihood = -3.200
[round 10/100] avg private log-likelihood = -3.231
[round 11/100] avg private log-likelihood = -3.241
[round 12/100] avg private log-likelihood = -3.251
[round 13/100] avg private log-likelihood = -3.260
[round 14/100] avg private log-likelihood = -3.264
[round 15/100] avg private log-likelihood = -3.261
[round 16/100] avg private log-likelihood = -3.258
[round 17/100] avg private log-likelihood = -3.253
[round 18/100] avg private log-likelihood = -3.247
[round 19/100] avg private log-likelihood = -3.252
[round 20/100] avg private log-likelihood = -3.246
[round 21/100] avg private log-likelihood = -3.245
[round 22/100] avg private log-likelihood = -3.251
[round 23/100] avg private log-likelihood = -3.248
[round 24/100] avg private log-likelihood = -3.253
[round 25/100] avg private log-likelihood = -3.247
[round 26/100] avg private log-likelihood = -3.254
[round 27/100] avg private log-likelihood = -3.248
[round 28/100] avg private log-likelihood = -3.251
[round 29/100] avg private log-likelihood = -3.254
[round 30/100] avg private log-likelihood = -3.257
[round 31/100] avg private log-likelihood = -3.254
[round 32/100] avg private log-likelihood = -3.254
[round 33/100] avg private log-likelihood = -3.250
[round 34/100] avg private log-likelihood = -3.254
[round 35/100] avg private log-likelihood = -3.249
[round 36/100] avg private log-likelihood = -3.251
[round 37/100] avg private log-likelihood = -3.253
[round 38/100] avg private log-likelihood = -3.250
[round 39/100] avg private log-likelihood = -3.260
[round 40/100] avg private log-likelihood = -3.253
[round 41/100] avg private log-likelihood = -3.249
[round 42/100] avg private log-likelihood = -3.248
[round 43/100] avg private log-likelihood = -3.242
[round 44/100] avg private log-likelihood = -3.234
[round 45/100] avg private log-likelihood = -3.239
[round 46/100] avg private log-likelihood = -3.240
[round 47/100] avg private log-likelihood = -3.242
[round 48/100] avg private log-likelihood = -3.245
[round 49/100] avg private log-likelihood = -3.243
[round 50/100] avg private log-likelihood = -3.243
[round 51/100] avg private log-likelihood = -3.245
[round 52/100] avg private log-likelihood = -3.245
[round 53/100] avg private log-likelihood = -3.244
[round 54/100] avg private log-likelihood = -3.243
[round 55/100] avg private log-likelihood = -3.240
[round 56/100] avg private log-likelihood = -3.240
[round 57/100] avg private log-likelihood = -3.242
[round 58/100] avg private log-likelihood = -3.244
[round 59/100] avg private log-likelihood = -3.242
[round 60/100] avg private log-likelihood = -3.238
[round 61/100] avg private log-likelihood = -3.240
[round 62/100] avg private log-likelihood = -3.232
[round 63/100] avg private log-likelihood = -3.228
[round 64/100] avg private log-likelihood = -3.226
[round 65/100] avg private log-likelihood = -3.228
[round 66/100] avg private log-likelihood = -3.226
[round 67/100] avg private log-likelihood = -3.229
[round 68/100] avg private log-likelihood = -3.225
[round 69/100] avg private log-likelihood = -3.226
[round 70/100] avg private log-likelihood = -3.222
[round 71/100] avg private log-likelihood = -3.228
[round 72/100] avg private log-likelihood = -3.224
[round 73/100] avg private log-likelihood = -3.231
[round 74/100] avg private log-likelihood = -3.231
[round 75/100] avg private log-likelihood = -3.230
[round 76/100] avg private log-likelihood = -3.227
[round 77/100] avg private log-likelihood = -3.229
[round 78/100] avg private log-likelihood = -3.231
[round 79/100] avg private log-likelihood = -3.229
[round 80/100] avg private log-likelihood = -3.231
[round 81/100] avg private log-likelihood = -3.237
[round 82/100] avg private log-likelihood = -3.233
[round 83/100] avg private log-likelihood = -3.232
[round 84/100] avg private log-likelihood = -3.231
[round 85/100] avg private log-likelihood = -3.229
[round 86/100] avg private log-likelihood = -3.229
[round 87/100] avg private log-likelihood = -3.234
[round 88/100] avg private log-likelihood = -3.227
[round 89/100] avg private log-likelihood = -3.229
[round 90/100] avg private log-likelihood = -3.230
[round 91/100] avg private log-likelihood = -3.228
[round 92/100] avg private log-likelihood = -3.227
[round 93/100] avg private log-likelihood = -3.231
[round 94/100] avg private log-likelihood = -3.227
[round 95/100] avg private log-likelihood = -3.225
[round 96/100] avg private log-likelihood = -3.225
[round 97/100] avg private log-likelihood = -3.223
[round 98/100] avg private log-likelihood = -3.227
[round 99/100] avg private log-likelihood = -3.225
[round 100/100] avg private log-likelihood = -3.227
[round 01/100] avg private log-likelihood = -2.693
[round 02/100] avg private log-likelihood = -2.776
[round 03/100] avg private log-likelihood = -2.865
[round 04/100] avg private log-likelihood = -2.945
[round 05/100] avg private log-likelihood = -3.011
[round 06/100] avg private log-likelihood = -3.065
[round 07/100] avg private log-likelihood = -3.110
[round 08/100] avg private log-likelihood = -3.147
[round 09/100] avg private log-likelihood = -3.180
[round 10/100] avg private log-likelihood = -3.203
[round 11/100] avg private log-likelihood = -3.218
[round 12/100] avg private log-likelihood = -3.229
[round 13/100] avg private log-likelihood = -3.228
[round 14/100] avg private log-likelihood = -3.225
[round 15/100] avg private log-likelihood = -3.225
[round 16/100] avg private log-likelihood = -3.217
[round 17/100] avg private log-likelihood = -3.216
[round 18/100] avg private log-likelihood = -3.214
[round 19/100] avg private log-likelihood = -3.210
[round 20/100] avg private log-likelihood = -3.207
[round 21/100] avg private log-likelihood = -3.206
[round 22/100] avg private log-likelihood = -3.208
[round 23/100] avg private log-likelihood = -3.206
[round 24/100] avg private log-likelihood = -3.207
[round 25/100] avg private log-likelihood = -3.205
[round 26/100] avg private log-likelihood = -3.203
[round 27/100] avg private log-likelihood = -3.201
[round 28/100] avg private log-likelihood = -3.196
[round 29/100] avg private log-likelihood = -3.195
[round 30/100] avg private log-likelihood = -3.193
[round 31/100] avg private log-likelihood = -3.191
[round 32/100] avg private log-likelihood = -3.191
[round 33/100] avg private log-likelihood = -3.189
[round 34/100] avg private log-likelihood = -3.190
[round 35/100] avg private log-likelihood = -3.193
[round 36/100] avg private log-likelihood = -3.191
[round 37/100] avg private log-likelihood = -3.191
[round 38/100] avg private log-likelihood = -3.192
[round 39/100] avg private log-likelihood = -3.190
[round 40/100] avg private log-likelihood = -3.189
[round 41/100] avg private log-likelihood = -3.195
[round 42/100] avg private log-likelihood = -3.196
[round 43/100] avg private log-likelihood = -3.194
[round 44/100] avg private log-likelihood = -3.196
[round 45/100] avg private log-likelihood = -3.197
[round 46/100] avg private log-likelihood = -3.197
[round 47/100] avg private log-likelihood = -3.196
[round 48/100] avg private log-likelihood = -3.195
[round 49/100] avg private log-likelihood = -3.194
[round 50/100] avg private log-likelihood = -3.196
[round 51/100] avg private log-likelihood = -3.195
[round 52/100] avg private log-likelihood = -3.195
[round 53/100] avg private log-likelihood = -3.197
[round 54/100] avg private log-likelihood = -3.197
[round 55/100] avg private log-likelihood = -3.195
[round 56/100] avg private log-likelihood = -3.195
[round 57/100] avg private log-likelihood = -3.194
[round 58/100] avg private log-likelihood = -3.194
[round 59/100] avg private log-likelihood = -3.193
[round 60/100] avg private log-likelihood = -3.192
[round 61/100] avg private log-likelihood = -3.193
[round 62/100] avg private log-likelihood = -3.195
[round 63/100] avg private log-likelihood = -3.195
[round 64/100] avg private log-likelihood = -3.195
[round 65/100] avg private log-likelihood = -3.197
[round 66/100] avg private log-likelihood = -3.196
[round 67/100] avg private log-likelihood = -3.195
[round 68/100] avg private log-likelihood = -3.196
[round 69/100] avg private log-likelihood = -3.195
[round 70/100] avg private log-likelihood = -3.195
[round 71/100] avg private log-likelihood = -3.195
[round 72/100] avg private log-likelihood = -3.195
[round 73/100] avg private log-likelihood = -3.194
[round 74/100] avg private log-likelihood = -3.191
[round 75/100] avg private log-likelihood = -3.192
[round 76/100] avg private log-likelihood = -3.193
[round 77/100] avg private log-likelihood = -3.192
[round 78/100] avg private log-likelihood = -3.195
[round 79/100] avg private log-likelihood = -3.197
[round 80/100] avg private log-likelihood = -3.197
[round 81/100] avg private log-likelihood = -3.196
[round 82/100] avg private log-likelihood = -3.200
[round 83/100] avg private log-likelihood = -3.197
[round 84/100] avg private log-likelihood = -3.195
[round 85/100] avg private log-likelihood = -3.196
[round 86/100] avg private log-likelihood = -3.194
[round 87/100] avg private log-likelihood = -3.197
[round 88/100] avg private log-likelihood = -3.194
[round 89/100] avg private log-likelihood = -3.196
[round 90/100] avg private log-likelihood = -3.195
[round 91/100] avg private log-likelihood = -3.193
[round 92/100] avg private log-likelihood = -3.198
[round 93/100] avg private log-likelihood = -3.195
[round 94/100] avg private log-likelihood = -3.194
[round 95/100] avg private log-likelihood = -3.197
[round 96/100] avg private log-likelihood = -3.197
[round 97/100] avg private log-likelihood = -3.197
[round 98/100] avg private log-likelihood = -3.198
[round 99/100] avg private log-likelihood = -3.195
[round 100/100] avg private log-likelihood = -3.194
[DONE] Results saved to results/D2_N10_lam1.0_seed9.json
