========================================
Running experiment on GPU
  D       = 16
  N       = 10
  lambda  = 0.5
  seed    = 6
  GPU     = 0
========================================
[round 01/100] avg private log-likelihood = -15.435
[round 02/100] avg private log-likelihood = -15.833
[round 03/100] avg private log-likelihood = -16.215
[round 04/100] avg private log-likelihood = -16.590
[round 05/100] avg private log-likelihood = -16.983
[round 06/100] avg private log-likelihood = -17.383
[round 07/100] avg private log-likelihood = -17.777
[round 08/100] avg private log-likelihood = -18.124
[round 09/100] avg private log-likelihood = -18.422
[round 10/100] avg private log-likelihood = -18.715
[round 11/100] avg private log-likelihood = -18.972
[round 12/100] avg private log-likelihood = -19.206
[round 13/100] avg private log-likelihood = -19.399
[round 14/100] avg private log-likelihood = -19.559
[round 15/100] avg private log-likelihood = -19.698
[round 16/100] avg private log-likelihood = -19.791
[round 17/100] avg private log-likelihood = -19.879
[round 18/100] avg private log-likelihood = -19.932
[round 19/100] avg private log-likelihood = -19.936
[round 20/100] avg private log-likelihood = -19.927
[round 21/100] avg private log-likelihood = -19.913
[round 22/100] avg private log-likelihood = -19.875
[round 23/100] avg private log-likelihood = -19.854
[round 24/100] avg private log-likelihood = -19.827
[round 25/100] avg private log-likelihood = -19.802
[round 26/100] avg private log-likelihood = -19.767
[round 27/100] avg private log-likelihood = -19.758
[round 28/100] avg private log-likelihood = -19.747
[round 29/100] avg private log-likelihood = -19.734
[round 30/100] avg private log-likelihood = -19.707
[round 31/100] avg private log-likelihood = -19.718
[round 32/100] avg private log-likelihood = -19.719
[round 33/100] avg private log-likelihood = -19.707
[round 34/100] avg private log-likelihood = -19.710
[round 35/100] avg private log-likelihood = -19.715
[round 36/100] avg private log-likelihood = -19.729
[round 37/100] avg private log-likelihood = -19.721
[round 38/100] avg private log-likelihood = -19.726
[round 39/100] avg private log-likelihood = -19.732
[round 40/100] avg private log-likelihood = -19.720
[round 41/100] avg private log-likelihood = -19.706
[round 42/100] avg private log-likelihood = -19.708
[round 43/100] avg private log-likelihood = -19.721
[round 44/100] avg private log-likelihood = -19.707
[round 45/100] avg private log-likelihood = -19.716
[round 46/100] avg private log-likelihood = -19.737
[round 47/100] avg private log-likelihood = -19.733
[round 48/100] avg private log-likelihood = -19.717
[round 49/100] avg private log-likelihood = -19.725
[round 50/100] avg private log-likelihood = -19.732
[round 51/100] avg private log-likelihood = -19.737
[round 52/100] avg private log-likelihood = -19.723
[round 53/100] avg private log-likelihood = -19.731
[round 54/100] avg private log-likelihood = -19.738
[round 55/100] avg private log-likelihood = -19.720
[round 56/100] avg private log-likelihood = -19.728
[round 57/100] avg private log-likelihood = -19.723
[round 58/100] avg private log-likelihood = -19.717
[round 59/100] avg private log-likelihood = -19.723
[round 60/100] avg private log-likelihood = -19.732
[round 61/100] avg private log-likelihood = -19.721
[round 62/100] avg private log-likelihood = -19.744
[round 63/100] avg private log-likelihood = -19.749
[round 64/100] avg private log-likelihood = -19.746
[round 65/100] avg private log-likelihood = -19.724
[round 66/100] avg private log-likelihood = -19.729
[round 67/100] avg private log-likelihood = -19.728
[round 68/100] avg private log-likelihood = -19.731
[round 69/100] avg private log-likelihood = -19.717
[round 70/100] avg private log-likelihood = -19.720
[round 71/100] avg private log-likelihood = -19.741
[round 72/100] avg private log-likelihood = -19.748
[round 73/100] avg private log-likelihood = -19.726
[round 74/100] avg private log-likelihood = -19.738
[round 75/100] avg private log-likelihood = -19.759
[round 76/100] avg private log-likelihood = -19.757
[round 77/100] avg private log-likelihood = -19.745
[round 78/100] avg private log-likelihood = -19.751
[round 79/100] avg private log-likelihood = -19.740
[round 80/100] avg private log-likelihood = -19.749
[round 81/100] avg private log-likelihood = -19.751
[round 82/100] avg private log-likelihood = -19.750
[round 83/100] avg private log-likelihood = -19.762
[round 84/100] avg private log-likelihood = -19.731
[round 85/100] avg private log-likelihood = -19.728
[round 86/100] avg private log-likelihood = -19.729
[round 87/100] avg private log-likelihood = -19.733
[round 88/100] avg private log-likelihood = -19.720
[round 89/100] avg private log-likelihood = -19.726
[round 90/100] avg private log-likelihood = -19.730
[round 91/100] avg private log-likelihood = -19.746
[round 92/100] avg private log-likelihood = -19.740
[round 93/100] avg private log-likelihood = -19.726
[round 94/100] avg private log-likelihood = -19.721
[round 95/100] avg private log-likelihood = -19.737
[round 96/100] avg private log-likelihood = -19.743
[round 97/100] avg private log-likelihood = -19.739
[round 98/100] avg private log-likelihood = -19.742
[round 99/100] avg private log-likelihood = -19.734
[round 100/100] avg private log-likelihood = -19.735
[round 01/100] avg private log-likelihood = -15.378
[round 02/100] avg private log-likelihood = -15.808
[round 03/100] avg private log-likelihood = -16.186
[round 04/100] avg private log-likelihood = -16.572
[round 05/100] avg private log-likelihood = -16.979
[round 06/100] avg private log-likelihood = -17.368
[round 07/100] avg private log-likelihood = -17.744
[round 08/100] avg private log-likelihood = -18.087
[round 09/100] avg private log-likelihood = -18.408
[round 10/100] avg private log-likelihood = -18.693
[round 11/100] avg private log-likelihood = -18.955
[round 12/100] avg private log-likelihood = -19.184
[round 13/100] avg private log-likelihood = -19.396
[round 14/100] avg private log-likelihood = -19.559
[round 15/100] avg private log-likelihood = -19.677
[round 16/100] avg private log-likelihood = -19.786
[round 17/100] avg private log-likelihood = -19.880
[round 18/100] avg private log-likelihood = -19.927
[round 19/100] avg private log-likelihood = -19.944
[round 20/100] avg private log-likelihood = -19.951
[round 21/100] avg private log-likelihood = -19.931
[round 22/100] avg private log-likelihood = -19.903
[round 23/100] avg private log-likelihood = -19.863
[round 24/100] avg private log-likelihood = -19.836
[round 25/100] avg private log-likelihood = -19.796
[round 26/100] avg private log-likelihood = -19.763
[round 27/100] avg private log-likelihood = -19.761
[round 28/100] avg private log-likelihood = -19.736
[round 29/100] avg private log-likelihood = -19.716
[round 30/100] avg private log-likelihood = -19.707
[round 31/100] avg private log-likelihood = -19.698
[round 32/100] avg private log-likelihood = -19.700
[round 33/100] avg private log-likelihood = -19.710
[round 34/100] avg private log-likelihood = -19.713
[round 35/100] avg private log-likelihood = -19.720
[round 36/100] avg private log-likelihood = -19.704
[round 37/100] avg private log-likelihood = -19.694
[round 38/100] avg private log-likelihood = -19.699
[round 39/100] avg private log-likelihood = -19.702
[round 40/100] avg private log-likelihood = -19.718
[round 41/100] avg private log-likelihood = -19.724
[round 42/100] avg private log-likelihood = -19.721
[round 43/100] avg private log-likelihood = -19.729
[round 44/100] avg private log-likelihood = -19.744
[round 45/100] avg private log-likelihood = -19.750
[round 46/100] avg private log-likelihood = -19.738
[round 47/100] avg private log-likelihood = -19.746
[round 48/100] avg private log-likelihood = -19.733
[round 49/100] avg private log-likelihood = -19.732
[round 50/100] avg private log-likelihood = -19.725
[round 51/100] avg private log-likelihood = -19.721
[round 52/100] avg private log-likelihood = -19.730
[round 53/100] avg private log-likelihood = -19.728
[round 54/100] avg private log-likelihood = -19.723
[round 55/100] avg private log-likelihood = -19.729
[round 56/100] avg private log-likelihood = -19.726
[round 57/100] avg private log-likelihood = -19.725
[round 58/100] avg private log-likelihood = -19.741
[round 59/100] avg private log-likelihood = -19.740
[round 60/100] avg private log-likelihood = -19.736
[round 61/100] avg private log-likelihood = -19.742
[round 62/100] avg private log-likelihood = -19.743
[round 63/100] avg private log-likelihood = -19.734
[round 64/100] avg private log-likelihood = -19.745
[round 65/100] avg private log-likelihood = -19.740
[round 66/100] avg private log-likelihood = -19.727
[round 67/100] avg private log-likelihood = -19.729
[round 68/100] avg private log-likelihood = -19.730
[round 69/100] avg private log-likelihood = -19.732
[round 70/100] avg private log-likelihood = -19.734
[round 71/100] avg private log-likelihood = -19.727
[round 72/100] avg private log-likelihood = -19.726
[round 73/100] avg private log-likelihood = -19.727
[round 74/100] avg private log-likelihood = -19.733
[round 75/100] avg private log-likelihood = -19.741
[round 76/100] avg private log-likelihood = -19.732
[round 77/100] avg private log-likelihood = -19.754
[round 78/100] avg private log-likelihood = -19.742
[round 79/100] avg private log-likelihood = -19.743
[round 80/100] avg private log-likelihood = -19.735
[round 81/100] avg private log-likelihood = -19.758
[round 82/100] avg private log-likelihood = -19.753
[round 83/100] avg private log-likelihood = -19.749
[round 84/100] avg private log-likelihood = -19.753
[round 85/100] avg private log-likelihood = -19.738
[round 86/100] avg private log-likelihood = -19.727
[round 87/100] avg private log-likelihood = -19.731
[round 88/100] avg private log-likelihood = -19.732
[round 89/100] avg private log-likelihood = -19.724
[round 90/100] avg private log-likelihood = -19.735
[round 91/100] avg private log-likelihood = -19.722
[round 92/100] avg private log-likelihood = -19.731
[round 93/100] avg private log-likelihood = -19.732
[round 94/100] avg private log-likelihood = -19.739
[round 95/100] avg private log-likelihood = -19.736
[round 96/100] avg private log-likelihood = -19.735
[round 97/100] avg private log-likelihood = -19.728
[round 98/100] avg private log-likelihood = -19.739
[round 99/100] avg private log-likelihood = -19.735
[round 100/100] avg private log-likelihood = -19.738
[DONE] Results saved to results/D16_N10_lam0.5_seed6.json
