========================================
Running experiment on GPU
  D       = 2
  N       = 10
  lambda  = 0.5
  seed    = 8
  GPU     = 0
========================================
[round 01/100] avg private log-likelihood = -3.091
[round 02/100] avg private log-likelihood = -3.147
[round 03/100] avg private log-likelihood = -3.189
[round 04/100] avg private log-likelihood = -3.225
[round 05/100] avg private log-likelihood = -3.262
[round 06/100] avg private log-likelihood = -3.293
[round 07/100] avg private log-likelihood = -3.323
[round 08/100] avg private log-likelihood = -3.359
[round 09/100] avg private log-likelihood = -3.393
[round 10/100] avg private log-likelihood = -3.427
[round 11/100] avg private log-likelihood = -3.458
[round 12/100] avg private log-likelihood = -3.487
[round 13/100] avg private log-likelihood = -3.512
[round 14/100] avg private log-likelihood = -3.534
[round 15/100] avg private log-likelihood = -3.549
[round 16/100] avg private log-likelihood = -3.558
[round 17/100] avg private log-likelihood = -3.563
[round 18/100] avg private log-likelihood = -3.569
[round 19/100] avg private log-likelihood = -3.571
[round 20/100] avg private log-likelihood = -3.576
[round 21/100] avg private log-likelihood = -3.572
[round 22/100] avg private log-likelihood = -3.574
[round 23/100] avg private log-likelihood = -3.573
[round 24/100] avg private log-likelihood = -3.572
[round 25/100] avg private log-likelihood = -3.574
[round 26/100] avg private log-likelihood = -3.571
[round 27/100] avg private log-likelihood = -3.569
[round 28/100] avg private log-likelihood = -3.569
[round 29/100] avg private log-likelihood = -3.568
[round 30/100] avg private log-likelihood = -3.569
[round 31/100] avg private log-likelihood = -3.567
[round 32/100] avg private log-likelihood = -3.569
[round 33/100] avg private log-likelihood = -3.570
[round 34/100] avg private log-likelihood = -3.572
[round 35/100] avg private log-likelihood = -3.568
[round 36/100] avg private log-likelihood = -3.569
[round 37/100] avg private log-likelihood = -3.569
[round 38/100] avg private log-likelihood = -3.570
[round 39/100] avg private log-likelihood = -3.568
[round 40/100] avg private log-likelihood = -3.570
[round 41/100] avg private log-likelihood = -3.573
[round 42/100] avg private log-likelihood = -3.570
[round 43/100] avg private log-likelihood = -3.570
[round 44/100] avg private log-likelihood = -3.566
[round 45/100] avg private log-likelihood = -3.565
[round 46/100] avg private log-likelihood = -3.564
[round 47/100] avg private log-likelihood = -3.569
[round 48/100] avg private log-likelihood = -3.570
[round 49/100] avg private log-likelihood = -3.571
[round 50/100] avg private log-likelihood = -3.570
[round 51/100] avg private log-likelihood = -3.572
[round 52/100] avg private log-likelihood = -3.570
[round 53/100] avg private log-likelihood = -3.572
[round 54/100] avg private log-likelihood = -3.573
[round 55/100] avg private log-likelihood = -3.578
[round 56/100] avg private log-likelihood = -3.577
[round 57/100] avg private log-likelihood = -3.578
[round 58/100] avg private log-likelihood = -3.577
[round 59/100] avg private log-likelihood = -3.575
[round 60/100] avg private log-likelihood = -3.575
[round 61/100] avg private log-likelihood = -3.572
[round 62/100] avg private log-likelihood = -3.572
[round 63/100] avg private log-likelihood = -3.569
[round 64/100] avg private log-likelihood = -3.570
[round 65/100] avg private log-likelihood = -3.571
[round 66/100] avg private log-likelihood = -3.568
[round 67/100] avg private log-likelihood = -3.568
[round 68/100] avg private log-likelihood = -3.572
[round 69/100] avg private log-likelihood = -3.569
[round 70/100] avg private log-likelihood = -3.569
[round 71/100] avg private log-likelihood = -3.571
[round 72/100] avg private log-likelihood = -3.568
[round 73/100] avg private log-likelihood = -3.568
[round 74/100] avg private log-likelihood = -3.569
[round 75/100] avg private log-likelihood = -3.574
[round 76/100] avg private log-likelihood = -3.569
[round 77/100] avg private log-likelihood = -3.570
[round 78/100] avg private log-likelihood = -3.569
[round 79/100] avg private log-likelihood = -3.570
[round 80/100] avg private log-likelihood = -3.572
[round 81/100] avg private log-likelihood = -3.570
[round 82/100] avg private log-likelihood = -3.571
[round 83/100] avg private log-likelihood = -3.573
[round 84/100] avg private log-likelihood = -3.573
[round 85/100] avg private log-likelihood = -3.572
[round 86/100] avg private log-likelihood = -3.572
[round 87/100] avg private log-likelihood = -3.568
[round 88/100] avg private log-likelihood = -3.571
[round 89/100] avg private log-likelihood = -3.573
[round 90/100] avg private log-likelihood = -3.570
[round 91/100] avg private log-likelihood = -3.571
[round 92/100] avg private log-likelihood = -3.568
[round 93/100] avg private log-likelihood = -3.570
[round 94/100] avg private log-likelihood = -3.568
[round 95/100] avg private log-likelihood = -3.571
[round 96/100] avg private log-likelihood = -3.573
[round 97/100] avg private log-likelihood = -3.574
[round 98/100] avg private log-likelihood = -3.572
[round 99/100] avg private log-likelihood = -3.573
[round 100/100] avg private log-likelihood = -3.572
[round 01/100] avg private log-likelihood = -3.089
[round 02/100] avg private log-likelihood = -3.144
[round 03/100] avg private log-likelihood = -3.190
[round 04/100] avg private log-likelihood = -3.226
[round 05/100] avg private log-likelihood = -3.258
[round 06/100] avg private log-likelihood = -3.289
[round 07/100] avg private log-likelihood = -3.322
[round 08/100] avg private log-likelihood = -3.359
[round 09/100] avg private log-likelihood = -3.396
[round 10/100] avg private log-likelihood = -3.428
[round 11/100] avg private log-likelihood = -3.457
[round 12/100] avg private log-likelihood = -3.487
[round 13/100] avg private log-likelihood = -3.507
[round 14/100] avg private log-likelihood = -3.531
[round 15/100] avg private log-likelihood = -3.543
[round 16/100] avg private log-likelihood = -3.554
[round 17/100] avg private log-likelihood = -3.566
[round 18/100] avg private log-likelihood = -3.570
[round 19/100] avg private log-likelihood = -3.571
[round 20/100] avg private log-likelihood = -3.574
[round 21/100] avg private log-likelihood = -3.574
[round 22/100] avg private log-likelihood = -3.569
[round 23/100] avg private log-likelihood = -3.572
[round 24/100] avg private log-likelihood = -3.570
[round 25/100] avg private log-likelihood = -3.569
[round 26/100] avg private log-likelihood = -3.573
[round 27/100] avg private log-likelihood = -3.572
[round 28/100] avg private log-likelihood = -3.572
[round 29/100] avg private log-likelihood = -3.571
[round 30/100] avg private log-likelihood = -3.571
[round 31/100] avg private log-likelihood = -3.572
[round 32/100] avg private log-likelihood = -3.570
[round 33/100] avg private log-likelihood = -3.570
[round 34/100] avg private log-likelihood = -3.569
[round 35/100] avg private log-likelihood = -3.571
[round 36/100] avg private log-likelihood = -3.569
[round 37/100] avg private log-likelihood = -3.570
[round 38/100] avg private log-likelihood = -3.567
[round 39/100] avg private log-likelihood = -3.572
[round 40/100] avg private log-likelihood = -3.574
[round 41/100] avg private log-likelihood = -3.571
[round 42/100] avg private log-likelihood = -3.568
[round 43/100] avg private log-likelihood = -3.568
[round 44/100] avg private log-likelihood = -3.571
[round 45/100] avg private log-likelihood = -3.572
[round 46/100] avg private log-likelihood = -3.570
[round 47/100] avg private log-likelihood = -3.572
[round 48/100] avg private log-likelihood = -3.572
[round 49/100] avg private log-likelihood = -3.570
[round 50/100] avg private log-likelihood = -3.571
[round 51/100] avg private log-likelihood = -3.571
[round 52/100] avg private log-likelihood = -3.574
[round 53/100] avg private log-likelihood = -3.572
[round 54/100] avg private log-likelihood = -3.574
[round 55/100] avg private log-likelihood = -3.574
[round 56/100] avg private log-likelihood = -3.576
[round 57/100] avg private log-likelihood = -3.574
[round 58/100] avg private log-likelihood = -3.572
[round 59/100] avg private log-likelihood = -3.573
[round 60/100] avg private log-likelihood = -3.574
[round 61/100] avg private log-likelihood = -3.569
[round 62/100] avg private log-likelihood = -3.568
[round 63/100] avg private log-likelihood = -3.568
[round 64/100] avg private log-likelihood = -3.568
[round 65/100] avg private log-likelihood = -3.571
[round 66/100] avg private log-likelihood = -3.568
[round 67/100] avg private log-likelihood = -3.568
[round 68/100] avg private log-likelihood = -3.568
[round 69/100] avg private log-likelihood = -3.568
[round 70/100] avg private log-likelihood = -3.566
[round 71/100] avg private log-likelihood = -3.570
[round 72/100] avg private log-likelihood = -3.571
[round 73/100] avg private log-likelihood = -3.569
[round 74/100] avg private log-likelihood = -3.569
[round 75/100] avg private log-likelihood = -3.573
[round 76/100] avg private log-likelihood = -3.573
[round 77/100] avg private log-likelihood = -3.570
[round 78/100] avg private log-likelihood = -3.570
[round 79/100] avg private log-likelihood = -3.570
[round 80/100] avg private log-likelihood = -3.572
[round 81/100] avg private log-likelihood = -3.571
[round 82/100] avg private log-likelihood = -3.571
[round 83/100] avg private log-likelihood = -3.570
[round 84/100] avg private log-likelihood = -3.570
[round 85/100] avg private log-likelihood = -3.571
[round 86/100] avg private log-likelihood = -3.569
[round 87/100] avg private log-likelihood = -3.569
[round 88/100] avg private log-likelihood = -3.571
[round 89/100] avg private log-likelihood = -3.569
[round 90/100] avg private log-likelihood = -3.569
[round 91/100] avg private log-likelihood = -3.571
[round 92/100] avg private log-likelihood = -3.570
[round 93/100] avg private log-likelihood = -3.570
[round 94/100] avg private log-likelihood = -3.570
[round 95/100] avg private log-likelihood = -3.571
[round 96/100] avg private log-likelihood = -3.572
[round 97/100] avg private log-likelihood = -3.576
[round 98/100] avg private log-likelihood = -3.572
[round 99/100] avg private log-likelihood = -3.572
[round 100/100] avg private log-likelihood = -3.573
[DONE] Results saved to results/D2_N10_lam0.5_seed8.json
