========================================
Running experiment on GPU
  D       = 8
  N       = 25
  lambda  = 1.0
  seed    = 7
  GPU     = 0
========================================
[round 01/100] avg private log-likelihood = -11.235
[round 02/100] avg private log-likelihood = -11.310
[round 03/100] avg private log-likelihood = -11.369
[round 04/100] avg private log-likelihood = -11.399
[round 05/100] avg private log-likelihood = -11.424
[round 06/100] avg private log-likelihood = -11.436
[round 07/100] avg private log-likelihood = -11.445
[round 08/100] avg private log-likelihood = -11.442
[round 09/100] avg private log-likelihood = -11.451
[round 10/100] avg private log-likelihood = -11.451
[round 11/100] avg private log-likelihood = -11.456
[round 12/100] avg private log-likelihood = -11.455
[round 13/100] avg private log-likelihood = -11.456
[round 14/100] avg private log-likelihood = -11.454
[round 15/100] avg private log-likelihood = -11.458
[round 16/100] avg private log-likelihood = -11.456
[round 17/100] avg private log-likelihood = -11.453
[round 18/100] avg private log-likelihood = -11.454
[round 19/100] avg private log-likelihood = -11.457
[round 20/100] avg private log-likelihood = -11.455
[round 21/100] avg private log-likelihood = -11.454
[round 22/100] avg private log-likelihood = -11.456
[round 23/100] avg private log-likelihood = -11.452
[round 24/100] avg private log-likelihood = -11.451
[round 25/100] avg private log-likelihood = -11.454
[round 26/100] avg private log-likelihood = -11.454
[round 27/100] avg private log-likelihood = -11.454
[round 28/100] avg private log-likelihood = -11.455
[round 29/100] avg private log-likelihood = -11.451
[round 30/100] avg private log-likelihood = -11.455
[round 31/100] avg private log-likelihood = -11.453
[round 32/100] avg private log-likelihood = -11.454
[round 33/100] avg private log-likelihood = -11.454
[round 34/100] avg private log-likelihood = -11.454
[round 35/100] avg private log-likelihood = -11.458
[round 36/100] avg private log-likelihood = -11.455
[round 37/100] avg private log-likelihood = -11.454
[round 38/100] avg private log-likelihood = -11.453
[round 39/100] avg private log-likelihood = -11.451
[round 40/100] avg private log-likelihood = -11.453
[round 41/100] avg private log-likelihood = -11.450
[round 42/100] avg private log-likelihood = -11.455
[round 43/100] avg private log-likelihood = -11.459
[round 44/100] avg private log-likelihood = -11.458
[round 45/100] avg private log-likelihood = -11.455
[round 46/100] avg private log-likelihood = -11.458
[round 47/100] avg private log-likelihood = -11.459
[round 48/100] avg private log-likelihood = -11.459
[round 49/100] avg private log-likelihood = -11.455
[round 50/100] avg private log-likelihood = -11.458
[round 51/100] avg private log-likelihood = -11.455
[round 52/100] avg private log-likelihood = -11.449
[round 53/100] avg private log-likelihood = -11.456
[round 54/100] avg private log-likelihood = -11.450
[round 55/100] avg private log-likelihood = -11.456
[round 56/100] avg private log-likelihood = -11.455
[round 57/100] avg private log-likelihood = -11.457
[round 58/100] avg private log-likelihood = -11.456
[round 59/100] avg private log-likelihood = -11.457
[round 60/100] avg private log-likelihood = -11.457
[round 61/100] avg private log-likelihood = -11.455
[round 62/100] avg private log-likelihood = -11.457
[round 63/100] avg private log-likelihood = -11.458
[round 64/100] avg private log-likelihood = -11.453
[round 65/100] avg private log-likelihood = -11.455
[round 66/100] avg private log-likelihood = -11.451
[round 67/100] avg private log-likelihood = -11.455
[round 68/100] avg private log-likelihood = -11.452
[round 69/100] avg private log-likelihood = -11.460
[round 70/100] avg private log-likelihood = -11.457
[round 71/100] avg private log-likelihood = -11.456
[round 72/100] avg private log-likelihood = -11.461
[round 73/100] avg private log-likelihood = -11.452
[round 74/100] avg private log-likelihood = -11.460
[round 75/100] avg private log-likelihood = -11.458
[round 76/100] avg private log-likelihood = -11.457
[round 77/100] avg private log-likelihood = -11.455
[round 78/100] avg private log-likelihood = -11.456
[round 79/100] avg private log-likelihood = -11.455
[round 80/100] avg private log-likelihood = -11.452
[round 81/100] avg private log-likelihood = -11.456
[round 82/100] avg private log-likelihood = -11.453
[round 83/100] avg private log-likelihood = -11.455
[round 84/100] avg private log-likelihood = -11.451
[round 85/100] avg private log-likelihood = -11.453
[round 86/100] avg private log-likelihood = -11.454
[round 87/100] avg private log-likelihood = -11.454
[round 88/100] avg private log-likelihood = -11.455
[round 89/100] avg private log-likelihood = -11.455
[round 90/100] avg private log-likelihood = -11.458
[round 91/100] avg private log-likelihood = -11.458
[round 92/100] avg private log-likelihood = -11.455
[round 93/100] avg private log-likelihood = -11.457
[round 94/100] avg private log-likelihood = -11.455
[round 95/100] avg private log-likelihood = -11.454
[round 96/100] avg private log-likelihood = -11.451
[round 97/100] avg private log-likelihood = -11.451
[round 98/100] avg private log-likelihood = -11.458
[round 99/100] avg private log-likelihood = -11.454
[round 100/100] avg private log-likelihood = -11.457
[round 01/100] avg private log-likelihood = -11.229
[round 02/100] avg private log-likelihood = -11.301
[round 03/100] avg private log-likelihood = -11.358
[round 04/100] avg private log-likelihood = -11.396
[round 05/100] avg private log-likelihood = -11.417
[round 06/100] avg private log-likelihood = -11.431
[round 07/100] avg private log-likelihood = -11.439
[round 08/100] avg private log-likelihood = -11.446
[round 09/100] avg private log-likelihood = -11.449
[round 10/100] avg private log-likelihood = -11.448
[round 11/100] avg private log-likelihood = -11.450
[round 12/100] avg private log-likelihood = -11.451
[round 13/100] avg private log-likelihood = -11.451
[round 14/100] avg private log-likelihood = -11.453
[round 15/100] avg private log-likelihood = -11.453
[round 16/100] avg private log-likelihood = -11.453
[round 17/100] avg private log-likelihood = -11.452
[round 18/100] avg private log-likelihood = -11.451
[round 19/100] avg private log-likelihood = -11.452
[round 20/100] avg private log-likelihood = -11.450
[round 21/100] avg private log-likelihood = -11.450
[round 22/100] avg private log-likelihood = -11.450
[round 23/100] avg private log-likelihood = -11.452
[round 24/100] avg private log-likelihood = -11.453
[round 25/100] avg private log-likelihood = -11.453
[round 26/100] avg private log-likelihood = -11.454
[round 27/100] avg private log-likelihood = -11.452
[round 28/100] avg private log-likelihood = -11.453
[round 29/100] avg private log-likelihood = -11.452
[round 30/100] avg private log-likelihood = -11.452
[round 31/100] avg private log-likelihood = -11.453
[round 32/100] avg private log-likelihood = -11.454
[round 33/100] avg private log-likelihood = -11.454
[round 34/100] avg private log-likelihood = -11.452
[round 35/100] avg private log-likelihood = -11.453
[round 36/100] avg private log-likelihood = -11.455
[round 37/100] avg private log-likelihood = -11.454
[round 38/100] avg private log-likelihood = -11.452
[round 39/100] avg private log-likelihood = -11.453
[round 40/100] avg private log-likelihood = -11.453
[round 41/100] avg private log-likelihood = -11.453
[round 42/100] avg private log-likelihood = -11.451
[round 43/100] avg private log-likelihood = -11.451
[round 44/100] avg private log-likelihood = -11.452
[round 45/100] avg private log-likelihood = -11.451
[round 46/100] avg private log-likelihood = -11.453
[round 47/100] avg private log-likelihood = -11.452
[round 48/100] avg private log-likelihood = -11.453
[round 49/100] avg private log-likelihood = -11.452
[round 50/100] avg private log-likelihood = -11.453
[round 51/100] avg private log-likelihood = -11.455
[round 52/100] avg private log-likelihood = -11.454
[round 53/100] avg private log-likelihood = -11.451
[round 54/100] avg private log-likelihood = -11.453
[round 55/100] avg private log-likelihood = -11.452
[round 56/100] avg private log-likelihood = -11.449
[round 57/100] avg private log-likelihood = -11.452
[round 58/100] avg private log-likelihood = -11.450
[round 59/100] avg private log-likelihood = -11.452
[round 60/100] avg private log-likelihood = -11.452
[round 61/100] avg private log-likelihood = -11.453
[round 62/100] avg private log-likelihood = -11.452
[round 63/100] avg private log-likelihood = -11.453
[round 64/100] avg private log-likelihood = -11.451
[round 65/100] avg private log-likelihood = -11.452
[round 66/100] avg private log-likelihood = -11.449
[round 67/100] avg private log-likelihood = -11.452
[round 68/100] avg private log-likelihood = -11.450
[round 69/100] avg private log-likelihood = -11.453
[round 70/100] avg private log-likelihood = -11.453
[round 71/100] avg private log-likelihood = -11.454
[round 72/100] avg private log-likelihood = -11.455
[round 73/100] avg private log-likelihood = -11.455
[round 74/100] avg private log-likelihood = -11.453
[round 75/100] avg private log-likelihood = -11.451
[round 76/100] avg private log-likelihood = -11.452
[round 77/100] avg private log-likelihood = -11.449
[round 78/100] avg private log-likelihood = -11.453
[round 79/100] avg private log-likelihood = -11.452
[round 80/100] avg private log-likelihood = -11.453
[round 81/100] avg private log-likelihood = -11.453
[round 82/100] avg private log-likelihood = -11.451
[round 83/100] avg private log-likelihood = -11.453
[round 84/100] avg private log-likelihood = -11.453
[round 85/100] avg private log-likelihood = -11.451
[round 86/100] avg private log-likelihood = -11.452
[round 87/100] avg private log-likelihood = -11.452
[round 88/100] avg private log-likelihood = -11.450
[round 89/100] avg private log-likelihood = -11.452
[round 90/100] avg private log-likelihood = -11.454
[round 91/100] avg private log-likelihood = -11.452
[round 92/100] avg private log-likelihood = -11.451
[round 93/100] avg private log-likelihood = -11.454
[round 94/100] avg private log-likelihood = -11.454
[round 95/100] avg private log-likelihood = -11.452
[round 96/100] avg private log-likelihood = -11.453
[round 97/100] avg private log-likelihood = -11.454
[round 98/100] avg private log-likelihood = -11.451
[round 99/100] avg private log-likelihood = -11.450
[round 100/100] avg private log-likelihood = -11.452
[DONE] Results saved to results/D8_N25_lam1.0_seed7.json
