========================================
Running experiment on GPU
  D       = 2
  N       = 10
  lambda  = 0.5
  seed    = 1
  GPU     = 0
========================================
[round 01/100] avg private log-likelihood = -2.404
[round 02/100] avg private log-likelihood = -2.462
[round 03/100] avg private log-likelihood = -2.534
[round 04/100] avg private log-likelihood = -2.608
[round 05/100] avg private log-likelihood = -2.681
[round 06/100] avg private log-likelihood = -2.754
[round 07/100] avg private log-likelihood = -2.819
[round 08/100] avg private log-likelihood = -2.880
[round 09/100] avg private log-likelihood = -2.931
[round 10/100] avg private log-likelihood = -2.979
[round 11/100] avg private log-likelihood = -3.016
[round 12/100] avg private log-likelihood = -3.042
[round 13/100] avg private log-likelihood = -3.058
[round 14/100] avg private log-likelihood = -3.066
[round 15/100] avg private log-likelihood = -3.071
[round 16/100] avg private log-likelihood = -3.076
[round 17/100] avg private log-likelihood = -3.074
[round 18/100] avg private log-likelihood = -3.076
[round 19/100] avg private log-likelihood = -3.072
[round 20/100] avg private log-likelihood = -3.075
[round 21/100] avg private log-likelihood = -3.079
[round 22/100] avg private log-likelihood = -3.079
[round 23/100] avg private log-likelihood = -3.080
[round 24/100] avg private log-likelihood = -3.079
[round 25/100] avg private log-likelihood = -3.076
[round 26/100] avg private log-likelihood = -3.077
[round 27/100] avg private log-likelihood = -3.076
[round 28/100] avg private log-likelihood = -3.077
[round 29/100] avg private log-likelihood = -3.077
[round 30/100] avg private log-likelihood = -3.075
[round 31/100] avg private log-likelihood = -3.076
[round 32/100] avg private log-likelihood = -3.077
[round 33/100] avg private log-likelihood = -3.074
[round 34/100] avg private log-likelihood = -3.076
[round 35/100] avg private log-likelihood = -3.077
[round 36/100] avg private log-likelihood = -3.076
[round 37/100] avg private log-likelihood = -3.077
[round 38/100] avg private log-likelihood = -3.072
[round 39/100] avg private log-likelihood = -3.075
[round 40/100] avg private log-likelihood = -3.074
[round 41/100] avg private log-likelihood = -3.074
[round 42/100] avg private log-likelihood = -3.076
[round 43/100] avg private log-likelihood = -3.078
[round 44/100] avg private log-likelihood = -3.081
[round 45/100] avg private log-likelihood = -3.079
[round 46/100] avg private log-likelihood = -3.082
[round 47/100] avg private log-likelihood = -3.078
[round 48/100] avg private log-likelihood = -3.075
[round 49/100] avg private log-likelihood = -3.079
[round 50/100] avg private log-likelihood = -3.076
[round 51/100] avg private log-likelihood = -3.075
[round 52/100] avg private log-likelihood = -3.076
[round 53/100] avg private log-likelihood = -3.080
[round 54/100] avg private log-likelihood = -3.077
[round 55/100] avg private log-likelihood = -3.078
[round 56/100] avg private log-likelihood = -3.079
[round 57/100] avg private log-likelihood = -3.078
[round 58/100] avg private log-likelihood = -3.078
[round 59/100] avg private log-likelihood = -3.076
[round 60/100] avg private log-likelihood = -3.075
[round 61/100] avg private log-likelihood = -3.077
[round 62/100] avg private log-likelihood = -3.078
[round 63/100] avg private log-likelihood = -3.076
[round 64/100] avg private log-likelihood = -3.082
[round 65/100] avg private log-likelihood = -3.079
[round 66/100] avg private log-likelihood = -3.077
[round 67/100] avg private log-likelihood = -3.082
[round 68/100] avg private log-likelihood = -3.076
[round 69/100] avg private log-likelihood = -3.080
[round 70/100] avg private log-likelihood = -3.077
[round 71/100] avg private log-likelihood = -3.076
[round 72/100] avg private log-likelihood = -3.074
[round 73/100] avg private log-likelihood = -3.074
[round 74/100] avg private log-likelihood = -3.074
[round 75/100] avg private log-likelihood = -3.074
[round 76/100] avg private log-likelihood = -3.076
[round 77/100] avg private log-likelihood = -3.076
[round 78/100] avg private log-likelihood = -3.073
[round 79/100] avg private log-likelihood = -3.077
[round 80/100] avg private log-likelihood = -3.074
[round 81/100] avg private log-likelihood = -3.076
[round 82/100] avg private log-likelihood = -3.076
[round 83/100] avg private log-likelihood = -3.078
[round 84/100] avg private log-likelihood = -3.074
[round 85/100] avg private log-likelihood = -3.079
[round 86/100] avg private log-likelihood = -3.082
[round 87/100] avg private log-likelihood = -3.082
[round 88/100] avg private log-likelihood = -3.077
[round 89/100] avg private log-likelihood = -3.074
[round 90/100] avg private log-likelihood = -3.072
[round 91/100] avg private log-likelihood = -3.068
[round 92/100] avg private log-likelihood = -3.072
[round 93/100] avg private log-likelihood = -3.075
[round 94/100] avg private log-likelihood = -3.075
[round 95/100] avg private log-likelihood = -3.078
[round 96/100] avg private log-likelihood = -3.077
[round 97/100] avg private log-likelihood = -3.072
[round 98/100] avg private log-likelihood = -3.074
[round 99/100] avg private log-likelihood = -3.071
[round 100/100] avg private log-likelihood = -3.073
[round 01/100] avg private log-likelihood = -2.539
[round 02/100] avg private log-likelihood = -2.591
[round 03/100] avg private log-likelihood = -2.653
[round 04/100] avg private log-likelihood = -2.715
[round 05/100] avg private log-likelihood = -2.771
[round 06/100] avg private log-likelihood = -2.823
[round 07/100] avg private log-likelihood = -2.869
[round 08/100] avg private log-likelihood = -2.911
[round 09/100] avg private log-likelihood = -2.943
[round 10/100] avg private log-likelihood = -2.972
[round 11/100] avg private log-likelihood = -2.993
[round 12/100] avg private log-likelihood = -3.007
[round 13/100] avg private log-likelihood = -3.025
[round 14/100] avg private log-likelihood = -3.033
[round 15/100] avg private log-likelihood = -3.038
[round 16/100] avg private log-likelihood = -3.042
[round 17/100] avg private log-likelihood = -3.044
[round 18/100] avg private log-likelihood = -3.047
[round 19/100] avg private log-likelihood = -3.047
[round 20/100] avg private log-likelihood = -3.046
[round 21/100] avg private log-likelihood = -3.048
[round 22/100] avg private log-likelihood = -3.050
[round 23/100] avg private log-likelihood = -3.048
[round 24/100] avg private log-likelihood = -3.050
[round 25/100] avg private log-likelihood = -3.051
[round 26/100] avg private log-likelihood = -3.049
[round 27/100] avg private log-likelihood = -3.048
[round 28/100] avg private log-likelihood = -3.052
[round 29/100] avg private log-likelihood = -3.053
[round 30/100] avg private log-likelihood = -3.049
[round 31/100] avg private log-likelihood = -3.052
[round 32/100] avg private log-likelihood = -3.051
[round 33/100] avg private log-likelihood = -3.050
[round 34/100] avg private log-likelihood = -3.053
[round 35/100] avg private log-likelihood = -3.052
[round 36/100] avg private log-likelihood = -3.051
[round 37/100] avg private log-likelihood = -3.053
[round 38/100] avg private log-likelihood = -3.050
[round 39/100] avg private log-likelihood = -3.050
[round 40/100] avg private log-likelihood = -3.048
[round 41/100] avg private log-likelihood = -3.048
[round 42/100] avg private log-likelihood = -3.049
[round 43/100] avg private log-likelihood = -3.048
[round 44/100] avg private log-likelihood = -3.047
[round 45/100] avg private log-likelihood = -3.048
[round 46/100] avg private log-likelihood = -3.048
[round 47/100] avg private log-likelihood = -3.051
[round 48/100] avg private log-likelihood = -3.050
[round 49/100] avg private log-likelihood = -3.050
[round 50/100] avg private log-likelihood = -3.051
[round 51/100] avg private log-likelihood = -3.048
[round 52/100] avg private log-likelihood = -3.052
[round 53/100] avg private log-likelihood = -3.048
[round 54/100] avg private log-likelihood = -3.050
[round 55/100] avg private log-likelihood = -3.051
[round 56/100] avg private log-likelihood = -3.052
[round 57/100] avg private log-likelihood = -3.050
[round 58/100] avg private log-likelihood = -3.053
[round 59/100] avg private log-likelihood = -3.049
[round 60/100] avg private log-likelihood = -3.048
[round 61/100] avg private log-likelihood = -3.049
[round 62/100] avg private log-likelihood = -3.048
[round 63/100] avg private log-likelihood = -3.051
[round 64/100] avg private log-likelihood = -3.050
[round 65/100] avg private log-likelihood = -3.051
[round 66/100] avg private log-likelihood = -3.052
[round 67/100] avg private log-likelihood = -3.053
[round 68/100] avg private log-likelihood = -3.050
[round 69/100] avg private log-likelihood = -3.051
[round 70/100] avg private log-likelihood = -3.050
[round 71/100] avg private log-likelihood = -3.051
[round 72/100] avg private log-likelihood = -3.053
[round 73/100] avg private log-likelihood = -3.049
[round 74/100] avg private log-likelihood = -3.047
[round 75/100] avg private log-likelihood = -3.049
[round 76/100] avg private log-likelihood = -3.049
[round 77/100] avg private log-likelihood = -3.052
[round 78/100] avg private log-likelihood = -3.048
[round 79/100] avg private log-likelihood = -3.049
[round 80/100] avg private log-likelihood = -3.048
[round 81/100] avg private log-likelihood = -3.050
[round 82/100] avg private log-likelihood = -3.049
[round 83/100] avg private log-likelihood = -3.049
[round 84/100] avg private log-likelihood = -3.051
[round 85/100] avg private log-likelihood = -3.049
[round 86/100] avg private log-likelihood = -3.048
[round 87/100] avg private log-likelihood = -3.049
[round 88/100] avg private log-likelihood = -3.051
[round 89/100] avg private log-likelihood = -3.050
[round 90/100] avg private log-likelihood = -3.047
[round 91/100] avg private log-likelihood = -3.046
[round 92/100] avg private log-likelihood = -3.048
[round 93/100] avg private log-likelihood = -3.049
[round 94/100] avg private log-likelihood = -3.048
[round 95/100] avg private log-likelihood = -3.049
[round 96/100] avg private log-likelihood = -3.047
[round 97/100] avg private log-likelihood = -3.048
[round 98/100] avg private log-likelihood = -3.048
[round 99/100] avg private log-likelihood = -3.048
[round 100/100] avg private log-likelihood = -3.049
[DONE] Results saved to results/D2_N10_lam0.5_seed1.json
