========================================
Running experiment on GPU
  D       = 8
  N       = 10
  lambda  = 1.0
  seed    = 6
  GPU     = 0
========================================
[round 01/100] avg private log-likelihood = -8.234
[round 02/100] avg private log-likelihood = -8.576
[round 03/100] avg private log-likelihood = -8.880
[round 04/100] avg private log-likelihood = -9.096
[round 05/100] avg private log-likelihood = -9.349
[round 06/100] avg private log-likelihood = -9.539
[round 07/100] avg private log-likelihood = -9.772
[round 08/100] avg private log-likelihood = -9.990
[round 09/100] avg private log-likelihood = -10.214
[round 10/100] avg private log-likelihood = -10.416
[round 11/100] avg private log-likelihood = -10.632
[round 12/100] avg private log-likelihood = -10.798
[round 13/100] avg private log-likelihood = -10.962
[round 14/100] avg private log-likelihood = -11.095
[round 15/100] avg private log-likelihood = -11.180
[round 16/100] avg private log-likelihood = -11.257
[round 17/100] avg private log-likelihood = -11.304
[round 18/100] avg private log-likelihood = -11.333
[round 19/100] avg private log-likelihood = -11.341
[round 20/100] avg private log-likelihood = -11.340
[round 21/100] avg private log-likelihood = -11.319
[round 22/100] avg private log-likelihood = -11.289
[round 23/100] avg private log-likelihood = -11.271
[round 24/100] avg private log-likelihood = -11.243
[round 25/100] avg private log-likelihood = -11.221
[round 26/100] avg private log-likelihood = -11.205
[round 27/100] avg private log-likelihood = -11.176
[round 28/100] avg private log-likelihood = -11.138
[round 29/100] avg private log-likelihood = -11.095
[round 30/100] avg private log-likelihood = -11.034
[round 31/100] avg private log-likelihood = -10.957
[round 32/100] avg private log-likelihood = -10.894
[round 33/100] avg private log-likelihood = -10.829
[round 34/100] avg private log-likelihood = -10.778
[round 35/100] avg private log-likelihood = -10.726
[round 36/100] avg private log-likelihood = -10.680
[round 37/100] avg private log-likelihood = -10.651
[round 38/100] avg private log-likelihood = -10.620
[round 39/100] avg private log-likelihood = -10.584
[round 40/100] avg private log-likelihood = -10.553
[round 41/100] avg private log-likelihood = -10.547
[round 42/100] avg private log-likelihood = -10.524
[round 43/100] avg private log-likelihood = -10.517
[round 44/100] avg private log-likelihood = -10.507
[round 45/100] avg private log-likelihood = -10.499
[round 46/100] avg private log-likelihood = -10.484
[round 47/100] avg private log-likelihood = -10.496
[round 48/100] avg private log-likelihood = -10.499
[round 49/100] avg private log-likelihood = -10.500
[round 50/100] avg private log-likelihood = -10.490
[round 51/100] avg private log-likelihood = -10.489
[round 52/100] avg private log-likelihood = -10.489
[round 53/100] avg private log-likelihood = -10.483
[round 54/100] avg private log-likelihood = -10.489
[round 55/100] avg private log-likelihood = -10.493
[round 56/100] avg private log-likelihood = -10.475
[round 57/100] avg private log-likelihood = -10.481
[round 58/100] avg private log-likelihood = -10.493
[round 59/100] avg private log-likelihood = -10.492
[round 60/100] avg private log-likelihood = -10.493
[round 61/100] avg private log-likelihood = -10.496
[round 62/100] avg private log-likelihood = -10.501
[round 63/100] avg private log-likelihood = -10.505
[round 64/100] avg private log-likelihood = -10.495
[round 65/100] avg private log-likelihood = -10.490
[round 66/100] avg private log-likelihood = -10.494
[round 67/100] avg private log-likelihood = -10.483
[round 68/100] avg private log-likelihood = -10.494
[round 69/100] avg private log-likelihood = -10.500
[round 70/100] avg private log-likelihood = -10.499
[round 71/100] avg private log-likelihood = -10.495
[round 72/100] avg private log-likelihood = -10.491
[round 73/100] avg private log-likelihood = -10.494
[round 74/100] avg private log-likelihood = -10.498
[round 75/100] avg private log-likelihood = -10.492
[round 76/100] avg private log-likelihood = -10.483
[round 77/100] avg private log-likelihood = -10.480
[round 78/100] avg private log-likelihood = -10.491
[round 79/100] avg private log-likelihood = -10.488
[round 80/100] avg private log-likelihood = -10.492
[round 81/100] avg private log-likelihood = -10.496
[round 82/100] avg private log-likelihood = -10.482
[round 83/100] avg private log-likelihood = -10.494
[round 84/100] avg private log-likelihood = -10.497
[round 85/100] avg private log-likelihood = -10.500
[round 86/100] avg private log-likelihood = -10.486
[round 87/100] avg private log-likelihood = -10.491
[round 88/100] avg private log-likelihood = -10.496
[round 89/100] avg private log-likelihood = -10.488
[round 90/100] avg private log-likelihood = -10.484
[round 91/100] avg private log-likelihood = -10.486
[round 92/100] avg private log-likelihood = -10.498
[round 93/100] avg private log-likelihood = -10.496
[round 94/100] avg private log-likelihood = -10.502
[round 95/100] avg private log-likelihood = -10.506
[round 96/100] avg private log-likelihood = -10.494
[round 97/100] avg private log-likelihood = -10.501
[round 98/100] avg private log-likelihood = -10.503
[round 99/100] avg private log-likelihood = -10.508
[round 100/100] avg private log-likelihood = -10.495
[round 01/100] avg private log-likelihood = -8.207
[round 02/100] avg private log-likelihood = -8.493
[round 03/100] avg private log-likelihood = -8.799
[round 04/100] avg private log-likelihood = -9.061
[round 05/100] avg private log-likelihood = -9.294
[round 06/100] avg private log-likelihood = -9.514
[round 07/100] avg private log-likelihood = -9.724
[round 08/100] avg private log-likelihood = -9.932
[round 09/100] avg private log-likelihood = -10.128
[round 10/100] avg private log-likelihood = -10.312
[round 11/100] avg private log-likelihood = -10.488
[round 12/100] avg private log-likelihood = -10.636
[round 13/100] avg private log-likelihood = -10.757
[round 14/100] avg private log-likelihood = -10.867
[round 15/100] avg private log-likelihood = -10.941
[round 16/100] avg private log-likelihood = -11.012
[round 17/100] avg private log-likelihood = -11.053
[round 18/100] avg private log-likelihood = -11.079
[round 19/100] avg private log-likelihood = -11.094
[round 20/100] avg private log-likelihood = -11.112
[round 21/100] avg private log-likelihood = -11.112
[round 22/100] avg private log-likelihood = -11.103
[round 23/100] avg private log-likelihood = -11.091
[round 24/100] avg private log-likelihood = -11.061
[round 25/100] avg private log-likelihood = -11.006
[round 26/100] avg private log-likelihood = -10.942
[round 27/100] avg private log-likelihood = -10.882
[round 28/100] avg private log-likelihood = -10.827
[round 29/100] avg private log-likelihood = -10.774
[round 30/100] avg private log-likelihood = -10.726
[round 31/100] avg private log-likelihood = -10.688
[round 32/100] avg private log-likelihood = -10.658
[round 33/100] avg private log-likelihood = -10.630
[round 34/100] avg private log-likelihood = -10.609
[round 35/100] avg private log-likelihood = -10.583
[round 36/100] avg private log-likelihood = -10.567
[round 37/100] avg private log-likelihood = -10.549
[round 38/100] avg private log-likelihood = -10.538
[round 39/100] avg private log-likelihood = -10.536
[round 40/100] avg private log-likelihood = -10.529
[round 41/100] avg private log-likelihood = -10.531
[round 42/100] avg private log-likelihood = -10.531
[round 43/100] avg private log-likelihood = -10.528
[round 44/100] avg private log-likelihood = -10.526
[round 45/100] avg private log-likelihood = -10.524
[round 46/100] avg private log-likelihood = -10.519
[round 47/100] avg private log-likelihood = -10.515
[round 48/100] avg private log-likelihood = -10.516
[round 49/100] avg private log-likelihood = -10.515
[round 50/100] avg private log-likelihood = -10.514
[round 51/100] avg private log-likelihood = -10.517
[round 52/100] avg private log-likelihood = -10.515
[round 53/100] avg private log-likelihood = -10.511
[round 54/100] avg private log-likelihood = -10.509
[round 55/100] avg private log-likelihood = -10.508
[round 56/100] avg private log-likelihood = -10.505
[round 57/100] avg private log-likelihood = -10.507
[round 58/100] avg private log-likelihood = -10.508
[round 59/100] avg private log-likelihood = -10.509
[round 60/100] avg private log-likelihood = -10.514
[round 61/100] avg private log-likelihood = -10.514
[round 62/100] avg private log-likelihood = -10.511
[round 63/100] avg private log-likelihood = -10.506
[round 64/100] avg private log-likelihood = -10.501
[round 65/100] avg private log-likelihood = -10.508
[round 66/100] avg private log-likelihood = -10.505
[round 67/100] avg private log-likelihood = -10.502
[round 68/100] avg private log-likelihood = -10.508
[round 69/100] avg private log-likelihood = -10.503
[round 70/100] avg private log-likelihood = -10.507
[round 71/100] avg private log-likelihood = -10.502
[round 72/100] avg private log-likelihood = -10.512
[round 73/100] avg private log-likelihood = -10.511
[round 74/100] avg private log-likelihood = -10.513
[round 75/100] avg private log-likelihood = -10.512
[round 76/100] avg private log-likelihood = -10.513
[round 77/100] avg private log-likelihood = -10.512
[round 78/100] avg private log-likelihood = -10.509
[round 79/100] avg private log-likelihood = -10.512
[round 80/100] avg private log-likelihood = -10.509
[round 81/100] avg private log-likelihood = -10.508
[round 82/100] avg private log-likelihood = -10.509
[round 83/100] avg private log-likelihood = -10.505
[round 84/100] avg private log-likelihood = -10.505
[round 85/100] avg private log-likelihood = -10.509
[round 86/100] avg private log-likelihood = -10.500
[round 87/100] avg private log-likelihood = -10.500
[round 88/100] avg private log-likelihood = -10.497
[round 89/100] avg private log-likelihood = -10.493
[round 90/100] avg private log-likelihood = -10.502
[round 91/100] avg private log-likelihood = -10.499
[round 92/100] avg private log-likelihood = -10.495
[round 93/100] avg private log-likelihood = -10.491
[round 94/100] avg private log-likelihood = -10.494
[round 95/100] avg private log-likelihood = -10.497
[round 96/100] avg private log-likelihood = -10.502
[round 97/100] avg private log-likelihood = -10.496
[round 98/100] avg private log-likelihood = -10.502
[round 99/100] avg private log-likelihood = -10.494
[round 100/100] avg private log-likelihood = -10.496
[DONE] Results saved to results/D8_N10_lam1.0_seed6.json
