========================================
Running experiment on GPU
  D       = 4
  N       = 25
  lambda  = 1.0
  seed    = 1
  GPU     = 0
========================================
[round 01/100] avg private log-likelihood = -6.137
[round 02/100] avg private log-likelihood = -6.178
[round 03/100] avg private log-likelihood = -6.210
[round 04/100] avg private log-likelihood = -6.222
[round 05/100] avg private log-likelihood = -6.237
[round 06/100] avg private log-likelihood = -6.240
[round 07/100] avg private log-likelihood = -6.240
[round 08/100] avg private log-likelihood = -6.249
[round 09/100] avg private log-likelihood = -6.251
[round 10/100] avg private log-likelihood = -6.254
[round 11/100] avg private log-likelihood = -6.253
[round 12/100] avg private log-likelihood = -6.258
[round 13/100] avg private log-likelihood = -6.259
[round 14/100] avg private log-likelihood = -6.260
[round 15/100] avg private log-likelihood = -6.259
[round 16/100] avg private log-likelihood = -6.260
[round 17/100] avg private log-likelihood = -6.257
[round 18/100] avg private log-likelihood = -6.260
[round 19/100] avg private log-likelihood = -6.259
[round 20/100] avg private log-likelihood = -6.259
[round 21/100] avg private log-likelihood = -6.259
[round 22/100] avg private log-likelihood = -6.259
[round 23/100] avg private log-likelihood = -6.260
[round 24/100] avg private log-likelihood = -6.258
[round 25/100] avg private log-likelihood = -6.257
[round 26/100] avg private log-likelihood = -6.258
[round 27/100] avg private log-likelihood = -6.256
[round 28/100] avg private log-likelihood = -6.254
[round 29/100] avg private log-likelihood = -6.260
[round 30/100] avg private log-likelihood = -6.257
[round 31/100] avg private log-likelihood = -6.258
[round 32/100] avg private log-likelihood = -6.259
[round 33/100] avg private log-likelihood = -6.263
[round 34/100] avg private log-likelihood = -6.260
[round 35/100] avg private log-likelihood = -6.257
[round 36/100] avg private log-likelihood = -6.260
[round 37/100] avg private log-likelihood = -6.257
[round 38/100] avg private log-likelihood = -6.254
[round 39/100] avg private log-likelihood = -6.252
[round 40/100] avg private log-likelihood = -6.258
[round 41/100] avg private log-likelihood = -6.255
[round 42/100] avg private log-likelihood = -6.257
[round 43/100] avg private log-likelihood = -6.256
[round 44/100] avg private log-likelihood = -6.255
[round 45/100] avg private log-likelihood = -6.256
[round 46/100] avg private log-likelihood = -6.258
[round 47/100] avg private log-likelihood = -6.258
[round 48/100] avg private log-likelihood = -6.262
[round 49/100] avg private log-likelihood = -6.257
[round 50/100] avg private log-likelihood = -6.257
[round 51/100] avg private log-likelihood = -6.256
[round 52/100] avg private log-likelihood = -6.260
[round 53/100] avg private log-likelihood = -6.258
[round 54/100] avg private log-likelihood = -6.260
[round 55/100] avg private log-likelihood = -6.262
[round 56/100] avg private log-likelihood = -6.256
[round 57/100] avg private log-likelihood = -6.258
[round 58/100] avg private log-likelihood = -6.256
[round 59/100] avg private log-likelihood = -6.258
[round 60/100] avg private log-likelihood = -6.259
[round 61/100] avg private log-likelihood = -6.261
[round 62/100] avg private log-likelihood = -6.258
[round 63/100] avg private log-likelihood = -6.258
[round 64/100] avg private log-likelihood = -6.260
[round 65/100] avg private log-likelihood = -6.259
[round 66/100] avg private log-likelihood = -6.256
[round 67/100] avg private log-likelihood = -6.255
[round 68/100] avg private log-likelihood = -6.258
[round 69/100] avg private log-likelihood = -6.257
[round 70/100] avg private log-likelihood = -6.260
[round 71/100] avg private log-likelihood = -6.254
[round 72/100] avg private log-likelihood = -6.256
[round 73/100] avg private log-likelihood = -6.259
[round 74/100] avg private log-likelihood = -6.262
[round 75/100] avg private log-likelihood = -6.259
[round 76/100] avg private log-likelihood = -6.257
[round 77/100] avg private log-likelihood = -6.258
[round 78/100] avg private log-likelihood = -6.255
[round 79/100] avg private log-likelihood = -6.254
[round 80/100] avg private log-likelihood = -6.256
[round 81/100] avg private log-likelihood = -6.258
[round 82/100] avg private log-likelihood = -6.255
[round 83/100] avg private log-likelihood = -6.259
[round 84/100] avg private log-likelihood = -6.257
[round 85/100] avg private log-likelihood = -6.259
[round 86/100] avg private log-likelihood = -6.259
[round 87/100] avg private log-likelihood = -6.261
[round 88/100] avg private log-likelihood = -6.260
[round 89/100] avg private log-likelihood = -6.260
[round 90/100] avg private log-likelihood = -6.261
[round 91/100] avg private log-likelihood = -6.259
[round 92/100] avg private log-likelihood = -6.255
[round 93/100] avg private log-likelihood = -6.257
[round 94/100] avg private log-likelihood = -6.259
[round 95/100] avg private log-likelihood = -6.259
[round 96/100] avg private log-likelihood = -6.260
[round 97/100] avg private log-likelihood = -6.259
[round 98/100] avg private log-likelihood = -6.257
[round 99/100] avg private log-likelihood = -6.256
[round 100/100] avg private log-likelihood = -6.259
[round 01/100] avg private log-likelihood = -6.133
[round 02/100] avg private log-likelihood = -6.171
[round 03/100] avg private log-likelihood = -6.199
[round 04/100] avg private log-likelihood = -6.218
[round 05/100] avg private log-likelihood = -6.229
[round 06/100] avg private log-likelihood = -6.236
[round 07/100] avg private log-likelihood = -6.240
[round 08/100] avg private log-likelihood = -6.247
[round 09/100] avg private log-likelihood = -6.250
[round 10/100] avg private log-likelihood = -6.253
[round 11/100] avg private log-likelihood = -6.255
[round 12/100] avg private log-likelihood = -6.255
[round 13/100] avg private log-likelihood = -6.256
[round 14/100] avg private log-likelihood = -6.257
[round 15/100] avg private log-likelihood = -6.257
[round 16/100] avg private log-likelihood = -6.257
[round 17/100] avg private log-likelihood = -6.257
[round 18/100] avg private log-likelihood = -6.256
[round 19/100] avg private log-likelihood = -6.257
[round 20/100] avg private log-likelihood = -6.257
[round 21/100] avg private log-likelihood = -6.258
[round 22/100] avg private log-likelihood = -6.255
[round 23/100] avg private log-likelihood = -6.255
[round 24/100] avg private log-likelihood = -6.255
[round 25/100] avg private log-likelihood = -6.256
[round 26/100] avg private log-likelihood = -6.256
[round 27/100] avg private log-likelihood = -6.256
[round 28/100] avg private log-likelihood = -6.257
[round 29/100] avg private log-likelihood = -6.257
[round 30/100] avg private log-likelihood = -6.257
[round 31/100] avg private log-likelihood = -6.259
[round 32/100] avg private log-likelihood = -6.256
[round 33/100] avg private log-likelihood = -6.257
[round 34/100] avg private log-likelihood = -6.258
[round 35/100] avg private log-likelihood = -6.254
[round 36/100] avg private log-likelihood = -6.255
[round 37/100] avg private log-likelihood = -6.257
[round 38/100] avg private log-likelihood = -6.258
[round 39/100] avg private log-likelihood = -6.258
[round 40/100] avg private log-likelihood = -6.256
[round 41/100] avg private log-likelihood = -6.257
[round 42/100] avg private log-likelihood = -6.256
[round 43/100] avg private log-likelihood = -6.259
[round 44/100] avg private log-likelihood = -6.258
[round 45/100] avg private log-likelihood = -6.258
[round 46/100] avg private log-likelihood = -6.258
[round 47/100] avg private log-likelihood = -6.256
[round 48/100] avg private log-likelihood = -6.255
[round 49/100] avg private log-likelihood = -6.254
[round 50/100] avg private log-likelihood = -6.256
[round 51/100] avg private log-likelihood = -6.256
[round 52/100] avg private log-likelihood = -6.254
[round 53/100] avg private log-likelihood = -6.256
[round 54/100] avg private log-likelihood = -6.257
[round 55/100] avg private log-likelihood = -6.258
[round 56/100] avg private log-likelihood = -6.258
[round 57/100] avg private log-likelihood = -6.258
[round 58/100] avg private log-likelihood = -6.258
[round 59/100] avg private log-likelihood = -6.256
[round 60/100] avg private log-likelihood = -6.257
[round 61/100] avg private log-likelihood = -6.256
[round 62/100] avg private log-likelihood = -6.254
[round 63/100] avg private log-likelihood = -6.257
[round 64/100] avg private log-likelihood = -6.257
[round 65/100] avg private log-likelihood = -6.255
[round 66/100] avg private log-likelihood = -6.256
[round 67/100] avg private log-likelihood = -6.256
[round 68/100] avg private log-likelihood = -6.259
[round 69/100] avg private log-likelihood = -6.257
[round 70/100] avg private log-likelihood = -6.256
[round 71/100] avg private log-likelihood = -6.257
[round 72/100] avg private log-likelihood = -6.256
[round 73/100] avg private log-likelihood = -6.256
[round 74/100] avg private log-likelihood = -6.256
[round 75/100] avg private log-likelihood = -6.255
[round 76/100] avg private log-likelihood = -6.257
[round 77/100] avg private log-likelihood = -6.256
[round 78/100] avg private log-likelihood = -6.256
[round 79/100] avg private log-likelihood = -6.257
[round 80/100] avg private log-likelihood = -6.256
[round 81/100] avg private log-likelihood = -6.255
[round 82/100] avg private log-likelihood = -6.257
[round 83/100] avg private log-likelihood = -6.256
[round 84/100] avg private log-likelihood = -6.257
[round 85/100] avg private log-likelihood = -6.256
[round 86/100] avg private log-likelihood = -6.257
[round 87/100] avg private log-likelihood = -6.257
[round 88/100] avg private log-likelihood = -6.259
[round 89/100] avg private log-likelihood = -6.258
[round 90/100] avg private log-likelihood = -6.257
[round 91/100] avg private log-likelihood = -6.257
[round 92/100] avg private log-likelihood = -6.256
[round 93/100] avg private log-likelihood = -6.256
[round 94/100] avg private log-likelihood = -6.255
[round 95/100] avg private log-likelihood = -6.255
[round 96/100] avg private log-likelihood = -6.257
[round 97/100] avg private log-likelihood = -6.258
[round 98/100] avg private log-likelihood = -6.257
[round 99/100] avg private log-likelihood = -6.257
[round 100/100] avg private log-likelihood = -6.257
[DONE] Results saved to results/D4_N25_lam1.0_seed1.json
