========================================
Running experiment on GPU
  D       = 16
  N       = 10
  lambda  = 1.0
  seed    = 1
  GPU     = 0
========================================
[round 01/100] avg private log-likelihood = -15.623
[round 02/100] avg private log-likelihood = -16.270
[round 03/100] avg private log-likelihood = -16.926
[round 04/100] avg private log-likelihood = -17.455
[round 05/100] avg private log-likelihood = -18.023
[round 06/100] avg private log-likelihood = -18.594
[round 07/100] avg private log-likelihood = -19.137
[round 08/100] avg private log-likelihood = -19.658
[round 09/100] avg private log-likelihood = -20.173
[round 10/100] avg private log-likelihood = -20.673
[round 11/100] avg private log-likelihood = -21.177
[round 12/100] avg private log-likelihood = -21.648
[round 13/100] avg private log-likelihood = -22.108
[round 14/100] avg private log-likelihood = -22.520
[round 15/100] avg private log-likelihood = -22.910
[round 16/100] avg private log-likelihood = -23.253
[round 17/100] avg private log-likelihood = -23.519
[round 18/100] avg private log-likelihood = -23.716
[round 19/100] avg private log-likelihood = -23.907
[round 20/100] avg private log-likelihood = -24.042
[round 21/100] avg private log-likelihood = -24.138
[round 22/100] avg private log-likelihood = -24.185
[round 23/100] avg private log-likelihood = -24.212
[round 24/100] avg private log-likelihood = -24.224
[round 25/100] avg private log-likelihood = -24.238
[round 26/100] avg private log-likelihood = -24.250
[round 27/100] avg private log-likelihood = -24.229
[round 28/100] avg private log-likelihood = -24.223
[round 29/100] avg private log-likelihood = -24.199
[round 30/100] avg private log-likelihood = -24.205
[round 31/100] avg private log-likelihood = -24.218
[round 32/100] avg private log-likelihood = -24.189
[round 33/100] avg private log-likelihood = -24.176
[round 34/100] avg private log-likelihood = -24.169
[round 35/100] avg private log-likelihood = -24.145
[round 36/100] avg private log-likelihood = -24.132
[round 37/100] avg private log-likelihood = -24.094
[round 38/100] avg private log-likelihood = -24.050
[round 39/100] avg private log-likelihood = -24.034
[round 40/100] avg private log-likelihood = -24.030
[round 41/100] avg private log-likelihood = -24.026
[round 42/100] avg private log-likelihood = -23.995
[round 43/100] avg private log-likelihood = -23.960
[round 44/100] avg private log-likelihood = -23.942
[round 45/100] avg private log-likelihood = -23.934
[round 46/100] avg private log-likelihood = -23.916
[round 47/100] avg private log-likelihood = -23.874
[round 48/100] avg private log-likelihood = -23.837
[round 49/100] avg private log-likelihood = -23.864
[round 50/100] avg private log-likelihood = -23.810
[round 51/100] avg private log-likelihood = -23.766
[round 52/100] avg private log-likelihood = -23.723
[round 53/100] avg private log-likelihood = -23.657
[round 54/100] avg private log-likelihood = -23.604
[round 55/100] avg private log-likelihood = -23.531
[round 56/100] avg private log-likelihood = -23.458
[round 57/100] avg private log-likelihood = -23.382
[round 58/100] avg private log-likelihood = -23.292
[round 59/100] avg private log-likelihood = -23.251
[round 60/100] avg private log-likelihood = -23.208
[round 61/100] avg private log-likelihood = -23.154
[round 62/100] avg private log-likelihood = -23.095
[round 63/100] avg private log-likelihood = -23.070
[round 64/100] avg private log-likelihood = -23.050
[round 65/100] avg private log-likelihood = -23.043
[round 66/100] avg private log-likelihood = -23.046
[round 67/100] avg private log-likelihood = -23.011
[round 68/100] avg private log-likelihood = -23.012
[round 69/100] avg private log-likelihood = -23.013
[round 70/100] avg private log-likelihood = -23.032
[round 71/100] avg private log-likelihood = -23.018
[round 72/100] avg private log-likelihood = -23.027
[round 73/100] avg private log-likelihood = -23.029
[round 74/100] avg private log-likelihood = -23.023
[round 75/100] avg private log-likelihood = -23.032
[round 76/100] avg private log-likelihood = -23.038
[round 77/100] avg private log-likelihood = -23.005
[round 78/100] avg private log-likelihood = -22.996
[round 79/100] avg private log-likelihood = -23.011
[round 80/100] avg private log-likelihood = -23.041
[round 81/100] avg private log-likelihood = -23.029
[round 82/100] avg private log-likelihood = -23.011
[round 83/100] avg private log-likelihood = -23.002
[round 84/100] avg private log-likelihood = -22.993
[round 85/100] avg private log-likelihood = -22.990
[round 86/100] avg private log-likelihood = -23.010
[round 87/100] avg private log-likelihood = -22.977
[round 88/100] avg private log-likelihood = -23.008
[round 89/100] avg private log-likelihood = -23.021
[round 90/100] avg private log-likelihood = -23.031
[round 91/100] avg private log-likelihood = -23.029
[round 92/100] avg private log-likelihood = -23.013
[round 93/100] avg private log-likelihood = -23.020
[round 94/100] avg private log-likelihood = -23.034
[round 95/100] avg private log-likelihood = -23.032
[round 96/100] avg private log-likelihood = -23.024
[round 97/100] avg private log-likelihood = -23.022
[round 98/100] avg private log-likelihood = -23.013
[round 99/100] avg private log-likelihood = -23.018
[round 100/100] avg private log-likelihood = -23.022
[round 01/100] avg private log-likelihood = -15.109
[round 02/100] avg private log-likelihood = -15.782
[round 03/100] avg private log-likelihood = -16.421
[round 04/100] avg private log-likelihood = -17.028
[round 05/100] avg private log-likelihood = -17.543
[round 06/100] avg private log-likelihood = -18.089
[round 07/100] avg private log-likelihood = -18.626
[round 08/100] avg private log-likelihood = -19.155
[round 09/100] avg private log-likelihood = -19.680
[round 10/100] avg private log-likelihood = -20.201
[round 11/100] avg private log-likelihood = -20.689
[round 12/100] avg private log-likelihood = -21.169
[round 13/100] avg private log-likelihood = -21.623
[round 14/100] avg private log-likelihood = -22.044
[round 15/100] avg private log-likelihood = -22.413
[round 16/100] avg private log-likelihood = -22.755
[round 17/100] avg private log-likelihood = -23.039
[round 18/100] avg private log-likelihood = -23.291
[round 19/100] avg private log-likelihood = -23.468
[round 20/100] avg private log-likelihood = -23.623
[round 21/100] avg private log-likelihood = -23.736
[round 22/100] avg private log-likelihood = -23.804
[round 23/100] avg private log-likelihood = -23.844
[round 24/100] avg private log-likelihood = -23.877
[round 25/100] avg private log-likelihood = -23.892
[round 26/100] avg private log-likelihood = -23.880
[round 27/100] avg private log-likelihood = -23.878
[round 28/100] avg private log-likelihood = -23.887
[round 29/100] avg private log-likelihood = -23.887
[round 30/100] avg private log-likelihood = -23.881
[round 31/100] avg private log-likelihood = -23.879
[round 32/100] avg private log-likelihood = -23.874
[round 33/100] avg private log-likelihood = -23.847
[round 34/100] avg private log-likelihood = -23.835
[round 35/100] avg private log-likelihood = -23.810
[round 36/100] avg private log-likelihood = -23.784
[round 37/100] avg private log-likelihood = -23.746
[round 38/100] avg private log-likelihood = -23.734
[round 39/100] avg private log-likelihood = -23.710
[round 40/100] avg private log-likelihood = -23.658
[round 41/100] avg private log-likelihood = -23.614
[round 42/100] avg private log-likelihood = -23.584
[round 43/100] avg private log-likelihood = -23.562
[round 44/100] avg private log-likelihood = -23.520
[round 45/100] avg private log-likelihood = -23.473
[round 46/100] avg private log-likelihood = -23.451
[round 47/100] avg private log-likelihood = -23.407
[round 48/100] avg private log-likelihood = -23.395
[round 49/100] avg private log-likelihood = -23.377
[round 50/100] avg private log-likelihood = -23.334
[round 51/100] avg private log-likelihood = -23.304
[round 52/100] avg private log-likelihood = -23.261
[round 53/100] avg private log-likelihood = -23.237
[round 54/100] avg private log-likelihood = -23.183
[round 55/100] avg private log-likelihood = -23.131
[round 56/100] avg private log-likelihood = -23.078
[round 57/100] avg private log-likelihood = -23.047
[round 58/100] avg private log-likelihood = -23.011
[round 59/100] avg private log-likelihood = -22.975
[round 60/100] avg private log-likelihood = -22.935
[round 61/100] avg private log-likelihood = -22.896
[round 62/100] avg private log-likelihood = -22.871
[round 63/100] avg private log-likelihood = -22.821
[round 64/100] avg private log-likelihood = -22.793
[round 65/100] avg private log-likelihood = -22.760
[round 66/100] avg private log-likelihood = -22.733
[round 67/100] avg private log-likelihood = -22.698
[round 68/100] avg private log-likelihood = -22.677
[round 69/100] avg private log-likelihood = -22.667
[round 70/100] avg private log-likelihood = -22.648
[round 71/100] avg private log-likelihood = -22.642
[round 72/100] avg private log-likelihood = -22.612
[round 73/100] avg private log-likelihood = -22.616
[round 74/100] avg private log-likelihood = -22.614
[round 75/100] avg private log-likelihood = -22.602
[round 76/100] avg private log-likelihood = -22.579
[round 77/100] avg private log-likelihood = -22.585
[round 78/100] avg private log-likelihood = -22.593
[round 79/100] avg private log-likelihood = -22.585
[round 80/100] avg private log-likelihood = -22.597
[round 81/100] avg private log-likelihood = -22.596
[round 82/100] avg private log-likelihood = -22.605
[round 83/100] avg private log-likelihood = -22.603
[round 84/100] avg private log-likelihood = -22.593
[round 85/100] avg private log-likelihood = -22.588
[round 86/100] avg private log-likelihood = -22.579
[round 87/100] avg private log-likelihood = -22.584
[round 88/100] avg private log-likelihood = -22.583
[round 89/100] avg private log-likelihood = -22.585
[round 90/100] avg private log-likelihood = -22.573
[round 91/100] avg private log-likelihood = -22.578
[round 92/100] avg private log-likelihood = -22.582
[round 93/100] avg private log-likelihood = -22.569
[round 94/100] avg private log-likelihood = -22.569
[round 95/100] avg private log-likelihood = -22.574
[round 96/100] avg private log-likelihood = -22.579
[round 97/100] avg private log-likelihood = -22.604
[round 98/100] avg private log-likelihood = -22.572
[round 99/100] avg private log-likelihood = -22.590
[round 100/100] avg private log-likelihood = -22.591
[DONE] Results saved to results/D16_N10_lam1.0_seed1.json
