========================================
Running experiment on GPU
  D       = 2
  N       = 10
  lambda  = 0.5
  seed    = 4
  GPU     = 0
========================================
[round 01/100] avg private log-likelihood = -2.642
[round 02/100] avg private log-likelihood = -2.674
[round 03/100] avg private log-likelihood = -2.708
[round 04/100] avg private log-likelihood = -2.742
[round 05/100] avg private log-likelihood = -2.772
[round 06/100] avg private log-likelihood = -2.793
[round 07/100] avg private log-likelihood = -2.810
[round 08/100] avg private log-likelihood = -2.822
[round 09/100] avg private log-likelihood = -2.834
[round 10/100] avg private log-likelihood = -2.844
[round 11/100] avg private log-likelihood = -2.850
[round 12/100] avg private log-likelihood = -2.854
[round 13/100] avg private log-likelihood = -2.854
[round 14/100] avg private log-likelihood = -2.854
[round 15/100] avg private log-likelihood = -2.851
[round 16/100] avg private log-likelihood = -2.850
[round 17/100] avg private log-likelihood = -2.847
[round 18/100] avg private log-likelihood = -2.845
[round 19/100] avg private log-likelihood = -2.844
[round 20/100] avg private log-likelihood = -2.845
[round 21/100] avg private log-likelihood = -2.841
[round 22/100] avg private log-likelihood = -2.842
[round 23/100] avg private log-likelihood = -2.841
[round 24/100] avg private log-likelihood = -2.838
[round 25/100] avg private log-likelihood = -2.835
[round 26/100] avg private log-likelihood = -2.835
[round 27/100] avg private log-likelihood = -2.832
[round 28/100] avg private log-likelihood = -2.832
[round 29/100] avg private log-likelihood = -2.830
[round 30/100] avg private log-likelihood = -2.828
[round 31/100] avg private log-likelihood = -2.828
[round 32/100] avg private log-likelihood = -2.824
[round 33/100] avg private log-likelihood = -2.826
[round 34/100] avg private log-likelihood = -2.825
[round 35/100] avg private log-likelihood = -2.822
[round 36/100] avg private log-likelihood = -2.817
[round 37/100] avg private log-likelihood = -2.817
[round 38/100] avg private log-likelihood = -2.813
[round 39/100] avg private log-likelihood = -2.813
[round 40/100] avg private log-likelihood = -2.809
[round 41/100] avg private log-likelihood = -2.806
[round 42/100] avg private log-likelihood = -2.805
[round 43/100] avg private log-likelihood = -2.805
[round 44/100] avg private log-likelihood = -2.805
[round 45/100] avg private log-likelihood = -2.802
[round 46/100] avg private log-likelihood = -2.801
[round 47/100] avg private log-likelihood = -2.798
[round 48/100] avg private log-likelihood = -2.797
[round 49/100] avg private log-likelihood = -2.793
[round 50/100] avg private log-likelihood = -2.790
[round 51/100] avg private log-likelihood = -2.792
[round 52/100] avg private log-likelihood = -2.788
[round 53/100] avg private log-likelihood = -2.788
[round 54/100] avg private log-likelihood = -2.787
[round 55/100] avg private log-likelihood = -2.783
[round 56/100] avg private log-likelihood = -2.780
[round 57/100] avg private log-likelihood = -2.779
[round 58/100] avg private log-likelihood = -2.776
[round 59/100] avg private log-likelihood = -2.776
[round 60/100] avg private log-likelihood = -2.774
[round 61/100] avg private log-likelihood = -2.773
[round 62/100] avg private log-likelihood = -2.772
[round 63/100] avg private log-likelihood = -2.773
[round 64/100] avg private log-likelihood = -2.771
[round 65/100] avg private log-likelihood = -2.770
[round 66/100] avg private log-likelihood = -2.770
[round 67/100] avg private log-likelihood = -2.771
[round 68/100] avg private log-likelihood = -2.775
[round 69/100] avg private log-likelihood = -2.773
[round 70/100] avg private log-likelihood = -2.775
[round 71/100] avg private log-likelihood = -2.775
[round 72/100] avg private log-likelihood = -2.775
[round 73/100] avg private log-likelihood = -2.773
[round 74/100] avg private log-likelihood = -2.772
[round 75/100] avg private log-likelihood = -2.774
[round 76/100] avg private log-likelihood = -2.773
[round 77/100] avg private log-likelihood = -2.774
[round 78/100] avg private log-likelihood = -2.770
[round 79/100] avg private log-likelihood = -2.769
[round 80/100] avg private log-likelihood = -2.770
[round 81/100] avg private log-likelihood = -2.772
[round 82/100] avg private log-likelihood = -2.771
[round 83/100] avg private log-likelihood = -2.775
[round 84/100] avg private log-likelihood = -2.773
[round 85/100] avg private log-likelihood = -2.776
[round 86/100] avg private log-likelihood = -2.776
[round 87/100] avg private log-likelihood = -2.772
[round 88/100] avg private log-likelihood = -2.774
[round 89/100] avg private log-likelihood = -2.774
[round 90/100] avg private log-likelihood = -2.772
[round 91/100] avg private log-likelihood = -2.773
[round 92/100] avg private log-likelihood = -2.772
[round 93/100] avg private log-likelihood = -2.773
[round 94/100] avg private log-likelihood = -2.775
[round 95/100] avg private log-likelihood = -2.774
[round 96/100] avg private log-likelihood = -2.773
[round 97/100] avg private log-likelihood = -2.771
[round 98/100] avg private log-likelihood = -2.770
[round 99/100] avg private log-likelihood = -2.770
[round 100/100] avg private log-likelihood = -2.769
[round 01/100] avg private log-likelihood = -2.724
[round 02/100] avg private log-likelihood = -2.755
[round 03/100] avg private log-likelihood = -2.792
[round 04/100] avg private log-likelihood = -2.828
[round 05/100] avg private log-likelihood = -2.858
[round 06/100] avg private log-likelihood = -2.882
[round 07/100] avg private log-likelihood = -2.902
[round 08/100] avg private log-likelihood = -2.914
[round 09/100] avg private log-likelihood = -2.922
[round 10/100] avg private log-likelihood = -2.927
[round 11/100] avg private log-likelihood = -2.929
[round 12/100] avg private log-likelihood = -2.929
[round 13/100] avg private log-likelihood = -2.924
[round 14/100] avg private log-likelihood = -2.920
[round 15/100] avg private log-likelihood = -2.919
[round 16/100] avg private log-likelihood = -2.915
[round 17/100] avg private log-likelihood = -2.914
[round 18/100] avg private log-likelihood = -2.911
[round 19/100] avg private log-likelihood = -2.905
[round 20/100] avg private log-likelihood = -2.900
[round 21/100] avg private log-likelihood = -2.900
[round 22/100] avg private log-likelihood = -2.897
[round 23/100] avg private log-likelihood = -2.898
[round 24/100] avg private log-likelihood = -2.894
[round 25/100] avg private log-likelihood = -2.894
[round 26/100] avg private log-likelihood = -2.896
[round 27/100] avg private log-likelihood = -2.893
[round 28/100] avg private log-likelihood = -2.892
[round 29/100] avg private log-likelihood = -2.893
[round 30/100] avg private log-likelihood = -2.893
[round 31/100] avg private log-likelihood = -2.892
[round 32/100] avg private log-likelihood = -2.893
[round 33/100] avg private log-likelihood = -2.891
[round 34/100] avg private log-likelihood = -2.891
[round 35/100] avg private log-likelihood = -2.892
[round 36/100] avg private log-likelihood = -2.893
[round 37/100] avg private log-likelihood = -2.893
[round 38/100] avg private log-likelihood = -2.892
[round 39/100] avg private log-likelihood = -2.893
[round 40/100] avg private log-likelihood = -2.894
[round 41/100] avg private log-likelihood = -2.892
[round 42/100] avg private log-likelihood = -2.892
[round 43/100] avg private log-likelihood = -2.891
[round 44/100] avg private log-likelihood = -2.890
[round 45/100] avg private log-likelihood = -2.890
[round 46/100] avg private log-likelihood = -2.892
[round 47/100] avg private log-likelihood = -2.890
[round 48/100] avg private log-likelihood = -2.890
[round 49/100] avg private log-likelihood = -2.891
[round 50/100] avg private log-likelihood = -2.889
[round 51/100] avg private log-likelihood = -2.891
[round 52/100] avg private log-likelihood = -2.889
[round 53/100] avg private log-likelihood = -2.888
[round 54/100] avg private log-likelihood = -2.886
[round 55/100] avg private log-likelihood = -2.886
[round 56/100] avg private log-likelihood = -2.883
[round 57/100] avg private log-likelihood = -2.881
[round 58/100] avg private log-likelihood = -2.879
[round 59/100] avg private log-likelihood = -2.877
[round 60/100] avg private log-likelihood = -2.875
[round 61/100] avg private log-likelihood = -2.875
[round 62/100] avg private log-likelihood = -2.872
[round 63/100] avg private log-likelihood = -2.871
[round 64/100] avg private log-likelihood = -2.873
[round 65/100] avg private log-likelihood = -2.872
[round 66/100] avg private log-likelihood = -2.873
[round 67/100] avg private log-likelihood = -2.874
[round 68/100] avg private log-likelihood = -2.871
[round 69/100] avg private log-likelihood = -2.873
[round 70/100] avg private log-likelihood = -2.871
[round 71/100] avg private log-likelihood = -2.872
[round 72/100] avg private log-likelihood = -2.872
[round 73/100] avg private log-likelihood = -2.872
[round 74/100] avg private log-likelihood = -2.871
[round 75/100] avg private log-likelihood = -2.872
[round 76/100] avg private log-likelihood = -2.871
[round 77/100] avg private log-likelihood = -2.872
[round 78/100] avg private log-likelihood = -2.873
[round 79/100] avg private log-likelihood = -2.874
[round 80/100] avg private log-likelihood = -2.874
[round 81/100] avg private log-likelihood = -2.873
[round 82/100] avg private log-likelihood = -2.871
[round 83/100] avg private log-likelihood = -2.874
[round 84/100] avg private log-likelihood = -2.873
[round 85/100] avg private log-likelihood = -2.874
[round 86/100] avg private log-likelihood = -2.874
[round 87/100] avg private log-likelihood = -2.872
[round 88/100] avg private log-likelihood = -2.874
[round 89/100] avg private log-likelihood = -2.872
[round 90/100] avg private log-likelihood = -2.873
[round 91/100] avg private log-likelihood = -2.873
[round 92/100] avg private log-likelihood = -2.872
[round 93/100] avg private log-likelihood = -2.872
[round 94/100] avg private log-likelihood = -2.872
[round 95/100] avg private log-likelihood = -2.874
[round 96/100] avg private log-likelihood = -2.873
[round 97/100] avg private log-likelihood = -2.871
[round 98/100] avg private log-likelihood = -2.872
[round 99/100] avg private log-likelihood = -2.873
[round 100/100] avg private log-likelihood = -2.873
[DONE] Results saved to results/D2_N10_lam0.5_seed4.json
