========================================
Running experiment on GPU
  D       = 2
  N       = 25
  lambda  = 1.0
  seed    = 0
  GPU     = 0
========================================
[round 01/100] avg private log-likelihood = -3.398
[round 02/100] avg private log-likelihood = -3.416
[round 03/100] avg private log-likelihood = -3.427
[round 04/100] avg private log-likelihood = -3.434
[round 05/100] avg private log-likelihood = -3.437
[round 06/100] avg private log-likelihood = -3.436
[round 07/100] avg private log-likelihood = -3.435
[round 08/100] avg private log-likelihood = -3.434
[round 09/100] avg private log-likelihood = -3.430
[round 10/100] avg private log-likelihood = -3.425
[round 11/100] avg private log-likelihood = -3.429
[round 12/100] avg private log-likelihood = -3.428
[round 13/100] avg private log-likelihood = -3.425
[round 14/100] avg private log-likelihood = -3.426
[round 15/100] avg private log-likelihood = -3.421
[round 16/100] avg private log-likelihood = -3.421
[round 17/100] avg private log-likelihood = -3.421
[round 18/100] avg private log-likelihood = -3.420
[round 19/100] avg private log-likelihood = -3.421
[round 20/100] avg private log-likelihood = -3.418
[round 21/100] avg private log-likelihood = -3.420
[round 22/100] avg private log-likelihood = -3.418
[round 23/100] avg private log-likelihood = -3.419
[round 24/100] avg private log-likelihood = -3.420
[round 25/100] avg private log-likelihood = -3.418
[round 26/100] avg private log-likelihood = -3.414
[round 27/100] avg private log-likelihood = -3.418
[round 28/100] avg private log-likelihood = -3.418
[round 29/100] avg private log-likelihood = -3.415
[round 30/100] avg private log-likelihood = -3.417
[round 31/100] avg private log-likelihood = -3.420
[round 32/100] avg private log-likelihood = -3.416
[round 33/100] avg private log-likelihood = -3.417
[round 34/100] avg private log-likelihood = -3.413
[round 35/100] avg private log-likelihood = -3.415
[round 36/100] avg private log-likelihood = -3.414
[round 37/100] avg private log-likelihood = -3.413
[round 38/100] avg private log-likelihood = -3.411
[round 39/100] avg private log-likelihood = -3.414
[round 40/100] avg private log-likelihood = -3.413
[round 41/100] avg private log-likelihood = -3.412
[round 42/100] avg private log-likelihood = -3.412
[round 43/100] avg private log-likelihood = -3.411
[round 44/100] avg private log-likelihood = -3.411
[round 45/100] avg private log-likelihood = -3.410
[round 46/100] avg private log-likelihood = -3.410
[round 47/100] avg private log-likelihood = -3.408
[round 48/100] avg private log-likelihood = -3.410
[round 49/100] avg private log-likelihood = -3.407
[round 50/100] avg private log-likelihood = -3.409
[round 51/100] avg private log-likelihood = -3.406
[round 52/100] avg private log-likelihood = -3.405
[round 53/100] avg private log-likelihood = -3.405
[round 54/100] avg private log-likelihood = -3.406
[round 55/100] avg private log-likelihood = -3.406
[round 56/100] avg private log-likelihood = -3.406
[round 57/100] avg private log-likelihood = -3.402
[round 58/100] avg private log-likelihood = -3.403
[round 59/100] avg private log-likelihood = -3.401
[round 60/100] avg private log-likelihood = -3.401
[round 61/100] avg private log-likelihood = -3.403
[round 62/100] avg private log-likelihood = -3.402
[round 63/100] avg private log-likelihood = -3.402
[round 64/100] avg private log-likelihood = -3.405
[round 65/100] avg private log-likelihood = -3.402
[round 66/100] avg private log-likelihood = -3.402
[round 67/100] avg private log-likelihood = -3.406
[round 68/100] avg private log-likelihood = -3.405
[round 69/100] avg private log-likelihood = -3.403
[round 70/100] avg private log-likelihood = -3.403
[round 71/100] avg private log-likelihood = -3.405
[round 72/100] avg private log-likelihood = -3.405
[round 73/100] avg private log-likelihood = -3.405
[round 74/100] avg private log-likelihood = -3.402
[round 75/100] avg private log-likelihood = -3.404
[round 76/100] avg private log-likelihood = -3.403
[round 77/100] avg private log-likelihood = -3.403
[round 78/100] avg private log-likelihood = -3.404
[round 79/100] avg private log-likelihood = -3.404
[round 80/100] avg private log-likelihood = -3.404
[round 81/100] avg private log-likelihood = -3.403
[round 82/100] avg private log-likelihood = -3.402
[round 83/100] avg private log-likelihood = -3.403
[round 84/100] avg private log-likelihood = -3.403
[round 85/100] avg private log-likelihood = -3.405
[round 86/100] avg private log-likelihood = -3.405
[round 87/100] avg private log-likelihood = -3.403
[round 88/100] avg private log-likelihood = -3.404
[round 89/100] avg private log-likelihood = -3.402
[round 90/100] avg private log-likelihood = -3.403
[round 91/100] avg private log-likelihood = -3.404
[round 92/100] avg private log-likelihood = -3.403
[round 93/100] avg private log-likelihood = -3.405
[round 94/100] avg private log-likelihood = -3.404
[round 95/100] avg private log-likelihood = -3.403
[round 96/100] avg private log-likelihood = -3.403
[round 97/100] avg private log-likelihood = -3.402
[round 98/100] avg private log-likelihood = -3.403
[round 99/100] avg private log-likelihood = -3.400
[round 100/100] avg private log-likelihood = -3.403
[round 01/100] avg private log-likelihood = -3.394
[round 02/100] avg private log-likelihood = -3.411
[round 03/100] avg private log-likelihood = -3.424
[round 04/100] avg private log-likelihood = -3.431
[round 05/100] avg private log-likelihood = -3.434
[round 06/100] avg private log-likelihood = -3.433
[round 07/100] avg private log-likelihood = -3.432
[round 08/100] avg private log-likelihood = -3.432
[round 09/100] avg private log-likelihood = -3.431
[round 10/100] avg private log-likelihood = -3.427
[round 11/100] avg private log-likelihood = -3.428
[round 12/100] avg private log-likelihood = -3.426
[round 13/100] avg private log-likelihood = -3.425
[round 14/100] avg private log-likelihood = -3.425
[round 15/100] avg private log-likelihood = -3.422
[round 16/100] avg private log-likelihood = -3.420
[round 17/100] avg private log-likelihood = -3.420
[round 18/100] avg private log-likelihood = -3.417
[round 19/100] avg private log-likelihood = -3.417
[round 20/100] avg private log-likelihood = -3.417
[round 21/100] avg private log-likelihood = -3.415
[round 22/100] avg private log-likelihood = -3.417
[round 23/100] avg private log-likelihood = -3.416
[round 24/100] avg private log-likelihood = -3.414
[round 25/100] avg private log-likelihood = -3.414
[round 26/100] avg private log-likelihood = -3.415
[round 27/100] avg private log-likelihood = -3.413
[round 28/100] avg private log-likelihood = -3.413
[round 29/100] avg private log-likelihood = -3.413
[round 30/100] avg private log-likelihood = -3.411
[round 31/100] avg private log-likelihood = -3.411
[round 32/100] avg private log-likelihood = -3.412
[round 33/100] avg private log-likelihood = -3.411
[round 34/100] avg private log-likelihood = -3.411
[round 35/100] avg private log-likelihood = -3.409
[round 36/100] avg private log-likelihood = -3.409
[round 37/100] avg private log-likelihood = -3.409
[round 38/100] avg private log-likelihood = -3.410
[round 39/100] avg private log-likelihood = -3.409
[round 40/100] avg private log-likelihood = -3.409
[round 41/100] avg private log-likelihood = -3.409
[round 42/100] avg private log-likelihood = -3.408
[round 43/100] avg private log-likelihood = -3.408
[round 44/100] avg private log-likelihood = -3.409
[round 45/100] avg private log-likelihood = -3.409
[round 46/100] avg private log-likelihood = -3.410
[round 47/100] avg private log-likelihood = -3.409
[round 48/100] avg private log-likelihood = -3.409
[round 49/100] avg private log-likelihood = -3.409
[round 50/100] avg private log-likelihood = -3.409
[round 51/100] avg private log-likelihood = -3.408
[round 52/100] avg private log-likelihood = -3.410
[round 53/100] avg private log-likelihood = -3.409
[round 54/100] avg private log-likelihood = -3.409
[round 55/100] avg private log-likelihood = -3.409
[round 56/100] avg private log-likelihood = -3.408
[round 57/100] avg private log-likelihood = -3.409
[round 58/100] avg private log-likelihood = -3.409
[round 59/100] avg private log-likelihood = -3.409
[round 60/100] avg private log-likelihood = -3.409
[round 61/100] avg private log-likelihood = -3.408
[round 62/100] avg private log-likelihood = -3.409
[round 63/100] avg private log-likelihood = -3.408
[round 64/100] avg private log-likelihood = -3.408
[round 65/100] avg private log-likelihood = -3.408
[round 66/100] avg private log-likelihood = -3.408
[round 67/100] avg private log-likelihood = -3.408
[round 68/100] avg private log-likelihood = -3.408
[round 69/100] avg private log-likelihood = -3.409
[round 70/100] avg private log-likelihood = -3.408
[round 71/100] avg private log-likelihood = -3.407
[round 72/100] avg private log-likelihood = -3.408
[round 73/100] avg private log-likelihood = -3.407
[round 74/100] avg private log-likelihood = -3.409
[round 75/100] avg private log-likelihood = -3.408
[round 76/100] avg private log-likelihood = -3.409
[round 77/100] avg private log-likelihood = -3.408
[round 78/100] avg private log-likelihood = -3.409
[round 79/100] avg private log-likelihood = -3.408
[round 80/100] avg private log-likelihood = -3.408
[round 81/100] avg private log-likelihood = -3.408
[round 82/100] avg private log-likelihood = -3.409
[round 83/100] avg private log-likelihood = -3.409
[round 84/100] avg private log-likelihood = -3.409
[round 85/100] avg private log-likelihood = -3.409
[round 86/100] avg private log-likelihood = -3.409
[round 87/100] avg private log-likelihood = -3.409
[round 88/100] avg private log-likelihood = -3.408
[round 89/100] avg private log-likelihood = -3.408
[round 90/100] avg private log-likelihood = -3.407
[round 91/100] avg private log-likelihood = -3.407
[round 92/100] avg private log-likelihood = -3.407
[round 93/100] avg private log-likelihood = -3.407
[round 94/100] avg private log-likelihood = -3.410
[round 95/100] avg private log-likelihood = -3.410
[round 96/100] avg private log-likelihood = -3.408
[round 97/100] avg private log-likelihood = -3.409
[round 98/100] avg private log-likelihood = -3.408
[round 99/100] avg private log-likelihood = -3.407
[round 100/100] avg private log-likelihood = -3.408
[DONE] Results saved to results/D2_N25_lam1.0_seed0.json
