========================================
Running experiment on GPU
  D       = 2
  N       = 10
  lambda  = 1.0
  seed    = 3
  GPU     = 0
========================================
[round 01/100] avg private log-likelihood = -2.599
[round 02/100] avg private log-likelihood = -2.671
[round 03/100] avg private log-likelihood = -2.752
[round 04/100] avg private log-likelihood = -2.835
[round 05/100] avg private log-likelihood = -2.920
[round 06/100] avg private log-likelihood = -2.980
[round 07/100] avg private log-likelihood = -3.041
[round 08/100] avg private log-likelihood = -3.087
[round 09/100] avg private log-likelihood = -3.127
[round 10/100] avg private log-likelihood = -3.150
[round 11/100] avg private log-likelihood = -3.168
[round 12/100] avg private log-likelihood = -3.173
[round 13/100] avg private log-likelihood = -3.180
[round 14/100] avg private log-likelihood = -3.180
[round 15/100] avg private log-likelihood = -3.183
[round 16/100] avg private log-likelihood = -3.187
[round 17/100] avg private log-likelihood = -3.187
[round 18/100] avg private log-likelihood = -3.185
[round 19/100] avg private log-likelihood = -3.190
[round 20/100] avg private log-likelihood = -3.193
[round 21/100] avg private log-likelihood = -3.192
[round 22/100] avg private log-likelihood = -3.191
[round 23/100] avg private log-likelihood = -3.189
[round 24/100] avg private log-likelihood = -3.187
[round 25/100] avg private log-likelihood = -3.190
[round 26/100] avg private log-likelihood = -3.186
[round 27/100] avg private log-likelihood = -3.190
[round 28/100] avg private log-likelihood = -3.189
[round 29/100] avg private log-likelihood = -3.191
[round 30/100] avg private log-likelihood = -3.193
[round 31/100] avg private log-likelihood = -3.192
[round 32/100] avg private log-likelihood = -3.191
[round 33/100] avg private log-likelihood = -3.194
[round 34/100] avg private log-likelihood = -3.190
[round 35/100] avg private log-likelihood = -3.188
[round 36/100] avg private log-likelihood = -3.186
[round 37/100] avg private log-likelihood = -3.183
[round 38/100] avg private log-likelihood = -3.186
[round 39/100] avg private log-likelihood = -3.188
[round 40/100] avg private log-likelihood = -3.191
[round 41/100] avg private log-likelihood = -3.191
[round 42/100] avg private log-likelihood = -3.194
[round 43/100] avg private log-likelihood = -3.191
[round 44/100] avg private log-likelihood = -3.188
[round 45/100] avg private log-likelihood = -3.185
[round 46/100] avg private log-likelihood = -3.186
[round 47/100] avg private log-likelihood = -3.188
[round 48/100] avg private log-likelihood = -3.187
[round 49/100] avg private log-likelihood = -3.183
[round 50/100] avg private log-likelihood = -3.185
[round 51/100] avg private log-likelihood = -3.193
[round 52/100] avg private log-likelihood = -3.195
[round 53/100] avg private log-likelihood = -3.190
[round 54/100] avg private log-likelihood = -3.185
[round 55/100] avg private log-likelihood = -3.190
[round 56/100] avg private log-likelihood = -3.192
[round 57/100] avg private log-likelihood = -3.188
[round 58/100] avg private log-likelihood = -3.192
[round 59/100] avg private log-likelihood = -3.188
[round 60/100] avg private log-likelihood = -3.192
[round 61/100] avg private log-likelihood = -3.192
[round 62/100] avg private log-likelihood = -3.192
[round 63/100] avg private log-likelihood = -3.197
[round 64/100] avg private log-likelihood = -3.189
[round 65/100] avg private log-likelihood = -3.186
[round 66/100] avg private log-likelihood = -3.188
[round 67/100] avg private log-likelihood = -3.189
[round 68/100] avg private log-likelihood = -3.186
[round 69/100] avg private log-likelihood = -3.187
[round 70/100] avg private log-likelihood = -3.187
[round 71/100] avg private log-likelihood = -3.188
[round 72/100] avg private log-likelihood = -3.190
[round 73/100] avg private log-likelihood = -3.187
[round 74/100] avg private log-likelihood = -3.190
[round 75/100] avg private log-likelihood = -3.182
[round 76/100] avg private log-likelihood = -3.197
[round 77/100] avg private log-likelihood = -3.193
[round 78/100] avg private log-likelihood = -3.198
[round 79/100] avg private log-likelihood = -3.193
[round 80/100] avg private log-likelihood = -3.195
[round 81/100] avg private log-likelihood = -3.193
[round 82/100] avg private log-likelihood = -3.189
[round 83/100] avg private log-likelihood = -3.188
[round 84/100] avg private log-likelihood = -3.186
[round 85/100] avg private log-likelihood = -3.190
[round 86/100] avg private log-likelihood = -3.191
[round 87/100] avg private log-likelihood = -3.189
[round 88/100] avg private log-likelihood = -3.191
[round 89/100] avg private log-likelihood = -3.188
[round 90/100] avg private log-likelihood = -3.191
[round 91/100] avg private log-likelihood = -3.184
[round 92/100] avg private log-likelihood = -3.186
[round 93/100] avg private log-likelihood = -3.184
[round 94/100] avg private log-likelihood = -3.185
[round 95/100] avg private log-likelihood = -3.184
[round 96/100] avg private log-likelihood = -3.190
[round 97/100] avg private log-likelihood = -3.187
[round 98/100] avg private log-likelihood = -3.183
[round 99/100] avg private log-likelihood = -3.182
[round 100/100] avg private log-likelihood = -3.183
[round 01/100] avg private log-likelihood = -2.597
[round 02/100] avg private log-likelihood = -2.666
[round 03/100] avg private log-likelihood = -2.747
[round 04/100] avg private log-likelihood = -2.829
[round 05/100] avg private log-likelihood = -2.904
[round 06/100] avg private log-likelihood = -2.970
[round 07/100] avg private log-likelihood = -3.026
[round 08/100] avg private log-likelihood = -3.076
[round 09/100] avg private log-likelihood = -3.119
[round 10/100] avg private log-likelihood = -3.153
[round 11/100] avg private log-likelihood = -3.172
[round 12/100] avg private log-likelihood = -3.188
[round 13/100] avg private log-likelihood = -3.194
[round 14/100] avg private log-likelihood = -3.199
[round 15/100] avg private log-likelihood = -3.197
[round 16/100] avg private log-likelihood = -3.200
[round 17/100] avg private log-likelihood = -3.199
[round 18/100] avg private log-likelihood = -3.201
[round 19/100] avg private log-likelihood = -3.201
[round 20/100] avg private log-likelihood = -3.201
[round 21/100] avg private log-likelihood = -3.201
[round 22/100] avg private log-likelihood = -3.200
[round 23/100] avg private log-likelihood = -3.199
[round 24/100] avg private log-likelihood = -3.199
[round 25/100] avg private log-likelihood = -3.203
[round 26/100] avg private log-likelihood = -3.201
[round 27/100] avg private log-likelihood = -3.199
[round 28/100] avg private log-likelihood = -3.200
[round 29/100] avg private log-likelihood = -3.199
[round 30/100] avg private log-likelihood = -3.198
[round 31/100] avg private log-likelihood = -3.197
[round 32/100] avg private log-likelihood = -3.196
[round 33/100] avg private log-likelihood = -3.198
[round 34/100] avg private log-likelihood = -3.197
[round 35/100] avg private log-likelihood = -3.196
[round 36/100] avg private log-likelihood = -3.198
[round 37/100] avg private log-likelihood = -3.198
[round 38/100] avg private log-likelihood = -3.202
[round 39/100] avg private log-likelihood = -3.203
[round 40/100] avg private log-likelihood = -3.201
[round 41/100] avg private log-likelihood = -3.200
[round 42/100] avg private log-likelihood = -3.200
[round 43/100] avg private log-likelihood = -3.197
[round 44/100] avg private log-likelihood = -3.197
[round 45/100] avg private log-likelihood = -3.197
[round 46/100] avg private log-likelihood = -3.198
[round 47/100] avg private log-likelihood = -3.197
[round 48/100] avg private log-likelihood = -3.198
[round 49/100] avg private log-likelihood = -3.200
[round 50/100] avg private log-likelihood = -3.198
[round 51/100] avg private log-likelihood = -3.200
[round 52/100] avg private log-likelihood = -3.202
[round 53/100] avg private log-likelihood = -3.202
[round 54/100] avg private log-likelihood = -3.200
[round 55/100] avg private log-likelihood = -3.201
[round 56/100] avg private log-likelihood = -3.201
[round 57/100] avg private log-likelihood = -3.202
[round 58/100] avg private log-likelihood = -3.202
[round 59/100] avg private log-likelihood = -3.197
[round 60/100] avg private log-likelihood = -3.197
[round 61/100] avg private log-likelihood = -3.200
[round 62/100] avg private log-likelihood = -3.197
[round 63/100] avg private log-likelihood = -3.198
[round 64/100] avg private log-likelihood = -3.195
[round 65/100] avg private log-likelihood = -3.200
[round 66/100] avg private log-likelihood = -3.197
[round 67/100] avg private log-likelihood = -3.201
[round 68/100] avg private log-likelihood = -3.201
[round 69/100] avg private log-likelihood = -3.199
[round 70/100] avg private log-likelihood = -3.200
[round 71/100] avg private log-likelihood = -3.202
[round 72/100] avg private log-likelihood = -3.200
[round 73/100] avg private log-likelihood = -3.198
[round 74/100] avg private log-likelihood = -3.198
[round 75/100] avg private log-likelihood = -3.200
[round 76/100] avg private log-likelihood = -3.199
[round 77/100] avg private log-likelihood = -3.200
[round 78/100] avg private log-likelihood = -3.198
[round 79/100] avg private log-likelihood = -3.198
[round 80/100] avg private log-likelihood = -3.199
[round 81/100] avg private log-likelihood = -3.198
[round 82/100] avg private log-likelihood = -3.197
[round 83/100] avg private log-likelihood = -3.196
[round 84/100] avg private log-likelihood = -3.199
[round 85/100] avg private log-likelihood = -3.199
[round 86/100] avg private log-likelihood = -3.201
[round 87/100] avg private log-likelihood = -3.199
[round 88/100] avg private log-likelihood = -3.200
[round 89/100] avg private log-likelihood = -3.201
[round 90/100] avg private log-likelihood = -3.197
[round 91/100] avg private log-likelihood = -3.200
[round 92/100] avg private log-likelihood = -3.200
[round 93/100] avg private log-likelihood = -3.197
[round 94/100] avg private log-likelihood = -3.198
[round 95/100] avg private log-likelihood = -3.202
[round 96/100] avg private log-likelihood = -3.202
[round 97/100] avg private log-likelihood = -3.201
[round 98/100] avg private log-likelihood = -3.200
[round 99/100] avg private log-likelihood = -3.197
[round 100/100] avg private log-likelihood = -3.197
[DONE] Results saved to results/D2_N10_lam1.0_seed3.json
