========================================
Running experiment on GPU
  D       = 2
  N       = 25
  lambda  = 0.5
  seed    = 5
  GPU     = 0
========================================
[round 01/100] avg private log-likelihood = -3.181
[round 02/100] avg private log-likelihood = -3.189
[round 03/100] avg private log-likelihood = -3.195
[round 04/100] avg private log-likelihood = -3.200
[round 05/100] avg private log-likelihood = -3.203
[round 06/100] avg private log-likelihood = -3.206
[round 07/100] avg private log-likelihood = -3.208
[round 08/100] avg private log-likelihood = -3.210
[round 09/100] avg private log-likelihood = -3.211
[round 10/100] avg private log-likelihood = -3.212
[round 11/100] avg private log-likelihood = -3.213
[round 12/100] avg private log-likelihood = -3.212
[round 13/100] avg private log-likelihood = -3.210
[round 14/100] avg private log-likelihood = -3.210
[round 15/100] avg private log-likelihood = -3.209
[round 16/100] avg private log-likelihood = -3.207
[round 17/100] avg private log-likelihood = -3.207
[round 18/100] avg private log-likelihood = -3.206
[round 19/100] avg private log-likelihood = -3.206
[round 20/100] avg private log-likelihood = -3.204
[round 21/100] avg private log-likelihood = -3.203
[round 22/100] avg private log-likelihood = -3.202
[round 23/100] avg private log-likelihood = -3.201
[round 24/100] avg private log-likelihood = -3.200
[round 25/100] avg private log-likelihood = -3.199
[round 26/100] avg private log-likelihood = -3.199
[round 27/100] avg private log-likelihood = -3.198
[round 28/100] avg private log-likelihood = -3.197
[round 29/100] avg private log-likelihood = -3.197
[round 30/100] avg private log-likelihood = -3.196
[round 31/100] avg private log-likelihood = -3.196
[round 32/100] avg private log-likelihood = -3.196
[round 33/100] avg private log-likelihood = -3.195
[round 34/100] avg private log-likelihood = -3.194
[round 35/100] avg private log-likelihood = -3.194
[round 36/100] avg private log-likelihood = -3.193
[round 37/100] avg private log-likelihood = -3.193
[round 38/100] avg private log-likelihood = -3.192
[round 39/100] avg private log-likelihood = -3.191
[round 40/100] avg private log-likelihood = -3.191
[round 41/100] avg private log-likelihood = -3.190
[round 42/100] avg private log-likelihood = -3.191
[round 43/100] avg private log-likelihood = -3.190
[round 44/100] avg private log-likelihood = -3.190
[round 45/100] avg private log-likelihood = -3.189
[round 46/100] avg private log-likelihood = -3.188
[round 47/100] avg private log-likelihood = -3.188
[round 48/100] avg private log-likelihood = -3.188
[round 49/100] avg private log-likelihood = -3.188
[round 50/100] avg private log-likelihood = -3.187
[round 51/100] avg private log-likelihood = -3.188
[round 52/100] avg private log-likelihood = -3.188
[round 53/100] avg private log-likelihood = -3.189
[round 54/100] avg private log-likelihood = -3.189
[round 55/100] avg private log-likelihood = -3.188
[round 56/100] avg private log-likelihood = -3.188
[round 57/100] avg private log-likelihood = -3.188
[round 58/100] avg private log-likelihood = -3.188
[round 59/100] avg private log-likelihood = -3.187
[round 60/100] avg private log-likelihood = -3.187
[round 61/100] avg private log-likelihood = -3.186
[round 62/100] avg private log-likelihood = -3.188
[round 63/100] avg private log-likelihood = -3.188
[round 64/100] avg private log-likelihood = -3.187
[round 65/100] avg private log-likelihood = -3.188
[round 66/100] avg private log-likelihood = -3.188
[round 67/100] avg private log-likelihood = -3.186
[round 68/100] avg private log-likelihood = -3.187
[round 69/100] avg private log-likelihood = -3.188
[round 70/100] avg private log-likelihood = -3.187
[round 71/100] avg private log-likelihood = -3.187
[round 72/100] avg private log-likelihood = -3.188
[round 73/100] avg private log-likelihood = -3.186
[round 74/100] avg private log-likelihood = -3.187
[round 75/100] avg private log-likelihood = -3.187
[round 76/100] avg private log-likelihood = -3.187
[round 77/100] avg private log-likelihood = -3.186
[round 78/100] avg private log-likelihood = -3.187
[round 79/100] avg private log-likelihood = -3.187
[round 80/100] avg private log-likelihood = -3.186
[round 81/100] avg private log-likelihood = -3.186
[round 82/100] avg private log-likelihood = -3.187
[round 83/100] avg private log-likelihood = -3.187
[round 84/100] avg private log-likelihood = -3.188
[round 85/100] avg private log-likelihood = -3.187
[round 86/100] avg private log-likelihood = -3.187
[round 87/100] avg private log-likelihood = -3.187
[round 88/100] avg private log-likelihood = -3.187
[round 89/100] avg private log-likelihood = -3.187
[round 90/100] avg private log-likelihood = -3.187
[round 91/100] avg private log-likelihood = -3.186
[round 92/100] avg private log-likelihood = -3.187
[round 93/100] avg private log-likelihood = -3.186
[round 94/100] avg private log-likelihood = -3.188
[round 95/100] avg private log-likelihood = -3.187
[round 96/100] avg private log-likelihood = -3.187
[round 97/100] avg private log-likelihood = -3.187
[round 98/100] avg private log-likelihood = -3.187
[round 99/100] avg private log-likelihood = -3.186
[round 100/100] avg private log-likelihood = -3.186
[round 01/100] avg private log-likelihood = -3.166
[round 02/100] avg private log-likelihood = -3.169
[round 03/100] avg private log-likelihood = -3.172
[round 04/100] avg private log-likelihood = -3.173
[round 05/100] avg private log-likelihood = -3.175
[round 06/100] avg private log-likelihood = -3.176
[round 07/100] avg private log-likelihood = -3.177
[round 08/100] avg private log-likelihood = -3.177
[round 09/100] avg private log-likelihood = -3.178
[round 10/100] avg private log-likelihood = -3.179
[round 11/100] avg private log-likelihood = -3.178
[round 12/100] avg private log-likelihood = -3.177
[round 13/100] avg private log-likelihood = -3.176
[round 14/100] avg private log-likelihood = -3.175
[round 15/100] avg private log-likelihood = -3.174
[round 16/100] avg private log-likelihood = -3.173
[round 17/100] avg private log-likelihood = -3.173
[round 18/100] avg private log-likelihood = -3.173
[round 19/100] avg private log-likelihood = -3.173
[round 20/100] avg private log-likelihood = -3.173
[round 21/100] avg private log-likelihood = -3.172
[round 22/100] avg private log-likelihood = -3.172
[round 23/100] avg private log-likelihood = -3.172
[round 24/100] avg private log-likelihood = -3.172
[round 25/100] avg private log-likelihood = -3.171
[round 26/100] avg private log-likelihood = -3.171
[round 27/100] avg private log-likelihood = -3.171
[round 28/100] avg private log-likelihood = -3.171
[round 29/100] avg private log-likelihood = -3.171
[round 30/100] avg private log-likelihood = -3.169
[round 31/100] avg private log-likelihood = -3.169
[round 32/100] avg private log-likelihood = -3.169
[round 33/100] avg private log-likelihood = -3.169
[round 34/100] avg private log-likelihood = -3.168
[round 35/100] avg private log-likelihood = -3.167
[round 36/100] avg private log-likelihood = -3.166
[round 37/100] avg private log-likelihood = -3.167
[round 38/100] avg private log-likelihood = -3.166
[round 39/100] avg private log-likelihood = -3.165
[round 40/100] avg private log-likelihood = -3.165
[round 41/100] avg private log-likelihood = -3.164
[round 42/100] avg private log-likelihood = -3.165
[round 43/100] avg private log-likelihood = -3.165
[round 44/100] avg private log-likelihood = -3.165
[round 45/100] avg private log-likelihood = -3.164
[round 46/100] avg private log-likelihood = -3.164
[round 47/100] avg private log-likelihood = -3.165
[round 48/100] avg private log-likelihood = -3.164
[round 49/100] avg private log-likelihood = -3.163
[round 50/100] avg private log-likelihood = -3.163
[round 51/100] avg private log-likelihood = -3.163
[round 52/100] avg private log-likelihood = -3.164
[round 53/100] avg private log-likelihood = -3.164
[round 54/100] avg private log-likelihood = -3.164
[round 55/100] avg private log-likelihood = -3.165
[round 56/100] avg private log-likelihood = -3.164
[round 57/100] avg private log-likelihood = -3.164
[round 58/100] avg private log-likelihood = -3.164
[round 59/100] avg private log-likelihood = -3.164
[round 60/100] avg private log-likelihood = -3.164
[round 61/100] avg private log-likelihood = -3.164
[round 62/100] avg private log-likelihood = -3.164
[round 63/100] avg private log-likelihood = -3.164
[round 64/100] avg private log-likelihood = -3.165
[round 65/100] avg private log-likelihood = -3.164
[round 66/100] avg private log-likelihood = -3.164
[round 67/100] avg private log-likelihood = -3.164
[round 68/100] avg private log-likelihood = -3.164
[round 69/100] avg private log-likelihood = -3.164
[round 70/100] avg private log-likelihood = -3.164
[round 71/100] avg private log-likelihood = -3.163
[round 72/100] avg private log-likelihood = -3.164
[round 73/100] avg private log-likelihood = -3.164
[round 74/100] avg private log-likelihood = -3.165
[round 75/100] avg private log-likelihood = -3.164
[round 76/100] avg private log-likelihood = -3.165
[round 77/100] avg private log-likelihood = -3.164
[round 78/100] avg private log-likelihood = -3.164
[round 79/100] avg private log-likelihood = -3.163
[round 80/100] avg private log-likelihood = -3.163
[round 81/100] avg private log-likelihood = -3.161
[round 82/100] avg private log-likelihood = -3.160
[round 83/100] avg private log-likelihood = -3.159
[round 84/100] avg private log-likelihood = -3.158
[round 85/100] avg private log-likelihood = -3.157
[round 86/100] avg private log-likelihood = -3.156
[round 87/100] avg private log-likelihood = -3.155
[round 88/100] avg private log-likelihood = -3.154
[round 89/100] avg private log-likelihood = -3.154
[round 90/100] avg private log-likelihood = -3.153
[round 91/100] avg private log-likelihood = -3.152
[round 92/100] avg private log-likelihood = -3.153
[round 93/100] avg private log-likelihood = -3.152
[round 94/100] avg private log-likelihood = -3.152
[round 95/100] avg private log-likelihood = -3.152
[round 96/100] avg private log-likelihood = -3.152
[round 97/100] avg private log-likelihood = -3.152
[round 98/100] avg private log-likelihood = -3.152
[round 99/100] avg private log-likelihood = -3.152
[round 100/100] avg private log-likelihood = -3.151
[DONE] Results saved to results/D2_N25_lam0.5_seed5.json
