========================================
Running experiment on GPU
  D       = 4
  N       = 10
  lambda  = 0.5
  seed    = 4
  GPU     = 0
========================================
[round 01/100] avg private log-likelihood = -4.415
[round 02/100] avg private log-likelihood = -4.519
[round 03/100] avg private log-likelihood = -4.645
[round 04/100] avg private log-likelihood = -4.776
[round 05/100] avg private log-likelihood = -4.898
[round 06/100] avg private log-likelihood = -5.006
[round 07/100] avg private log-likelihood = -5.110
[round 08/100] avg private log-likelihood = -5.202
[round 09/100] avg private log-likelihood = -5.289
[round 10/100] avg private log-likelihood = -5.369
[round 11/100] avg private log-likelihood = -5.436
[round 12/100] avg private log-likelihood = -5.506
[round 13/100] avg private log-likelihood = -5.564
[round 14/100] avg private log-likelihood = -5.610
[round 15/100] avg private log-likelihood = -5.649
[round 16/100] avg private log-likelihood = -5.677
[round 17/100] avg private log-likelihood = -5.697
[round 18/100] avg private log-likelihood = -5.702
[round 19/100] avg private log-likelihood = -5.711
[round 20/100] avg private log-likelihood = -5.717
[round 21/100] avg private log-likelihood = -5.717
[round 22/100] avg private log-likelihood = -5.711
[round 23/100] avg private log-likelihood = -5.711
[round 24/100] avg private log-likelihood = -5.713
[round 25/100] avg private log-likelihood = -5.717
[round 26/100] avg private log-likelihood = -5.719
[round 27/100] avg private log-likelihood = -5.711
[round 28/100] avg private log-likelihood = -5.713
[round 29/100] avg private log-likelihood = -5.715
[round 30/100] avg private log-likelihood = -5.707
[round 31/100] avg private log-likelihood = -5.706
[round 32/100] avg private log-likelihood = -5.697
[round 33/100] avg private log-likelihood = -5.689
[round 34/100] avg private log-likelihood = -5.684
[round 35/100] avg private log-likelihood = -5.679
[round 36/100] avg private log-likelihood = -5.673
[round 37/100] avg private log-likelihood = -5.672
[round 38/100] avg private log-likelihood = -5.665
[round 39/100] avg private log-likelihood = -5.666
[round 40/100] avg private log-likelihood = -5.663
[round 41/100] avg private log-likelihood = -5.662
[round 42/100] avg private log-likelihood = -5.664
[round 43/100] avg private log-likelihood = -5.670
[round 44/100] avg private log-likelihood = -5.670
[round 45/100] avg private log-likelihood = -5.664
[round 46/100] avg private log-likelihood = -5.667
[round 47/100] avg private log-likelihood = -5.664
[round 48/100] avg private log-likelihood = -5.665
[round 49/100] avg private log-likelihood = -5.663
[round 50/100] avg private log-likelihood = -5.668
[round 51/100] avg private log-likelihood = -5.664
[round 52/100] avg private log-likelihood = -5.663
[round 53/100] avg private log-likelihood = -5.667
[round 54/100] avg private log-likelihood = -5.660
[round 55/100] avg private log-likelihood = -5.659
[round 56/100] avg private log-likelihood = -5.658
[round 57/100] avg private log-likelihood = -5.657
[round 58/100] avg private log-likelihood = -5.655
[round 59/100] avg private log-likelihood = -5.664
[round 60/100] avg private log-likelihood = -5.667
[round 61/100] avg private log-likelihood = -5.667
[round 62/100] avg private log-likelihood = -5.668
[round 63/100] avg private log-likelihood = -5.663
[round 64/100] avg private log-likelihood = -5.660
[round 65/100] avg private log-likelihood = -5.657
[round 66/100] avg private log-likelihood = -5.660
[round 67/100] avg private log-likelihood = -5.659
[round 68/100] avg private log-likelihood = -5.667
[round 69/100] avg private log-likelihood = -5.667
[round 70/100] avg private log-likelihood = -5.670
[round 71/100] avg private log-likelihood = -5.667
[round 72/100] avg private log-likelihood = -5.659
[round 73/100] avg private log-likelihood = -5.661
[round 74/100] avg private log-likelihood = -5.662
[round 75/100] avg private log-likelihood = -5.663
[round 76/100] avg private log-likelihood = -5.663
[round 77/100] avg private log-likelihood = -5.659
[round 78/100] avg private log-likelihood = -5.661
[round 79/100] avg private log-likelihood = -5.659
[round 80/100] avg private log-likelihood = -5.657
[round 81/100] avg private log-likelihood = -5.652
[round 82/100] avg private log-likelihood = -5.662
[round 83/100] avg private log-likelihood = -5.661
[round 84/100] avg private log-likelihood = -5.658
[round 85/100] avg private log-likelihood = -5.662
[round 86/100] avg private log-likelihood = -5.665
[round 87/100] avg private log-likelihood = -5.665
[round 88/100] avg private log-likelihood = -5.663
[round 89/100] avg private log-likelihood = -5.665
[round 90/100] avg private log-likelihood = -5.664
[round 91/100] avg private log-likelihood = -5.665
[round 92/100] avg private log-likelihood = -5.660
[round 93/100] avg private log-likelihood = -5.662
[round 94/100] avg private log-likelihood = -5.660
[round 95/100] avg private log-likelihood = -5.662
[round 96/100] avg private log-likelihood = -5.660
[round 97/100] avg private log-likelihood = -5.661
[round 98/100] avg private log-likelihood = -5.662
[round 99/100] avg private log-likelihood = -5.659
[round 100/100] avg private log-likelihood = -5.665
[round 01/100] avg private log-likelihood = -4.411
[round 02/100] avg private log-likelihood = -4.514
[round 03/100] avg private log-likelihood = -4.638
[round 04/100] avg private log-likelihood = -4.769
[round 05/100] avg private log-likelihood = -4.889
[round 06/100] avg private log-likelihood = -5.001
[round 07/100] avg private log-likelihood = -5.101
[round 08/100] avg private log-likelihood = -5.197
[round 09/100] avg private log-likelihood = -5.280
[round 10/100] avg private log-likelihood = -5.353
[round 11/100] avg private log-likelihood = -5.422
[round 12/100] avg private log-likelihood = -5.488
[round 13/100] avg private log-likelihood = -5.552
[round 14/100] avg private log-likelihood = -5.600
[round 15/100] avg private log-likelihood = -5.641
[round 16/100] avg private log-likelihood = -5.674
[round 17/100] avg private log-likelihood = -5.687
[round 18/100] avg private log-likelihood = -5.695
[round 19/100] avg private log-likelihood = -5.704
[round 20/100] avg private log-likelihood = -5.708
[round 21/100] avg private log-likelihood = -5.707
[round 22/100] avg private log-likelihood = -5.709
[round 23/100] avg private log-likelihood = -5.715
[round 24/100] avg private log-likelihood = -5.719
[round 25/100] avg private log-likelihood = -5.711
[round 26/100] avg private log-likelihood = -5.712
[round 27/100] avg private log-likelihood = -5.705
[round 28/100] avg private log-likelihood = -5.702
[round 29/100] avg private log-likelihood = -5.703
[round 30/100] avg private log-likelihood = -5.700
[round 31/100] avg private log-likelihood = -5.694
[round 32/100] avg private log-likelihood = -5.695
[round 33/100] avg private log-likelihood = -5.691
[round 34/100] avg private log-likelihood = -5.686
[round 35/100] avg private log-likelihood = -5.681
[round 36/100] avg private log-likelihood = -5.675
[round 37/100] avg private log-likelihood = -5.673
[round 38/100] avg private log-likelihood = -5.666
[round 39/100] avg private log-likelihood = -5.669
[round 40/100] avg private log-likelihood = -5.670
[round 41/100] avg private log-likelihood = -5.666
[round 42/100] avg private log-likelihood = -5.664
[round 43/100] avg private log-likelihood = -5.664
[round 44/100] avg private log-likelihood = -5.669
[round 45/100] avg private log-likelihood = -5.666
[round 46/100] avg private log-likelihood = -5.666
[round 47/100] avg private log-likelihood = -5.664
[round 48/100] avg private log-likelihood = -5.663
[round 49/100] avg private log-likelihood = -5.663
[round 50/100] avg private log-likelihood = -5.663
[round 51/100] avg private log-likelihood = -5.663
[round 52/100] avg private log-likelihood = -5.655
[round 53/100] avg private log-likelihood = -5.657
[round 54/100] avg private log-likelihood = -5.657
[round 55/100] avg private log-likelihood = -5.658
[round 56/100] avg private log-likelihood = -5.658
[round 57/100] avg private log-likelihood = -5.656
[round 58/100] avg private log-likelihood = -5.660
[round 59/100] avg private log-likelihood = -5.665
[round 60/100] avg private log-likelihood = -5.662
[round 61/100] avg private log-likelihood = -5.667
[round 62/100] avg private log-likelihood = -5.661
[round 63/100] avg private log-likelihood = -5.658
[round 64/100] avg private log-likelihood = -5.663
[round 65/100] avg private log-likelihood = -5.660
[round 66/100] avg private log-likelihood = -5.661
[round 67/100] avg private log-likelihood = -5.664
[round 68/100] avg private log-likelihood = -5.663
[round 69/100] avg private log-likelihood = -5.663
[round 70/100] avg private log-likelihood = -5.663
[round 71/100] avg private log-likelihood = -5.662
[round 72/100] avg private log-likelihood = -5.659
[round 73/100] avg private log-likelihood = -5.656
[round 74/100] avg private log-likelihood = -5.658
[round 75/100] avg private log-likelihood = -5.661
[round 76/100] avg private log-likelihood = -5.661
[round 77/100] avg private log-likelihood = -5.661
[round 78/100] avg private log-likelihood = -5.657
[round 79/100] avg private log-likelihood = -5.664
[round 80/100] avg private log-likelihood = -5.663
[round 81/100] avg private log-likelihood = -5.668
[round 82/100] avg private log-likelihood = -5.669
[round 83/100] avg private log-likelihood = -5.671
[round 84/100] avg private log-likelihood = -5.664
[round 85/100] avg private log-likelihood = -5.667
[round 86/100] avg private log-likelihood = -5.666
[round 87/100] avg private log-likelihood = -5.666
[round 88/100] avg private log-likelihood = -5.666
[round 89/100] avg private log-likelihood = -5.663
[round 90/100] avg private log-likelihood = -5.665
[round 91/100] avg private log-likelihood = -5.667
[round 92/100] avg private log-likelihood = -5.669
[round 93/100] avg private log-likelihood = -5.665
[round 94/100] avg private log-likelihood = -5.663
[round 95/100] avg private log-likelihood = -5.661
[round 96/100] avg private log-likelihood = -5.663
[round 97/100] avg private log-likelihood = -5.667
[round 98/100] avg private log-likelihood = -5.664
[round 99/100] avg private log-likelihood = -5.664
[round 100/100] avg private log-likelihood = -5.663
[DONE] Results saved to results/D4_N10_lam0.5_seed4.json
