========================================
Running experiment on GPU
  D       = 4
  N       = 10
  lambda  = 1.0
  seed    = 4
  GPU     = 0
========================================
[round 01/100] avg private log-likelihood = -4.466
[round 02/100] avg private log-likelihood = -4.588
[round 03/100] avg private log-likelihood = -4.745
[round 04/100] avg private log-likelihood = -4.907
[round 05/100] avg private log-likelihood = -5.071
[round 06/100] avg private log-likelihood = -5.224
[round 07/100] avg private log-likelihood = -5.376
[round 08/100] avg private log-likelihood = -5.511
[round 09/100] avg private log-likelihood = -5.639
[round 10/100] avg private log-likelihood = -5.764
[round 11/100] avg private log-likelihood = -5.867
[round 12/100] avg private log-likelihood = -5.964
[round 13/100] avg private log-likelihood = -6.047
[round 14/100] avg private log-likelihood = -6.119
[round 15/100] avg private log-likelihood = -6.173
[round 16/100] avg private log-likelihood = -6.219
[round 17/100] avg private log-likelihood = -6.263
[round 18/100] avg private log-likelihood = -6.284
[round 19/100] avg private log-likelihood = -6.297
[round 20/100] avg private log-likelihood = -6.305
[round 21/100] avg private log-likelihood = -6.302
[round 22/100] avg private log-likelihood = -6.286
[round 23/100] avg private log-likelihood = -6.281
[round 24/100] avg private log-likelihood = -6.272
[round 25/100] avg private log-likelihood = -6.268
[round 26/100] avg private log-likelihood = -6.264
[round 27/100] avg private log-likelihood = -6.244
[round 28/100] avg private log-likelihood = -6.244
[round 29/100] avg private log-likelihood = -6.247
[round 30/100] avg private log-likelihood = -6.237
[round 31/100] avg private log-likelihood = -6.237
[round 32/100] avg private log-likelihood = -6.230
[round 33/100] avg private log-likelihood = -6.228
[round 34/100] avg private log-likelihood = -6.230
[round 35/100] avg private log-likelihood = -6.233
[round 36/100] avg private log-likelihood = -6.225
[round 37/100] avg private log-likelihood = -6.237
[round 38/100] avg private log-likelihood = -6.232
[round 39/100] avg private log-likelihood = -6.234
[round 40/100] avg private log-likelihood = -6.230
[round 41/100] avg private log-likelihood = -6.232
[round 42/100] avg private log-likelihood = -6.234
[round 43/100] avg private log-likelihood = -6.238
[round 44/100] avg private log-likelihood = -6.239
[round 45/100] avg private log-likelihood = -6.233
[round 46/100] avg private log-likelihood = -6.235
[round 47/100] avg private log-likelihood = -6.233
[round 48/100] avg private log-likelihood = -6.232
[round 49/100] avg private log-likelihood = -6.231
[round 50/100] avg private log-likelihood = -6.237
[round 51/100] avg private log-likelihood = -6.232
[round 52/100] avg private log-likelihood = -6.231
[round 53/100] avg private log-likelihood = -6.237
[round 54/100] avg private log-likelihood = -6.231
[round 55/100] avg private log-likelihood = -6.224
[round 56/100] avg private log-likelihood = -6.229
[round 57/100] avg private log-likelihood = -6.226
[round 58/100] avg private log-likelihood = -6.225
[round 59/100] avg private log-likelihood = -6.233
[round 60/100] avg private log-likelihood = -6.235
[round 61/100] avg private log-likelihood = -6.239
[round 62/100] avg private log-likelihood = -6.237
[round 63/100] avg private log-likelihood = -6.232
[round 64/100] avg private log-likelihood = -6.229
[round 65/100] avg private log-likelihood = -6.226
[round 66/100] avg private log-likelihood = -6.228
[round 67/100] avg private log-likelihood = -6.221
[round 68/100] avg private log-likelihood = -6.235
[round 69/100] avg private log-likelihood = -6.238
[round 70/100] avg private log-likelihood = -6.239
[round 71/100] avg private log-likelihood = -6.242
[round 72/100] avg private log-likelihood = -6.231
[round 73/100] avg private log-likelihood = -6.230
[round 74/100] avg private log-likelihood = -6.232
[round 75/100] avg private log-likelihood = -6.234
[round 76/100] avg private log-likelihood = -6.235
[round 77/100] avg private log-likelihood = -6.229
[round 78/100] avg private log-likelihood = -6.228
[round 79/100] avg private log-likelihood = -6.226
[round 80/100] avg private log-likelihood = -6.229
[round 81/100] avg private log-likelihood = -6.221
[round 82/100] avg private log-likelihood = -6.231
[round 83/100] avg private log-likelihood = -6.229
[round 84/100] avg private log-likelihood = -6.227
[round 85/100] avg private log-likelihood = -6.233
[round 86/100] avg private log-likelihood = -6.234
[round 87/100] avg private log-likelihood = -6.241
[round 88/100] avg private log-likelihood = -6.232
[round 89/100] avg private log-likelihood = -6.235
[round 90/100] avg private log-likelihood = -6.233
[round 91/100] avg private log-likelihood = -6.236
[round 92/100] avg private log-likelihood = -6.227
[round 93/100] avg private log-likelihood = -6.232
[round 94/100] avg private log-likelihood = -6.231
[round 95/100] avg private log-likelihood = -6.238
[round 96/100] avg private log-likelihood = -6.231
[round 97/100] avg private log-likelihood = -6.234
[round 98/100] avg private log-likelihood = -6.233
[round 99/100] avg private log-likelihood = -6.234
[round 100/100] avg private log-likelihood = -6.229
[round 01/100] avg private log-likelihood = -4.440
[round 02/100] avg private log-likelihood = -4.576
[round 03/100] avg private log-likelihood = -4.727
[round 04/100] avg private log-likelihood = -4.893
[round 05/100] avg private log-likelihood = -5.055
[round 06/100] avg private log-likelihood = -5.212
[round 07/100] avg private log-likelihood = -5.358
[round 08/100] avg private log-likelihood = -5.497
[round 09/100] avg private log-likelihood = -5.622
[round 10/100] avg private log-likelihood = -5.735
[round 11/100] avg private log-likelihood = -5.839
[round 12/100] avg private log-likelihood = -5.931
[round 13/100] avg private log-likelihood = -6.022
[round 14/100] avg private log-likelihood = -6.095
[round 15/100] avg private log-likelihood = -6.155
[round 16/100] avg private log-likelihood = -6.211
[round 17/100] avg private log-likelihood = -6.245
[round 18/100] avg private log-likelihood = -6.270
[round 19/100] avg private log-likelihood = -6.283
[round 20/100] avg private log-likelihood = -6.291
[round 21/100] avg private log-likelihood = -6.287
[round 22/100] avg private log-likelihood = -6.282
[round 23/100] avg private log-likelihood = -6.282
[round 24/100] avg private log-likelihood = -6.280
[round 25/100] avg private log-likelihood = -6.263
[round 26/100] avg private log-likelihood = -6.256
[round 27/100] avg private log-likelihood = -6.241
[round 28/100] avg private log-likelihood = -6.233
[round 29/100] avg private log-likelihood = -6.231
[round 30/100] avg private log-likelihood = -6.228
[round 31/100] avg private log-likelihood = -6.229
[round 32/100] avg private log-likelihood = -6.230
[round 33/100] avg private log-likelihood = -6.229
[round 34/100] avg private log-likelihood = -6.229
[round 35/100] avg private log-likelihood = -6.231
[round 36/100] avg private log-likelihood = -6.231
[round 37/100] avg private log-likelihood = -6.234
[round 38/100] avg private log-likelihood = -6.231
[round 39/100] avg private log-likelihood = -6.233
[round 40/100] avg private log-likelihood = -6.236
[round 41/100] avg private log-likelihood = -6.231
[round 42/100] avg private log-likelihood = -6.233
[round 43/100] avg private log-likelihood = -6.232
[round 44/100] avg private log-likelihood = -6.241
[round 45/100] avg private log-likelihood = -6.239
[round 46/100] avg private log-likelihood = -6.240
[round 47/100] avg private log-likelihood = -6.235
[round 48/100] avg private log-likelihood = -6.232
[round 49/100] avg private log-likelihood = -6.234
[round 50/100] avg private log-likelihood = -6.234
[round 51/100] avg private log-likelihood = -6.233
[round 52/100] avg private log-likelihood = -6.224
[round 53/100] avg private log-likelihood = -6.225
[round 54/100] avg private log-likelihood = -6.225
[round 55/100] avg private log-likelihood = -6.226
[round 56/100] avg private log-likelihood = -6.227
[round 57/100] avg private log-likelihood = -6.225
[round 58/100] avg private log-likelihood = -6.230
[round 59/100] avg private log-likelihood = -6.233
[round 60/100] avg private log-likelihood = -6.233
[round 61/100] avg private log-likelihood = -6.236
[round 62/100] avg private log-likelihood = -6.234
[round 63/100] avg private log-likelihood = -6.231
[round 64/100] avg private log-likelihood = -6.233
[round 65/100] avg private log-likelihood = -6.228
[round 66/100] avg private log-likelihood = -6.232
[round 67/100] avg private log-likelihood = -6.234
[round 68/100] avg private log-likelihood = -6.233
[round 69/100] avg private log-likelihood = -6.233
[round 70/100] avg private log-likelihood = -6.228
[round 71/100] avg private log-likelihood = -6.229
[round 72/100] avg private log-likelihood = -6.228
[round 73/100] avg private log-likelihood = -6.226
[round 74/100] avg private log-likelihood = -6.231
[round 75/100] avg private log-likelihood = -6.231
[round 76/100] avg private log-likelihood = -6.227
[round 77/100] avg private log-likelihood = -6.229
[round 78/100] avg private log-likelihood = -6.229
[round 79/100] avg private log-likelihood = -6.234
[round 80/100] avg private log-likelihood = -6.231
[round 81/100] avg private log-likelihood = -6.237
[round 82/100] avg private log-likelihood = -6.235
[round 83/100] avg private log-likelihood = -6.238
[round 84/100] avg private log-likelihood = -6.230
[round 85/100] avg private log-likelihood = -6.236
[round 86/100] avg private log-likelihood = -6.235
[round 87/100] avg private log-likelihood = -6.234
[round 88/100] avg private log-likelihood = -6.229
[round 89/100] avg private log-likelihood = -6.231
[round 90/100] avg private log-likelihood = -6.235
[round 91/100] avg private log-likelihood = -6.239
[round 92/100] avg private log-likelihood = -6.241
[round 93/100] avg private log-likelihood = -6.234
[round 94/100] avg private log-likelihood = -6.231
[round 95/100] avg private log-likelihood = -6.232
[round 96/100] avg private log-likelihood = -6.230
[round 97/100] avg private log-likelihood = -6.231
[round 98/100] avg private log-likelihood = -6.230
[round 99/100] avg private log-likelihood = -6.232
[round 100/100] avg private log-likelihood = -6.233
[DONE] Results saved to results/D4_N10_lam1.0_seed4.json
