========================================
Running experiment on GPU
  D       = 2
  N       = 10
  lambda  = 0
  seed    = 0
  GPU     = 0
========================================
[round 01/100] avg private log-likelihood = -2.444
[round 02/100] avg private log-likelihood = -2.444
[round 03/100] avg private log-likelihood = -2.443
[round 04/100] avg private log-likelihood = -2.443
[round 05/100] avg private log-likelihood = -2.443
[round 06/100] avg private log-likelihood = -2.442
[round 07/100] avg private log-likelihood = -2.442
[round 08/100] avg private log-likelihood = -2.442
[round 09/100] avg private log-likelihood = -2.442
[round 10/100] avg private log-likelihood = -2.442
[round 11/100] avg private log-likelihood = -2.442
[round 12/100] avg private log-likelihood = -2.442
[round 13/100] avg private log-likelihood = -2.441
[round 14/100] avg private log-likelihood = -2.441
[round 15/100] avg private log-likelihood = -2.441
[round 16/100] avg private log-likelihood = -2.441
[round 17/100] avg private log-likelihood = -2.441
[round 18/100] avg private log-likelihood = -2.440
[round 19/100] avg private log-likelihood = -2.440
[round 20/100] avg private log-likelihood = -2.439
[round 21/100] avg private log-likelihood = -2.437
[round 22/100] avg private log-likelihood = -2.435
[round 23/100] avg private log-likelihood = -2.432
[round 24/100] avg private log-likelihood = -2.430
[round 25/100] avg private log-likelihood = -2.428
[round 26/100] avg private log-likelihood = -2.426
[round 27/100] avg private log-likelihood = -2.425
[round 28/100] avg private log-likelihood = -2.422
[round 29/100] avg private log-likelihood = -2.420
[round 30/100] avg private log-likelihood = -2.418
[round 31/100] avg private log-likelihood = -2.417
[round 32/100] avg private log-likelihood = -2.415
[round 33/100] avg private log-likelihood = -2.413
[round 34/100] avg private log-likelihood = -2.411
[round 35/100] avg private log-likelihood = -2.409
[round 36/100] avg private log-likelihood = -2.407
[round 37/100] avg private log-likelihood = -2.406
[round 38/100] avg private log-likelihood = -2.404
[round 39/100] avg private log-likelihood = -2.402
[round 40/100] avg private log-likelihood = -2.400
[round 41/100] avg private log-likelihood = -2.398
[round 42/100] avg private log-likelihood = -2.397
[round 43/100] avg private log-likelihood = -2.394
[round 44/100] avg private log-likelihood = -2.394
[round 45/100] avg private log-likelihood = -2.391
[round 46/100] avg private log-likelihood = -2.389
[round 47/100] avg private log-likelihood = -2.387
[round 48/100] avg private log-likelihood = -2.385
[round 49/100] avg private log-likelihood = -2.384
[round 50/100] avg private log-likelihood = -2.382
[round 51/100] avg private log-likelihood = -2.381
[round 52/100] avg private log-likelihood = -2.378
[round 53/100] avg private log-likelihood = -2.376
[round 54/100] avg private log-likelihood = -2.375
[round 55/100] avg private log-likelihood = -2.373
[round 56/100] avg private log-likelihood = -2.372
[round 57/100] avg private log-likelihood = -2.369
[round 58/100] avg private log-likelihood = -2.367
[round 59/100] avg private log-likelihood = -2.366
[round 60/100] avg private log-likelihood = -2.364
[round 61/100] avg private log-likelihood = -2.362
[round 62/100] avg private log-likelihood = -2.360
[round 63/100] avg private log-likelihood = -2.358
[round 64/100] avg private log-likelihood = -2.358
[round 65/100] avg private log-likelihood = -2.357
[round 66/100] avg private log-likelihood = -2.356
[round 67/100] avg private log-likelihood = -2.355
[round 68/100] avg private log-likelihood = -2.354
[round 69/100] avg private log-likelihood = -2.353
[round 70/100] avg private log-likelihood = -2.353
[round 71/100] avg private log-likelihood = -2.351
[round 72/100] avg private log-likelihood = -2.350
[round 73/100] avg private log-likelihood = -2.350
[round 74/100] avg private log-likelihood = -2.350
[round 75/100] avg private log-likelihood = -2.350
[round 76/100] avg private log-likelihood = -2.350
[round 77/100] avg private log-likelihood = -2.350
[round 78/100] avg private log-likelihood = -2.350
[round 79/100] avg private log-likelihood = -2.350
[round 80/100] avg private log-likelihood = -2.350
[round 81/100] avg private log-likelihood = -2.350
[round 82/100] avg private log-likelihood = -2.350
[round 83/100] avg private log-likelihood = -2.351
[round 84/100] avg private log-likelihood = -2.350
[round 85/100] avg private log-likelihood = -2.350
[round 86/100] avg private log-likelihood = -2.350
[round 87/100] avg private log-likelihood = -2.350
[round 88/100] avg private log-likelihood = -2.350
[round 89/100] avg private log-likelihood = -2.350
[round 90/100] avg private log-likelihood = -2.350
[round 91/100] avg private log-likelihood = -2.350
[round 92/100] avg private log-likelihood = -2.350
[round 93/100] avg private log-likelihood = -2.350
[round 94/100] avg private log-likelihood = -2.350
[round 95/100] avg private log-likelihood = -2.350
[round 96/100] avg private log-likelihood = -2.350
[round 97/100] avg private log-likelihood = -2.350
[round 98/100] avg private log-likelihood = -2.350
[round 99/100] avg private log-likelihood = -2.350
[round 100/100] avg private log-likelihood = -2.350
[round 01/100] avg private log-likelihood = -2.565
[round 02/100] avg private log-likelihood = -2.559
[round 03/100] avg private log-likelihood = -2.554
[round 04/100] avg private log-likelihood = -2.549
[round 05/100] avg private log-likelihood = -2.544
[round 06/100] avg private log-likelihood = -2.538
[round 07/100] avg private log-likelihood = -2.530
[round 08/100] avg private log-likelihood = -2.523
[round 09/100] avg private log-likelihood = -2.516
[round 10/100] avg private log-likelihood = -2.510
[round 11/100] avg private log-likelihood = -2.505
[round 12/100] avg private log-likelihood = -2.501
[round 13/100] avg private log-likelihood = -2.498
[round 14/100] avg private log-likelihood = -2.495
[round 15/100] avg private log-likelihood = -2.491
[round 16/100] avg private log-likelihood = -2.487
[round 17/100] avg private log-likelihood = -2.480
[round 18/100] avg private log-likelihood = -2.474
[round 19/100] avg private log-likelihood = -2.468
[round 20/100] avg private log-likelihood = -2.462
[round 21/100] avg private log-likelihood = -2.456
[round 22/100] avg private log-likelihood = -2.451
[round 23/100] avg private log-likelihood = -2.446
[round 24/100] avg private log-likelihood = -2.442
[round 25/100] avg private log-likelihood = -2.440
[round 26/100] avg private log-likelihood = -2.438
[round 27/100] avg private log-likelihood = -2.436
[round 28/100] avg private log-likelihood = -2.435
[round 29/100] avg private log-likelihood = -2.435
[round 30/100] avg private log-likelihood = -2.435
[round 31/100] avg private log-likelihood = -2.436
[round 32/100] avg private log-likelihood = -2.435
[round 33/100] avg private log-likelihood = -2.435
[round 34/100] avg private log-likelihood = -2.435
[round 35/100] avg private log-likelihood = -2.435
[round 36/100] avg private log-likelihood = -2.435
[round 37/100] avg private log-likelihood = -2.435
[round 38/100] avg private log-likelihood = -2.435
[round 39/100] avg private log-likelihood = -2.435
[round 40/100] avg private log-likelihood = -2.435
[round 41/100] avg private log-likelihood = -2.435
[round 42/100] avg private log-likelihood = -2.436
[round 43/100] avg private log-likelihood = -2.435
[round 44/100] avg private log-likelihood = -2.435
[round 45/100] avg private log-likelihood = -2.435
[round 46/100] avg private log-likelihood = -2.435
[round 47/100] avg private log-likelihood = -2.435
[round 48/100] avg private log-likelihood = -2.435
[round 49/100] avg private log-likelihood = -2.435
[round 50/100] avg private log-likelihood = -2.435
[round 51/100] avg private log-likelihood = -2.435
[round 52/100] avg private log-likelihood = -2.435
[round 53/100] avg private log-likelihood = -2.435
[round 54/100] avg private log-likelihood = -2.435
[round 55/100] avg private log-likelihood = -2.435
[round 56/100] avg private log-likelihood = -2.435
[round 57/100] avg private log-likelihood = -2.435
[round 58/100] avg private log-likelihood = -2.435
[round 59/100] avg private log-likelihood = -2.435
[round 60/100] avg private log-likelihood = -2.435
[round 61/100] avg private log-likelihood = -2.435
[round 62/100] avg private log-likelihood = -2.437
[round 63/100] avg private log-likelihood = -2.435
[round 64/100] avg private log-likelihood = -2.435
[round 65/100] avg private log-likelihood = -2.435
[round 66/100] avg private log-likelihood = -2.435
[round 67/100] avg private log-likelihood = -2.435
[round 68/100] avg private log-likelihood = -2.435
[round 69/100] avg private log-likelihood = -2.435
[round 70/100] avg private log-likelihood = -2.435
[round 71/100] avg private log-likelihood = -2.435
[round 72/100] avg private log-likelihood = -2.436
[round 73/100] avg private log-likelihood = -2.435
[round 74/100] avg private log-likelihood = -2.435
[round 75/100] avg private log-likelihood = -2.435
[round 76/100] avg private log-likelihood = -2.435
[round 77/100] avg private log-likelihood = -2.435
[round 78/100] avg private log-likelihood = -2.435
[round 79/100] avg private log-likelihood = -2.435
[round 80/100] avg private log-likelihood = -2.435
[round 81/100] avg private log-likelihood = -2.435
[round 82/100] avg private log-likelihood = -2.435
[round 83/100] avg private log-likelihood = -2.435
[round 84/100] avg private log-likelihood = -2.436
[round 85/100] avg private log-likelihood = -2.435
[round 86/100] avg private log-likelihood = -2.435
[round 87/100] avg private log-likelihood = -2.435
[round 88/100] avg private log-likelihood = -2.435
[round 89/100] avg private log-likelihood = -2.435
[round 90/100] avg private log-likelihood = -2.435
[round 91/100] avg private log-likelihood = -2.435
[round 92/100] avg private log-likelihood = -2.435
[round 93/100] avg private log-likelihood = -2.435
[round 94/100] avg private log-likelihood = -2.435
[round 95/100] avg private log-likelihood = -2.435
[round 96/100] avg private log-likelihood = -2.435
[round 97/100] avg private log-likelihood = -2.435
[round 98/100] avg private log-likelihood = -2.435
[round 99/100] avg private log-likelihood = -2.435
[round 100/100] avg private log-likelihood = -2.435
[DONE] Results saved to results/D2_N10_lam0.0_seed0.json
