========================================
Running experiment on GPU
  D       = 4
  N       = 10
  lambda  = 1.0
  seed    = 9
  GPU     = 0
========================================
[round 01/100] avg private log-likelihood = -4.393
[round 02/100] avg private log-likelihood = -4.563
[round 03/100] avg private log-likelihood = -4.721
[round 04/100] avg private log-likelihood = -4.868
[round 05/100] avg private log-likelihood = -4.997
[round 06/100] avg private log-likelihood = -5.108
[round 07/100] avg private log-likelihood = -5.212
[round 08/100] avg private log-likelihood = -5.293
[round 09/100] avg private log-likelihood = -5.369
[round 10/100] avg private log-likelihood = -5.421
[round 11/100] avg private log-likelihood = -5.463
[round 12/100] avg private log-likelihood = -5.508
[round 13/100] avg private log-likelihood = -5.546
[round 14/100] avg private log-likelihood = -5.570
[round 15/100] avg private log-likelihood = -5.584
[round 16/100] avg private log-likelihood = -5.601
[round 17/100] avg private log-likelihood = -5.608
[round 18/100] avg private log-likelihood = -5.619
[round 19/100] avg private log-likelihood = -5.633
[round 20/100] avg private log-likelihood = -5.636
[round 21/100] avg private log-likelihood = -5.626
[round 22/100] avg private log-likelihood = -5.635
[round 23/100] avg private log-likelihood = -5.640
[round 24/100] avg private log-likelihood = -5.638
[round 25/100] avg private log-likelihood = -5.641
[round 26/100] avg private log-likelihood = -5.638
[round 27/100] avg private log-likelihood = -5.652
[round 28/100] avg private log-likelihood = -5.644
[round 29/100] avg private log-likelihood = -5.647
[round 30/100] avg private log-likelihood = -5.641
[round 31/100] avg private log-likelihood = -5.639
[round 32/100] avg private log-likelihood = -5.641
[round 33/100] avg private log-likelihood = -5.637
[round 34/100] avg private log-likelihood = -5.634
[round 35/100] avg private log-likelihood = -5.637
[round 36/100] avg private log-likelihood = -5.635
[round 37/100] avg private log-likelihood = -5.633
[round 38/100] avg private log-likelihood = -5.636
[round 39/100] avg private log-likelihood = -5.645
[round 40/100] avg private log-likelihood = -5.640
[round 41/100] avg private log-likelihood = -5.637
[round 42/100] avg private log-likelihood = -5.627
[round 43/100] avg private log-likelihood = -5.625
[round 44/100] avg private log-likelihood = -5.624
[round 45/100] avg private log-likelihood = -5.634
[round 46/100] avg private log-likelihood = -5.624
[round 47/100] avg private log-likelihood = -5.625
[round 48/100] avg private log-likelihood = -5.631
[round 49/100] avg private log-likelihood = -5.639
[round 50/100] avg private log-likelihood = -5.641
[round 51/100] avg private log-likelihood = -5.639
[round 52/100] avg private log-likelihood = -5.631
[round 53/100] avg private log-likelihood = -5.630
[round 54/100] avg private log-likelihood = -5.638
[round 55/100] avg private log-likelihood = -5.628
[round 56/100] avg private log-likelihood = -5.629
[round 57/100] avg private log-likelihood = -5.627
[round 58/100] avg private log-likelihood = -5.637
[round 59/100] avg private log-likelihood = -5.631
[round 60/100] avg private log-likelihood = -5.629
[round 61/100] avg private log-likelihood = -5.631
[round 62/100] avg private log-likelihood = -5.625
[round 63/100] avg private log-likelihood = -5.633
[round 64/100] avg private log-likelihood = -5.629
[round 65/100] avg private log-likelihood = -5.632
[round 66/100] avg private log-likelihood = -5.623
[round 67/100] avg private log-likelihood = -5.622
[round 68/100] avg private log-likelihood = -5.624
[round 69/100] avg private log-likelihood = -5.625
[round 70/100] avg private log-likelihood = -5.626
[round 71/100] avg private log-likelihood = -5.631
[round 72/100] avg private log-likelihood = -5.628
[round 73/100] avg private log-likelihood = -5.628
[round 74/100] avg private log-likelihood = -5.637
[round 75/100] avg private log-likelihood = -5.638
[round 76/100] avg private log-likelihood = -5.637
[round 77/100] avg private log-likelihood = -5.640
[round 78/100] avg private log-likelihood = -5.636
[round 79/100] avg private log-likelihood = -5.618
[round 80/100] avg private log-likelihood = -5.624
[round 81/100] avg private log-likelihood = -5.620
[round 82/100] avg private log-likelihood = -5.620
[round 83/100] avg private log-likelihood = -5.626
[round 84/100] avg private log-likelihood = -5.625
[round 85/100] avg private log-likelihood = -5.626
[round 86/100] avg private log-likelihood = -5.631
[round 87/100] avg private log-likelihood = -5.629
[round 88/100] avg private log-likelihood = -5.628
[round 89/100] avg private log-likelihood = -5.628
[round 90/100] avg private log-likelihood = -5.629
[round 91/100] avg private log-likelihood = -5.624
[round 92/100] avg private log-likelihood = -5.629
[round 93/100] avg private log-likelihood = -5.634
[round 94/100] avg private log-likelihood = -5.629
[round 95/100] avg private log-likelihood = -5.628
[round 96/100] avg private log-likelihood = -5.625
[round 97/100] avg private log-likelihood = -5.628
[round 98/100] avg private log-likelihood = -5.628
[round 99/100] avg private log-likelihood = -5.627
[round 100/100] avg private log-likelihood = -5.624
[round 01/100] avg private log-likelihood = -4.280
[round 02/100] avg private log-likelihood = -4.441
[round 03/100] avg private log-likelihood = -4.596
[round 04/100] avg private log-likelihood = -4.740
[round 05/100] avg private log-likelihood = -4.867
[round 06/100] avg private log-likelihood = -4.978
[round 07/100] avg private log-likelihood = -5.084
[round 08/100] avg private log-likelihood = -5.168
[round 09/100] avg private log-likelihood = -5.231
[round 10/100] avg private log-likelihood = -5.284
[round 11/100] avg private log-likelihood = -5.333
[round 12/100] avg private log-likelihood = -5.379
[round 13/100] avg private log-likelihood = -5.417
[round 14/100] avg private log-likelihood = -5.451
[round 15/100] avg private log-likelihood = -5.471
[round 16/100] avg private log-likelihood = -5.485
[round 17/100] avg private log-likelihood = -5.499
[round 18/100] avg private log-likelihood = -5.507
[round 19/100] avg private log-likelihood = -5.520
[round 20/100] avg private log-likelihood = -5.531
[round 21/100] avg private log-likelihood = -5.535
[round 22/100] avg private log-likelihood = -5.530
[round 23/100] avg private log-likelihood = -5.530
[round 24/100] avg private log-likelihood = -5.533
[round 25/100] avg private log-likelihood = -5.533
[round 26/100] avg private log-likelihood = -5.531
[round 27/100] avg private log-likelihood = -5.531
[round 28/100] avg private log-likelihood = -5.527
[round 29/100] avg private log-likelihood = -5.530
[round 30/100] avg private log-likelihood = -5.526
[round 31/100] avg private log-likelihood = -5.528
[round 32/100] avg private log-likelihood = -5.526
[round 33/100] avg private log-likelihood = -5.524
[round 34/100] avg private log-likelihood = -5.523
[round 35/100] avg private log-likelihood = -5.518
[round 36/100] avg private log-likelihood = -5.515
[round 37/100] avg private log-likelihood = -5.519
[round 38/100] avg private log-likelihood = -5.512
[round 39/100] avg private log-likelihood = -5.513
[round 40/100] avg private log-likelihood = -5.513
[round 41/100] avg private log-likelihood = -5.515
[round 42/100] avg private log-likelihood = -5.516
[round 43/100] avg private log-likelihood = -5.514
[round 44/100] avg private log-likelihood = -5.516
[round 45/100] avg private log-likelihood = -5.518
[round 46/100] avg private log-likelihood = -5.516
[round 47/100] avg private log-likelihood = -5.514
[round 48/100] avg private log-likelihood = -5.514
[round 49/100] avg private log-likelihood = -5.516
[round 50/100] avg private log-likelihood = -5.517
[round 51/100] avg private log-likelihood = -5.513
[round 52/100] avg private log-likelihood = -5.513
[round 53/100] avg private log-likelihood = -5.517
[round 54/100] avg private log-likelihood = -5.514
[round 55/100] avg private log-likelihood = -5.516
[round 56/100] avg private log-likelihood = -5.518
[round 57/100] avg private log-likelihood = -5.518
[round 58/100] avg private log-likelihood = -5.515
[round 59/100] avg private log-likelihood = -5.510
[round 60/100] avg private log-likelihood = -5.517
[round 61/100] avg private log-likelihood = -5.517
[round 62/100] avg private log-likelihood = -5.515
[round 63/100] avg private log-likelihood = -5.517
[round 64/100] avg private log-likelihood = -5.518
[round 65/100] avg private log-likelihood = -5.521
[round 66/100] avg private log-likelihood = -5.518
[round 67/100] avg private log-likelihood = -5.518
[round 68/100] avg private log-likelihood = -5.514
[round 69/100] avg private log-likelihood = -5.513
[round 70/100] avg private log-likelihood = -5.515
[round 71/100] avg private log-likelihood = -5.519
[round 72/100] avg private log-likelihood = -5.518
[round 73/100] avg private log-likelihood = -5.514
[round 74/100] avg private log-likelihood = -5.514
[round 75/100] avg private log-likelihood = -5.512
[round 76/100] avg private log-likelihood = -5.512
[round 77/100] avg private log-likelihood = -5.515
[round 78/100] avg private log-likelihood = -5.514
[round 79/100] avg private log-likelihood = -5.514
[round 80/100] avg private log-likelihood = -5.515
[round 81/100] avg private log-likelihood = -5.519
[round 82/100] avg private log-likelihood = -5.520
[round 83/100] avg private log-likelihood = -5.517
[round 84/100] avg private log-likelihood = -5.514
[round 85/100] avg private log-likelihood = -5.512
[round 86/100] avg private log-likelihood = -5.511
[round 87/100] avg private log-likelihood = -5.516
[round 88/100] avg private log-likelihood = -5.516
[round 89/100] avg private log-likelihood = -5.518
[round 90/100] avg private log-likelihood = -5.515
[round 91/100] avg private log-likelihood = -5.512
[round 92/100] avg private log-likelihood = -5.513
[round 93/100] avg private log-likelihood = -5.511
[round 94/100] avg private log-likelihood = -5.513
[round 95/100] avg private log-likelihood = -5.513
[round 96/100] avg private log-likelihood = -5.511
[round 97/100] avg private log-likelihood = -5.515
[round 98/100] avg private log-likelihood = -5.512
[round 99/100] avg private log-likelihood = -5.513
[round 100/100] avg private log-likelihood = -5.513
[DONE] Results saved to results/D4_N10_lam1.0_seed9.json
