========================================
Running experiment on GPU
  D       = 4
  N       = 10
  lambda  = 1.0
  seed    = 7
  GPU     = 0
========================================
[round 01/100] avg private log-likelihood = -4.584
[round 02/100] avg private log-likelihood = -4.743
[round 03/100] avg private log-likelihood = -4.895
[round 04/100] avg private log-likelihood = -5.032
[round 05/100] avg private log-likelihood = -5.151
[round 06/100] avg private log-likelihood = -5.256
[round 07/100] avg private log-likelihood = -5.359
[round 08/100] avg private log-likelihood = -5.441
[round 09/100] avg private log-likelihood = -5.502
[round 10/100] avg private log-likelihood = -5.569
[round 11/100] avg private log-likelihood = -5.609
[round 12/100] avg private log-likelihood = -5.644
[round 13/100] avg private log-likelihood = -5.669
[round 14/100] avg private log-likelihood = -5.696
[round 15/100] avg private log-likelihood = -5.722
[round 16/100] avg private log-likelihood = -5.754
[round 17/100] avg private log-likelihood = -5.793
[round 18/100] avg private log-likelihood = -5.815
[round 19/100] avg private log-likelihood = -5.846
[round 20/100] avg private log-likelihood = -5.866
[round 21/100] avg private log-likelihood = -5.871
[round 22/100] avg private log-likelihood = -5.882
[round 23/100] avg private log-likelihood = -5.893
[round 24/100] avg private log-likelihood = -5.889
[round 25/100] avg private log-likelihood = -5.901
[round 26/100] avg private log-likelihood = -5.898
[round 27/100] avg private log-likelihood = -5.902
[round 28/100] avg private log-likelihood = -5.901
[round 29/100] avg private log-likelihood = -5.900
[round 30/100] avg private log-likelihood = -5.896
[round 31/100] avg private log-likelihood = -5.910
[round 32/100] avg private log-likelihood = -5.910
[round 33/100] avg private log-likelihood = -5.915
[round 34/100] avg private log-likelihood = -5.906
[round 35/100] avg private log-likelihood = -5.908
[round 36/100] avg private log-likelihood = -5.900
[round 37/100] avg private log-likelihood = -5.906
[round 38/100] avg private log-likelihood = -5.908
[round 39/100] avg private log-likelihood = -5.911
[round 40/100] avg private log-likelihood = -5.906
[round 41/100] avg private log-likelihood = -5.902
[round 42/100] avg private log-likelihood = -5.903
[round 43/100] avg private log-likelihood = -5.908
[round 44/100] avg private log-likelihood = -5.910
[round 45/100] avg private log-likelihood = -5.906
[round 46/100] avg private log-likelihood = -5.915
[round 47/100] avg private log-likelihood = -5.915
[round 48/100] avg private log-likelihood = -5.909
[round 49/100] avg private log-likelihood = -5.911
[round 50/100] avg private log-likelihood = -5.919
[round 51/100] avg private log-likelihood = -5.920
[round 52/100] avg private log-likelihood = -5.912
[round 53/100] avg private log-likelihood = -5.908
[round 54/100] avg private log-likelihood = -5.902
[round 55/100] avg private log-likelihood = -5.918
[round 56/100] avg private log-likelihood = -5.910
[round 57/100] avg private log-likelihood = -5.904
[round 58/100] avg private log-likelihood = -5.906
[round 59/100] avg private log-likelihood = -5.906
[round 60/100] avg private log-likelihood = -5.915
[round 61/100] avg private log-likelihood = -5.911
[round 62/100] avg private log-likelihood = -5.911
[round 63/100] avg private log-likelihood = -5.924
[round 64/100] avg private log-likelihood = -5.922
[round 65/100] avg private log-likelihood = -5.926
[round 66/100] avg private log-likelihood = -5.918
[round 67/100] avg private log-likelihood = -5.915
[round 68/100] avg private log-likelihood = -5.921
[round 69/100] avg private log-likelihood = -5.923
[round 70/100] avg private log-likelihood = -5.917
[round 71/100] avg private log-likelihood = -5.911
[round 72/100] avg private log-likelihood = -5.918
[round 73/100] avg private log-likelihood = -5.913
[round 74/100] avg private log-likelihood = -5.905
[round 75/100] avg private log-likelihood = -5.915
[round 76/100] avg private log-likelihood = -5.918
[round 77/100] avg private log-likelihood = -5.918
[round 78/100] avg private log-likelihood = -5.902
[round 79/100] avg private log-likelihood = -5.900
[round 80/100] avg private log-likelihood = -5.900
[round 81/100] avg private log-likelihood = -5.906
[round 82/100] avg private log-likelihood = -5.905
[round 83/100] avg private log-likelihood = -5.906
[round 84/100] avg private log-likelihood = -5.905
[round 85/100] avg private log-likelihood = -5.909
[round 86/100] avg private log-likelihood = -5.918
[round 87/100] avg private log-likelihood = -5.920
[round 88/100] avg private log-likelihood = -5.917
[round 89/100] avg private log-likelihood = -5.917
[round 90/100] avg private log-likelihood = -5.916
[round 91/100] avg private log-likelihood = -5.928
[round 92/100] avg private log-likelihood = -5.918
[round 93/100] avg private log-likelihood = -5.912
[round 94/100] avg private log-likelihood = -5.912
[round 95/100] avg private log-likelihood = -5.905
[round 96/100] avg private log-likelihood = -5.906
[round 97/100] avg private log-likelihood = -5.904
[round 98/100] avg private log-likelihood = -5.907
[round 99/100] avg private log-likelihood = -5.908
[round 100/100] avg private log-likelihood = -5.914
[round 01/100] avg private log-likelihood = -4.577
[round 02/100] avg private log-likelihood = -4.729
[round 03/100] avg private log-likelihood = -4.877
[round 04/100] avg private log-likelihood = -5.015
[round 05/100] avg private log-likelihood = -5.133
[round 06/100] avg private log-likelihood = -5.244
[round 07/100] avg private log-likelihood = -5.339
[round 08/100] avg private log-likelihood = -5.424
[round 09/100] avg private log-likelihood = -5.497
[round 10/100] avg private log-likelihood = -5.561
[round 11/100] avg private log-likelihood = -5.607
[round 12/100] avg private log-likelihood = -5.643
[round 13/100] avg private log-likelihood = -5.665
[round 14/100] avg private log-likelihood = -5.691
[round 15/100] avg private log-likelihood = -5.724
[round 16/100] avg private log-likelihood = -5.754
[round 17/100] avg private log-likelihood = -5.789
[round 18/100] avg private log-likelihood = -5.815
[round 19/100] avg private log-likelihood = -5.839
[round 20/100] avg private log-likelihood = -5.846
[round 21/100] avg private log-likelihood = -5.864
[round 22/100] avg private log-likelihood = -5.870
[round 23/100] avg private log-likelihood = -5.875
[round 24/100] avg private log-likelihood = -5.879
[round 25/100] avg private log-likelihood = -5.882
[round 26/100] avg private log-likelihood = -5.880
[round 27/100] avg private log-likelihood = -5.869
[round 28/100] avg private log-likelihood = -5.862
[round 29/100] avg private log-likelihood = -5.856
[round 30/100] avg private log-likelihood = -5.851
[round 31/100] avg private log-likelihood = -5.848
[round 32/100] avg private log-likelihood = -5.849
[round 33/100] avg private log-likelihood = -5.843
[round 34/100] avg private log-likelihood = -5.833
[round 35/100] avg private log-likelihood = -5.830
[round 36/100] avg private log-likelihood = -5.826
[round 37/100] avg private log-likelihood = -5.824
[round 38/100] avg private log-likelihood = -5.820
[round 39/100] avg private log-likelihood = -5.822
[round 40/100] avg private log-likelihood = -5.818
[round 41/100] avg private log-likelihood = -5.819
[round 42/100] avg private log-likelihood = -5.820
[round 43/100] avg private log-likelihood = -5.816
[round 44/100] avg private log-likelihood = -5.818
[round 45/100] avg private log-likelihood = -5.818
[round 46/100] avg private log-likelihood = -5.818
[round 47/100] avg private log-likelihood = -5.821
[round 48/100] avg private log-likelihood = -5.823
[round 49/100] avg private log-likelihood = -5.824
[round 50/100] avg private log-likelihood = -5.821
[round 51/100] avg private log-likelihood = -5.822
[round 52/100] avg private log-likelihood = -5.827
[round 53/100] avg private log-likelihood = -5.819
[round 54/100] avg private log-likelihood = -5.819
[round 55/100] avg private log-likelihood = -5.816
[round 56/100] avg private log-likelihood = -5.811
[round 57/100] avg private log-likelihood = -5.815
[round 58/100] avg private log-likelihood = -5.814
[round 59/100] avg private log-likelihood = -5.812
[round 60/100] avg private log-likelihood = -5.817
[round 61/100] avg private log-likelihood = -5.819
[round 62/100] avg private log-likelihood = -5.822
[round 63/100] avg private log-likelihood = -5.822
[round 64/100] avg private log-likelihood = -5.821
[round 65/100] avg private log-likelihood = -5.823
[round 66/100] avg private log-likelihood = -5.826
[round 67/100] avg private log-likelihood = -5.828
[round 68/100] avg private log-likelihood = -5.824
[round 69/100] avg private log-likelihood = -5.826
[round 70/100] avg private log-likelihood = -5.825
[round 71/100] avg private log-likelihood = -5.823
[round 72/100] avg private log-likelihood = -5.817
[round 73/100] avg private log-likelihood = -5.815
[round 74/100] avg private log-likelihood = -5.819
[round 75/100] avg private log-likelihood = -5.822
[round 76/100] avg private log-likelihood = -5.817
[round 77/100] avg private log-likelihood = -5.819
[round 78/100] avg private log-likelihood = -5.824
[round 79/100] avg private log-likelihood = -5.817
[round 80/100] avg private log-likelihood = -5.820
[round 81/100] avg private log-likelihood = -5.824
[round 82/100] avg private log-likelihood = -5.822
[round 83/100] avg private log-likelihood = -5.818
[round 84/100] avg private log-likelihood = -5.822
[round 85/100] avg private log-likelihood = -5.820
[round 86/100] avg private log-likelihood = -5.814
[round 87/100] avg private log-likelihood = -5.820
[round 88/100] avg private log-likelihood = -5.813
[round 89/100] avg private log-likelihood = -5.809
[round 90/100] avg private log-likelihood = -5.812
[round 91/100] avg private log-likelihood = -5.816
[round 92/100] avg private log-likelihood = -5.809
[round 93/100] avg private log-likelihood = -5.818
[round 94/100] avg private log-likelihood = -5.816
[round 95/100] avg private log-likelihood = -5.818
[round 96/100] avg private log-likelihood = -5.823
[round 97/100] avg private log-likelihood = -5.818
[round 98/100] avg private log-likelihood = -5.813
[round 99/100] avg private log-likelihood = -5.815
[round 100/100] avg private log-likelihood = -5.820
[DONE] Results saved to results/D4_N10_lam1.0_seed7.json
