========================================
Running experiment on GPU
  D       = 16
  N       = 10
  lambda  = 0.5
  seed    = 7
  GPU     = 0
========================================
[round 01/100] avg private log-likelihood = -15.697
[round 02/100] avg private log-likelihood = -16.194
[round 03/100] avg private log-likelihood = -16.670
[round 04/100] avg private log-likelihood = -17.074
[round 05/100] avg private log-likelihood = -17.409
[round 06/100] avg private log-likelihood = -17.713
[round 07/100] avg private log-likelihood = -18.014
[round 08/100] avg private log-likelihood = -18.283
[round 09/100] avg private log-likelihood = -18.536
[round 10/100] avg private log-likelihood = -18.761
[round 11/100] avg private log-likelihood = -18.963
[round 12/100] avg private log-likelihood = -19.142
[round 13/100] avg private log-likelihood = -19.290
[round 14/100] avg private log-likelihood = -19.404
[round 15/100] avg private log-likelihood = -19.529
[round 16/100] avg private log-likelihood = -19.623
[round 17/100] avg private log-likelihood = -19.710
[round 18/100] avg private log-likelihood = -19.777
[round 19/100] avg private log-likelihood = -19.820
[round 20/100] avg private log-likelihood = -19.876
[round 21/100] avg private log-likelihood = -19.892
[round 22/100] avg private log-likelihood = -19.913
[round 23/100] avg private log-likelihood = -19.954
[round 24/100] avg private log-likelihood = -19.959
[round 25/100] avg private log-likelihood = -19.986
[round 26/100] avg private log-likelihood = -19.985
[round 27/100] avg private log-likelihood = -19.990
[round 28/100] avg private log-likelihood = -19.980
[round 29/100] avg private log-likelihood = -19.995
[round 30/100] avg private log-likelihood = -19.986
[round 31/100] avg private log-likelihood = -19.986
[round 32/100] avg private log-likelihood = -19.975
[round 33/100] avg private log-likelihood = -19.979
[round 34/100] avg private log-likelihood = -19.988
[round 35/100] avg private log-likelihood = -20.007
[round 36/100] avg private log-likelihood = -20.007
[round 37/100] avg private log-likelihood = -19.993
[round 38/100] avg private log-likelihood = -20.011
[round 39/100] avg private log-likelihood = -20.028
[round 40/100] avg private log-likelihood = -20.021
[round 41/100] avg private log-likelihood = -20.007
[round 42/100] avg private log-likelihood = -19.996
[round 43/100] avg private log-likelihood = -20.009
[round 44/100] avg private log-likelihood = -19.997
[round 45/100] avg private log-likelihood = -20.012
[round 46/100] avg private log-likelihood = -20.014
[round 47/100] avg private log-likelihood = -19.998
[round 48/100] avg private log-likelihood = -19.997
[round 49/100] avg private log-likelihood = -19.996
[round 50/100] avg private log-likelihood = -19.988
[round 51/100] avg private log-likelihood = -19.996
[round 52/100] avg private log-likelihood = -19.982
[round 53/100] avg private log-likelihood = -19.996
[round 54/100] avg private log-likelihood = -20.014
[round 55/100] avg private log-likelihood = -20.017
[round 56/100] avg private log-likelihood = -20.000
[round 57/100] avg private log-likelihood = -20.015
[round 58/100] avg private log-likelihood = -20.012
[round 59/100] avg private log-likelihood = -20.008
[round 60/100] avg private log-likelihood = -20.000
[round 61/100] avg private log-likelihood = -19.992
[round 62/100] avg private log-likelihood = -19.984
[round 63/100] avg private log-likelihood = -19.998
[round 64/100] avg private log-likelihood = -20.010
[round 65/100] avg private log-likelihood = -20.018
[round 66/100] avg private log-likelihood = -20.025
[round 67/100] avg private log-likelihood = -20.027
[round 68/100] avg private log-likelihood = -20.029
[round 69/100] avg private log-likelihood = -20.024
[round 70/100] avg private log-likelihood = -20.020
[round 71/100] avg private log-likelihood = -20.025
[round 72/100] avg private log-likelihood = -20.008
[round 73/100] avg private log-likelihood = -20.015
[round 74/100] avg private log-likelihood = -19.997
[round 75/100] avg private log-likelihood = -19.991
[round 76/100] avg private log-likelihood = -19.981
[round 77/100] avg private log-likelihood = -19.976
[round 78/100] avg private log-likelihood = -19.969
[round 79/100] avg private log-likelihood = -19.963
[round 80/100] avg private log-likelihood = -19.964
[round 81/100] avg private log-likelihood = -19.975
[round 82/100] avg private log-likelihood = -19.984
[round 83/100] avg private log-likelihood = -19.992
[round 84/100] avg private log-likelihood = -19.998
[round 85/100] avg private log-likelihood = -19.994
[round 86/100] avg private log-likelihood = -19.998
[round 87/100] avg private log-likelihood = -20.007
[round 88/100] avg private log-likelihood = -19.987
[round 89/100] avg private log-likelihood = -19.988
[round 90/100] avg private log-likelihood = -20.000
[round 91/100] avg private log-likelihood = -20.008
[round 92/100] avg private log-likelihood = -20.024
[round 93/100] avg private log-likelihood = -20.010
[round 94/100] avg private log-likelihood = -20.011
[round 95/100] avg private log-likelihood = -20.018
[round 96/100] avg private log-likelihood = -20.010
[round 97/100] avg private log-likelihood = -20.005
[round 98/100] avg private log-likelihood = -19.998
[round 99/100] avg private log-likelihood = -20.006
[round 100/100] avg private log-likelihood = -20.017
[round 01/100] avg private log-likelihood = -15.638
[round 02/100] avg private log-likelihood = -16.146
[round 03/100] avg private log-likelihood = -16.628
[round 04/100] avg private log-likelihood = -17.033
[round 05/100] avg private log-likelihood = -17.352
[round 06/100] avg private log-likelihood = -17.689
[round 07/100] avg private log-likelihood = -17.988
[round 08/100] avg private log-likelihood = -18.265
[round 09/100] avg private log-likelihood = -18.524
[round 10/100] avg private log-likelihood = -18.748
[round 11/100] avg private log-likelihood = -18.952
[round 12/100] avg private log-likelihood = -19.125
[round 13/100] avg private log-likelihood = -19.285
[round 14/100] avg private log-likelihood = -19.418
[round 15/100] avg private log-likelihood = -19.522
[round 16/100] avg private log-likelihood = -19.642
[round 17/100] avg private log-likelihood = -19.715
[round 18/100] avg private log-likelihood = -19.794
[round 19/100] avg private log-likelihood = -19.845
[round 20/100] avg private log-likelihood = -19.865
[round 21/100] avg private log-likelihood = -19.896
[round 22/100] avg private log-likelihood = -19.926
[round 23/100] avg private log-likelihood = -19.952
[round 24/100] avg private log-likelihood = -19.965
[round 25/100] avg private log-likelihood = -19.979
[round 26/100] avg private log-likelihood = -19.988
[round 27/100] avg private log-likelihood = -19.994
[round 28/100] avg private log-likelihood = -19.998
[round 29/100] avg private log-likelihood = -19.974
[round 30/100] avg private log-likelihood = -19.982
[round 31/100] avg private log-likelihood = -20.001
[round 32/100] avg private log-likelihood = -20.004
[round 33/100] avg private log-likelihood = -19.990
[round 34/100] avg private log-likelihood = -20.005
[round 35/100] avg private log-likelihood = -19.994
[round 36/100] avg private log-likelihood = -20.000
[round 37/100] avg private log-likelihood = -20.000
[round 38/100] avg private log-likelihood = -19.994
[round 39/100] avg private log-likelihood = -19.990
[round 40/100] avg private log-likelihood = -19.995
[round 41/100] avg private log-likelihood = -20.003
[round 42/100] avg private log-likelihood = -20.009
[round 43/100] avg private log-likelihood = -20.015
[round 44/100] avg private log-likelihood = -19.996
[round 45/100] avg private log-likelihood = -19.992
[round 46/100] avg private log-likelihood = -19.991
[round 47/100] avg private log-likelihood = -20.011
[round 48/100] avg private log-likelihood = -20.014
[round 49/100] avg private log-likelihood = -20.026
[round 50/100] avg private log-likelihood = -20.023
[round 51/100] avg private log-likelihood = -19.998
[round 52/100] avg private log-likelihood = -20.009
[round 53/100] avg private log-likelihood = -20.007
[round 54/100] avg private log-likelihood = -20.016
[round 55/100] avg private log-likelihood = -20.004
[round 56/100] avg private log-likelihood = -20.017
[round 57/100] avg private log-likelihood = -20.019
[round 58/100] avg private log-likelihood = -20.019
[round 59/100] avg private log-likelihood = -19.997
[round 60/100] avg private log-likelihood = -19.997
[round 61/100] avg private log-likelihood = -20.016
[round 62/100] avg private log-likelihood = -20.031
[round 63/100] avg private log-likelihood = -20.029
[round 64/100] avg private log-likelihood = -20.010
[round 65/100] avg private log-likelihood = -20.000
[round 66/100] avg private log-likelihood = -19.997
[round 67/100] avg private log-likelihood = -20.012
[round 68/100] avg private log-likelihood = -20.015
[round 69/100] avg private log-likelihood = -20.002
[round 70/100] avg private log-likelihood = -20.006
[round 71/100] avg private log-likelihood = -20.008
[round 72/100] avg private log-likelihood = -19.997
[round 73/100] avg private log-likelihood = -20.006
[round 74/100] avg private log-likelihood = -20.013
[round 75/100] avg private log-likelihood = -19.992
[round 76/100] avg private log-likelihood = -19.996
[round 77/100] avg private log-likelihood = -19.989
[round 78/100] avg private log-likelihood = -19.988
[round 79/100] avg private log-likelihood = -19.996
[round 80/100] avg private log-likelihood = -20.003
[round 81/100] avg private log-likelihood = -20.016
[round 82/100] avg private log-likelihood = -19.987
[round 83/100] avg private log-likelihood = -19.986
[round 84/100] avg private log-likelihood = -19.999
[round 85/100] avg private log-likelihood = -19.993
[round 86/100] avg private log-likelihood = -20.002
[round 87/100] avg private log-likelihood = -20.011
[round 88/100] avg private log-likelihood = -20.004
[round 89/100] avg private log-likelihood = -19.995
[round 90/100] avg private log-likelihood = -20.008
[round 91/100] avg private log-likelihood = -20.003
[round 92/100] avg private log-likelihood = -19.993
[round 93/100] avg private log-likelihood = -19.996
[round 94/100] avg private log-likelihood = -19.998
[round 95/100] avg private log-likelihood = -20.000
[round 96/100] avg private log-likelihood = -20.001
[round 97/100] avg private log-likelihood = -20.010
[round 98/100] avg private log-likelihood = -19.987
[round 99/100] avg private log-likelihood = -19.982
[round 100/100] avg private log-likelihood = -19.994
[DONE] Results saved to results/D16_N10_lam0.5_seed7.json
