========================================
Running experiment on GPU
  D       = 8
  N       = 10
  lambda  = 1.0
  seed    = 8
  GPU     = 0
========================================
[round 01/100] avg private log-likelihood = -7.899
[round 02/100] avg private log-likelihood = -8.239
[round 03/100] avg private log-likelihood = -8.604
[round 04/100] avg private log-likelihood = -8.910
[round 05/100] avg private log-likelihood = -9.175
[round 06/100] avg private log-likelihood = -9.447
[round 07/100] avg private log-likelihood = -9.687
[round 08/100] avg private log-likelihood = -9.938
[round 09/100] avg private log-likelihood = -10.190
[round 10/100] avg private log-likelihood = -10.445
[round 11/100] avg private log-likelihood = -10.694
[round 12/100] avg private log-likelihood = -10.936
[round 13/100] avg private log-likelihood = -11.147
[round 14/100] avg private log-likelihood = -11.328
[round 15/100] avg private log-likelihood = -11.481
[round 16/100] avg private log-likelihood = -11.578
[round 17/100] avg private log-likelihood = -11.654
[round 18/100] avg private log-likelihood = -11.702
[round 19/100] avg private log-likelihood = -11.725
[round 20/100] avg private log-likelihood = -11.743
[round 21/100] avg private log-likelihood = -11.748
[round 22/100] avg private log-likelihood = -11.735
[round 23/100] avg private log-likelihood = -11.717
[round 24/100] avg private log-likelihood = -11.700
[round 25/100] avg private log-likelihood = -11.698
[round 26/100] avg private log-likelihood = -11.672
[round 27/100] avg private log-likelihood = -11.660
[round 28/100] avg private log-likelihood = -11.639
[round 29/100] avg private log-likelihood = -11.628
[round 30/100] avg private log-likelihood = -11.622
[round 31/100] avg private log-likelihood = -11.603
[round 32/100] avg private log-likelihood = -11.578
[round 33/100] avg private log-likelihood = -11.559
[round 34/100] avg private log-likelihood = -11.551
[round 35/100] avg private log-likelihood = -11.532
[round 36/100] avg private log-likelihood = -11.528
[round 37/100] avg private log-likelihood = -11.515
[round 38/100] avg private log-likelihood = -11.506
[round 39/100] avg private log-likelihood = -11.492
[round 40/100] avg private log-likelihood = -11.486
[round 41/100] avg private log-likelihood = -11.479
[round 42/100] avg private log-likelihood = -11.481
[round 43/100] avg private log-likelihood = -11.485
[round 44/100] avg private log-likelihood = -11.476
[round 45/100] avg private log-likelihood = -11.469
[round 46/100] avg private log-likelihood = -11.473
[round 47/100] avg private log-likelihood = -11.479
[round 48/100] avg private log-likelihood = -11.484
[round 49/100] avg private log-likelihood = -11.493
[round 50/100] avg private log-likelihood = -11.488
[round 51/100] avg private log-likelihood = -11.487
[round 52/100] avg private log-likelihood = -11.490
[round 53/100] avg private log-likelihood = -11.486
[round 54/100] avg private log-likelihood = -11.479
[round 55/100] avg private log-likelihood = -11.471
[round 56/100] avg private log-likelihood = -11.476
[round 57/100] avg private log-likelihood = -11.470
[round 58/100] avg private log-likelihood = -11.482
[round 59/100] avg private log-likelihood = -11.481
[round 60/100] avg private log-likelihood = -11.471
[round 61/100] avg private log-likelihood = -11.465
[round 62/100] avg private log-likelihood = -11.467
[round 63/100] avg private log-likelihood = -11.465
[round 64/100] avg private log-likelihood = -11.457
[round 65/100] avg private log-likelihood = -11.479
[round 66/100] avg private log-likelihood = -11.489
[round 67/100] avg private log-likelihood = -11.484
[round 68/100] avg private log-likelihood = -11.486
[round 69/100] avg private log-likelihood = -11.478
[round 70/100] avg private log-likelihood = -11.480
[round 71/100] avg private log-likelihood = -11.479
[round 72/100] avg private log-likelihood = -11.467
[round 73/100] avg private log-likelihood = -11.488
[round 74/100] avg private log-likelihood = -11.478
[round 75/100] avg private log-likelihood = -11.486
[round 76/100] avg private log-likelihood = -11.479
[round 77/100] avg private log-likelihood = -11.461
[round 78/100] avg private log-likelihood = -11.473
[round 79/100] avg private log-likelihood = -11.470
[round 80/100] avg private log-likelihood = -11.467
[round 81/100] avg private log-likelihood = -11.473
[round 82/100] avg private log-likelihood = -11.474
[round 83/100] avg private log-likelihood = -11.480
[round 84/100] avg private log-likelihood = -11.478
[round 85/100] avg private log-likelihood = -11.498
[round 86/100] avg private log-likelihood = -11.491
[round 87/100] avg private log-likelihood = -11.489
[round 88/100] avg private log-likelihood = -11.480
[round 89/100] avg private log-likelihood = -11.468
[round 90/100] avg private log-likelihood = -11.472
[round 91/100] avg private log-likelihood = -11.474
[round 92/100] avg private log-likelihood = -11.483
[round 93/100] avg private log-likelihood = -11.481
[round 94/100] avg private log-likelihood = -11.469
[round 95/100] avg private log-likelihood = -11.475
[round 96/100] avg private log-likelihood = -11.470
[round 97/100] avg private log-likelihood = -11.483
[round 98/100] avg private log-likelihood = -11.472
[round 99/100] avg private log-likelihood = -11.492
[round 100/100] avg private log-likelihood = -11.495
[round 01/100] avg private log-likelihood = -7.863
[round 02/100] avg private log-likelihood = -8.218
[round 03/100] avg private log-likelihood = -8.554
[round 04/100] avg private log-likelihood = -8.862
[round 05/100] avg private log-likelihood = -9.144
[round 06/100] avg private log-likelihood = -9.397
[round 07/100] avg private log-likelihood = -9.648
[round 08/100] avg private log-likelihood = -9.896
[round 09/100] avg private log-likelihood = -10.140
[round 10/100] avg private log-likelihood = -10.393
[round 11/100] avg private log-likelihood = -10.632
[round 12/100] avg private log-likelihood = -10.860
[round 13/100] avg private log-likelihood = -11.071
[round 14/100] avg private log-likelihood = -11.251
[round 15/100] avg private log-likelihood = -11.396
[round 16/100] avg private log-likelihood = -11.524
[round 17/100] avg private log-likelihood = -11.606
[round 18/100] avg private log-likelihood = -11.644
[round 19/100] avg private log-likelihood = -11.676
[round 20/100] avg private log-likelihood = -11.686
[round 21/100] avg private log-likelihood = -11.689
[round 22/100] avg private log-likelihood = -11.702
[round 23/100] avg private log-likelihood = -11.699
[round 24/100] avg private log-likelihood = -11.694
[round 25/100] avg private log-likelihood = -11.684
[round 26/100] avg private log-likelihood = -11.679
[round 27/100] avg private log-likelihood = -11.669
[round 28/100] avg private log-likelihood = -11.649
[round 29/100] avg private log-likelihood = -11.633
[round 30/100] avg private log-likelihood = -11.626
[round 31/100] avg private log-likelihood = -11.608
[round 32/100] avg private log-likelihood = -11.583
[round 33/100] avg private log-likelihood = -11.576
[round 34/100] avg private log-likelihood = -11.563
[round 35/100] avg private log-likelihood = -11.545
[round 36/100] avg private log-likelihood = -11.531
[round 37/100] avg private log-likelihood = -11.520
[round 38/100] avg private log-likelihood = -11.516
[round 39/100] avg private log-likelihood = -11.501
[round 40/100] avg private log-likelihood = -11.484
[round 41/100] avg private log-likelihood = -11.484
[round 42/100] avg private log-likelihood = -11.483
[round 43/100] avg private log-likelihood = -11.493
[round 44/100] avg private log-likelihood = -11.485
[round 45/100] avg private log-likelihood = -11.485
[round 46/100] avg private log-likelihood = -11.486
[round 47/100] avg private log-likelihood = -11.487
[round 48/100] avg private log-likelihood = -11.491
[round 49/100] avg private log-likelihood = -11.490
[round 50/100] avg private log-likelihood = -11.477
[round 51/100] avg private log-likelihood = -11.474
[round 52/100] avg private log-likelihood = -11.474
[round 53/100] avg private log-likelihood = -11.479
[round 54/100] avg private log-likelihood = -11.475
[round 55/100] avg private log-likelihood = -11.477
[round 56/100] avg private log-likelihood = -11.471
[round 57/100] avg private log-likelihood = -11.466
[round 58/100] avg private log-likelihood = -11.474
[round 59/100] avg private log-likelihood = -11.471
[round 60/100] avg private log-likelihood = -11.469
[round 61/100] avg private log-likelihood = -11.472
[round 62/100] avg private log-likelihood = -11.470
[round 63/100] avg private log-likelihood = -11.469
[round 64/100] avg private log-likelihood = -11.475
[round 65/100] avg private log-likelihood = -11.473
[round 66/100] avg private log-likelihood = -11.475
[round 67/100] avg private log-likelihood = -11.469
[round 68/100] avg private log-likelihood = -11.467
[round 69/100] avg private log-likelihood = -11.473
[round 70/100] avg private log-likelihood = -11.467
[round 71/100] avg private log-likelihood = -11.465
[round 72/100] avg private log-likelihood = -11.476
[round 73/100] avg private log-likelihood = -11.473
[round 74/100] avg private log-likelihood = -11.480
[round 75/100] avg private log-likelihood = -11.486
[round 76/100] avg private log-likelihood = -11.472
[round 77/100] avg private log-likelihood = -11.477
[round 78/100] avg private log-likelihood = -11.471
[round 79/100] avg private log-likelihood = -11.474
[round 80/100] avg private log-likelihood = -11.468
[round 81/100] avg private log-likelihood = -11.475
[round 82/100] avg private log-likelihood = -11.472
[round 83/100] avg private log-likelihood = -11.466
[round 84/100] avg private log-likelihood = -11.468
[round 85/100] avg private log-likelihood = -11.466
[round 86/100] avg private log-likelihood = -11.465
[round 87/100] avg private log-likelihood = -11.472
[round 88/100] avg private log-likelihood = -11.462
[round 89/100] avg private log-likelihood = -11.465
[round 90/100] avg private log-likelihood = -11.471
[round 91/100] avg private log-likelihood = -11.472
[round 92/100] avg private log-likelihood = -11.479
[round 93/100] avg private log-likelihood = -11.474
[round 94/100] avg private log-likelihood = -11.471
[round 95/100] avg private log-likelihood = -11.474
[round 96/100] avg private log-likelihood = -11.474
[round 97/100] avg private log-likelihood = -11.470
[round 98/100] avg private log-likelihood = -11.470
[round 99/100] avg private log-likelihood = -11.471
[round 100/100] avg private log-likelihood = -11.469
[DONE] Results saved to results/D8_N10_lam1.0_seed8.json
