========================================
Running experiment on GPU
  D       = 2
  N       = 10
  lambda  = 0
  seed    = 4
  GPU     = 0
========================================
[round 01/100] avg private log-likelihood = -2.626
[round 02/100] avg private log-likelihood = -2.626
[round 03/100] avg private log-likelihood = -2.626
[round 04/100] avg private log-likelihood = -2.626
[round 05/100] avg private log-likelihood = -2.625
[round 06/100] avg private log-likelihood = -2.625
[round 07/100] avg private log-likelihood = -2.625
[round 08/100] avg private log-likelihood = -2.625
[round 09/100] avg private log-likelihood = -2.625
[round 10/100] avg private log-likelihood = -2.625
[round 11/100] avg private log-likelihood = -2.625
[round 12/100] avg private log-likelihood = -2.625
[round 13/100] avg private log-likelihood = -2.625
[round 14/100] avg private log-likelihood = -2.625
[round 15/100] avg private log-likelihood = -2.624
[round 16/100] avg private log-likelihood = -2.624
[round 17/100] avg private log-likelihood = -2.624
[round 18/100] avg private log-likelihood = -2.624
[round 19/100] avg private log-likelihood = -2.623
[round 20/100] avg private log-likelihood = -2.622
[round 21/100] avg private log-likelihood = -2.620
[round 22/100] avg private log-likelihood = -2.617
[round 23/100] avg private log-likelihood = -2.615
[round 24/100] avg private log-likelihood = -2.613
[round 25/100] avg private log-likelihood = -2.611
[round 26/100] avg private log-likelihood = -2.610
[round 27/100] avg private log-likelihood = -2.607
[round 28/100] avg private log-likelihood = -2.606
[round 29/100] avg private log-likelihood = -2.604
[round 30/100] avg private log-likelihood = -2.602
[round 31/100] avg private log-likelihood = -2.600
[round 32/100] avg private log-likelihood = -2.598
[round 33/100] avg private log-likelihood = -2.596
[round 34/100] avg private log-likelihood = -2.595
[round 35/100] avg private log-likelihood = -2.593
[round 36/100] avg private log-likelihood = -2.591
[round 37/100] avg private log-likelihood = -2.589
[round 38/100] avg private log-likelihood = -2.587
[round 39/100] avg private log-likelihood = -2.585
[round 40/100] avg private log-likelihood = -2.584
[round 41/100] avg private log-likelihood = -2.582
[round 42/100] avg private log-likelihood = -2.580
[round 43/100] avg private log-likelihood = -2.578
[round 44/100] avg private log-likelihood = -2.576
[round 45/100] avg private log-likelihood = -2.575
[round 46/100] avg private log-likelihood = -2.573
[round 47/100] avg private log-likelihood = -2.571
[round 48/100] avg private log-likelihood = -2.569
[round 49/100] avg private log-likelihood = -2.567
[round 50/100] avg private log-likelihood = -2.565
[round 51/100] avg private log-likelihood = -2.563
[round 52/100] avg private log-likelihood = -2.562
[round 53/100] avg private log-likelihood = -2.560
[round 54/100] avg private log-likelihood = -2.558
[round 55/100] avg private log-likelihood = -2.556
[round 56/100] avg private log-likelihood = -2.554
[round 57/100] avg private log-likelihood = -2.552
[round 58/100] avg private log-likelihood = -2.550
[round 59/100] avg private log-likelihood = -2.548
[round 60/100] avg private log-likelihood = -2.546
[round 61/100] avg private log-likelihood = -2.543
[round 62/100] avg private log-likelihood = -2.539
[round 63/100] avg private log-likelihood = -2.533
[round 64/100] avg private log-likelihood = -2.528
[round 65/100] avg private log-likelihood = -2.523
[round 66/100] avg private log-likelihood = -2.519
[round 67/100] avg private log-likelihood = -2.516
[round 68/100] avg private log-likelihood = -2.514
[round 69/100] avg private log-likelihood = -2.512
[round 70/100] avg private log-likelihood = -2.510
[round 71/100] avg private log-likelihood = -2.509
[round 72/100] avg private log-likelihood = -2.508
[round 73/100] avg private log-likelihood = -2.508
[round 74/100] avg private log-likelihood = -2.508
[round 75/100] avg private log-likelihood = -2.508
[round 76/100] avg private log-likelihood = -2.508
[round 77/100] avg private log-likelihood = -2.508
[round 78/100] avg private log-likelihood = -2.508
[round 79/100] avg private log-likelihood = -2.508
[round 80/100] avg private log-likelihood = -2.508
[round 81/100] avg private log-likelihood = -2.508
[round 82/100] avg private log-likelihood = -2.508
[round 83/100] avg private log-likelihood = -2.508
[round 84/100] avg private log-likelihood = -2.508
[round 85/100] avg private log-likelihood = -2.508
[round 86/100] avg private log-likelihood = -2.508
[round 87/100] avg private log-likelihood = -2.508
[round 88/100] avg private log-likelihood = -2.508
[round 89/100] avg private log-likelihood = -2.508
[round 90/100] avg private log-likelihood = -2.508
[round 91/100] avg private log-likelihood = -2.508
[round 92/100] avg private log-likelihood = -2.508
[round 93/100] avg private log-likelihood = -2.508
[round 94/100] avg private log-likelihood = -2.508
[round 95/100] avg private log-likelihood = -2.508
[round 96/100] avg private log-likelihood = -2.508
[round 97/100] avg private log-likelihood = -2.508
[round 98/100] avg private log-likelihood = -2.508
[round 99/100] avg private log-likelihood = -2.508
[round 100/100] avg private log-likelihood = -2.508
[round 01/100] avg private log-likelihood = -2.705
[round 02/100] avg private log-likelihood = -2.699
[round 03/100] avg private log-likelihood = -2.694
[round 04/100] avg private log-likelihood = -2.689
[round 05/100] avg private log-likelihood = -2.685
[round 06/100] avg private log-likelihood = -2.683
[round 07/100] avg private log-likelihood = -2.682
[round 08/100] avg private log-likelihood = -2.680
[round 09/100] avg private log-likelihood = -2.679
[round 10/100] avg private log-likelihood = -2.678
[round 11/100] avg private log-likelihood = -2.676
[round 12/100] avg private log-likelihood = -2.675
[round 13/100] avg private log-likelihood = -2.672
[round 14/100] avg private log-likelihood = -2.669
[round 15/100] avg private log-likelihood = -2.666
[round 16/100] avg private log-likelihood = -2.662
[round 17/100] avg private log-likelihood = -2.659
[round 18/100] avg private log-likelihood = -2.657
[round 19/100] avg private log-likelihood = -2.654
[round 20/100] avg private log-likelihood = -2.652
[round 21/100] avg private log-likelihood = -2.651
[round 22/100] avg private log-likelihood = -2.650
[round 23/100] avg private log-likelihood = -2.650
[round 24/100] avg private log-likelihood = -2.650
[round 25/100] avg private log-likelihood = -2.650
[round 26/100] avg private log-likelihood = -2.650
[round 27/100] avg private log-likelihood = -2.650
[round 28/100] avg private log-likelihood = -2.650
[round 29/100] avg private log-likelihood = -2.650
[round 30/100] avg private log-likelihood = -2.650
[round 31/100] avg private log-likelihood = -2.650
[round 32/100] avg private log-likelihood = -2.650
[round 33/100] avg private log-likelihood = -2.650
[round 34/100] avg private log-likelihood = -2.650
[round 35/100] avg private log-likelihood = -2.650
[round 36/100] avg private log-likelihood = -2.650
[round 37/100] avg private log-likelihood = -2.650
[round 38/100] avg private log-likelihood = -2.650
[round 39/100] avg private log-likelihood = -2.650
[round 40/100] avg private log-likelihood = -2.650
[round 41/100] avg private log-likelihood = -2.650
[round 42/100] avg private log-likelihood = -2.650
[round 43/100] avg private log-likelihood = -2.650
[round 44/100] avg private log-likelihood = -2.650
[round 45/100] avg private log-likelihood = -2.650
[round 46/100] avg private log-likelihood = -2.650
[round 47/100] avg private log-likelihood = -2.650
[round 48/100] avg private log-likelihood = -2.650
[round 49/100] avg private log-likelihood = -2.650
[round 50/100] avg private log-likelihood = -2.650
[round 51/100] avg private log-likelihood = -2.650
[round 52/100] avg private log-likelihood = -2.650
[round 53/100] avg private log-likelihood = -2.650
[round 54/100] avg private log-likelihood = -2.650
[round 55/100] avg private log-likelihood = -2.650
[round 56/100] avg private log-likelihood = -2.650
[round 57/100] avg private log-likelihood = -2.650
[round 58/100] avg private log-likelihood = -2.650
[round 59/100] avg private log-likelihood = -2.650
[round 60/100] avg private log-likelihood = -2.650
[round 61/100] avg private log-likelihood = -2.650
[round 62/100] avg private log-likelihood = -2.650
[round 63/100] avg private log-likelihood = -2.650
[round 64/100] avg private log-likelihood = -2.650
[round 65/100] avg private log-likelihood = -2.650
[round 66/100] avg private log-likelihood = -2.650
[round 67/100] avg private log-likelihood = -2.649
[round 68/100] avg private log-likelihood = -2.650
[round 69/100] avg private log-likelihood = -2.650
[round 70/100] avg private log-likelihood = -2.650
[round 71/100] avg private log-likelihood = -2.650
[round 72/100] avg private log-likelihood = -2.650
[round 73/100] avg private log-likelihood = -2.650
[round 74/100] avg private log-likelihood = -2.650
[round 75/100] avg private log-likelihood = -2.650
[round 76/100] avg private log-likelihood = -2.650
[round 77/100] avg private log-likelihood = -2.650
[round 78/100] avg private log-likelihood = -2.650
[round 79/100] avg private log-likelihood = -2.650
[round 80/100] avg private log-likelihood = -2.650
[round 81/100] avg private log-likelihood = -2.650
[round 82/100] avg private log-likelihood = -2.650
[round 83/100] avg private log-likelihood = -2.650
[round 84/100] avg private log-likelihood = -2.650
[round 85/100] avg private log-likelihood = -2.650
[round 86/100] avg private log-likelihood = -2.650
[round 87/100] avg private log-likelihood = -2.650
[round 88/100] avg private log-likelihood = -2.650
[round 89/100] avg private log-likelihood = -2.650
[round 90/100] avg private log-likelihood = -2.650
[round 91/100] avg private log-likelihood = -2.650
[round 92/100] avg private log-likelihood = -2.650
[round 93/100] avg private log-likelihood = -2.650
[round 94/100] avg private log-likelihood = -2.650
[round 95/100] avg private log-likelihood = -2.650
[round 96/100] avg private log-likelihood = -2.650
[round 97/100] avg private log-likelihood = -2.650
[round 98/100] avg private log-likelihood = -2.650
[round 99/100] avg private log-likelihood = -2.650
[round 100/100] avg private log-likelihood = -2.650
[DONE] Results saved to results/D2_N10_lam0.0_seed4.json
