========================================
Running experiment on GPU
  D       = 16
  N       = 25
  lambda  = 1.0
  seed    = 8
  GPU     = 0
========================================
[round 01/100] avg private log-likelihood = -21.676
[round 02/100] avg private log-likelihood = -21.898
[round 03/100] avg private log-likelihood = -22.070
[round 04/100] avg private log-likelihood = -22.178
[round 05/100] avg private log-likelihood = -22.267
[round 06/100] avg private log-likelihood = -22.291
[round 07/100] avg private log-likelihood = -22.272
[round 08/100] avg private log-likelihood = -22.222
[round 09/100] avg private log-likelihood = -22.163
[round 10/100] avg private log-likelihood = -22.117
[round 11/100] avg private log-likelihood = -22.095
[round 12/100] avg private log-likelihood = -22.068
[round 13/100] avg private log-likelihood = -22.068
[round 14/100] avg private log-likelihood = -22.065
[round 15/100] avg private log-likelihood = -22.062
[round 16/100] avg private log-likelihood = -22.054
[round 17/100] avg private log-likelihood = -22.062
[round 18/100] avg private log-likelihood = -22.066
[round 19/100] avg private log-likelihood = -22.064
[round 20/100] avg private log-likelihood = -22.062
[round 21/100] avg private log-likelihood = -22.067
[round 22/100] avg private log-likelihood = -22.066
[round 23/100] avg private log-likelihood = -22.065
[round 24/100] avg private log-likelihood = -22.066
[round 25/100] avg private log-likelihood = -22.065
[round 26/100] avg private log-likelihood = -22.065
[round 27/100] avg private log-likelihood = -22.068
[round 28/100] avg private log-likelihood = -22.068
[round 29/100] avg private log-likelihood = -22.070
[round 30/100] avg private log-likelihood = -22.071
[round 31/100] avg private log-likelihood = -22.066
[round 32/100] avg private log-likelihood = -22.062
[round 33/100] avg private log-likelihood = -22.061
[round 34/100] avg private log-likelihood = -22.064
[round 35/100] avg private log-likelihood = -22.070
[round 36/100] avg private log-likelihood = -22.067
[round 37/100] avg private log-likelihood = -22.068
[round 38/100] avg private log-likelihood = -22.066
[round 39/100] avg private log-likelihood = -22.066
[round 40/100] avg private log-likelihood = -22.064
[round 41/100] avg private log-likelihood = -22.066
[round 42/100] avg private log-likelihood = -22.071
[round 43/100] avg private log-likelihood = -22.077
[round 44/100] avg private log-likelihood = -22.071
[round 45/100] avg private log-likelihood = -22.071
[round 46/100] avg private log-likelihood = -22.070
[round 47/100] avg private log-likelihood = -22.071
[round 48/100] avg private log-likelihood = -22.072
[round 49/100] avg private log-likelihood = -22.070
[round 50/100] avg private log-likelihood = -22.070
[round 51/100] avg private log-likelihood = -22.072
[round 52/100] avg private log-likelihood = -22.068
[round 53/100] avg private log-likelihood = -22.066
[round 54/100] avg private log-likelihood = -22.064
[round 55/100] avg private log-likelihood = -22.072
[round 56/100] avg private log-likelihood = -22.063
[round 57/100] avg private log-likelihood = -22.067
[round 58/100] avg private log-likelihood = -22.072
[round 59/100] avg private log-likelihood = -22.070
[round 60/100] avg private log-likelihood = -22.066
[round 61/100] avg private log-likelihood = -22.068
[round 62/100] avg private log-likelihood = -22.073
[round 63/100] avg private log-likelihood = -22.069
[round 64/100] avg private log-likelihood = -22.070
[round 65/100] avg private log-likelihood = -22.071
[round 66/100] avg private log-likelihood = -22.073
[round 67/100] avg private log-likelihood = -22.074
[round 68/100] avg private log-likelihood = -22.073
[round 69/100] avg private log-likelihood = -22.071
[round 70/100] avg private log-likelihood = -22.068
[round 71/100] avg private log-likelihood = -22.065
[round 72/100] avg private log-likelihood = -22.068
[round 73/100] avg private log-likelihood = -22.071
[round 74/100] avg private log-likelihood = -22.072
[round 75/100] avg private log-likelihood = -22.070
[round 76/100] avg private log-likelihood = -22.067
[round 77/100] avg private log-likelihood = -22.071
[round 78/100] avg private log-likelihood = -22.072
[round 79/100] avg private log-likelihood = -22.071
[round 80/100] avg private log-likelihood = -22.071
[round 81/100] avg private log-likelihood = -22.068
[round 82/100] avg private log-likelihood = -22.069
[round 83/100] avg private log-likelihood = -22.066
[round 84/100] avg private log-likelihood = -22.067
[round 85/100] avg private log-likelihood = -22.074
[round 86/100] avg private log-likelihood = -22.077
[round 87/100] avg private log-likelihood = -22.065
[round 88/100] avg private log-likelihood = -22.068
[round 89/100] avg private log-likelihood = -22.068
[round 90/100] avg private log-likelihood = -22.065
[round 91/100] avg private log-likelihood = -22.066
[round 92/100] avg private log-likelihood = -22.067
[round 93/100] avg private log-likelihood = -22.068
[round 94/100] avg private log-likelihood = -22.066
[round 95/100] avg private log-likelihood = -22.070
[round 96/100] avg private log-likelihood = -22.067
[round 97/100] avg private log-likelihood = -22.072
[round 98/100] avg private log-likelihood = -22.066
[round 99/100] avg private log-likelihood = -22.068
[round 100/100] avg private log-likelihood = -22.067
[round 01/100] avg private log-likelihood = -22.246
[round 02/100] avg private log-likelihood = -22.475
[round 03/100] avg private log-likelihood = -22.688
[round 04/100] avg private log-likelihood = -22.873
[round 05/100] avg private log-likelihood = -23.037
[round 06/100] avg private log-likelihood = -23.170
[round 07/100] avg private log-likelihood = -23.272
[round 08/100] avg private log-likelihood = -23.351
[round 09/100] avg private log-likelihood = -23.385
[round 10/100] avg private log-likelihood = -23.427
[round 11/100] avg private log-likelihood = -23.427
[round 12/100] avg private log-likelihood = -23.390
[round 13/100] avg private log-likelihood = -23.369
[round 14/100] avg private log-likelihood = -23.323
[round 15/100] avg private log-likelihood = -23.281
[round 16/100] avg private log-likelihood = -23.255
[round 17/100] avg private log-likelihood = -23.228
[round 18/100] avg private log-likelihood = -23.214
[round 19/100] avg private log-likelihood = -23.197
[round 20/100] avg private log-likelihood = -23.193
[round 21/100] avg private log-likelihood = -23.183
[round 22/100] avg private log-likelihood = -23.192
[round 23/100] avg private log-likelihood = -23.192
[round 24/100] avg private log-likelihood = -23.202
[round 25/100] avg private log-likelihood = -23.200
[round 26/100] avg private log-likelihood = -23.209
[round 27/100] avg private log-likelihood = -23.206
[round 28/100] avg private log-likelihood = -23.204
[round 29/100] avg private log-likelihood = -23.193
[round 30/100] avg private log-likelihood = -23.193
[round 31/100] avg private log-likelihood = -23.197
[round 32/100] avg private log-likelihood = -23.210
[round 33/100] avg private log-likelihood = -23.203
[round 34/100] avg private log-likelihood = -23.205
[round 35/100] avg private log-likelihood = -23.202
[round 36/100] avg private log-likelihood = -23.201
[round 37/100] avg private log-likelihood = -23.198
[round 38/100] avg private log-likelihood = -23.200
[round 39/100] avg private log-likelihood = -23.198
[round 40/100] avg private log-likelihood = -23.213
[round 41/100] avg private log-likelihood = -23.215
[round 42/100] avg private log-likelihood = -23.207
[round 43/100] avg private log-likelihood = -23.201
[round 44/100] avg private log-likelihood = -23.205
[round 45/100] avg private log-likelihood = -23.208
[round 46/100] avg private log-likelihood = -23.207
[round 47/100] avg private log-likelihood = -23.214
[round 48/100] avg private log-likelihood = -23.203
[round 49/100] avg private log-likelihood = -23.211
[round 50/100] avg private log-likelihood = -23.215
[round 51/100] avg private log-likelihood = -23.198
[round 52/100] avg private log-likelihood = -23.204
[round 53/100] avg private log-likelihood = -23.204
[round 54/100] avg private log-likelihood = -23.212
[round 55/100] avg private log-likelihood = -23.198
[round 56/100] avg private log-likelihood = -23.191
[round 57/100] avg private log-likelihood = -23.203
[round 58/100] avg private log-likelihood = -23.190
[round 59/100] avg private log-likelihood = -23.200
[round 60/100] avg private log-likelihood = -23.192
[round 61/100] avg private log-likelihood = -23.199
[round 62/100] avg private log-likelihood = -23.201
[round 63/100] avg private log-likelihood = -23.206
[round 64/100] avg private log-likelihood = -23.207
[round 65/100] avg private log-likelihood = -23.212
[round 66/100] avg private log-likelihood = -23.197
[round 67/100] avg private log-likelihood = -23.204
[round 68/100] avg private log-likelihood = -23.202
[round 69/100] avg private log-likelihood = -23.200
[round 70/100] avg private log-likelihood = -23.201
[round 71/100] avg private log-likelihood = -23.199
[round 72/100] avg private log-likelihood = -23.201
[round 73/100] avg private log-likelihood = -23.205
[round 74/100] avg private log-likelihood = -23.214
[round 75/100] avg private log-likelihood = -23.217
[round 76/100] avg private log-likelihood = -23.214
[round 77/100] avg private log-likelihood = -23.213
[round 78/100] avg private log-likelihood = -23.203
[round 79/100] avg private log-likelihood = -23.191
[round 80/100] avg private log-likelihood = -23.199
[round 81/100] avg private log-likelihood = -23.195
[round 82/100] avg private log-likelihood = -23.197
[round 83/100] avg private log-likelihood = -23.202
[round 84/100] avg private log-likelihood = -23.202
[round 85/100] avg private log-likelihood = -23.199
[round 86/100] avg private log-likelihood = -23.200
[round 87/100] avg private log-likelihood = -23.202
[round 88/100] avg private log-likelihood = -23.203
[round 89/100] avg private log-likelihood = -23.210
[round 90/100] avg private log-likelihood = -23.211
[round 91/100] avg private log-likelihood = -23.204
[round 92/100] avg private log-likelihood = -23.211
[round 93/100] avg private log-likelihood = -23.210
[round 94/100] avg private log-likelihood = -23.195
[round 95/100] avg private log-likelihood = -23.192
[round 96/100] avg private log-likelihood = -23.196
[round 97/100] avg private log-likelihood = -23.193
[round 98/100] avg private log-likelihood = -23.198
[round 99/100] avg private log-likelihood = -23.201
[round 100/100] avg private log-likelihood = -23.207
[DONE] Results saved to results/D16_N25_lam1.0_seed8.json
