========================================
Running experiment on GPU
  D       = 2
  N       = 50
  lambda  = 1.0
  seed    = 5
  GPU     = 0
========================================
[round 01/100] avg private log-likelihood = -3.332
[round 02/100] avg private log-likelihood = -3.336
[round 03/100] avg private log-likelihood = -3.340
[round 04/100] avg private log-likelihood = -3.340
[round 05/100] avg private log-likelihood = -3.340
[round 06/100] avg private log-likelihood = -3.341
[round 07/100] avg private log-likelihood = -3.342
[round 08/100] avg private log-likelihood = -3.341
[round 09/100] avg private log-likelihood = -3.339
[round 10/100] avg private log-likelihood = -3.339
[round 11/100] avg private log-likelihood = -3.339
[round 12/100] avg private log-likelihood = -3.337
[round 13/100] avg private log-likelihood = -3.336
[round 14/100] avg private log-likelihood = -3.335
[round 15/100] avg private log-likelihood = -3.335
[round 16/100] avg private log-likelihood = -3.335
[round 17/100] avg private log-likelihood = -3.336
[round 18/100] avg private log-likelihood = -3.339
[round 19/100] avg private log-likelihood = -3.334
[round 20/100] avg private log-likelihood = -3.335
[round 21/100] avg private log-likelihood = -3.332
[round 22/100] avg private log-likelihood = -3.334
[round 23/100] avg private log-likelihood = -3.334
[round 24/100] avg private log-likelihood = -3.333
[round 25/100] avg private log-likelihood = -3.333
[round 26/100] avg private log-likelihood = -3.334
[round 27/100] avg private log-likelihood = -3.334
[round 28/100] avg private log-likelihood = -3.332
[round 29/100] avg private log-likelihood = -3.334
[round 30/100] avg private log-likelihood = -3.333
[round 31/100] avg private log-likelihood = -3.334
[round 32/100] avg private log-likelihood = -3.332
[round 33/100] avg private log-likelihood = -3.332
[round 34/100] avg private log-likelihood = -3.332
[round 35/100] avg private log-likelihood = -3.334
[round 36/100] avg private log-likelihood = -3.334
[round 37/100] avg private log-likelihood = -3.332
[round 38/100] avg private log-likelihood = -3.331
[round 39/100] avg private log-likelihood = -3.333
[round 40/100] avg private log-likelihood = -3.333
[round 41/100] avg private log-likelihood = -3.334
[round 42/100] avg private log-likelihood = -3.333
[round 43/100] avg private log-likelihood = -3.333
[round 44/100] avg private log-likelihood = -3.333
[round 45/100] avg private log-likelihood = -3.333
[round 46/100] avg private log-likelihood = -3.333
[round 47/100] avg private log-likelihood = -3.332
[round 48/100] avg private log-likelihood = -3.333
[round 49/100] avg private log-likelihood = -3.331
[round 50/100] avg private log-likelihood = -3.332
[round 51/100] avg private log-likelihood = -3.332
[round 52/100] avg private log-likelihood = -3.330
[round 53/100] avg private log-likelihood = -3.330
[round 54/100] avg private log-likelihood = -3.329
[round 55/100] avg private log-likelihood = -3.328
[round 56/100] avg private log-likelihood = -3.327
[round 57/100] avg private log-likelihood = -3.326
[round 58/100] avg private log-likelihood = -3.327
[round 59/100] avg private log-likelihood = -3.325
[round 60/100] avg private log-likelihood = -3.326
[round 61/100] avg private log-likelihood = -3.327
[round 62/100] avg private log-likelihood = -3.327
[round 63/100] avg private log-likelihood = -3.327
[round 64/100] avg private log-likelihood = -3.328
[round 65/100] avg private log-likelihood = -3.326
[round 66/100] avg private log-likelihood = -3.328
[round 67/100] avg private log-likelihood = -3.326
[round 68/100] avg private log-likelihood = -3.327
[round 69/100] avg private log-likelihood = -3.327
[round 70/100] avg private log-likelihood = -3.326
[round 71/100] avg private log-likelihood = -3.327
[round 72/100] avg private log-likelihood = -3.327
[round 73/100] avg private log-likelihood = -3.326
[round 74/100] avg private log-likelihood = -3.326
[round 75/100] avg private log-likelihood = -3.327
[round 76/100] avg private log-likelihood = -3.326
[round 77/100] avg private log-likelihood = -3.326
[round 78/100] avg private log-likelihood = -3.326
[round 79/100] avg private log-likelihood = -3.327
[round 80/100] avg private log-likelihood = -3.326
[round 81/100] avg private log-likelihood = -3.326
[round 82/100] avg private log-likelihood = -3.326
[round 83/100] avg private log-likelihood = -3.327
[round 84/100] avg private log-likelihood = -3.326
[round 85/100] avg private log-likelihood = -3.325
[round 86/100] avg private log-likelihood = -3.326
[round 87/100] avg private log-likelihood = -3.326
[round 88/100] avg private log-likelihood = -3.326
[round 89/100] avg private log-likelihood = -3.325
[round 90/100] avg private log-likelihood = -3.326
[round 91/100] avg private log-likelihood = -3.325
[round 92/100] avg private log-likelihood = -3.326
[round 93/100] avg private log-likelihood = -3.325
[round 94/100] avg private log-likelihood = -3.327
[round 95/100] avg private log-likelihood = -3.325
[round 96/100] avg private log-likelihood = -3.327
[round 97/100] avg private log-likelihood = -3.325
[round 98/100] avg private log-likelihood = -3.325
[round 99/100] avg private log-likelihood = -3.326
[round 100/100] avg private log-likelihood = -3.326
[round 01/100] avg private log-likelihood = -3.357
[round 02/100] avg private log-likelihood = -3.361
[round 03/100] avg private log-likelihood = -3.364
[round 04/100] avg private log-likelihood = -3.365
[round 05/100] avg private log-likelihood = -3.364
[round 06/100] avg private log-likelihood = -3.364
[round 07/100] avg private log-likelihood = -3.364
[round 08/100] avg private log-likelihood = -3.363
[round 09/100] avg private log-likelihood = -3.363
[round 10/100] avg private log-likelihood = -3.362
[round 11/100] avg private log-likelihood = -3.362
[round 12/100] avg private log-likelihood = -3.361
[round 13/100] avg private log-likelihood = -3.361
[round 14/100] avg private log-likelihood = -3.360
[round 15/100] avg private log-likelihood = -3.359
[round 16/100] avg private log-likelihood = -3.359
[round 17/100] avg private log-likelihood = -3.358
[round 18/100] avg private log-likelihood = -3.357
[round 19/100] avg private log-likelihood = -3.358
[round 20/100] avg private log-likelihood = -3.357
[round 21/100] avg private log-likelihood = -3.358
[round 22/100] avg private log-likelihood = -3.358
[round 23/100] avg private log-likelihood = -3.358
[round 24/100] avg private log-likelihood = -3.357
[round 25/100] avg private log-likelihood = -3.357
[round 26/100] avg private log-likelihood = -3.357
[round 27/100] avg private log-likelihood = -3.357
[round 28/100] avg private log-likelihood = -3.356
[round 29/100] avg private log-likelihood = -3.356
[round 30/100] avg private log-likelihood = -3.355
[round 31/100] avg private log-likelihood = -3.356
[round 32/100] avg private log-likelihood = -3.355
[round 33/100] avg private log-likelihood = -3.355
[round 34/100] avg private log-likelihood = -3.354
[round 35/100] avg private log-likelihood = -3.354
[round 36/100] avg private log-likelihood = -3.354
[round 37/100] avg private log-likelihood = -3.353
[round 38/100] avg private log-likelihood = -3.353
[round 39/100] avg private log-likelihood = -3.353
[round 40/100] avg private log-likelihood = -3.352
[round 41/100] avg private log-likelihood = -3.352
[round 42/100] avg private log-likelihood = -3.352
[round 43/100] avg private log-likelihood = -3.351
[round 44/100] avg private log-likelihood = -3.350
[round 45/100] avg private log-likelihood = -3.350
[round 46/100] avg private log-likelihood = -3.349
[round 47/100] avg private log-likelihood = -3.349
[round 48/100] avg private log-likelihood = -3.349
[round 49/100] avg private log-likelihood = -3.348
[round 50/100] avg private log-likelihood = -3.347
[round 51/100] avg private log-likelihood = -3.347
[round 52/100] avg private log-likelihood = -3.346
[round 53/100] avg private log-likelihood = -3.346
[round 54/100] avg private log-likelihood = -3.345
[round 55/100] avg private log-likelihood = -3.344
[round 56/100] avg private log-likelihood = -3.343
[round 57/100] avg private log-likelihood = -3.342
[round 58/100] avg private log-likelihood = -3.342
[round 59/100] avg private log-likelihood = -3.341
[round 60/100] avg private log-likelihood = -3.340
[round 61/100] avg private log-likelihood = -3.340
[round 62/100] avg private log-likelihood = -3.339
[round 63/100] avg private log-likelihood = -3.338
[round 64/100] avg private log-likelihood = -3.336
[round 65/100] avg private log-likelihood = -3.336
[round 66/100] avg private log-likelihood = -3.336
[round 67/100] avg private log-likelihood = -3.335
[round 68/100] avg private log-likelihood = -3.334
[round 69/100] avg private log-likelihood = -3.335
[round 70/100] avg private log-likelihood = -3.334
[round 71/100] avg private log-likelihood = -3.333
[round 72/100] avg private log-likelihood = -3.332
[round 73/100] avg private log-likelihood = -3.332
[round 74/100] avg private log-likelihood = -3.331
[round 75/100] avg private log-likelihood = -3.331
[round 76/100] avg private log-likelihood = -3.331
[round 77/100] avg private log-likelihood = -3.331
[round 78/100] avg private log-likelihood = -3.329
[round 79/100] avg private log-likelihood = -3.329
[round 80/100] avg private log-likelihood = -3.328
[round 81/100] avg private log-likelihood = -3.328
[round 82/100] avg private log-likelihood = -3.328
[round 83/100] avg private log-likelihood = -3.327
[round 84/100] avg private log-likelihood = -3.327
[round 85/100] avg private log-likelihood = -3.326
[round 86/100] avg private log-likelihood = -3.326
[round 87/100] avg private log-likelihood = -3.326
[round 88/100] avg private log-likelihood = -3.326
[round 89/100] avg private log-likelihood = -3.324
[round 90/100] avg private log-likelihood = -3.324
[round 91/100] avg private log-likelihood = -3.324
[round 92/100] avg private log-likelihood = -3.324
[round 93/100] avg private log-likelihood = -3.323
[round 94/100] avg private log-likelihood = -3.323
[round 95/100] avg private log-likelihood = -3.322
[round 96/100] avg private log-likelihood = -3.322
[round 97/100] avg private log-likelihood = -3.323
[round 98/100] avg private log-likelihood = -3.323
[round 99/100] avg private log-likelihood = -3.321
[round 100/100] avg private log-likelihood = -3.321
[DONE] Results saved to results/D2_N50_lam1.0_seed5.json
