========================================
Running experiment on GPU
  D       = 4
  N       = 10
  lambda  = 0.5
  seed    = 9
  GPU     = 0
========================================
[round 01/100] avg private log-likelihood = -4.365
[round 02/100] avg private log-likelihood = -4.478
[round 03/100] avg private log-likelihood = -4.588
[round 04/100] avg private log-likelihood = -4.694
[round 05/100] avg private log-likelihood = -4.790
[round 06/100] avg private log-likelihood = -4.873
[round 07/100] avg private log-likelihood = -4.940
[round 08/100] avg private log-likelihood = -4.992
[round 09/100] avg private log-likelihood = -5.039
[round 10/100] avg private log-likelihood = -5.070
[round 11/100] avg private log-likelihood = -5.098
[round 12/100] avg private log-likelihood = -5.122
[round 13/100] avg private log-likelihood = -5.141
[round 14/100] avg private log-likelihood = -5.151
[round 15/100] avg private log-likelihood = -5.159
[round 16/100] avg private log-likelihood = -5.171
[round 17/100] avg private log-likelihood = -5.176
[round 18/100] avg private log-likelihood = -5.183
[round 19/100] avg private log-likelihood = -5.191
[round 20/100] avg private log-likelihood = -5.191
[round 21/100] avg private log-likelihood = -5.184
[round 22/100] avg private log-likelihood = -5.191
[round 23/100] avg private log-likelihood = -5.196
[round 24/100] avg private log-likelihood = -5.192
[round 25/100] avg private log-likelihood = -5.197
[round 26/100] avg private log-likelihood = -5.196
[round 27/100] avg private log-likelihood = -5.203
[round 28/100] avg private log-likelihood = -5.199
[round 29/100] avg private log-likelihood = -5.201
[round 30/100] avg private log-likelihood = -5.199
[round 31/100] avg private log-likelihood = -5.198
[round 32/100] avg private log-likelihood = -5.200
[round 33/100] avg private log-likelihood = -5.199
[round 34/100] avg private log-likelihood = -5.196
[round 35/100] avg private log-likelihood = -5.198
[round 36/100] avg private log-likelihood = -5.198
[round 37/100] avg private log-likelihood = -5.199
[round 38/100] avg private log-likelihood = -5.201
[round 39/100] avg private log-likelihood = -5.209
[round 40/100] avg private log-likelihood = -5.204
[round 41/100] avg private log-likelihood = -5.203
[round 42/100] avg private log-likelihood = -5.198
[round 43/100] avg private log-likelihood = -5.196
[round 44/100] avg private log-likelihood = -5.195
[round 45/100] avg private log-likelihood = -5.200
[round 46/100] avg private log-likelihood = -5.194
[round 47/100] avg private log-likelihood = -5.191
[round 48/100] avg private log-likelihood = -5.198
[round 49/100] avg private log-likelihood = -5.203
[round 50/100] avg private log-likelihood = -5.204
[round 51/100] avg private log-likelihood = -5.204
[round 52/100] avg private log-likelihood = -5.203
[round 53/100] avg private log-likelihood = -5.199
[round 54/100] avg private log-likelihood = -5.204
[round 55/100] avg private log-likelihood = -5.200
[round 56/100] avg private log-likelihood = -5.201
[round 57/100] avg private log-likelihood = -5.198
[round 58/100] avg private log-likelihood = -5.203
[round 59/100] avg private log-likelihood = -5.202
[round 60/100] avg private log-likelihood = -5.200
[round 61/100] avg private log-likelihood = -5.201
[round 62/100] avg private log-likelihood = -5.197
[round 63/100] avg private log-likelihood = -5.202
[round 64/100] avg private log-likelihood = -5.200
[round 65/100] avg private log-likelihood = -5.199
[round 66/100] avg private log-likelihood = -5.198
[round 67/100] avg private log-likelihood = -5.197
[round 68/100] avg private log-likelihood = -5.196
[round 69/100] avg private log-likelihood = -5.194
[round 70/100] avg private log-likelihood = -5.198
[round 71/100] avg private log-likelihood = -5.200
[round 72/100] avg private log-likelihood = -5.200
[round 73/100] avg private log-likelihood = -5.198
[round 74/100] avg private log-likelihood = -5.205
[round 75/100] avg private log-likelihood = -5.204
[round 76/100] avg private log-likelihood = -5.203
[round 77/100] avg private log-likelihood = -5.202
[round 78/100] avg private log-likelihood = -5.201
[round 79/100] avg private log-likelihood = -5.192
[round 80/100] avg private log-likelihood = -5.194
[round 81/100] avg private log-likelihood = -5.194
[round 82/100] avg private log-likelihood = -5.194
[round 83/100] avg private log-likelihood = -5.197
[round 84/100] avg private log-likelihood = -5.198
[round 85/100] avg private log-likelihood = -5.199
[round 86/100] avg private log-likelihood = -5.201
[round 87/100] avg private log-likelihood = -5.198
[round 88/100] avg private log-likelihood = -5.198
[round 89/100] avg private log-likelihood = -5.198
[round 90/100] avg private log-likelihood = -5.199
[round 91/100] avg private log-likelihood = -5.196
[round 92/100] avg private log-likelihood = -5.200
[round 93/100] avg private log-likelihood = -5.200
[round 94/100] avg private log-likelihood = -5.200
[round 95/100] avg private log-likelihood = -5.200
[round 96/100] avg private log-likelihood = -5.198
[round 97/100] avg private log-likelihood = -5.202
[round 98/100] avg private log-likelihood = -5.198
[round 99/100] avg private log-likelihood = -5.197
[round 100/100] avg private log-likelihood = -5.193
[round 01/100] avg private log-likelihood = -4.257
[round 02/100] avg private log-likelihood = -4.366
[round 03/100] avg private log-likelihood = -4.477
[round 04/100] avg private log-likelihood = -4.581
[round 05/100] avg private log-likelihood = -4.674
[round 06/100] avg private log-likelihood = -4.756
[round 07/100] avg private log-likelihood = -4.825
[round 08/100] avg private log-likelihood = -4.879
[round 09/100] avg private log-likelihood = -4.922
[round 10/100] avg private log-likelihood = -4.958
[round 11/100] avg private log-likelihood = -4.989
[round 12/100] avg private log-likelihood = -5.014
[round 13/100] avg private log-likelihood = -5.031
[round 14/100] avg private log-likelihood = -5.048
[round 15/100] avg private log-likelihood = -5.056
[round 16/100] avg private log-likelihood = -5.066
[round 17/100] avg private log-likelihood = -5.075
[round 18/100] avg private log-likelihood = -5.080
[round 19/100] avg private log-likelihood = -5.088
[round 20/100] avg private log-likelihood = -5.094
[round 21/100] avg private log-likelihood = -5.099
[round 22/100] avg private log-likelihood = -5.092
[round 23/100] avg private log-likelihood = -5.093
[round 24/100] avg private log-likelihood = -5.096
[round 25/100] avg private log-likelihood = -5.097
[round 26/100] avg private log-likelihood = -5.094
[round 27/100] avg private log-likelihood = -5.095
[round 28/100] avg private log-likelihood = -5.094
[round 29/100] avg private log-likelihood = -5.097
[round 30/100] avg private log-likelihood = -5.093
[round 31/100] avg private log-likelihood = -5.096
[round 32/100] avg private log-likelihood = -5.095
[round 33/100] avg private log-likelihood = -5.095
[round 34/100] avg private log-likelihood = -5.096
[round 35/100] avg private log-likelihood = -5.092
[round 36/100] avg private log-likelihood = -5.092
[round 37/100] avg private log-likelihood = -5.095
[round 38/100] avg private log-likelihood = -5.087
[round 39/100] avg private log-likelihood = -5.087
[round 40/100] avg private log-likelihood = -5.088
[round 41/100] avg private log-likelihood = -5.091
[round 42/100] avg private log-likelihood = -5.091
[round 43/100] avg private log-likelihood = -5.092
[round 44/100] avg private log-likelihood = -5.092
[round 45/100] avg private log-likelihood = -5.096
[round 46/100] avg private log-likelihood = -5.095
[round 47/100] avg private log-likelihood = -5.092
[round 48/100] avg private log-likelihood = -5.090
[round 49/100] avg private log-likelihood = -5.094
[round 50/100] avg private log-likelihood = -5.095
[round 51/100] avg private log-likelihood = -5.093
[round 52/100] avg private log-likelihood = -5.095
[round 53/100] avg private log-likelihood = -5.096
[round 54/100] avg private log-likelihood = -5.094
[round 55/100] avg private log-likelihood = -5.094
[round 56/100] avg private log-likelihood = -5.095
[round 57/100] avg private log-likelihood = -5.095
[round 58/100] avg private log-likelihood = -5.095
[round 59/100] avg private log-likelihood = -5.089
[round 60/100] avg private log-likelihood = -5.095
[round 61/100] avg private log-likelihood = -5.094
[round 62/100] avg private log-likelihood = -5.093
[round 63/100] avg private log-likelihood = -5.094
[round 64/100] avg private log-likelihood = -5.096
[round 65/100] avg private log-likelihood = -5.098
[round 66/100] avg private log-likelihood = -5.096
[round 67/100] avg private log-likelihood = -5.096
[round 68/100] avg private log-likelihood = -5.092
[round 69/100] avg private log-likelihood = -5.091
[round 70/100] avg private log-likelihood = -5.095
[round 71/100] avg private log-likelihood = -5.097
[round 72/100] avg private log-likelihood = -5.096
[round 73/100] avg private log-likelihood = -5.095
[round 74/100] avg private log-likelihood = -5.096
[round 75/100] avg private log-likelihood = -5.093
[round 76/100] avg private log-likelihood = -5.092
[round 77/100] avg private log-likelihood = -5.093
[round 78/100] avg private log-likelihood = -5.093
[round 79/100] avg private log-likelihood = -5.091
[round 80/100] avg private log-likelihood = -5.094
[round 81/100] avg private log-likelihood = -5.098
[round 82/100] avg private log-likelihood = -5.100
[round 83/100] avg private log-likelihood = -5.100
[round 84/100] avg private log-likelihood = -5.093
[round 85/100] avg private log-likelihood = -5.091
[round 86/100] avg private log-likelihood = -5.092
[round 87/100] avg private log-likelihood = -5.098
[round 88/100] avg private log-likelihood = -5.098
[round 89/100] avg private log-likelihood = -5.097
[round 90/100] avg private log-likelihood = -5.095
[round 91/100] avg private log-likelihood = -5.093
[round 92/100] avg private log-likelihood = -5.092
[round 93/100] avg private log-likelihood = -5.090
[round 94/100] avg private log-likelihood = -5.094
[round 95/100] avg private log-likelihood = -5.095
[round 96/100] avg private log-likelihood = -5.093
[round 97/100] avg private log-likelihood = -5.094
[round 98/100] avg private log-likelihood = -5.093
[round 99/100] avg private log-likelihood = -5.092
[round 100/100] avg private log-likelihood = -5.091
[DONE] Results saved to results/D4_N10_lam0.5_seed9.json
