========================================
Running experiment on GPU
  D       = 16
  N       = 25
  lambda  = 1.0
  seed    = 6
  GPU     = 0
========================================
[round 01/100] avg private log-likelihood = -20.950
[round 02/100] avg private log-likelihood = -21.108
[round 03/100] avg private log-likelihood = -21.227
[round 04/100] avg private log-likelihood = -21.291
[round 05/100] avg private log-likelihood = -21.325
[round 06/100] avg private log-likelihood = -21.341
[round 07/100] avg private log-likelihood = -21.347
[round 08/100] avg private log-likelihood = -21.351
[round 09/100] avg private log-likelihood = -21.351
[round 10/100] avg private log-likelihood = -21.353
[round 11/100] avg private log-likelihood = -21.353
[round 12/100] avg private log-likelihood = -21.348
[round 13/100] avg private log-likelihood = -21.349
[round 14/100] avg private log-likelihood = -21.347
[round 15/100] avg private log-likelihood = -21.352
[round 16/100] avg private log-likelihood = -21.356
[round 17/100] avg private log-likelihood = -21.354
[round 18/100] avg private log-likelihood = -21.353
[round 19/100] avg private log-likelihood = -21.360
[round 20/100] avg private log-likelihood = -21.358
[round 21/100] avg private log-likelihood = -21.358
[round 22/100] avg private log-likelihood = -21.359
[round 23/100] avg private log-likelihood = -21.346
[round 24/100] avg private log-likelihood = -21.357
[round 25/100] avg private log-likelihood = -21.358
[round 26/100] avg private log-likelihood = -21.349
[round 27/100] avg private log-likelihood = -21.357
[round 28/100] avg private log-likelihood = -21.347
[round 29/100] avg private log-likelihood = -21.358
[round 30/100] avg private log-likelihood = -21.364
[round 31/100] avg private log-likelihood = -21.357
[round 32/100] avg private log-likelihood = -21.353
[round 33/100] avg private log-likelihood = -21.353
[round 34/100] avg private log-likelihood = -21.351
[round 35/100] avg private log-likelihood = -21.358
[round 36/100] avg private log-likelihood = -21.350
[round 37/100] avg private log-likelihood = -21.353
[round 38/100] avg private log-likelihood = -21.359
[round 39/100] avg private log-likelihood = -21.349
[round 40/100] avg private log-likelihood = -21.353
[round 41/100] avg private log-likelihood = -21.358
[round 42/100] avg private log-likelihood = -21.365
[round 43/100] avg private log-likelihood = -21.358
[round 44/100] avg private log-likelihood = -21.359
[round 45/100] avg private log-likelihood = -21.361
[round 46/100] avg private log-likelihood = -21.355
[round 47/100] avg private log-likelihood = -21.360
[round 48/100] avg private log-likelihood = -21.359
[round 49/100] avg private log-likelihood = -21.360
[round 50/100] avg private log-likelihood = -21.355
[round 51/100] avg private log-likelihood = -21.354
[round 52/100] avg private log-likelihood = -21.360
[round 53/100] avg private log-likelihood = -21.357
[round 54/100] avg private log-likelihood = -21.347
[round 55/100] avg private log-likelihood = -21.351
[round 56/100] avg private log-likelihood = -21.356
[round 57/100] avg private log-likelihood = -21.353
[round 58/100] avg private log-likelihood = -21.356
[round 59/100] avg private log-likelihood = -21.353
[round 60/100] avg private log-likelihood = -21.355
[round 61/100] avg private log-likelihood = -21.355
[round 62/100] avg private log-likelihood = -21.357
[round 63/100] avg private log-likelihood = -21.357
[round 64/100] avg private log-likelihood = -21.358
[round 65/100] avg private log-likelihood = -21.358
[round 66/100] avg private log-likelihood = -21.356
[round 67/100] avg private log-likelihood = -21.352
[round 68/100] avg private log-likelihood = -21.356
[round 69/100] avg private log-likelihood = -21.354
[round 70/100] avg private log-likelihood = -21.359
[round 71/100] avg private log-likelihood = -21.357
[round 72/100] avg private log-likelihood = -21.357
[round 73/100] avg private log-likelihood = -21.355
[round 74/100] avg private log-likelihood = -21.358
[round 75/100] avg private log-likelihood = -21.350
[round 76/100] avg private log-likelihood = -21.351
[round 77/100] avg private log-likelihood = -21.350
[round 78/100] avg private log-likelihood = -21.357
[round 79/100] avg private log-likelihood = -21.357
[round 80/100] avg private log-likelihood = -21.358
[round 81/100] avg private log-likelihood = -21.351
[round 82/100] avg private log-likelihood = -21.348
[round 83/100] avg private log-likelihood = -21.353
[round 84/100] avg private log-likelihood = -21.354
[round 85/100] avg private log-likelihood = -21.357
[round 86/100] avg private log-likelihood = -21.357
[round 87/100] avg private log-likelihood = -21.357
[round 88/100] avg private log-likelihood = -21.358
[round 89/100] avg private log-likelihood = -21.357
[round 90/100] avg private log-likelihood = -21.358
[round 91/100] avg private log-likelihood = -21.354
[round 92/100] avg private log-likelihood = -21.353
[round 93/100] avg private log-likelihood = -21.357
[round 94/100] avg private log-likelihood = -21.359
[round 95/100] avg private log-likelihood = -21.354
[round 96/100] avg private log-likelihood = -21.354
[round 97/100] avg private log-likelihood = -21.361
[round 98/100] avg private log-likelihood = -21.358
[round 99/100] avg private log-likelihood = -21.364
[round 100/100] avg private log-likelihood = -21.357
[round 01/100] avg private log-likelihood = -20.939
[round 02/100] avg private log-likelihood = -21.088
[round 03/100] avg private log-likelihood = -21.208
[round 04/100] avg private log-likelihood = -21.279
[round 05/100] avg private log-likelihood = -21.315
[round 06/100] avg private log-likelihood = -21.335
[round 07/100] avg private log-likelihood = -21.344
[round 08/100] avg private log-likelihood = -21.347
[round 09/100] avg private log-likelihood = -21.350
[round 10/100] avg private log-likelihood = -21.348
[round 11/100] avg private log-likelihood = -21.349
[round 12/100] avg private log-likelihood = -21.349
[round 13/100] avg private log-likelihood = -21.350
[round 14/100] avg private log-likelihood = -21.351
[round 15/100] avg private log-likelihood = -21.350
[round 16/100] avg private log-likelihood = -21.350
[round 17/100] avg private log-likelihood = -21.350
[round 18/100] avg private log-likelihood = -21.351
[round 19/100] avg private log-likelihood = -21.352
[round 20/100] avg private log-likelihood = -21.352
[round 21/100] avg private log-likelihood = -21.352
[round 22/100] avg private log-likelihood = -21.352
[round 23/100] avg private log-likelihood = -21.350
[round 24/100] avg private log-likelihood = -21.350
[round 25/100] avg private log-likelihood = -21.351
[round 26/100] avg private log-likelihood = -21.350
[round 27/100] avg private log-likelihood = -21.354
[round 28/100] avg private log-likelihood = -21.351
[round 29/100] avg private log-likelihood = -21.347
[round 30/100] avg private log-likelihood = -21.349
[round 31/100] avg private log-likelihood = -21.346
[round 32/100] avg private log-likelihood = -21.350
[round 33/100] avg private log-likelihood = -21.350
[round 34/100] avg private log-likelihood = -21.351
[round 35/100] avg private log-likelihood = -21.352
[round 36/100] avg private log-likelihood = -21.352
[round 37/100] avg private log-likelihood = -21.351
[round 38/100] avg private log-likelihood = -21.348
[round 39/100] avg private log-likelihood = -21.352
[round 40/100] avg private log-likelihood = -21.348
[round 41/100] avg private log-likelihood = -21.351
[round 42/100] avg private log-likelihood = -21.349
[round 43/100] avg private log-likelihood = -21.351
[round 44/100] avg private log-likelihood = -21.349
[round 45/100] avg private log-likelihood = -21.350
[round 46/100] avg private log-likelihood = -21.351
[round 47/100] avg private log-likelihood = -21.351
[round 48/100] avg private log-likelihood = -21.352
[round 49/100] avg private log-likelihood = -21.350
[round 50/100] avg private log-likelihood = -21.347
[round 51/100] avg private log-likelihood = -21.350
[round 52/100] avg private log-likelihood = -21.351
[round 53/100] avg private log-likelihood = -21.352
[round 54/100] avg private log-likelihood = -21.352
[round 55/100] avg private log-likelihood = -21.345
[round 56/100] avg private log-likelihood = -21.345
[round 57/100] avg private log-likelihood = -21.347
[round 58/100] avg private log-likelihood = -21.352
[round 59/100] avg private log-likelihood = -21.351
[round 60/100] avg private log-likelihood = -21.352
[round 61/100] avg private log-likelihood = -21.351
[round 62/100] avg private log-likelihood = -21.347
[round 63/100] avg private log-likelihood = -21.350
[round 64/100] avg private log-likelihood = -21.349
[round 65/100] avg private log-likelihood = -21.352
[round 66/100] avg private log-likelihood = -21.352
[round 67/100] avg private log-likelihood = -21.345
[round 68/100] avg private log-likelihood = -21.349
[round 69/100] avg private log-likelihood = -21.351
[round 70/100] avg private log-likelihood = -21.351
[round 71/100] avg private log-likelihood = -21.354
[round 72/100] avg private log-likelihood = -21.353
[round 73/100] avg private log-likelihood = -21.354
[round 74/100] avg private log-likelihood = -21.349
[round 75/100] avg private log-likelihood = -21.348
[round 76/100] avg private log-likelihood = -21.347
[round 77/100] avg private log-likelihood = -21.349
[round 78/100] avg private log-likelihood = -21.350
[round 79/100] avg private log-likelihood = -21.351
[round 80/100] avg private log-likelihood = -21.351
[round 81/100] avg private log-likelihood = -21.352
[round 82/100] avg private log-likelihood = -21.352
[round 83/100] avg private log-likelihood = -21.349
[round 84/100] avg private log-likelihood = -21.350
[round 85/100] avg private log-likelihood = -21.349
[round 86/100] avg private log-likelihood = -21.348
[round 87/100] avg private log-likelihood = -21.349
[round 88/100] avg private log-likelihood = -21.350
[round 89/100] avg private log-likelihood = -21.352
[round 90/100] avg private log-likelihood = -21.352
[round 91/100] avg private log-likelihood = -21.354
[round 92/100] avg private log-likelihood = -21.351
[round 93/100] avg private log-likelihood = -21.351
[round 94/100] avg private log-likelihood = -21.354
[round 95/100] avg private log-likelihood = -21.356
[round 96/100] avg private log-likelihood = -21.353
[round 97/100] avg private log-likelihood = -21.349
[round 98/100] avg private log-likelihood = -21.352
[round 99/100] avg private log-likelihood = -21.349
[round 100/100] avg private log-likelihood = -21.350
[DONE] Results saved to results/D16_N25_lam1.0_seed6.json
