========================================
Running experiment on GPU
  D       = 16
  N       = 10
  lambda  = 0.5
  seed    = 9
  GPU     = 0
========================================
[round 01/100] avg private log-likelihood = -17.599
[round 02/100] avg private log-likelihood = -18.162
[round 03/100] avg private log-likelihood = -18.565
[round 04/100] avg private log-likelihood = -18.930
[round 05/100] avg private log-likelihood = -19.304
[round 06/100] avg private log-likelihood = -19.713
[round 07/100] avg private log-likelihood = -20.109
[round 08/100] avg private log-likelihood = -20.457
[round 09/100] avg private log-likelihood = -20.805
[round 10/100] avg private log-likelihood = -21.127
[round 11/100] avg private log-likelihood = -21.376
[round 12/100] avg private log-likelihood = -21.572
[round 13/100] avg private log-likelihood = -21.693
[round 14/100] avg private log-likelihood = -21.735
[round 15/100] avg private log-likelihood = -21.709
[round 16/100] avg private log-likelihood = -21.618
[round 17/100] avg private log-likelihood = -21.493
[round 18/100] avg private log-likelihood = -21.337
[round 19/100] avg private log-likelihood = -21.172
[round 20/100] avg private log-likelihood = -20.981
[round 21/100] avg private log-likelihood = -20.799
[round 22/100] avg private log-likelihood = -20.626
[round 23/100] avg private log-likelihood = -20.471
[round 24/100] avg private log-likelihood = -20.342
[round 25/100] avg private log-likelihood = -20.256
[round 26/100] avg private log-likelihood = -20.188
[round 27/100] avg private log-likelihood = -20.120
[round 28/100] avg private log-likelihood = -20.064
[round 29/100] avg private log-likelihood = -20.039
[round 30/100] avg private log-likelihood = -20.023
[round 31/100] avg private log-likelihood = -20.003
[round 32/100] avg private log-likelihood = -19.996
[round 33/100] avg private log-likelihood = -19.978
[round 34/100] avg private log-likelihood = -19.982
[round 35/100] avg private log-likelihood = -19.980
[round 36/100] avg private log-likelihood = -19.983
[round 37/100] avg private log-likelihood = -19.978
[round 38/100] avg private log-likelihood = -19.982
[round 39/100] avg private log-likelihood = -19.969
[round 40/100] avg private log-likelihood = -19.982
[round 41/100] avg private log-likelihood = -19.984
[round 42/100] avg private log-likelihood = -19.978
[round 43/100] avg private log-likelihood = -19.982
[round 44/100] avg private log-likelihood = -19.984
[round 45/100] avg private log-likelihood = -19.987
[round 46/100] avg private log-likelihood = -20.004
[round 47/100] avg private log-likelihood = -20.003
[round 48/100] avg private log-likelihood = -19.997
[round 49/100] avg private log-likelihood = -19.994
[round 50/100] avg private log-likelihood = -19.988
[round 51/100] avg private log-likelihood = -19.968
[round 52/100] avg private log-likelihood = -19.980
[round 53/100] avg private log-likelihood = -19.987
[round 54/100] avg private log-likelihood = -19.986
[round 55/100] avg private log-likelihood = -19.986
[round 56/100] avg private log-likelihood = -19.975
[round 57/100] avg private log-likelihood = -19.981
[round 58/100] avg private log-likelihood = -19.978
[round 59/100] avg private log-likelihood = -19.979
[round 60/100] avg private log-likelihood = -19.989
[round 61/100] avg private log-likelihood = -19.992
[round 62/100] avg private log-likelihood = -19.995
[round 63/100] avg private log-likelihood = -19.987
[round 64/100] avg private log-likelihood = -19.985
[round 65/100] avg private log-likelihood = -19.979
[round 66/100] avg private log-likelihood = -19.986
[round 67/100] avg private log-likelihood = -19.988
[round 68/100] avg private log-likelihood = -19.986
[round 69/100] avg private log-likelihood = -19.987
[round 70/100] avg private log-likelihood = -19.994
[round 71/100] avg private log-likelihood = -19.997
[round 72/100] avg private log-likelihood = -19.967
[round 73/100] avg private log-likelihood = -19.968
[round 74/100] avg private log-likelihood = -19.970
[round 75/100] avg private log-likelihood = -19.975
[round 76/100] avg private log-likelihood = -19.981
[round 77/100] avg private log-likelihood = -19.986
[round 78/100] avg private log-likelihood = -19.992
[round 79/100] avg private log-likelihood = -19.984
[round 80/100] avg private log-likelihood = -19.982
[round 81/100] avg private log-likelihood = -19.976
[round 82/100] avg private log-likelihood = -19.978
[round 83/100] avg private log-likelihood = -19.984
[round 84/100] avg private log-likelihood = -19.971
[round 85/100] avg private log-likelihood = -19.976
[round 86/100] avg private log-likelihood = -19.982
[round 87/100] avg private log-likelihood = -19.980
[round 88/100] avg private log-likelihood = -19.989
[round 89/100] avg private log-likelihood = -19.991
[round 90/100] avg private log-likelihood = -19.991
[round 91/100] avg private log-likelihood = -19.993
[round 92/100] avg private log-likelihood = -19.983
[round 93/100] avg private log-likelihood = -19.985
[round 94/100] avg private log-likelihood = -19.982
[round 95/100] avg private log-likelihood = -19.976
[round 96/100] avg private log-likelihood = -19.983
[round 97/100] avg private log-likelihood = -19.975
[round 98/100] avg private log-likelihood = -19.972
[round 99/100] avg private log-likelihood = -19.978
[round 100/100] avg private log-likelihood = -19.976
[round 01/100] avg private log-likelihood = -17.539
[round 02/100] avg private log-likelihood = -18.103
[round 03/100] avg private log-likelihood = -18.520
[round 04/100] avg private log-likelihood = -18.921
[round 05/100] avg private log-likelihood = -19.291
[round 06/100] avg private log-likelihood = -19.683
[round 07/100] avg private log-likelihood = -20.067
[round 08/100] avg private log-likelihood = -20.430
[round 09/100] avg private log-likelihood = -20.788
[round 10/100] avg private log-likelihood = -21.104
[round 11/100] avg private log-likelihood = -21.370
[round 12/100] avg private log-likelihood = -21.578
[round 13/100] avg private log-likelihood = -21.708
[round 14/100] avg private log-likelihood = -21.753
[round 15/100] avg private log-likelihood = -21.715
[round 16/100] avg private log-likelihood = -21.632
[round 17/100] avg private log-likelihood = -21.528
[round 18/100] avg private log-likelihood = -21.375
[round 19/100] avg private log-likelihood = -21.212
[round 20/100] avg private log-likelihood = -21.035
[round 21/100] avg private log-likelihood = -20.865
[round 22/100] avg private log-likelihood = -20.693
[round 23/100] avg private log-likelihood = -20.539
[round 24/100] avg private log-likelihood = -20.402
[round 25/100] avg private log-likelihood = -20.295
[round 26/100] avg private log-likelihood = -20.212
[round 27/100] avg private log-likelihood = -20.150
[round 28/100] avg private log-likelihood = -20.106
[round 29/100] avg private log-likelihood = -20.071
[round 30/100] avg private log-likelihood = -20.048
[round 31/100] avg private log-likelihood = -20.022
[round 32/100] avg private log-likelihood = -20.012
[round 33/100] avg private log-likelihood = -19.994
[round 34/100] avg private log-likelihood = -19.979
[round 35/100] avg private log-likelihood = -19.974
[round 36/100] avg private log-likelihood = -19.969
[round 37/100] avg private log-likelihood = -19.975
[round 38/100] avg private log-likelihood = -19.977
[round 39/100] avg private log-likelihood = -19.977
[round 40/100] avg private log-likelihood = -19.974
[round 41/100] avg private log-likelihood = -19.997
[round 42/100] avg private log-likelihood = -19.990
[round 43/100] avg private log-likelihood = -19.979
[round 44/100] avg private log-likelihood = -19.984
[round 45/100] avg private log-likelihood = -19.979
[round 46/100] avg private log-likelihood = -19.968
[round 47/100] avg private log-likelihood = -19.976
[round 48/100] avg private log-likelihood = -19.987
[round 49/100] avg private log-likelihood = -19.990
[round 50/100] avg private log-likelihood = -19.988
[round 51/100] avg private log-likelihood = -19.981
[round 52/100] avg private log-likelihood = -19.988
[round 53/100] avg private log-likelihood = -19.990
[round 54/100] avg private log-likelihood = -19.986
[round 55/100] avg private log-likelihood = -19.990
[round 56/100] avg private log-likelihood = -19.981
[round 57/100] avg private log-likelihood = -19.988
[round 58/100] avg private log-likelihood = -19.977
[round 59/100] avg private log-likelihood = -19.970
[round 60/100] avg private log-likelihood = -19.977
[round 61/100] avg private log-likelihood = -19.975
[round 62/100] avg private log-likelihood = -19.974
[round 63/100] avg private log-likelihood = -19.981
[round 64/100] avg private log-likelihood = -19.987
[round 65/100] avg private log-likelihood = -19.985
[round 66/100] avg private log-likelihood = -19.976
[round 67/100] avg private log-likelihood = -19.982
[round 68/100] avg private log-likelihood = -19.991
[round 69/100] avg private log-likelihood = -19.990
[round 70/100] avg private log-likelihood = -19.994
[round 71/100] avg private log-likelihood = -19.986
[round 72/100] avg private log-likelihood = -19.991
[round 73/100] avg private log-likelihood = -19.998
[round 74/100] avg private log-likelihood = -19.995
[round 75/100] avg private log-likelihood = -19.992
[round 76/100] avg private log-likelihood = -19.980
[round 77/100] avg private log-likelihood = -19.991
[round 78/100] avg private log-likelihood = -19.997
[round 79/100] avg private log-likelihood = -20.000
[round 80/100] avg private log-likelihood = -20.013
[round 81/100] avg private log-likelihood = -20.007
[round 82/100] avg private log-likelihood = -20.002
[round 83/100] avg private log-likelihood = -20.001
[round 84/100] avg private log-likelihood = -19.992
[round 85/100] avg private log-likelihood = -19.992
[round 86/100] avg private log-likelihood = -19.989
[round 87/100] avg private log-likelihood = -19.993
[round 88/100] avg private log-likelihood = -19.996
[round 89/100] avg private log-likelihood = -19.998
[round 90/100] avg private log-likelihood = -19.997
[round 91/100] avg private log-likelihood = -19.984
[round 92/100] avg private log-likelihood = -19.992
[round 93/100] avg private log-likelihood = -19.982
[round 94/100] avg private log-likelihood = -19.985
[round 95/100] avg private log-likelihood = -19.984
[round 96/100] avg private log-likelihood = -19.974
[round 97/100] avg private log-likelihood = -19.968
[round 98/100] avg private log-likelihood = -19.973
[round 99/100] avg private log-likelihood = -19.983
[round 100/100] avg private log-likelihood = -19.997
[DONE] Results saved to results/D16_N10_lam0.5_seed9.json
