========================================
Running experiment on GPU
  D       = 16
  N       = 10
  lambda  = 0.5
  seed    = 2
  GPU     = 0
========================================
[round 01/100] avg private log-likelihood = -14.344
[round 02/100] avg private log-likelihood = -14.756
[round 03/100] avg private log-likelihood = -15.142
[round 04/100] avg private log-likelihood = -15.519
[round 05/100] avg private log-likelihood = -15.874
[round 06/100] avg private log-likelihood = -16.204
[round 07/100] avg private log-likelihood = -16.498
[round 08/100] avg private log-likelihood = -16.763
[round 09/100] avg private log-likelihood = -16.989
[round 10/100] avg private log-likelihood = -17.200
[round 11/100] avg private log-likelihood = -17.359
[round 12/100] avg private log-likelihood = -17.504
[round 13/100] avg private log-likelihood = -17.619
[round 14/100] avg private log-likelihood = -17.740
[round 15/100] avg private log-likelihood = -17.848
[round 16/100] avg private log-likelihood = -17.941
[round 17/100] avg private log-likelihood = -18.013
[round 18/100] avg private log-likelihood = -18.056
[round 19/100] avg private log-likelihood = -18.068
[round 20/100] avg private log-likelihood = -18.092
[round 21/100] avg private log-likelihood = -18.098
[round 22/100] avg private log-likelihood = -18.109
[round 23/100] avg private log-likelihood = -18.123
[round 24/100] avg private log-likelihood = -18.122
[round 25/100] avg private log-likelihood = -18.113
[round 26/100] avg private log-likelihood = -18.125
[round 27/100] avg private log-likelihood = -18.129
[round 28/100] avg private log-likelihood = -18.148
[round 29/100] avg private log-likelihood = -18.158
[round 30/100] avg private log-likelihood = -18.151
[round 31/100] avg private log-likelihood = -18.135
[round 32/100] avg private log-likelihood = -18.146
[round 33/100] avg private log-likelihood = -18.143
[round 34/100] avg private log-likelihood = -18.133
[round 35/100] avg private log-likelihood = -18.143
[round 36/100] avg private log-likelihood = -18.124
[round 37/100] avg private log-likelihood = -18.126
[round 38/100] avg private log-likelihood = -18.139
[round 39/100] avg private log-likelihood = -18.137
[round 40/100] avg private log-likelihood = -18.122
[round 41/100] avg private log-likelihood = -18.128
[round 42/100] avg private log-likelihood = -18.131
[round 43/100] avg private log-likelihood = -18.135
[round 44/100] avg private log-likelihood = -18.127
[round 45/100] avg private log-likelihood = -18.135
[round 46/100] avg private log-likelihood = -18.132
[round 47/100] avg private log-likelihood = -18.135
[round 48/100] avg private log-likelihood = -18.134
[round 49/100] avg private log-likelihood = -18.142
[round 50/100] avg private log-likelihood = -18.144
[round 51/100] avg private log-likelihood = -18.135
[round 52/100] avg private log-likelihood = -18.140
[round 53/100] avg private log-likelihood = -18.140
[round 54/100] avg private log-likelihood = -18.135
[round 55/100] avg private log-likelihood = -18.129
[round 56/100] avg private log-likelihood = -18.140
[round 57/100] avg private log-likelihood = -18.123
[round 58/100] avg private log-likelihood = -18.112
[round 59/100] avg private log-likelihood = -18.126
[round 60/100] avg private log-likelihood = -18.138
[round 61/100] avg private log-likelihood = -18.141
[round 62/100] avg private log-likelihood = -18.139
[round 63/100] avg private log-likelihood = -18.136
[round 64/100] avg private log-likelihood = -18.124
[round 65/100] avg private log-likelihood = -18.118
[round 66/100] avg private log-likelihood = -18.126
[round 67/100] avg private log-likelihood = -18.125
[round 68/100] avg private log-likelihood = -18.128
[round 69/100] avg private log-likelihood = -18.128
[round 70/100] avg private log-likelihood = -18.125
[round 71/100] avg private log-likelihood = -18.132
[round 72/100] avg private log-likelihood = -18.131
[round 73/100] avg private log-likelihood = -18.137
[round 74/100] avg private log-likelihood = -18.134
[round 75/100] avg private log-likelihood = -18.130
[round 76/100] avg private log-likelihood = -18.141
[round 77/100] avg private log-likelihood = -18.138
[round 78/100] avg private log-likelihood = -18.137
[round 79/100] avg private log-likelihood = -18.147
[round 80/100] avg private log-likelihood = -18.149
[round 81/100] avg private log-likelihood = -18.133
[round 82/100] avg private log-likelihood = -18.123
[round 83/100] avg private log-likelihood = -18.126
[round 84/100] avg private log-likelihood = -18.127
[round 85/100] avg private log-likelihood = -18.126
[round 86/100] avg private log-likelihood = -18.138
[round 87/100] avg private log-likelihood = -18.146
[round 88/100] avg private log-likelihood = -18.147
[round 89/100] avg private log-likelihood = -18.134
[round 90/100] avg private log-likelihood = -18.158
[round 91/100] avg private log-likelihood = -18.147
[round 92/100] avg private log-likelihood = -18.134
[round 93/100] avg private log-likelihood = -18.139
[round 94/100] avg private log-likelihood = -18.142
[round 95/100] avg private log-likelihood = -18.139
[round 96/100] avg private log-likelihood = -18.130
[round 97/100] avg private log-likelihood = -18.131
[round 98/100] avg private log-likelihood = -18.125
[round 99/100] avg private log-likelihood = -18.140
[round 100/100] avg private log-likelihood = -18.115
[round 01/100] avg private log-likelihood = -14.322
[round 02/100] avg private log-likelihood = -14.733
[round 03/100] avg private log-likelihood = -15.110
[round 04/100] avg private log-likelihood = -15.500
[round 05/100] avg private log-likelihood = -15.859
[round 06/100] avg private log-likelihood = -16.178
[round 07/100] avg private log-likelihood = -16.481
[round 08/100] avg private log-likelihood = -16.739
[round 09/100] avg private log-likelihood = -16.969
[round 10/100] avg private log-likelihood = -17.174
[round 11/100] avg private log-likelihood = -17.343
[round 12/100] avg private log-likelihood = -17.487
[round 13/100] avg private log-likelihood = -17.616
[round 14/100] avg private log-likelihood = -17.721
[round 15/100] avg private log-likelihood = -17.829
[round 16/100] avg private log-likelihood = -17.917
[round 17/100] avg private log-likelihood = -17.972
[round 18/100] avg private log-likelihood = -18.023
[round 19/100] avg private log-likelihood = -18.061
[round 20/100] avg private log-likelihood = -18.079
[round 21/100] avg private log-likelihood = -18.090
[round 22/100] avg private log-likelihood = -18.117
[round 23/100] avg private log-likelihood = -18.109
[round 24/100] avg private log-likelihood = -18.110
[round 25/100] avg private log-likelihood = -18.113
[round 26/100] avg private log-likelihood = -18.132
[round 27/100] avg private log-likelihood = -18.129
[round 28/100] avg private log-likelihood = -18.127
[round 29/100] avg private log-likelihood = -18.126
[round 30/100] avg private log-likelihood = -18.134
[round 31/100] avg private log-likelihood = -18.123
[round 32/100] avg private log-likelihood = -18.114
[round 33/100] avg private log-likelihood = -18.118
[round 34/100] avg private log-likelihood = -18.118
[round 35/100] avg private log-likelihood = -18.122
[round 36/100] avg private log-likelihood = -18.122
[round 37/100] avg private log-likelihood = -18.122
[round 38/100] avg private log-likelihood = -18.123
[round 39/100] avg private log-likelihood = -18.132
[round 40/100] avg private log-likelihood = -18.132
[round 41/100] avg private log-likelihood = -18.133
[round 42/100] avg private log-likelihood = -18.129
[round 43/100] avg private log-likelihood = -18.125
[round 44/100] avg private log-likelihood = -18.126
[round 45/100] avg private log-likelihood = -18.136
[round 46/100] avg private log-likelihood = -18.132
[round 47/100] avg private log-likelihood = -18.131
[round 48/100] avg private log-likelihood = -18.129
[round 49/100] avg private log-likelihood = -18.121
[round 50/100] avg private log-likelihood = -18.107
[round 51/100] avg private log-likelihood = -18.118
[round 52/100] avg private log-likelihood = -18.126
[round 53/100] avg private log-likelihood = -18.142
[round 54/100] avg private log-likelihood = -18.137
[round 55/100] avg private log-likelihood = -18.138
[round 56/100] avg private log-likelihood = -18.129
[round 57/100] avg private log-likelihood = -18.138
[round 58/100] avg private log-likelihood = -18.139
[round 59/100] avg private log-likelihood = -18.152
[round 60/100] avg private log-likelihood = -18.149
[round 61/100] avg private log-likelihood = -18.149
[round 62/100] avg private log-likelihood = -18.143
[round 63/100] avg private log-likelihood = -18.136
[round 64/100] avg private log-likelihood = -18.141
[round 65/100] avg private log-likelihood = -18.131
[round 66/100] avg private log-likelihood = -18.128
[round 67/100] avg private log-likelihood = -18.138
[round 68/100] avg private log-likelihood = -18.135
[round 69/100] avg private log-likelihood = -18.138
[round 70/100] avg private log-likelihood = -18.133
[round 71/100] avg private log-likelihood = -18.125
[round 72/100] avg private log-likelihood = -18.137
[round 73/100] avg private log-likelihood = -18.129
[round 74/100] avg private log-likelihood = -18.127
[round 75/100] avg private log-likelihood = -18.156
[round 76/100] avg private log-likelihood = -18.138
[round 77/100] avg private log-likelihood = -18.134
[round 78/100] avg private log-likelihood = -18.131
[round 79/100] avg private log-likelihood = -18.124
[round 80/100] avg private log-likelihood = -18.115
[round 81/100] avg private log-likelihood = -18.118
[round 82/100] avg private log-likelihood = -18.137
[round 83/100] avg private log-likelihood = -18.123
[round 84/100] avg private log-likelihood = -18.120
[round 85/100] avg private log-likelihood = -18.108
[round 86/100] avg private log-likelihood = -18.120
[round 87/100] avg private log-likelihood = -18.119
[round 88/100] avg private log-likelihood = -18.118
[round 89/100] avg private log-likelihood = -18.130
[round 90/100] avg private log-likelihood = -18.128
[round 91/100] avg private log-likelihood = -18.135
[round 92/100] avg private log-likelihood = -18.140
[round 93/100] avg private log-likelihood = -18.140
[round 94/100] avg private log-likelihood = -18.133
[round 95/100] avg private log-likelihood = -18.145
[round 96/100] avg private log-likelihood = -18.143
[round 97/100] avg private log-likelihood = -18.122
[round 98/100] avg private log-likelihood = -18.130
[round 99/100] avg private log-likelihood = -18.120
[round 100/100] avg private log-likelihood = -18.142
[DONE] Results saved to results/D16_N10_lam0.5_seed2.json
