========================================
Running experiment on GPU
  D       = 16
  N       = 25
  lambda  = 1.0
  seed    = 1
  GPU     = 0
========================================
[round 01/100] avg private log-likelihood = -21.518
[round 02/100] avg private log-likelihood = -21.664
[round 03/100] avg private log-likelihood = -21.768
[round 04/100] avg private log-likelihood = -21.833
[round 05/100] avg private log-likelihood = -21.862
[round 06/100] avg private log-likelihood = -21.884
[round 07/100] avg private log-likelihood = -21.884
[round 08/100] avg private log-likelihood = -21.888
[round 09/100] avg private log-likelihood = -21.887
[round 10/100] avg private log-likelihood = -21.880
[round 11/100] avg private log-likelihood = -21.884
[round 12/100] avg private log-likelihood = -21.880
[round 13/100] avg private log-likelihood = -21.892
[round 14/100] avg private log-likelihood = -21.894
[round 15/100] avg private log-likelihood = -21.884
[round 16/100] avg private log-likelihood = -21.887
[round 17/100] avg private log-likelihood = -21.886
[round 18/100] avg private log-likelihood = -21.885
[round 19/100] avg private log-likelihood = -21.886
[round 20/100] avg private log-likelihood = -21.886
[round 21/100] avg private log-likelihood = -21.892
[round 22/100] avg private log-likelihood = -21.891
[round 23/100] avg private log-likelihood = -21.886
[round 24/100] avg private log-likelihood = -21.888
[round 25/100] avg private log-likelihood = -21.885
[round 26/100] avg private log-likelihood = -21.887
[round 27/100] avg private log-likelihood = -21.884
[round 28/100] avg private log-likelihood = -21.883
[round 29/100] avg private log-likelihood = -21.881
[round 30/100] avg private log-likelihood = -21.884
[round 31/100] avg private log-likelihood = -21.889
[round 32/100] avg private log-likelihood = -21.890
[round 33/100] avg private log-likelihood = -21.888
[round 34/100] avg private log-likelihood = -21.887
[round 35/100] avg private log-likelihood = -21.884
[round 36/100] avg private log-likelihood = -21.887
[round 37/100] avg private log-likelihood = -21.884
[round 38/100] avg private log-likelihood = -21.881
[round 39/100] avg private log-likelihood = -21.883
[round 40/100] avg private log-likelihood = -21.888
[round 41/100] avg private log-likelihood = -21.889
[round 42/100] avg private log-likelihood = -21.885
[round 43/100] avg private log-likelihood = -21.886
[round 44/100] avg private log-likelihood = -21.888
[round 45/100] avg private log-likelihood = -21.889
[round 46/100] avg private log-likelihood = -21.891
[round 47/100] avg private log-likelihood = -21.891
[round 48/100] avg private log-likelihood = -21.887
[round 49/100] avg private log-likelihood = -21.893
[round 50/100] avg private log-likelihood = -21.889
[round 51/100] avg private log-likelihood = -21.886
[round 52/100] avg private log-likelihood = -21.892
[round 53/100] avg private log-likelihood = -21.885
[round 54/100] avg private log-likelihood = -21.882
[round 55/100] avg private log-likelihood = -21.884
[round 56/100] avg private log-likelihood = -21.888
[round 57/100] avg private log-likelihood = -21.882
[round 58/100] avg private log-likelihood = -21.890
[round 59/100] avg private log-likelihood = -21.887
[round 60/100] avg private log-likelihood = -21.888
[round 61/100] avg private log-likelihood = -21.894
[round 62/100] avg private log-likelihood = -21.882
[round 63/100] avg private log-likelihood = -21.882
[round 64/100] avg private log-likelihood = -21.886
[round 65/100] avg private log-likelihood = -21.886
[round 66/100] avg private log-likelihood = -21.892
[round 67/100] avg private log-likelihood = -21.885
[round 68/100] avg private log-likelihood = -21.885
[round 69/100] avg private log-likelihood = -21.889
[round 70/100] avg private log-likelihood = -21.887
[round 71/100] avg private log-likelihood = -21.886
[round 72/100] avg private log-likelihood = -21.881
[round 73/100] avg private log-likelihood = -21.898
[round 74/100] avg private log-likelihood = -21.887
[round 75/100] avg private log-likelihood = -21.886
[round 76/100] avg private log-likelihood = -21.890
[round 77/100] avg private log-likelihood = -21.891
[round 78/100] avg private log-likelihood = -21.885
[round 79/100] avg private log-likelihood = -21.891
[round 80/100] avg private log-likelihood = -21.883
[round 81/100] avg private log-likelihood = -21.886
[round 82/100] avg private log-likelihood = -21.888
[round 83/100] avg private log-likelihood = -21.887
[round 84/100] avg private log-likelihood = -21.885
[round 85/100] avg private log-likelihood = -21.887
[round 86/100] avg private log-likelihood = -21.889
[round 87/100] avg private log-likelihood = -21.888
[round 88/100] avg private log-likelihood = -21.886
[round 89/100] avg private log-likelihood = -21.889
[round 90/100] avg private log-likelihood = -21.892
[round 91/100] avg private log-likelihood = -21.891
[round 92/100] avg private log-likelihood = -21.885
[round 93/100] avg private log-likelihood = -21.882
[round 94/100] avg private log-likelihood = -21.884
[round 95/100] avg private log-likelihood = -21.888
[round 96/100] avg private log-likelihood = -21.890
[round 97/100] avg private log-likelihood = -21.889
[round 98/100] avg private log-likelihood = -21.884
[round 99/100] avg private log-likelihood = -21.888
[round 100/100] avg private log-likelihood = -21.887
[round 01/100] avg private log-likelihood = -21.506
[round 02/100] avg private log-likelihood = -21.643
[round 03/100] avg private log-likelihood = -21.750
[round 04/100] avg private log-likelihood = -21.815
[round 05/100] avg private log-likelihood = -21.850
[round 06/100] avg private log-likelihood = -21.870
[round 07/100] avg private log-likelihood = -21.878
[round 08/100] avg private log-likelihood = -21.879
[round 09/100] avg private log-likelihood = -21.883
[round 10/100] avg private log-likelihood = -21.883
[round 11/100] avg private log-likelihood = -21.881
[round 12/100] avg private log-likelihood = -21.880
[round 13/100] avg private log-likelihood = -21.882
[round 14/100] avg private log-likelihood = -21.881
[round 15/100] avg private log-likelihood = -21.883
[round 16/100] avg private log-likelihood = -21.881
[round 17/100] avg private log-likelihood = -21.883
[round 18/100] avg private log-likelihood = -21.884
[round 19/100] avg private log-likelihood = -21.881
[round 20/100] avg private log-likelihood = -21.884
[round 21/100] avg private log-likelihood = -21.881
[round 22/100] avg private log-likelihood = -21.884
[round 23/100] avg private log-likelihood = -21.878
[round 24/100] avg private log-likelihood = -21.882
[round 25/100] avg private log-likelihood = -21.883
[round 26/100] avg private log-likelihood = -21.881
[round 27/100] avg private log-likelihood = -21.881
[round 28/100] avg private log-likelihood = -21.880
[round 29/100] avg private log-likelihood = -21.881
[round 30/100] avg private log-likelihood = -21.882
[round 31/100] avg private log-likelihood = -21.883
[round 32/100] avg private log-likelihood = -21.882
[round 33/100] avg private log-likelihood = -21.884
[round 34/100] avg private log-likelihood = -21.884
[round 35/100] avg private log-likelihood = -21.880
[round 36/100] avg private log-likelihood = -21.884
[round 37/100] avg private log-likelihood = -21.885
[round 38/100] avg private log-likelihood = -21.885
[round 39/100] avg private log-likelihood = -21.884
[round 40/100] avg private log-likelihood = -21.881
[round 41/100] avg private log-likelihood = -21.881
[round 42/100] avg private log-likelihood = -21.882
[round 43/100] avg private log-likelihood = -21.885
[round 44/100] avg private log-likelihood = -21.886
[round 45/100] avg private log-likelihood = -21.887
[round 46/100] avg private log-likelihood = -21.882
[round 47/100] avg private log-likelihood = -21.881
[round 48/100] avg private log-likelihood = -21.885
[round 49/100] avg private log-likelihood = -21.883
[round 50/100] avg private log-likelihood = -21.880
[round 51/100] avg private log-likelihood = -21.882
[round 52/100] avg private log-likelihood = -21.882
[round 53/100] avg private log-likelihood = -21.885
[round 54/100] avg private log-likelihood = -21.883
[round 55/100] avg private log-likelihood = -21.882
[round 56/100] avg private log-likelihood = -21.883
[round 57/100] avg private log-likelihood = -21.883
[round 58/100] avg private log-likelihood = -21.883
[round 59/100] avg private log-likelihood = -21.880
[round 60/100] avg private log-likelihood = -21.880
[round 61/100] avg private log-likelihood = -21.882
[round 62/100] avg private log-likelihood = -21.880
[round 63/100] avg private log-likelihood = -21.882
[round 64/100] avg private log-likelihood = -21.883
[round 65/100] avg private log-likelihood = -21.882
[round 66/100] avg private log-likelihood = -21.881
[round 67/100] avg private log-likelihood = -21.884
[round 68/100] avg private log-likelihood = -21.884
[round 69/100] avg private log-likelihood = -21.886
[round 70/100] avg private log-likelihood = -21.885
[round 71/100] avg private log-likelihood = -21.883
[round 72/100] avg private log-likelihood = -21.885
[round 73/100] avg private log-likelihood = -21.884
[round 74/100] avg private log-likelihood = -21.884
[round 75/100] avg private log-likelihood = -21.882
[round 76/100] avg private log-likelihood = -21.881
[round 77/100] avg private log-likelihood = -21.882
[round 78/100] avg private log-likelihood = -21.886
[round 79/100] avg private log-likelihood = -21.885
[round 80/100] avg private log-likelihood = -21.881
[round 81/100] avg private log-likelihood = -21.882
[round 82/100] avg private log-likelihood = -21.882
[round 83/100] avg private log-likelihood = -21.881
[round 84/100] avg private log-likelihood = -21.881
[round 85/100] avg private log-likelihood = -21.882
[round 86/100] avg private log-likelihood = -21.887
[round 87/100] avg private log-likelihood = -21.883
[round 88/100] avg private log-likelihood = -21.880
[round 89/100] avg private log-likelihood = -21.883
[round 90/100] avg private log-likelihood = -21.883
[round 91/100] avg private log-likelihood = -21.884
[round 92/100] avg private log-likelihood = -21.884
[round 93/100] avg private log-likelihood = -21.883
[round 94/100] avg private log-likelihood = -21.886
[round 95/100] avg private log-likelihood = -21.882
[round 96/100] avg private log-likelihood = -21.883
[round 97/100] avg private log-likelihood = -21.882
[round 98/100] avg private log-likelihood = -21.885
[round 99/100] avg private log-likelihood = -21.884
[round 100/100] avg private log-likelihood = -21.887
[DONE] Results saved to results/D16_N25_lam1.0_seed1.json
