========================================
Running experiment on GPU
  D       = 16
  N       = 10
  lambda  = 1.0
  seed    = 8
  GPU     = 0
========================================
[round 01/100] avg private log-likelihood = -16.175
[round 02/100] avg private log-likelihood = -16.794
[round 03/100] avg private log-likelihood = -17.482
[round 04/100] avg private log-likelihood = -18.025
[round 05/100] avg private log-likelihood = -18.524
[round 06/100] avg private log-likelihood = -18.953
[round 07/100] avg private log-likelihood = -19.375
[round 08/100] avg private log-likelihood = -19.796
[round 09/100] avg private log-likelihood = -20.210
[round 10/100] avg private log-likelihood = -20.639
[round 11/100] avg private log-likelihood = -21.028
[round 12/100] avg private log-likelihood = -21.389
[round 13/100] avg private log-likelihood = -21.766
[round 14/100] avg private log-likelihood = -22.129
[round 15/100] avg private log-likelihood = -22.418
[round 16/100] avg private log-likelihood = -22.696
[round 17/100] avg private log-likelihood = -22.942
[round 18/100] avg private log-likelihood = -23.113
[round 19/100] avg private log-likelihood = -23.249
[round 20/100] avg private log-likelihood = -23.328
[round 21/100] avg private log-likelihood = -23.421
[round 22/100] avg private log-likelihood = -23.485
[round 23/100] avg private log-likelihood = -23.495
[round 24/100] avg private log-likelihood = -23.544
[round 25/100] avg private log-likelihood = -23.547
[round 26/100] avg private log-likelihood = -23.554
[round 27/100] avg private log-likelihood = -23.526
[round 28/100] avg private log-likelihood = -23.525
[round 29/100] avg private log-likelihood = -23.504
[round 30/100] avg private log-likelihood = -23.481
[round 31/100] avg private log-likelihood = -23.471
[round 32/100] avg private log-likelihood = -23.449
[round 33/100] avg private log-likelihood = -23.426
[round 34/100] avg private log-likelihood = -23.464
[round 35/100] avg private log-likelihood = -23.470
[round 36/100] avg private log-likelihood = -23.457
[round 37/100] avg private log-likelihood = -23.449
[round 38/100] avg private log-likelihood = -23.454
[round 39/100] avg private log-likelihood = -23.441
[round 40/100] avg private log-likelihood = -23.444
[round 41/100] avg private log-likelihood = -23.449
[round 42/100] avg private log-likelihood = -23.458
[round 43/100] avg private log-likelihood = -23.460
[round 44/100] avg private log-likelihood = -23.489
[round 45/100] avg private log-likelihood = -23.482
[round 46/100] avg private log-likelihood = -23.483
[round 47/100] avg private log-likelihood = -23.479
[round 48/100] avg private log-likelihood = -23.466
[round 49/100] avg private log-likelihood = -23.463
[round 50/100] avg private log-likelihood = -23.454
[round 51/100] avg private log-likelihood = -23.476
[round 52/100] avg private log-likelihood = -23.486
[round 53/100] avg private log-likelihood = -23.465
[round 54/100] avg private log-likelihood = -23.451
[round 55/100] avg private log-likelihood = -23.464
[round 56/100] avg private log-likelihood = -23.470
[round 57/100] avg private log-likelihood = -23.457
[round 58/100] avg private log-likelihood = -23.491
[round 59/100] avg private log-likelihood = -23.489
[round 60/100] avg private log-likelihood = -23.456
[round 61/100] avg private log-likelihood = -23.455
[round 62/100] avg private log-likelihood = -23.482
[round 63/100] avg private log-likelihood = -23.469
[round 64/100] avg private log-likelihood = -23.480
[round 65/100] avg private log-likelihood = -23.479
[round 66/100] avg private log-likelihood = -23.463
[round 67/100] avg private log-likelihood = -23.443
[round 68/100] avg private log-likelihood = -23.478
[round 69/100] avg private log-likelihood = -23.469
[round 70/100] avg private log-likelihood = -23.483
[round 71/100] avg private log-likelihood = -23.459
[round 72/100] avg private log-likelihood = -23.443
[round 73/100] avg private log-likelihood = -23.445
[round 74/100] avg private log-likelihood = -23.478
[round 75/100] avg private log-likelihood = -23.488
[round 76/100] avg private log-likelihood = -23.463
[round 77/100] avg private log-likelihood = -23.461
[round 78/100] avg private log-likelihood = -23.485
[round 79/100] avg private log-likelihood = -23.506
[round 80/100] avg private log-likelihood = -23.488
[round 81/100] avg private log-likelihood = -23.488
[round 82/100] avg private log-likelihood = -23.470
[round 83/100] avg private log-likelihood = -23.475
[round 84/100] avg private log-likelihood = -23.468
[round 85/100] avg private log-likelihood = -23.472
[round 86/100] avg private log-likelihood = -23.452
[round 87/100] avg private log-likelihood = -23.433
[round 88/100] avg private log-likelihood = -23.443
[round 89/100] avg private log-likelihood = -23.458
[round 90/100] avg private log-likelihood = -23.467
[round 91/100] avg private log-likelihood = -23.459
[round 92/100] avg private log-likelihood = -23.464
[round 93/100] avg private log-likelihood = -23.455
[round 94/100] avg private log-likelihood = -23.450
[round 95/100] avg private log-likelihood = -23.447
[round 96/100] avg private log-likelihood = -23.455
[round 97/100] avg private log-likelihood = -23.446
[round 98/100] avg private log-likelihood = -23.441
[round 99/100] avg private log-likelihood = -23.452
[round 100/100] avg private log-likelihood = -23.448
[round 01/100] avg private log-likelihood = -16.068
[round 02/100] avg private log-likelihood = -16.742
[round 03/100] avg private log-likelihood = -17.390
[round 04/100] avg private log-likelihood = -17.965
[round 05/100] avg private log-likelihood = -18.451
[round 06/100] avg private log-likelihood = -18.883
[round 07/100] avg private log-likelihood = -19.313
[round 08/100] avg private log-likelihood = -19.729
[round 09/100] avg private log-likelihood = -20.150
[round 10/100] avg private log-likelihood = -20.563
[round 11/100] avg private log-likelihood = -20.949
[round 12/100] avg private log-likelihood = -21.331
[round 13/100] avg private log-likelihood = -21.693
[round 14/100] avg private log-likelihood = -22.028
[round 15/100] avg private log-likelihood = -22.339
[round 16/100] avg private log-likelihood = -22.620
[round 17/100] avg private log-likelihood = -22.863
[round 18/100] avg private log-likelihood = -23.054
[round 19/100] avg private log-likelihood = -23.191
[round 20/100] avg private log-likelihood = -23.309
[round 21/100] avg private log-likelihood = -23.387
[round 22/100] avg private log-likelihood = -23.465
[round 23/100] avg private log-likelihood = -23.483
[round 24/100] avg private log-likelihood = -23.497
[round 25/100] avg private log-likelihood = -23.505
[round 26/100] avg private log-likelihood = -23.511
[round 27/100] avg private log-likelihood = -23.510
[round 28/100] avg private log-likelihood = -23.492
[round 29/100] avg private log-likelihood = -23.469
[round 30/100] avg private log-likelihood = -23.481
[round 31/100] avg private log-likelihood = -23.450
[round 32/100] avg private log-likelihood = -23.455
[round 33/100] avg private log-likelihood = -23.461
[round 34/100] avg private log-likelihood = -23.447
[round 35/100] avg private log-likelihood = -23.440
[round 36/100] avg private log-likelihood = -23.443
[round 37/100] avg private log-likelihood = -23.447
[round 38/100] avg private log-likelihood = -23.453
[round 39/100] avg private log-likelihood = -23.446
[round 40/100] avg private log-likelihood = -23.437
[round 41/100] avg private log-likelihood = -23.444
[round 42/100] avg private log-likelihood = -23.440
[round 43/100] avg private log-likelihood = -23.441
[round 44/100] avg private log-likelihood = -23.447
[round 45/100] avg private log-likelihood = -23.467
[round 46/100] avg private log-likelihood = -23.471
[round 47/100] avg private log-likelihood = -23.483
[round 48/100] avg private log-likelihood = -23.461
[round 49/100] avg private log-likelihood = -23.457
[round 50/100] avg private log-likelihood = -23.448
[round 51/100] avg private log-likelihood = -23.443
[round 52/100] avg private log-likelihood = -23.454
[round 53/100] avg private log-likelihood = -23.463
[round 54/100] avg private log-likelihood = -23.474
[round 55/100] avg private log-likelihood = -23.456
[round 56/100] avg private log-likelihood = -23.462
[round 57/100] avg private log-likelihood = -23.467
[round 58/100] avg private log-likelihood = -23.474
[round 59/100] avg private log-likelihood = -23.459
[round 60/100] avg private log-likelihood = -23.452
[round 61/100] avg private log-likelihood = -23.444
[round 62/100] avg private log-likelihood = -23.455
[round 63/100] avg private log-likelihood = -23.460
[round 64/100] avg private log-likelihood = -23.473
[round 65/100] avg private log-likelihood = -23.474
[round 66/100] avg private log-likelihood = -23.450
[round 67/100] avg private log-likelihood = -23.461
[round 68/100] avg private log-likelihood = -23.452
[round 69/100] avg private log-likelihood = -23.454
[round 70/100] avg private log-likelihood = -23.440
[round 71/100] avg private log-likelihood = -23.446
[round 72/100] avg private log-likelihood = -23.440
[round 73/100] avg private log-likelihood = -23.463
[round 74/100] avg private log-likelihood = -23.475
[round 75/100] avg private log-likelihood = -23.489
[round 76/100] avg private log-likelihood = -23.470
[round 77/100] avg private log-likelihood = -23.465
[round 78/100] avg private log-likelihood = -23.480
[round 79/100] avg private log-likelihood = -23.470
[round 80/100] avg private log-likelihood = -23.463
[round 81/100] avg private log-likelihood = -23.459
[round 82/100] avg private log-likelihood = -23.456
[round 83/100] avg private log-likelihood = -23.473
[round 84/100] avg private log-likelihood = -23.468
[round 85/100] avg private log-likelihood = -23.451
[round 86/100] avg private log-likelihood = -23.445
[round 87/100] avg private log-likelihood = -23.451
[round 88/100] avg private log-likelihood = -23.455
[round 89/100] avg private log-likelihood = -23.447
[round 90/100] avg private log-likelihood = -23.419
[round 91/100] avg private log-likelihood = -23.425
[round 92/100] avg private log-likelihood = -23.447
[round 93/100] avg private log-likelihood = -23.463
[round 94/100] avg private log-likelihood = -23.459
[round 95/100] avg private log-likelihood = -23.466
[round 96/100] avg private log-likelihood = -23.472
[round 97/100] avg private log-likelihood = -23.475
[round 98/100] avg private log-likelihood = -23.448
[round 99/100] avg private log-likelihood = -23.461
[round 100/100] avg private log-likelihood = -23.473
[DONE] Results saved to results/D16_N10_lam1.0_seed8.json
