========================================
Running experiment on GPU
  D       = 4
  N       = 10
  lambda  = 0.5
  seed    = 6
  GPU     = 0
========================================
[round 01/100] avg private log-likelihood = -4.322
[round 02/100] avg private log-likelihood = -4.424
[round 03/100] avg private log-likelihood = -4.542
[round 04/100] avg private log-likelihood = -4.655
[round 05/100] avg private log-likelihood = -4.750
[round 06/100] avg private log-likelihood = -4.832
[round 07/100] avg private log-likelihood = -4.905
[round 08/100] avg private log-likelihood = -4.975
[round 09/100] avg private log-likelihood = -5.018
[round 10/100] avg private log-likelihood = -5.063
[round 11/100] avg private log-likelihood = -5.091
[round 12/100] avg private log-likelihood = -5.120
[round 13/100] avg private log-likelihood = -5.147
[round 14/100] avg private log-likelihood = -5.160
[round 15/100] avg private log-likelihood = -5.173
[round 16/100] avg private log-likelihood = -5.179
[round 17/100] avg private log-likelihood = -5.181
[round 18/100] avg private log-likelihood = -5.181
[round 19/100] avg private log-likelihood = -5.183
[round 20/100] avg private log-likelihood = -5.184
[round 21/100] avg private log-likelihood = -5.186
[round 22/100] avg private log-likelihood = -5.188
[round 23/100] avg private log-likelihood = -5.194
[round 24/100] avg private log-likelihood = -5.189
[round 25/100] avg private log-likelihood = -5.194
[round 26/100] avg private log-likelihood = -5.196
[round 27/100] avg private log-likelihood = -5.191
[round 28/100] avg private log-likelihood = -5.184
[round 29/100] avg private log-likelihood = -5.187
[round 30/100] avg private log-likelihood = -5.183
[round 31/100] avg private log-likelihood = -5.186
[round 32/100] avg private log-likelihood = -5.193
[round 33/100] avg private log-likelihood = -5.188
[round 34/100] avg private log-likelihood = -5.188
[round 35/100] avg private log-likelihood = -5.190
[round 36/100] avg private log-likelihood = -5.187
[round 37/100] avg private log-likelihood = -5.186
[round 38/100] avg private log-likelihood = -5.189
[round 39/100] avg private log-likelihood = -5.190
[round 40/100] avg private log-likelihood = -5.186
[round 41/100] avg private log-likelihood = -5.185
[round 42/100] avg private log-likelihood = -5.190
[round 43/100] avg private log-likelihood = -5.197
[round 44/100] avg private log-likelihood = -5.192
[round 45/100] avg private log-likelihood = -5.190
[round 46/100] avg private log-likelihood = -5.186
[round 47/100] avg private log-likelihood = -5.187
[round 48/100] avg private log-likelihood = -5.192
[round 49/100] avg private log-likelihood = -5.190
[round 50/100] avg private log-likelihood = -5.191
[round 51/100] avg private log-likelihood = -5.189
[round 52/100] avg private log-likelihood = -5.184
[round 53/100] avg private log-likelihood = -5.192
[round 54/100] avg private log-likelihood = -5.192
[round 55/100] avg private log-likelihood = -5.191
[round 56/100] avg private log-likelihood = -5.193
[round 57/100] avg private log-likelihood = -5.194
[round 58/100] avg private log-likelihood = -5.191
[round 59/100] avg private log-likelihood = -5.189
[round 60/100] avg private log-likelihood = -5.187
[round 61/100] avg private log-likelihood = -5.188
[round 62/100] avg private log-likelihood = -5.196
[round 63/100] avg private log-likelihood = -5.196
[round 64/100] avg private log-likelihood = -5.192
[round 65/100] avg private log-likelihood = -5.194
[round 66/100] avg private log-likelihood = -5.195
[round 67/100] avg private log-likelihood = -5.193
[round 68/100] avg private log-likelihood = -5.190
[round 69/100] avg private log-likelihood = -5.191
[round 70/100] avg private log-likelihood = -5.198
[round 71/100] avg private log-likelihood = -5.195
[round 72/100] avg private log-likelihood = -5.195
[round 73/100] avg private log-likelihood = -5.192
[round 74/100] avg private log-likelihood = -5.198
[round 75/100] avg private log-likelihood = -5.201
[round 76/100] avg private log-likelihood = -5.195
[round 77/100] avg private log-likelihood = -5.189
[round 78/100] avg private log-likelihood = -5.186
[round 79/100] avg private log-likelihood = -5.189
[round 80/100] avg private log-likelihood = -5.191
[round 81/100] avg private log-likelihood = -5.195
[round 82/100] avg private log-likelihood = -5.194
[round 83/100] avg private log-likelihood = -5.193
[round 84/100] avg private log-likelihood = -5.192
[round 85/100] avg private log-likelihood = -5.186
[round 86/100] avg private log-likelihood = -5.186
[round 87/100] avg private log-likelihood = -5.192
[round 88/100] avg private log-likelihood = -5.190
[round 89/100] avg private log-likelihood = -5.187
[round 90/100] avg private log-likelihood = -5.192
[round 91/100] avg private log-likelihood = -5.192
[round 92/100] avg private log-likelihood = -5.196
[round 93/100] avg private log-likelihood = -5.197
[round 94/100] avg private log-likelihood = -5.195
[round 95/100] avg private log-likelihood = -5.193
[round 96/100] avg private log-likelihood = -5.196
[round 97/100] avg private log-likelihood = -5.194
[round 98/100] avg private log-likelihood = -5.197
[round 99/100] avg private log-likelihood = -5.196
[round 100/100] avg private log-likelihood = -5.191
[round 01/100] avg private log-likelihood = -4.319
[round 02/100] avg private log-likelihood = -4.419
[round 03/100] avg private log-likelihood = -4.537
[round 04/100] avg private log-likelihood = -4.650
[round 05/100] avg private log-likelihood = -4.748
[round 06/100] avg private log-likelihood = -4.830
[round 07/100] avg private log-likelihood = -4.900
[round 08/100] avg private log-likelihood = -4.964
[round 09/100] avg private log-likelihood = -5.015
[round 10/100] avg private log-likelihood = -5.054
[round 11/100] avg private log-likelihood = -5.089
[round 12/100] avg private log-likelihood = -5.114
[round 13/100] avg private log-likelihood = -5.135
[round 14/100] avg private log-likelihood = -5.155
[round 15/100] avg private log-likelihood = -5.170
[round 16/100] avg private log-likelihood = -5.180
[round 17/100] avg private log-likelihood = -5.185
[round 18/100] avg private log-likelihood = -5.188
[round 19/100] avg private log-likelihood = -5.185
[round 20/100] avg private log-likelihood = -5.182
[round 21/100] avg private log-likelihood = -5.180
[round 22/100] avg private log-likelihood = -5.182
[round 23/100] avg private log-likelihood = -5.183
[round 24/100] avg private log-likelihood = -5.184
[round 25/100] avg private log-likelihood = -5.181
[round 26/100] avg private log-likelihood = -5.181
[round 27/100] avg private log-likelihood = -5.178
[round 28/100] avg private log-likelihood = -5.181
[round 29/100] avg private log-likelihood = -5.175
[round 30/100] avg private log-likelihood = -5.175
[round 31/100] avg private log-likelihood = -5.174
[round 32/100] avg private log-likelihood = -5.175
[round 33/100] avg private log-likelihood = -5.175
[round 34/100] avg private log-likelihood = -5.179
[round 35/100] avg private log-likelihood = -5.179
[round 36/100] avg private log-likelihood = -5.179
[round 37/100] avg private log-likelihood = -5.174
[round 38/100] avg private log-likelihood = -5.175
[round 39/100] avg private log-likelihood = -5.181
[round 40/100] avg private log-likelihood = -5.177
[round 41/100] avg private log-likelihood = -5.178
[round 42/100] avg private log-likelihood = -5.176
[round 43/100] avg private log-likelihood = -5.177
[round 44/100] avg private log-likelihood = -5.181
[round 45/100] avg private log-likelihood = -5.182
[round 46/100] avg private log-likelihood = -5.181
[round 47/100] avg private log-likelihood = -5.179
[round 48/100] avg private log-likelihood = -5.185
[round 49/100] avg private log-likelihood = -5.182
[round 50/100] avg private log-likelihood = -5.180
[round 51/100] avg private log-likelihood = -5.187
[round 52/100] avg private log-likelihood = -5.185
[round 53/100] avg private log-likelihood = -5.183
[round 54/100] avg private log-likelihood = -5.184
[round 55/100] avg private log-likelihood = -5.183
[round 56/100] avg private log-likelihood = -5.183
[round 57/100] avg private log-likelihood = -5.179
[round 58/100] avg private log-likelihood = -5.184
[round 59/100] avg private log-likelihood = -5.182
[round 60/100] avg private log-likelihood = -5.179
[round 61/100] avg private log-likelihood = -5.180
[round 62/100] avg private log-likelihood = -5.180
[round 63/100] avg private log-likelihood = -5.184
[round 64/100] avg private log-likelihood = -5.182
[round 65/100] avg private log-likelihood = -5.185
[round 66/100] avg private log-likelihood = -5.181
[round 67/100] avg private log-likelihood = -5.179
[round 68/100] avg private log-likelihood = -5.183
[round 69/100] avg private log-likelihood = -5.183
[round 70/100] avg private log-likelihood = -5.183
[round 71/100] avg private log-likelihood = -5.180
[round 72/100] avg private log-likelihood = -5.179
[round 73/100] avg private log-likelihood = -5.178
[round 74/100] avg private log-likelihood = -5.183
[round 75/100] avg private log-likelihood = -5.182
[round 76/100] avg private log-likelihood = -5.184
[round 77/100] avg private log-likelihood = -5.187
[round 78/100] avg private log-likelihood = -5.183
[round 79/100] avg private log-likelihood = -5.181
[round 80/100] avg private log-likelihood = -5.176
[round 81/100] avg private log-likelihood = -5.180
[round 82/100] avg private log-likelihood = -5.181
[round 83/100] avg private log-likelihood = -5.184
[round 84/100] avg private log-likelihood = -5.180
[round 85/100] avg private log-likelihood = -5.182
[round 86/100] avg private log-likelihood = -5.178
[round 87/100] avg private log-likelihood = -5.182
[round 88/100] avg private log-likelihood = -5.182
[round 89/100] avg private log-likelihood = -5.179
[round 90/100] avg private log-likelihood = -5.180
[round 91/100] avg private log-likelihood = -5.181
[round 92/100] avg private log-likelihood = -5.182
[round 93/100] avg private log-likelihood = -5.183
[round 94/100] avg private log-likelihood = -5.183
[round 95/100] avg private log-likelihood = -5.182
[round 96/100] avg private log-likelihood = -5.185
[round 97/100] avg private log-likelihood = -5.188
[round 98/100] avg private log-likelihood = -5.185
[round 99/100] avg private log-likelihood = -5.184
[round 100/100] avg private log-likelihood = -5.182
[DONE] Results saved to results/D4_N10_lam0.5_seed6.json
