========================================
Running experiment on GPU
  D       = 4
  N       = 10
  lambda  = 0.5
  seed    = 3
  GPU     = 0
========================================
[round 01/100] avg private log-likelihood = -4.404
[round 02/100] avg private log-likelihood = -4.506
[round 03/100] avg private log-likelihood = -4.621
[round 04/100] avg private log-likelihood = -4.737
[round 05/100] avg private log-likelihood = -4.834
[round 06/100] avg private log-likelihood = -4.920
[round 07/100] avg private log-likelihood = -4.994
[round 08/100] avg private log-likelihood = -5.054
[round 09/100] avg private log-likelihood = -5.101
[round 10/100] avg private log-likelihood = -5.147
[round 11/100] avg private log-likelihood = -5.184
[round 12/100] avg private log-likelihood = -5.216
[round 13/100] avg private log-likelihood = -5.241
[round 14/100] avg private log-likelihood = -5.257
[round 15/100] avg private log-likelihood = -5.275
[round 16/100] avg private log-likelihood = -5.286
[round 17/100] avg private log-likelihood = -5.288
[round 18/100] avg private log-likelihood = -5.291
[round 19/100] avg private log-likelihood = -5.293
[round 20/100] avg private log-likelihood = -5.296
[round 21/100] avg private log-likelihood = -5.297
[round 22/100] avg private log-likelihood = -5.297
[round 23/100] avg private log-likelihood = -5.297
[round 24/100] avg private log-likelihood = -5.298
[round 25/100] avg private log-likelihood = -5.294
[round 26/100] avg private log-likelihood = -5.296
[round 27/100] avg private log-likelihood = -5.301
[round 28/100] avg private log-likelihood = -5.299
[round 29/100] avg private log-likelihood = -5.293
[round 30/100] avg private log-likelihood = -5.292
[round 31/100] avg private log-likelihood = -5.301
[round 32/100] avg private log-likelihood = -5.293
[round 33/100] avg private log-likelihood = -5.290
[round 34/100] avg private log-likelihood = -5.294
[round 35/100] avg private log-likelihood = -5.295
[round 36/100] avg private log-likelihood = -5.284
[round 37/100] avg private log-likelihood = -5.282
[round 38/100] avg private log-likelihood = -5.281
[round 39/100] avg private log-likelihood = -5.273
[round 40/100] avg private log-likelihood = -5.265
[round 41/100] avg private log-likelihood = -5.262
[round 42/100] avg private log-likelihood = -5.259
[round 43/100] avg private log-likelihood = -5.255
[round 44/100] avg private log-likelihood = -5.256
[round 45/100] avg private log-likelihood = -5.255
[round 46/100] avg private log-likelihood = -5.251
[round 47/100] avg private log-likelihood = -5.250
[round 48/100] avg private log-likelihood = -5.257
[round 49/100] avg private log-likelihood = -5.255
[round 50/100] avg private log-likelihood = -5.254
[round 51/100] avg private log-likelihood = -5.256
[round 52/100] avg private log-likelihood = -5.256
[round 53/100] avg private log-likelihood = -5.254
[round 54/100] avg private log-likelihood = -5.258
[round 55/100] avg private log-likelihood = -5.264
[round 56/100] avg private log-likelihood = -5.259
[round 57/100] avg private log-likelihood = -5.262
[round 58/100] avg private log-likelihood = -5.258
[round 59/100] avg private log-likelihood = -5.257
[round 60/100] avg private log-likelihood = -5.257
[round 61/100] avg private log-likelihood = -5.258
[round 62/100] avg private log-likelihood = -5.258
[round 63/100] avg private log-likelihood = -5.256
[round 64/100] avg private log-likelihood = -5.257
[round 65/100] avg private log-likelihood = -5.257
[round 66/100] avg private log-likelihood = -5.256
[round 67/100] avg private log-likelihood = -5.254
[round 68/100] avg private log-likelihood = -5.253
[round 69/100] avg private log-likelihood = -5.259
[round 70/100] avg private log-likelihood = -5.257
[round 71/100] avg private log-likelihood = -5.256
[round 72/100] avg private log-likelihood = -5.258
[round 73/100] avg private log-likelihood = -5.258
[round 74/100] avg private log-likelihood = -5.260
[round 75/100] avg private log-likelihood = -5.258
[round 76/100] avg private log-likelihood = -5.257
[round 77/100] avg private log-likelihood = -5.258
[round 78/100] avg private log-likelihood = -5.259
[round 79/100] avg private log-likelihood = -5.254
[round 80/100] avg private log-likelihood = -5.259
[round 81/100] avg private log-likelihood = -5.259
[round 82/100] avg private log-likelihood = -5.261
[round 83/100] avg private log-likelihood = -5.256
[round 84/100] avg private log-likelihood = -5.255
[round 85/100] avg private log-likelihood = -5.250
[round 86/100] avg private log-likelihood = -5.259
[round 87/100] avg private log-likelihood = -5.263
[round 88/100] avg private log-likelihood = -5.263
[round 89/100] avg private log-likelihood = -5.260
[round 90/100] avg private log-likelihood = -5.263
[round 91/100] avg private log-likelihood = -5.260
[round 92/100] avg private log-likelihood = -5.261
[round 93/100] avg private log-likelihood = -5.257
[round 94/100] avg private log-likelihood = -5.257
[round 95/100] avg private log-likelihood = -5.257
[round 96/100] avg private log-likelihood = -5.254
[round 97/100] avg private log-likelihood = -5.251
[round 98/100] avg private log-likelihood = -5.250
[round 99/100] avg private log-likelihood = -5.255
[round 100/100] avg private log-likelihood = -5.263
[round 01/100] avg private log-likelihood = -4.402
[round 02/100] avg private log-likelihood = -4.502
[round 03/100] avg private log-likelihood = -4.616
[round 04/100] avg private log-likelihood = -4.729
[round 05/100] avg private log-likelihood = -4.832
[round 06/100] avg private log-likelihood = -4.917
[round 07/100] avg private log-likelihood = -4.989
[round 08/100] avg private log-likelihood = -5.053
[round 09/100] avg private log-likelihood = -5.103
[round 10/100] avg private log-likelihood = -5.144
[round 11/100] avg private log-likelihood = -5.180
[round 12/100] avg private log-likelihood = -5.210
[round 13/100] avg private log-likelihood = -5.237
[round 14/100] avg private log-likelihood = -5.254
[round 15/100] avg private log-likelihood = -5.269
[round 16/100] avg private log-likelihood = -5.278
[round 17/100] avg private log-likelihood = -5.284
[round 18/100] avg private log-likelihood = -5.290
[round 19/100] avg private log-likelihood = -5.290
[round 20/100] avg private log-likelihood = -5.294
[round 21/100] avg private log-likelihood = -5.298
[round 22/100] avg private log-likelihood = -5.297
[round 23/100] avg private log-likelihood = -5.295
[round 24/100] avg private log-likelihood = -5.298
[round 25/100] avg private log-likelihood = -5.301
[round 26/100] avg private log-likelihood = -5.299
[round 27/100] avg private log-likelihood = -5.301
[round 28/100] avg private log-likelihood = -5.298
[round 29/100] avg private log-likelihood = -5.297
[round 30/100] avg private log-likelihood = -5.298
[round 31/100] avg private log-likelihood = -5.299
[round 32/100] avg private log-likelihood = -5.297
[round 33/100] avg private log-likelihood = -5.302
[round 34/100] avg private log-likelihood = -5.304
[round 35/100] avg private log-likelihood = -5.298
[round 36/100] avg private log-likelihood = -5.294
[round 37/100] avg private log-likelihood = -5.293
[round 38/100] avg private log-likelihood = -5.292
[round 39/100] avg private log-likelihood = -5.290
[round 40/100] avg private log-likelihood = -5.288
[round 41/100] avg private log-likelihood = -5.281
[round 42/100] avg private log-likelihood = -5.274
[round 43/100] avg private log-likelihood = -5.267
[round 44/100] avg private log-likelihood = -5.264
[round 45/100] avg private log-likelihood = -5.257
[round 46/100] avg private log-likelihood = -5.259
[round 47/100] avg private log-likelihood = -5.259
[round 48/100] avg private log-likelihood = -5.257
[round 49/100] avg private log-likelihood = -5.254
[round 50/100] avg private log-likelihood = -5.253
[round 51/100] avg private log-likelihood = -5.254
[round 52/100] avg private log-likelihood = -5.254
[round 53/100] avg private log-likelihood = -5.259
[round 54/100] avg private log-likelihood = -5.260
[round 55/100] avg private log-likelihood = -5.259
[round 56/100] avg private log-likelihood = -5.257
[round 57/100] avg private log-likelihood = -5.257
[round 58/100] avg private log-likelihood = -5.258
[round 59/100] avg private log-likelihood = -5.260
[round 60/100] avg private log-likelihood = -5.260
[round 61/100] avg private log-likelihood = -5.257
[round 62/100] avg private log-likelihood = -5.260
[round 63/100] avg private log-likelihood = -5.260
[round 64/100] avg private log-likelihood = -5.257
[round 65/100] avg private log-likelihood = -5.257
[round 66/100] avg private log-likelihood = -5.260
[round 67/100] avg private log-likelihood = -5.259
[round 68/100] avg private log-likelihood = -5.261
[round 69/100] avg private log-likelihood = -5.257
[round 70/100] avg private log-likelihood = -5.256
[round 71/100] avg private log-likelihood = -5.254
[round 72/100] avg private log-likelihood = -5.252
[round 73/100] avg private log-likelihood = -5.255
[round 74/100] avg private log-likelihood = -5.255
[round 75/100] avg private log-likelihood = -5.253
[round 76/100] avg private log-likelihood = -5.253
[round 77/100] avg private log-likelihood = -5.258
[round 78/100] avg private log-likelihood = -5.258
[round 79/100] avg private log-likelihood = -5.256
[round 80/100] avg private log-likelihood = -5.254
[round 81/100] avg private log-likelihood = -5.252
[round 82/100] avg private log-likelihood = -5.253
[round 83/100] avg private log-likelihood = -5.253
[round 84/100] avg private log-likelihood = -5.253
[round 85/100] avg private log-likelihood = -5.255
[round 86/100] avg private log-likelihood = -5.255
[round 87/100] avg private log-likelihood = -5.258
[round 88/100] avg private log-likelihood = -5.256
[round 89/100] avg private log-likelihood = -5.259
[round 90/100] avg private log-likelihood = -5.256
[round 91/100] avg private log-likelihood = -5.258
[round 92/100] avg private log-likelihood = -5.258
[round 93/100] avg private log-likelihood = -5.257
[round 94/100] avg private log-likelihood = -5.258
[round 95/100] avg private log-likelihood = -5.256
[round 96/100] avg private log-likelihood = -5.257
[round 97/100] avg private log-likelihood = -5.255
[round 98/100] avg private log-likelihood = -5.254
[round 99/100] avg private log-likelihood = -5.259
[round 100/100] avg private log-likelihood = -5.257
[DONE] Results saved to results/D4_N10_lam0.5_seed3.json
