========================================
Running experiment on GPU
  D       = 2
  N       = 10
  lambda  = 1.0
  seed    = 2
  GPU     = 0
========================================
[round 01/100] avg private log-likelihood = -2.764
[round 02/100] avg private log-likelihood = -2.819
[round 03/100] avg private log-likelihood = -2.879
[round 04/100] avg private log-likelihood = -2.922
[round 05/100] avg private log-likelihood = -2.949
[round 06/100] avg private log-likelihood = -2.965
[round 07/100] avg private log-likelihood = -2.982
[round 08/100] avg private log-likelihood = -2.993
[round 09/100] avg private log-likelihood = -3.009
[round 10/100] avg private log-likelihood = -3.010
[round 11/100] avg private log-likelihood = -3.020
[round 12/100] avg private log-likelihood = -3.026
[round 13/100] avg private log-likelihood = -3.032
[round 14/100] avg private log-likelihood = -3.039
[round 15/100] avg private log-likelihood = -3.038
[round 16/100] avg private log-likelihood = -3.036
[round 17/100] avg private log-likelihood = -3.037
[round 18/100] avg private log-likelihood = -3.039
[round 19/100] avg private log-likelihood = -3.037
[round 20/100] avg private log-likelihood = -3.039
[round 21/100] avg private log-likelihood = -3.039
[round 22/100] avg private log-likelihood = -3.040
[round 23/100] avg private log-likelihood = -3.038
[round 24/100] avg private log-likelihood = -3.039
[round 25/100] avg private log-likelihood = -3.038
[round 26/100] avg private log-likelihood = -3.040
[round 27/100] avg private log-likelihood = -3.040
[round 28/100] avg private log-likelihood = -3.037
[round 29/100] avg private log-likelihood = -3.036
[round 30/100] avg private log-likelihood = -3.037
[round 31/100] avg private log-likelihood = -3.038
[round 32/100] avg private log-likelihood = -3.041
[round 33/100] avg private log-likelihood = -3.041
[round 34/100] avg private log-likelihood = -3.037
[round 35/100] avg private log-likelihood = -3.036
[round 36/100] avg private log-likelihood = -3.039
[round 37/100] avg private log-likelihood = -3.038
[round 38/100] avg private log-likelihood = -3.032
[round 39/100] avg private log-likelihood = -3.034
[round 40/100] avg private log-likelihood = -3.036
[round 41/100] avg private log-likelihood = -3.038
[round 42/100] avg private log-likelihood = -3.035
[round 43/100] avg private log-likelihood = -3.037
[round 44/100] avg private log-likelihood = -3.034
[round 45/100] avg private log-likelihood = -3.034
[round 46/100] avg private log-likelihood = -3.037
[round 47/100] avg private log-likelihood = -3.036
[round 48/100] avg private log-likelihood = -3.037
[round 49/100] avg private log-likelihood = -3.039
[round 50/100] avg private log-likelihood = -3.035
[round 51/100] avg private log-likelihood = -3.034
[round 52/100] avg private log-likelihood = -3.039
[round 53/100] avg private log-likelihood = -3.038
[round 54/100] avg private log-likelihood = -3.036
[round 55/100] avg private log-likelihood = -3.039
[round 56/100] avg private log-likelihood = -3.041
[round 57/100] avg private log-likelihood = -3.038
[round 58/100] avg private log-likelihood = -3.036
[round 59/100] avg private log-likelihood = -3.038
[round 60/100] avg private log-likelihood = -3.039
[round 61/100] avg private log-likelihood = -3.038
[round 62/100] avg private log-likelihood = -3.035
[round 63/100] avg private log-likelihood = -3.036
[round 64/100] avg private log-likelihood = -3.038
[round 65/100] avg private log-likelihood = -3.035
[round 66/100] avg private log-likelihood = -3.038
[round 67/100] avg private log-likelihood = -3.035
[round 68/100] avg private log-likelihood = -3.037
[round 69/100] avg private log-likelihood = -3.032
[round 70/100] avg private log-likelihood = -3.035
[round 71/100] avg private log-likelihood = -3.037
[round 72/100] avg private log-likelihood = -3.034
[round 73/100] avg private log-likelihood = -3.036
[round 74/100] avg private log-likelihood = -3.035
[round 75/100] avg private log-likelihood = -3.034
[round 76/100] avg private log-likelihood = -3.039
[round 77/100] avg private log-likelihood = -3.035
[round 78/100] avg private log-likelihood = -3.034
[round 79/100] avg private log-likelihood = -3.036
[round 80/100] avg private log-likelihood = -3.037
[round 81/100] avg private log-likelihood = -3.038
[round 82/100] avg private log-likelihood = -3.040
[round 83/100] avg private log-likelihood = -3.038
[round 84/100] avg private log-likelihood = -3.037
[round 85/100] avg private log-likelihood = -3.039
[round 86/100] avg private log-likelihood = -3.037
[round 87/100] avg private log-likelihood = -3.042
[round 88/100] avg private log-likelihood = -3.034
[round 89/100] avg private log-likelihood = -3.040
[round 90/100] avg private log-likelihood = -3.036
[round 91/100] avg private log-likelihood = -3.035
[round 92/100] avg private log-likelihood = -3.035
[round 93/100] avg private log-likelihood = -3.038
[round 94/100] avg private log-likelihood = -3.041
[round 95/100] avg private log-likelihood = -3.038
[round 96/100] avg private log-likelihood = -3.037
[round 97/100] avg private log-likelihood = -3.036
[round 98/100] avg private log-likelihood = -3.038
[round 99/100] avg private log-likelihood = -3.040
[round 100/100] avg private log-likelihood = -3.038
[round 01/100] avg private log-likelihood = -2.817
[round 02/100] avg private log-likelihood = -2.872
[round 03/100] avg private log-likelihood = -2.934
[round 04/100] avg private log-likelihood = -2.983
[round 05/100] avg private log-likelihood = -3.018
[round 06/100] avg private log-likelihood = -3.042
[round 07/100] avg private log-likelihood = -3.060
[round 08/100] avg private log-likelihood = -3.075
[round 09/100] avg private log-likelihood = -3.089
[round 10/100] avg private log-likelihood = -3.098
[round 11/100] avg private log-likelihood = -3.105
[round 12/100] avg private log-likelihood = -3.109
[round 13/100] avg private log-likelihood = -3.112
[round 14/100] avg private log-likelihood = -3.116
[round 15/100] avg private log-likelihood = -3.118
[round 16/100] avg private log-likelihood = -3.119
[round 17/100] avg private log-likelihood = -3.118
[round 18/100] avg private log-likelihood = -3.119
[round 19/100] avg private log-likelihood = -3.120
[round 20/100] avg private log-likelihood = -3.121
[round 21/100] avg private log-likelihood = -3.119
[round 22/100] avg private log-likelihood = -3.120
[round 23/100] avg private log-likelihood = -3.119
[round 24/100] avg private log-likelihood = -3.120
[round 25/100] avg private log-likelihood = -3.120
[round 26/100] avg private log-likelihood = -3.120
[round 27/100] avg private log-likelihood = -3.119
[round 28/100] avg private log-likelihood = -3.121
[round 29/100] avg private log-likelihood = -3.123
[round 30/100] avg private log-likelihood = -3.122
[round 31/100] avg private log-likelihood = -3.120
[round 32/100] avg private log-likelihood = -3.122
[round 33/100] avg private log-likelihood = -3.122
[round 34/100] avg private log-likelihood = -3.123
[round 35/100] avg private log-likelihood = -3.123
[round 36/100] avg private log-likelihood = -3.123
[round 37/100] avg private log-likelihood = -3.124
[round 38/100] avg private log-likelihood = -3.124
[round 39/100] avg private log-likelihood = -3.122
[round 40/100] avg private log-likelihood = -3.123
[round 41/100] avg private log-likelihood = -3.123
[round 42/100] avg private log-likelihood = -3.121
[round 43/100] avg private log-likelihood = -3.122
[round 44/100] avg private log-likelihood = -3.122
[round 45/100] avg private log-likelihood = -3.121
[round 46/100] avg private log-likelihood = -3.122
[round 47/100] avg private log-likelihood = -3.119
[round 48/100] avg private log-likelihood = -3.118
[round 49/100] avg private log-likelihood = -3.119
[round 50/100] avg private log-likelihood = -3.118
[round 51/100] avg private log-likelihood = -3.121
[round 52/100] avg private log-likelihood = -3.122
[round 53/100] avg private log-likelihood = -3.119
[round 54/100] avg private log-likelihood = -3.117
[round 55/100] avg private log-likelihood = -3.115
[round 56/100] avg private log-likelihood = -3.112
[round 57/100] avg private log-likelihood = -3.112
[round 58/100] avg private log-likelihood = -3.113
[round 59/100] avg private log-likelihood = -3.113
[round 60/100] avg private log-likelihood = -3.112
[round 61/100] avg private log-likelihood = -3.111
[round 62/100] avg private log-likelihood = -3.110
[round 63/100] avg private log-likelihood = -3.110
[round 64/100] avg private log-likelihood = -3.109
[round 65/100] avg private log-likelihood = -3.106
[round 66/100] avg private log-likelihood = -3.105
[round 67/100] avg private log-likelihood = -3.102
[round 68/100] avg private log-likelihood = -3.100
[round 69/100] avg private log-likelihood = -3.097
[round 70/100] avg private log-likelihood = -3.095
[round 71/100] avg private log-likelihood = -3.093
[round 72/100] avg private log-likelihood = -3.091
[round 73/100] avg private log-likelihood = -3.088
[round 74/100] avg private log-likelihood = -3.085
[round 75/100] avg private log-likelihood = -3.083
[round 76/100] avg private log-likelihood = -3.082
[round 77/100] avg private log-likelihood = -3.080
[round 78/100] avg private log-likelihood = -3.077
[round 79/100] avg private log-likelihood = -3.074
[round 80/100] avg private log-likelihood = -3.073
[round 81/100] avg private log-likelihood = -3.070
[round 82/100] avg private log-likelihood = -3.068
[round 83/100] avg private log-likelihood = -3.066
[round 84/100] avg private log-likelihood = -3.063
[round 85/100] avg private log-likelihood = -3.062
[round 86/100] avg private log-likelihood = -3.061
[round 87/100] avg private log-likelihood = -3.059
[round 88/100] avg private log-likelihood = -3.056
[round 89/100] avg private log-likelihood = -3.057
[round 90/100] avg private log-likelihood = -3.054
[round 91/100] avg private log-likelihood = -3.052
[round 92/100] avg private log-likelihood = -3.051
[round 93/100] avg private log-likelihood = -3.050
[round 94/100] avg private log-likelihood = -3.050
[round 95/100] avg private log-likelihood = -3.049
[round 96/100] avg private log-likelihood = -3.048
[round 97/100] avg private log-likelihood = -3.048
[round 98/100] avg private log-likelihood = -3.046
[round 99/100] avg private log-likelihood = -3.048
[round 100/100] avg private log-likelihood = -3.047
[DONE] Results saved to results/D2_N10_lam1.0_seed2.json
