========================================
Running experiment on GPU
  D       = 16
  N       = 25
  lambda  = 0.5
  seed    = 2
  GPU     = 0
========================================
[round 01/100] avg private log-likelihood = -21.803
[round 02/100] avg private log-likelihood = -21.878
[round 03/100] avg private log-likelihood = -21.935
[round 04/100] avg private log-likelihood = -21.967
[round 05/100] avg private log-likelihood = -21.990
[round 06/100] avg private log-likelihood = -22.003
[round 07/100] avg private log-likelihood = -22.010
[round 08/100] avg private log-likelihood = -22.012
[round 09/100] avg private log-likelihood = -22.015
[round 10/100] avg private log-likelihood = -22.014
[round 11/100] avg private log-likelihood = -22.014
[round 12/100] avg private log-likelihood = -22.017
[round 13/100] avg private log-likelihood = -22.014
[round 14/100] avg private log-likelihood = -22.016
[round 15/100] avg private log-likelihood = -22.014
[round 16/100] avg private log-likelihood = -22.015
[round 17/100] avg private log-likelihood = -22.014
[round 18/100] avg private log-likelihood = -22.017
[round 19/100] avg private log-likelihood = -22.015
[round 20/100] avg private log-likelihood = -22.017
[round 21/100] avg private log-likelihood = -22.018
[round 22/100] avg private log-likelihood = -22.018
[round 23/100] avg private log-likelihood = -22.017
[round 24/100] avg private log-likelihood = -22.014
[round 25/100] avg private log-likelihood = -22.013
[round 26/100] avg private log-likelihood = -22.015
[round 27/100] avg private log-likelihood = -22.013
[round 28/100] avg private log-likelihood = -22.017
[round 29/100] avg private log-likelihood = -22.017
[round 30/100] avg private log-likelihood = -22.014
[round 31/100] avg private log-likelihood = -22.014
[round 32/100] avg private log-likelihood = -22.012
[round 33/100] avg private log-likelihood = -22.012
[round 34/100] avg private log-likelihood = -22.015
[round 35/100] avg private log-likelihood = -22.016
[round 36/100] avg private log-likelihood = -22.016
[round 37/100] avg private log-likelihood = -22.020
[round 38/100] avg private log-likelihood = -22.016
[round 39/100] avg private log-likelihood = -22.014
[round 40/100] avg private log-likelihood = -22.015
[round 41/100] avg private log-likelihood = -22.015
[round 42/100] avg private log-likelihood = -22.019
[round 43/100] avg private log-likelihood = -22.015
[round 44/100] avg private log-likelihood = -22.017
[round 45/100] avg private log-likelihood = -22.018
[round 46/100] avg private log-likelihood = -22.018
[round 47/100] avg private log-likelihood = -22.018
[round 48/100] avg private log-likelihood = -22.016
[round 49/100] avg private log-likelihood = -22.017
[round 50/100] avg private log-likelihood = -22.018
[round 51/100] avg private log-likelihood = -22.020
[round 52/100] avg private log-likelihood = -22.019
[round 53/100] avg private log-likelihood = -22.017
[round 54/100] avg private log-likelihood = -22.018
[round 55/100] avg private log-likelihood = -22.016
[round 56/100] avg private log-likelihood = -22.017
[round 57/100] avg private log-likelihood = -22.018
[round 58/100] avg private log-likelihood = -22.019
[round 59/100] avg private log-likelihood = -22.019
[round 60/100] avg private log-likelihood = -22.018
[round 61/100] avg private log-likelihood = -22.017
[round 62/100] avg private log-likelihood = -22.016
[round 63/100] avg private log-likelihood = -22.012
[round 64/100] avg private log-likelihood = -22.015
[round 65/100] avg private log-likelihood = -22.016
[round 66/100] avg private log-likelihood = -22.017
[round 67/100] avg private log-likelihood = -22.017
[round 68/100] avg private log-likelihood = -22.019
[round 69/100] avg private log-likelihood = -22.015
[round 70/100] avg private log-likelihood = -22.018
[round 71/100] avg private log-likelihood = -22.016
[round 72/100] avg private log-likelihood = -22.018
[round 73/100] avg private log-likelihood = -22.016
[round 74/100] avg private log-likelihood = -22.015
[round 75/100] avg private log-likelihood = -22.015
[round 76/100] avg private log-likelihood = -22.015
[round 77/100] avg private log-likelihood = -22.014
[round 78/100] avg private log-likelihood = -22.016
[round 79/100] avg private log-likelihood = -22.015
[round 80/100] avg private log-likelihood = -22.016
[round 81/100] avg private log-likelihood = -22.016
[round 82/100] avg private log-likelihood = -22.016
[round 83/100] avg private log-likelihood = -22.018
[round 84/100] avg private log-likelihood = -22.019
[round 85/100] avg private log-likelihood = -22.019
[round 86/100] avg private log-likelihood = -22.016
[round 87/100] avg private log-likelihood = -22.015
[round 88/100] avg private log-likelihood = -22.018
[round 89/100] avg private log-likelihood = -22.020
[round 90/100] avg private log-likelihood = -22.017
[round 91/100] avg private log-likelihood = -22.014
[round 92/100] avg private log-likelihood = -22.016
[round 93/100] avg private log-likelihood = -22.020
[round 94/100] avg private log-likelihood = -22.016
[round 95/100] avg private log-likelihood = -22.019
[round 96/100] avg private log-likelihood = -22.016
[round 97/100] avg private log-likelihood = -22.015
[round 98/100] avg private log-likelihood = -22.015
[round 99/100] avg private log-likelihood = -22.020
[round 100/100] avg private log-likelihood = -22.017
[round 01/100] avg private log-likelihood = -21.799
[round 02/100] avg private log-likelihood = -21.871
[round 03/100] avg private log-likelihood = -21.928
[round 04/100] avg private log-likelihood = -21.964
[round 05/100] avg private log-likelihood = -21.985
[round 06/100] avg private log-likelihood = -21.998
[round 07/100] avg private log-likelihood = -22.007
[round 08/100] avg private log-likelihood = -22.013
[round 09/100] avg private log-likelihood = -22.014
[round 10/100] avg private log-likelihood = -22.015
[round 11/100] avg private log-likelihood = -22.017
[round 12/100] avg private log-likelihood = -22.016
[round 13/100] avg private log-likelihood = -22.017
[round 14/100] avg private log-likelihood = -22.017
[round 15/100] avg private log-likelihood = -22.017
[round 16/100] avg private log-likelihood = -22.018
[round 17/100] avg private log-likelihood = -22.018
[round 18/100] avg private log-likelihood = -22.016
[round 19/100] avg private log-likelihood = -22.016
[round 20/100] avg private log-likelihood = -22.015
[round 21/100] avg private log-likelihood = -22.017
[round 22/100] avg private log-likelihood = -22.015
[round 23/100] avg private log-likelihood = -22.016
[round 24/100] avg private log-likelihood = -22.014
[round 25/100] avg private log-likelihood = -22.015
[round 26/100] avg private log-likelihood = -22.012
[round 27/100] avg private log-likelihood = -22.017
[round 28/100] avg private log-likelihood = -22.015
[round 29/100] avg private log-likelihood = -22.015
[round 30/100] avg private log-likelihood = -22.017
[round 31/100] avg private log-likelihood = -22.016
[round 32/100] avg private log-likelihood = -22.016
[round 33/100] avg private log-likelihood = -22.018
[round 34/100] avg private log-likelihood = -22.015
[round 35/100] avg private log-likelihood = -22.016
[round 36/100] avg private log-likelihood = -22.017
[round 37/100] avg private log-likelihood = -22.015
[round 38/100] avg private log-likelihood = -22.014
[round 39/100] avg private log-likelihood = -22.016
[round 40/100] avg private log-likelihood = -22.017
[round 41/100] avg private log-likelihood = -22.016
[round 42/100] avg private log-likelihood = -22.016
[round 43/100] avg private log-likelihood = -22.017
[round 44/100] avg private log-likelihood = -22.017
[round 45/100] avg private log-likelihood = -22.014
[round 46/100] avg private log-likelihood = -22.017
[round 47/100] avg private log-likelihood = -22.015
[round 48/100] avg private log-likelihood = -22.016
[round 49/100] avg private log-likelihood = -22.016
[round 50/100] avg private log-likelihood = -22.014
[round 51/100] avg private log-likelihood = -22.012
[round 52/100] avg private log-likelihood = -22.015
[round 53/100] avg private log-likelihood = -22.015
[round 54/100] avg private log-likelihood = -22.012
[round 55/100] avg private log-likelihood = -22.015
[round 56/100] avg private log-likelihood = -22.015
[round 57/100] avg private log-likelihood = -22.015
[round 58/100] avg private log-likelihood = -22.016
[round 59/100] avg private log-likelihood = -22.014
[round 60/100] avg private log-likelihood = -22.015
[round 61/100] avg private log-likelihood = -22.016
[round 62/100] avg private log-likelihood = -22.017
[round 63/100] avg private log-likelihood = -22.015
[round 64/100] avg private log-likelihood = -22.016
[round 65/100] avg private log-likelihood = -22.015
[round 66/100] avg private log-likelihood = -22.015
[round 67/100] avg private log-likelihood = -22.014
[round 68/100] avg private log-likelihood = -22.016
[round 69/100] avg private log-likelihood = -22.017
[round 70/100] avg private log-likelihood = -22.016
[round 71/100] avg private log-likelihood = -22.014
[round 72/100] avg private log-likelihood = -22.013
[round 73/100] avg private log-likelihood = -22.013
[round 74/100] avg private log-likelihood = -22.017
[round 75/100] avg private log-likelihood = -22.017
[round 76/100] avg private log-likelihood = -22.017
[round 77/100] avg private log-likelihood = -22.015
[round 78/100] avg private log-likelihood = -22.014
[round 79/100] avg private log-likelihood = -22.015
[round 80/100] avg private log-likelihood = -22.014
[round 81/100] avg private log-likelihood = -22.014
[round 82/100] avg private log-likelihood = -22.015
[round 83/100] avg private log-likelihood = -22.015
[round 84/100] avg private log-likelihood = -22.016
[round 85/100] avg private log-likelihood = -22.015
[round 86/100] avg private log-likelihood = -22.014
[round 87/100] avg private log-likelihood = -22.017
[round 88/100] avg private log-likelihood = -22.017
[round 89/100] avg private log-likelihood = -22.017
[round 90/100] avg private log-likelihood = -22.016
[round 91/100] avg private log-likelihood = -22.014
[round 92/100] avg private log-likelihood = -22.013
[round 93/100] avg private log-likelihood = -22.019
[round 94/100] avg private log-likelihood = -22.017
[round 95/100] avg private log-likelihood = -22.016
[round 96/100] avg private log-likelihood = -22.016
[round 97/100] avg private log-likelihood = -22.015
[round 98/100] avg private log-likelihood = -22.016
[round 99/100] avg private log-likelihood = -22.017
[round 100/100] avg private log-likelihood = -22.017
[DONE] Results saved to results/D16_N25_lam0.5_seed2.json
