========================================
Running experiment on GPU
  D       = 4
  N       = 10
  lambda  = 1.0
  seed    = 3
  GPU     = 0
========================================
[round 01/100] avg private log-likelihood = -4.425
[round 02/100] avg private log-likelihood = -4.560
[round 03/100] avg private log-likelihood = -4.719
[round 04/100] avg private log-likelihood = -4.876
[round 05/100] avg private log-likelihood = -5.026
[round 06/100] avg private log-likelihood = -5.162
[round 07/100] avg private log-likelihood = -5.283
[round 08/100] avg private log-likelihood = -5.383
[round 09/100] avg private log-likelihood = -5.474
[round 10/100] avg private log-likelihood = -5.553
[round 11/100] avg private log-likelihood = -5.612
[round 12/100] avg private log-likelihood = -5.664
[round 13/100] avg private log-likelihood = -5.698
[round 14/100] avg private log-likelihood = -5.723
[round 15/100] avg private log-likelihood = -5.748
[round 16/100] avg private log-likelihood = -5.765
[round 17/100] avg private log-likelihood = -5.779
[round 18/100] avg private log-likelihood = -5.789
[round 19/100] avg private log-likelihood = -5.793
[round 20/100] avg private log-likelihood = -5.804
[round 21/100] avg private log-likelihood = -5.814
[round 22/100] avg private log-likelihood = -5.809
[round 23/100] avg private log-likelihood = -5.806
[round 24/100] avg private log-likelihood = -5.804
[round 25/100] avg private log-likelihood = -5.802
[round 26/100] avg private log-likelihood = -5.806
[round 27/100] avg private log-likelihood = -5.815
[round 28/100] avg private log-likelihood = -5.815
[round 29/100] avg private log-likelihood = -5.808
[round 30/100] avg private log-likelihood = -5.800
[round 31/100] avg private log-likelihood = -5.813
[round 32/100] avg private log-likelihood = -5.807
[round 33/100] avg private log-likelihood = -5.806
[round 34/100] avg private log-likelihood = -5.814
[round 35/100] avg private log-likelihood = -5.818
[round 36/100] avg private log-likelihood = -5.809
[round 37/100] avg private log-likelihood = -5.810
[round 38/100] avg private log-likelihood = -5.822
[round 39/100] avg private log-likelihood = -5.820
[round 40/100] avg private log-likelihood = -5.821
[round 41/100] avg private log-likelihood = -5.812
[round 42/100] avg private log-likelihood = -5.815
[round 43/100] avg private log-likelihood = -5.809
[round 44/100] avg private log-likelihood = -5.813
[round 45/100] avg private log-likelihood = -5.808
[round 46/100] avg private log-likelihood = -5.807
[round 47/100] avg private log-likelihood = -5.799
[round 48/100] avg private log-likelihood = -5.815
[round 49/100] avg private log-likelihood = -5.804
[round 50/100] avg private log-likelihood = -5.804
[round 51/100] avg private log-likelihood = -5.811
[round 52/100] avg private log-likelihood = -5.816
[round 53/100] avg private log-likelihood = -5.808
[round 54/100] avg private log-likelihood = -5.813
[round 55/100] avg private log-likelihood = -5.818
[round 56/100] avg private log-likelihood = -5.816
[round 57/100] avg private log-likelihood = -5.818
[round 58/100] avg private log-likelihood = -5.816
[round 59/100] avg private log-likelihood = -5.811
[round 60/100] avg private log-likelihood = -5.815
[round 61/100] avg private log-likelihood = -5.809
[round 62/100] avg private log-likelihood = -5.811
[round 63/100] avg private log-likelihood = -5.814
[round 64/100] avg private log-likelihood = -5.814
[round 65/100] avg private log-likelihood = -5.811
[round 66/100] avg private log-likelihood = -5.809
[round 67/100] avg private log-likelihood = -5.803
[round 68/100] avg private log-likelihood = -5.805
[round 69/100] avg private log-likelihood = -5.810
[round 70/100] avg private log-likelihood = -5.807
[round 71/100] avg private log-likelihood = -5.805
[round 72/100] avg private log-likelihood = -5.813
[round 73/100] avg private log-likelihood = -5.807
[round 74/100] avg private log-likelihood = -5.815
[round 75/100] avg private log-likelihood = -5.820
[round 76/100] avg private log-likelihood = -5.830
[round 77/100] avg private log-likelihood = -5.822
[round 78/100] avg private log-likelihood = -5.823
[round 79/100] avg private log-likelihood = -5.816
[round 80/100] avg private log-likelihood = -5.821
[round 81/100] avg private log-likelihood = -5.823
[round 82/100] avg private log-likelihood = -5.823
[round 83/100] avg private log-likelihood = -5.812
[round 84/100] avg private log-likelihood = -5.813
[round 85/100] avg private log-likelihood = -5.812
[round 86/100] avg private log-likelihood = -5.819
[round 87/100] avg private log-likelihood = -5.826
[round 88/100] avg private log-likelihood = -5.825
[round 89/100] avg private log-likelihood = -5.819
[round 90/100] avg private log-likelihood = -5.823
[round 91/100] avg private log-likelihood = -5.815
[round 92/100] avg private log-likelihood = -5.819
[round 93/100] avg private log-likelihood = -5.813
[round 94/100] avg private log-likelihood = -5.814
[round 95/100] avg private log-likelihood = -5.810
[round 96/100] avg private log-likelihood = -5.809
[round 97/100] avg private log-likelihood = -5.804
[round 98/100] avg private log-likelihood = -5.802
[round 99/100] avg private log-likelihood = -5.809
[round 100/100] avg private log-likelihood = -5.823
[round 01/100] avg private log-likelihood = -4.418
[round 02/100] avg private log-likelihood = -4.552
[round 03/100] avg private log-likelihood = -4.703
[round 04/100] avg private log-likelihood = -4.859
[round 05/100] avg private log-likelihood = -5.009
[round 06/100] avg private log-likelihood = -5.138
[round 07/100] avg private log-likelihood = -5.260
[round 08/100] avg private log-likelihood = -5.370
[round 09/100] avg private log-likelihood = -5.460
[round 10/100] avg private log-likelihood = -5.530
[round 11/100] avg private log-likelihood = -5.591
[round 12/100] avg private log-likelihood = -5.640
[round 13/100] avg private log-likelihood = -5.684
[round 14/100] avg private log-likelihood = -5.711
[round 15/100] avg private log-likelihood = -5.737
[round 16/100] avg private log-likelihood = -5.755
[round 17/100] avg private log-likelihood = -5.770
[round 18/100] avg private log-likelihood = -5.782
[round 19/100] avg private log-likelihood = -5.786
[round 20/100] avg private log-likelihood = -5.794
[round 21/100] avg private log-likelihood = -5.802
[round 22/100] avg private log-likelihood = -5.802
[round 23/100] avg private log-likelihood = -5.800
[round 24/100] avg private log-likelihood = -5.805
[round 25/100] avg private log-likelihood = -5.810
[round 26/100] avg private log-likelihood = -5.808
[round 27/100] avg private log-likelihood = -5.808
[round 28/100] avg private log-likelihood = -5.805
[round 29/100] avg private log-likelihood = -5.808
[round 30/100] avg private log-likelihood = -5.807
[round 31/100] avg private log-likelihood = -5.807
[round 32/100] avg private log-likelihood = -5.804
[round 33/100] avg private log-likelihood = -5.813
[round 34/100] avg private log-likelihood = -5.813
[round 35/100] avg private log-likelihood = -5.807
[round 36/100] avg private log-likelihood = -5.803
[round 37/100] avg private log-likelihood = -5.804
[round 38/100] avg private log-likelihood = -5.807
[round 39/100] avg private log-likelihood = -5.807
[round 40/100] avg private log-likelihood = -5.809
[round 41/100] avg private log-likelihood = -5.809
[round 42/100] avg private log-likelihood = -5.807
[round 43/100] avg private log-likelihood = -5.805
[round 44/100] avg private log-likelihood = -5.808
[round 45/100] avg private log-likelihood = -5.806
[round 46/100] avg private log-likelihood = -5.811
[round 47/100] avg private log-likelihood = -5.811
[round 48/100] avg private log-likelihood = -5.812
[round 49/100] avg private log-likelihood = -5.810
[round 50/100] avg private log-likelihood = -5.808
[round 51/100] avg private log-likelihood = -5.811
[round 52/100] avg private log-likelihood = -5.808
[round 53/100] avg private log-likelihood = -5.813
[round 54/100] avg private log-likelihood = -5.812
[round 55/100] avg private log-likelihood = -5.811
[round 56/100] avg private log-likelihood = -5.810
[round 57/100] avg private log-likelihood = -5.809
[round 58/100] avg private log-likelihood = -5.814
[round 59/100] avg private log-likelihood = -5.814
[round 60/100] avg private log-likelihood = -5.816
[round 61/100] avg private log-likelihood = -5.810
[round 62/100] avg private log-likelihood = -5.813
[round 63/100] avg private log-likelihood = -5.814
[round 64/100] avg private log-likelihood = -5.809
[round 65/100] avg private log-likelihood = -5.810
[round 66/100] avg private log-likelihood = -5.814
[round 67/100] avg private log-likelihood = -5.810
[round 68/100] avg private log-likelihood = -5.811
[round 69/100] avg private log-likelihood = -5.809
[round 70/100] avg private log-likelihood = -5.810
[round 71/100] avg private log-likelihood = -5.810
[round 72/100] avg private log-likelihood = -5.807
[round 73/100] avg private log-likelihood = -5.809
[round 74/100] avg private log-likelihood = -5.809
[round 75/100] avg private log-likelihood = -5.807
[round 76/100] avg private log-likelihood = -5.808
[round 77/100] avg private log-likelihood = -5.811
[round 78/100] avg private log-likelihood = -5.808
[round 79/100] avg private log-likelihood = -5.810
[round 80/100] avg private log-likelihood = -5.808
[round 81/100] avg private log-likelihood = -5.806
[round 82/100] avg private log-likelihood = -5.807
[round 83/100] avg private log-likelihood = -5.805
[round 84/100] avg private log-likelihood = -5.803
[round 85/100] avg private log-likelihood = -5.806
[round 86/100] avg private log-likelihood = -5.806
[round 87/100] avg private log-likelihood = -5.813
[round 88/100] avg private log-likelihood = -5.807
[round 89/100] avg private log-likelihood = -5.807
[round 90/100] avg private log-likelihood = -5.808
[round 91/100] avg private log-likelihood = -5.811
[round 92/100] avg private log-likelihood = -5.812
[round 93/100] avg private log-likelihood = -5.807
[round 94/100] avg private log-likelihood = -5.810
[round 95/100] avg private log-likelihood = -5.811
[round 96/100] avg private log-likelihood = -5.812
[round 97/100] avg private log-likelihood = -5.805
[round 98/100] avg private log-likelihood = -5.807
[round 99/100] avg private log-likelihood = -5.813
[round 100/100] avg private log-likelihood = -5.813
[DONE] Results saved to results/D4_N10_lam1.0_seed3.json
