========================================
Running experiment on GPU
  D       = 2
  N       = 25
  lambda  = 0.5
  seed    = 0
  GPU     = 0
========================================
[round 01/100] avg private log-likelihood = -3.391
[round 02/100] avg private log-likelihood = -3.395
[round 03/100] avg private log-likelihood = -3.396
[round 04/100] avg private log-likelihood = -3.395
[round 05/100] avg private log-likelihood = -3.393
[round 06/100] avg private log-likelihood = -3.389
[round 07/100] avg private log-likelihood = -3.385
[round 08/100] avg private log-likelihood = -3.381
[round 09/100] avg private log-likelihood = -3.378
[round 10/100] avg private log-likelihood = -3.374
[round 11/100] avg private log-likelihood = -3.373
[round 12/100] avg private log-likelihood = -3.372
[round 13/100] avg private log-likelihood = -3.370
[round 14/100] avg private log-likelihood = -3.369
[round 15/100] avg private log-likelihood = -3.366
[round 16/100] avg private log-likelihood = -3.366
[round 17/100] avg private log-likelihood = -3.364
[round 18/100] avg private log-likelihood = -3.363
[round 19/100] avg private log-likelihood = -3.364
[round 20/100] avg private log-likelihood = -3.362
[round 21/100] avg private log-likelihood = -3.361
[round 22/100] avg private log-likelihood = -3.361
[round 23/100] avg private log-likelihood = -3.361
[round 24/100] avg private log-likelihood = -3.360
[round 25/100] avg private log-likelihood = -3.360
[round 26/100] avg private log-likelihood = -3.357
[round 27/100] avg private log-likelihood = -3.358
[round 28/100] avg private log-likelihood = -3.357
[round 29/100] avg private log-likelihood = -3.356
[round 30/100] avg private log-likelihood = -3.356
[round 31/100] avg private log-likelihood = -3.358
[round 32/100] avg private log-likelihood = -3.356
[round 33/100] avg private log-likelihood = -3.358
[round 34/100] avg private log-likelihood = -3.356
[round 35/100] avg private log-likelihood = -3.356
[round 36/100] avg private log-likelihood = -3.356
[round 37/100] avg private log-likelihood = -3.356
[round 38/100] avg private log-likelihood = -3.355
[round 39/100] avg private log-likelihood = -3.357
[round 40/100] avg private log-likelihood = -3.356
[round 41/100] avg private log-likelihood = -3.356
[round 42/100] avg private log-likelihood = -3.356
[round 43/100] avg private log-likelihood = -3.355
[round 44/100] avg private log-likelihood = -3.356
[round 45/100] avg private log-likelihood = -3.356
[round 46/100] avg private log-likelihood = -3.357
[round 47/100] avg private log-likelihood = -3.356
[round 48/100] avg private log-likelihood = -3.357
[round 49/100] avg private log-likelihood = -3.356
[round 50/100] avg private log-likelihood = -3.357
[round 51/100] avg private log-likelihood = -3.356
[round 52/100] avg private log-likelihood = -3.356
[round 53/100] avg private log-likelihood = -3.356
[round 54/100] avg private log-likelihood = -3.356
[round 55/100] avg private log-likelihood = -3.356
[round 56/100] avg private log-likelihood = -3.356
[round 57/100] avg private log-likelihood = -3.354
[round 58/100] avg private log-likelihood = -3.355
[round 59/100] avg private log-likelihood = -3.354
[round 60/100] avg private log-likelihood = -3.354
[round 61/100] avg private log-likelihood = -3.354
[round 62/100] avg private log-likelihood = -3.354
[round 63/100] avg private log-likelihood = -3.354
[round 64/100] avg private log-likelihood = -3.355
[round 65/100] avg private log-likelihood = -3.354
[round 66/100] avg private log-likelihood = -3.354
[round 67/100] avg private log-likelihood = -3.354
[round 68/100] avg private log-likelihood = -3.354
[round 69/100] avg private log-likelihood = -3.354
[round 70/100] avg private log-likelihood = -3.353
[round 71/100] avg private log-likelihood = -3.354
[round 72/100] avg private log-likelihood = -3.354
[round 73/100] avg private log-likelihood = -3.353
[round 74/100] avg private log-likelihood = -3.352
[round 75/100] avg private log-likelihood = -3.353
[round 76/100] avg private log-likelihood = -3.353
[round 77/100] avg private log-likelihood = -3.353
[round 78/100] avg private log-likelihood = -3.353
[round 79/100] avg private log-likelihood = -3.354
[round 80/100] avg private log-likelihood = -3.354
[round 81/100] avg private log-likelihood = -3.353
[round 82/100] avg private log-likelihood = -3.353
[round 83/100] avg private log-likelihood = -3.353
[round 84/100] avg private log-likelihood = -3.353
[round 85/100] avg private log-likelihood = -3.353
[round 86/100] avg private log-likelihood = -3.354
[round 87/100] avg private log-likelihood = -3.353
[round 88/100] avg private log-likelihood = -3.354
[round 89/100] avg private log-likelihood = -3.353
[round 90/100] avg private log-likelihood = -3.353
[round 91/100] avg private log-likelihood = -3.354
[round 92/100] avg private log-likelihood = -3.353
[round 93/100] avg private log-likelihood = -3.354
[round 94/100] avg private log-likelihood = -3.353
[round 95/100] avg private log-likelihood = -3.353
[round 96/100] avg private log-likelihood = -3.353
[round 97/100] avg private log-likelihood = -3.353
[round 98/100] avg private log-likelihood = -3.353
[round 99/100] avg private log-likelihood = -3.352
[round 100/100] avg private log-likelihood = -3.354
[round 01/100] avg private log-likelihood = -3.388
[round 02/100] avg private log-likelihood = -3.393
[round 03/100] avg private log-likelihood = -3.395
[round 04/100] avg private log-likelihood = -3.394
[round 05/100] avg private log-likelihood = -3.392
[round 06/100] avg private log-likelihood = -3.388
[round 07/100] avg private log-likelihood = -3.384
[round 08/100] avg private log-likelihood = -3.382
[round 09/100] avg private log-likelihood = -3.379
[round 10/100] avg private log-likelihood = -3.375
[round 11/100] avg private log-likelihood = -3.373
[round 12/100] avg private log-likelihood = -3.371
[round 13/100] avg private log-likelihood = -3.370
[round 14/100] avg private log-likelihood = -3.369
[round 15/100] avg private log-likelihood = -3.368
[round 16/100] avg private log-likelihood = -3.368
[round 17/100] avg private log-likelihood = -3.368
[round 18/100] avg private log-likelihood = -3.367
[round 19/100] avg private log-likelihood = -3.367
[round 20/100] avg private log-likelihood = -3.368
[round 21/100] avg private log-likelihood = -3.366
[round 22/100] avg private log-likelihood = -3.368
[round 23/100] avg private log-likelihood = -3.367
[round 24/100] avg private log-likelihood = -3.366
[round 25/100] avg private log-likelihood = -3.367
[round 26/100] avg private log-likelihood = -3.367
[round 27/100] avg private log-likelihood = -3.366
[round 28/100] avg private log-likelihood = -3.365
[round 29/100] avg private log-likelihood = -3.364
[round 30/100] avg private log-likelihood = -3.363
[round 31/100] avg private log-likelihood = -3.362
[round 32/100] avg private log-likelihood = -3.362
[round 33/100] avg private log-likelihood = -3.362
[round 34/100] avg private log-likelihood = -3.362
[round 35/100] avg private log-likelihood = -3.361
[round 36/100] avg private log-likelihood = -3.361
[round 37/100] avg private log-likelihood = -3.361
[round 38/100] avg private log-likelihood = -3.361
[round 39/100] avg private log-likelihood = -3.361
[round 40/100] avg private log-likelihood = -3.361
[round 41/100] avg private log-likelihood = -3.361
[round 42/100] avg private log-likelihood = -3.361
[round 43/100] avg private log-likelihood = -3.361
[round 44/100] avg private log-likelihood = -3.361
[round 45/100] avg private log-likelihood = -3.361
[round 46/100] avg private log-likelihood = -3.361
[round 47/100] avg private log-likelihood = -3.361
[round 48/100] avg private log-likelihood = -3.362
[round 49/100] avg private log-likelihood = -3.361
[round 50/100] avg private log-likelihood = -3.361
[round 51/100] avg private log-likelihood = -3.361
[round 52/100] avg private log-likelihood = -3.361
[round 53/100] avg private log-likelihood = -3.361
[round 54/100] avg private log-likelihood = -3.361
[round 55/100] avg private log-likelihood = -3.361
[round 56/100] avg private log-likelihood = -3.361
[round 57/100] avg private log-likelihood = -3.361
[round 58/100] avg private log-likelihood = -3.361
[round 59/100] avg private log-likelihood = -3.361
[round 60/100] avg private log-likelihood = -3.361
[round 61/100] avg private log-likelihood = -3.361
[round 62/100] avg private log-likelihood = -3.361
[round 63/100] avg private log-likelihood = -3.361
[round 64/100] avg private log-likelihood = -3.361
[round 65/100] avg private log-likelihood = -3.361
[round 66/100] avg private log-likelihood = -3.361
[round 67/100] avg private log-likelihood = -3.361
[round 68/100] avg private log-likelihood = -3.361
[round 69/100] avg private log-likelihood = -3.361
[round 70/100] avg private log-likelihood = -3.361
[round 71/100] avg private log-likelihood = -3.360
[round 72/100] avg private log-likelihood = -3.361
[round 73/100] avg private log-likelihood = -3.361
[round 74/100] avg private log-likelihood = -3.361
[round 75/100] avg private log-likelihood = -3.361
[round 76/100] avg private log-likelihood = -3.361
[round 77/100] avg private log-likelihood = -3.361
[round 78/100] avg private log-likelihood = -3.361
[round 79/100] avg private log-likelihood = -3.361
[round 80/100] avg private log-likelihood = -3.361
[round 81/100] avg private log-likelihood = -3.361
[round 82/100] avg private log-likelihood = -3.361
[round 83/100] avg private log-likelihood = -3.361
[round 84/100] avg private log-likelihood = -3.361
[round 85/100] avg private log-likelihood = -3.361
[round 86/100] avg private log-likelihood = -3.361
[round 87/100] avg private log-likelihood = -3.362
[round 88/100] avg private log-likelihood = -3.361
[round 89/100] avg private log-likelihood = -3.361
[round 90/100] avg private log-likelihood = -3.361
[round 91/100] avg private log-likelihood = -3.360
[round 92/100] avg private log-likelihood = -3.361
[round 93/100] avg private log-likelihood = -3.360
[round 94/100] avg private log-likelihood = -3.362
[round 95/100] avg private log-likelihood = -3.362
[round 96/100] avg private log-likelihood = -3.361
[round 97/100] avg private log-likelihood = -3.361
[round 98/100] avg private log-likelihood = -3.361
[round 99/100] avg private log-likelihood = -3.360
[round 100/100] avg private log-likelihood = -3.361
[DONE] Results saved to results/D2_N25_lam0.5_seed0.json
