========================================
Running experiment on GPU
  D       = 2
  N       = 10
  lambda  = 1.0
  seed    = 7
  GPU     = 0
========================================
[round 01/100] avg private log-likelihood = -3.064
[round 02/100] avg private log-likelihood = -3.117
[round 03/100] avg private log-likelihood = -3.171
[round 04/100] avg private log-likelihood = -3.223
[round 05/100] avg private log-likelihood = -3.255
[round 06/100] avg private log-likelihood = -3.294
[round 07/100] avg private log-likelihood = -3.324
[round 08/100] avg private log-likelihood = -3.354
[round 09/100] avg private log-likelihood = -3.377
[round 10/100] avg private log-likelihood = -3.399
[round 11/100] avg private log-likelihood = -3.418
[round 12/100] avg private log-likelihood = -3.438
[round 13/100] avg private log-likelihood = -3.450
[round 14/100] avg private log-likelihood = -3.458
[round 15/100] avg private log-likelihood = -3.465
[round 16/100] avg private log-likelihood = -3.473
[round 17/100] avg private log-likelihood = -3.476
[round 18/100] avg private log-likelihood = -3.477
[round 19/100] avg private log-likelihood = -3.475
[round 20/100] avg private log-likelihood = -3.473
[round 21/100] avg private log-likelihood = -3.468
[round 22/100] avg private log-likelihood = -3.470
[round 23/100] avg private log-likelihood = -3.472
[round 24/100] avg private log-likelihood = -3.471
[round 25/100] avg private log-likelihood = -3.467
[round 26/100] avg private log-likelihood = -3.468
[round 27/100] avg private log-likelihood = -3.467
[round 28/100] avg private log-likelihood = -3.468
[round 29/100] avg private log-likelihood = -3.468
[round 30/100] avg private log-likelihood = -3.467
[round 31/100] avg private log-likelihood = -3.470
[round 32/100] avg private log-likelihood = -3.469
[round 33/100] avg private log-likelihood = -3.473
[round 34/100] avg private log-likelihood = -3.468
[round 35/100] avg private log-likelihood = -3.469
[round 36/100] avg private log-likelihood = -3.472
[round 37/100] avg private log-likelihood = -3.470
[round 38/100] avg private log-likelihood = -3.474
[round 39/100] avg private log-likelihood = -3.476
[round 40/100] avg private log-likelihood = -3.467
[round 41/100] avg private log-likelihood = -3.468
[round 42/100] avg private log-likelihood = -3.469
[round 43/100] avg private log-likelihood = -3.469
[round 44/100] avg private log-likelihood = -3.468
[round 45/100] avg private log-likelihood = -3.469
[round 46/100] avg private log-likelihood = -3.468
[round 47/100] avg private log-likelihood = -3.470
[round 48/100] avg private log-likelihood = -3.472
[round 49/100] avg private log-likelihood = -3.471
[round 50/100] avg private log-likelihood = -3.471
[round 51/100] avg private log-likelihood = -3.472
[round 52/100] avg private log-likelihood = -3.473
[round 53/100] avg private log-likelihood = -3.473
[round 54/100] avg private log-likelihood = -3.470
[round 55/100] avg private log-likelihood = -3.476
[round 56/100] avg private log-likelihood = -3.472
[round 57/100] avg private log-likelihood = -3.475
[round 58/100] avg private log-likelihood = -3.469
[round 59/100] avg private log-likelihood = -3.468
[round 60/100] avg private log-likelihood = -3.469
[round 61/100] avg private log-likelihood = -3.473
[round 62/100] avg private log-likelihood = -3.470
[round 63/100] avg private log-likelihood = -3.469
[round 64/100] avg private log-likelihood = -3.470
[round 65/100] avg private log-likelihood = -3.469
[round 66/100] avg private log-likelihood = -3.470
[round 67/100] avg private log-likelihood = -3.466
[round 68/100] avg private log-likelihood = -3.470
[round 69/100] avg private log-likelihood = -3.473
[round 70/100] avg private log-likelihood = -3.470
[round 71/100] avg private log-likelihood = -3.467
[round 72/100] avg private log-likelihood = -3.470
[round 73/100] avg private log-likelihood = -3.470
[round 74/100] avg private log-likelihood = -3.470
[round 75/100] avg private log-likelihood = -3.472
[round 76/100] avg private log-likelihood = -3.469
[round 77/100] avg private log-likelihood = -3.472
[round 78/100] avg private log-likelihood = -3.472
[round 79/100] avg private log-likelihood = -3.469
[round 80/100] avg private log-likelihood = -3.468
[round 81/100] avg private log-likelihood = -3.469
[round 82/100] avg private log-likelihood = -3.469
[round 83/100] avg private log-likelihood = -3.467
[round 84/100] avg private log-likelihood = -3.469
[round 85/100] avg private log-likelihood = -3.471
[round 86/100] avg private log-likelihood = -3.474
[round 87/100] avg private log-likelihood = -3.472
[round 88/100] avg private log-likelihood = -3.470
[round 89/100] avg private log-likelihood = -3.470
[round 90/100] avg private log-likelihood = -3.472
[round 91/100] avg private log-likelihood = -3.473
[round 92/100] avg private log-likelihood = -3.469
[round 93/100] avg private log-likelihood = -3.472
[round 94/100] avg private log-likelihood = -3.473
[round 95/100] avg private log-likelihood = -3.469
[round 96/100] avg private log-likelihood = -3.470
[round 97/100] avg private log-likelihood = -3.472
[round 98/100] avg private log-likelihood = -3.468
[round 99/100] avg private log-likelihood = -3.471
[round 100/100] avg private log-likelihood = -3.469
[round 01/100] avg private log-likelihood = -3.062
[round 02/100] avg private log-likelihood = -3.113
[round 03/100] avg private log-likelihood = -3.165
[round 04/100] avg private log-likelihood = -3.211
[round 05/100] avg private log-likelihood = -3.251
[round 06/100] avg private log-likelihood = -3.285
[round 07/100] avg private log-likelihood = -3.318
[round 08/100] avg private log-likelihood = -3.346
[round 09/100] avg private log-likelihood = -3.371
[round 10/100] avg private log-likelihood = -3.395
[round 11/100] avg private log-likelihood = -3.412
[round 12/100] avg private log-likelihood = -3.430
[round 13/100] avg private log-likelihood = -3.446
[round 14/100] avg private log-likelihood = -3.457
[round 15/100] avg private log-likelihood = -3.467
[round 16/100] avg private log-likelihood = -3.474
[round 17/100] avg private log-likelihood = -3.478
[round 18/100] avg private log-likelihood = -3.478
[round 19/100] avg private log-likelihood = -3.477
[round 20/100] avg private log-likelihood = -3.477
[round 21/100] avg private log-likelihood = -3.472
[round 22/100] avg private log-likelihood = -3.470
[round 23/100] avg private log-likelihood = -3.470
[round 24/100] avg private log-likelihood = -3.469
[round 25/100] avg private log-likelihood = -3.467
[round 26/100] avg private log-likelihood = -3.469
[round 27/100] avg private log-likelihood = -3.469
[round 28/100] avg private log-likelihood = -3.469
[round 29/100] avg private log-likelihood = -3.468
[round 30/100] avg private log-likelihood = -3.469
[round 31/100] avg private log-likelihood = -3.466
[round 32/100] avg private log-likelihood = -3.464
[round 33/100] avg private log-likelihood = -3.466
[round 34/100] avg private log-likelihood = -3.466
[round 35/100] avg private log-likelihood = -3.468
[round 36/100] avg private log-likelihood = -3.469
[round 37/100] avg private log-likelihood = -3.470
[round 38/100] avg private log-likelihood = -3.467
[round 39/100] avg private log-likelihood = -3.466
[round 40/100] avg private log-likelihood = -3.469
[round 41/100] avg private log-likelihood = -3.467
[round 42/100] avg private log-likelihood = -3.468
[round 43/100] avg private log-likelihood = -3.468
[round 44/100] avg private log-likelihood = -3.469
[round 45/100] avg private log-likelihood = -3.469
[round 46/100] avg private log-likelihood = -3.466
[round 47/100] avg private log-likelihood = -3.468
[round 48/100] avg private log-likelihood = -3.471
[round 49/100] avg private log-likelihood = -3.470
[round 50/100] avg private log-likelihood = -3.469
[round 51/100] avg private log-likelihood = -3.466
[round 52/100] avg private log-likelihood = -3.466
[round 53/100] avg private log-likelihood = -3.468
[round 54/100] avg private log-likelihood = -3.468
[round 55/100] avg private log-likelihood = -3.468
[round 56/100] avg private log-likelihood = -3.469
[round 57/100] avg private log-likelihood = -3.470
[round 58/100] avg private log-likelihood = -3.469
[round 59/100] avg private log-likelihood = -3.471
[round 60/100] avg private log-likelihood = -3.468
[round 61/100] avg private log-likelihood = -3.469
[round 62/100] avg private log-likelihood = -3.470
[round 63/100] avg private log-likelihood = -3.469
[round 64/100] avg private log-likelihood = -3.469
[round 65/100] avg private log-likelihood = -3.468
[round 66/100] avg private log-likelihood = -3.468
[round 67/100] avg private log-likelihood = -3.468
[round 68/100] avg private log-likelihood = -3.468
[round 69/100] avg private log-likelihood = -3.469
[round 70/100] avg private log-likelihood = -3.471
[round 71/100] avg private log-likelihood = -3.473
[round 72/100] avg private log-likelihood = -3.471
[round 73/100] avg private log-likelihood = -3.470
[round 74/100] avg private log-likelihood = -3.469
[round 75/100] avg private log-likelihood = -3.469
[round 76/100] avg private log-likelihood = -3.470
[round 77/100] avg private log-likelihood = -3.473
[round 78/100] avg private log-likelihood = -3.468
[round 79/100] avg private log-likelihood = -3.467
[round 80/100] avg private log-likelihood = -3.466
[round 81/100] avg private log-likelihood = -3.467
[round 82/100] avg private log-likelihood = -3.469
[round 83/100] avg private log-likelihood = -3.471
[round 84/100] avg private log-likelihood = -3.470
[round 85/100] avg private log-likelihood = -3.469
[round 86/100] avg private log-likelihood = -3.468
[round 87/100] avg private log-likelihood = -3.468
[round 88/100] avg private log-likelihood = -3.467
[round 89/100] avg private log-likelihood = -3.467
[round 90/100] avg private log-likelihood = -3.470
[round 91/100] avg private log-likelihood = -3.471
[round 92/100] avg private log-likelihood = -3.468
[round 93/100] avg private log-likelihood = -3.469
[round 94/100] avg private log-likelihood = -3.471
[round 95/100] avg private log-likelihood = -3.470
[round 96/100] avg private log-likelihood = -3.471
[round 97/100] avg private log-likelihood = -3.468
[round 98/100] avg private log-likelihood = -3.470
[round 99/100] avg private log-likelihood = -3.470
[round 100/100] avg private log-likelihood = -3.469
[DONE] Results saved to results/D2_N10_lam1.0_seed7.json
