========================================
Running experiment on GPU
  D       = 8
  N       = 10
  lambda  = 0.5
  seed    = 6
  GPU     = 0
========================================
[round 01/100] avg private log-likelihood = -8.134
[round 02/100] avg private log-likelihood = -8.348
[round 03/100] avg private log-likelihood = -8.553
[round 04/100] avg private log-likelihood = -8.737
[round 05/100] avg private log-likelihood = -8.941
[round 06/100] avg private log-likelihood = -9.114
[round 07/100] avg private log-likelihood = -9.300
[round 08/100] avg private log-likelihood = -9.472
[round 09/100] avg private log-likelihood = -9.624
[round 10/100] avg private log-likelihood = -9.747
[round 11/100] avg private log-likelihood = -9.862
[round 12/100] avg private log-likelihood = -9.942
[round 13/100] avg private log-likelihood = -10.004
[round 14/100] avg private log-likelihood = -10.049
[round 15/100] avg private log-likelihood = -10.073
[round 16/100] avg private log-likelihood = -10.084
[round 17/100] avg private log-likelihood = -10.078
[round 18/100] avg private log-likelihood = -10.064
[round 19/100] avg private log-likelihood = -10.051
[round 20/100] avg private log-likelihood = -10.042
[round 21/100] avg private log-likelihood = -10.028
[round 22/100] avg private log-likelihood = -10.013
[round 23/100] avg private log-likelihood = -10.008
[round 24/100] avg private log-likelihood = -9.993
[round 25/100] avg private log-likelihood = -9.988
[round 26/100] avg private log-likelihood = -9.991
[round 27/100] avg private log-likelihood = -9.991
[round 28/100] avg private log-likelihood = -9.991
[round 29/100] avg private log-likelihood = -9.995
[round 30/100] avg private log-likelihood = -9.998
[round 31/100] avg private log-likelihood = -9.997
[round 32/100] avg private log-likelihood = -9.999
[round 33/100] avg private log-likelihood = -9.996
[round 34/100] avg private log-likelihood = -9.993
[round 35/100] avg private log-likelihood = -9.990
[round 36/100] avg private log-likelihood = -9.986
[round 37/100] avg private log-likelihood = -9.997
[round 38/100] avg private log-likelihood = -10.001
[round 39/100] avg private log-likelihood = -9.993
[round 40/100] avg private log-likelihood = -9.989
[round 41/100] avg private log-likelihood = -9.995
[round 42/100] avg private log-likelihood = -9.994
[round 43/100] avg private log-likelihood = -9.998
[round 44/100] avg private log-likelihood = -10.000
[round 45/100] avg private log-likelihood = -9.996
[round 46/100] avg private log-likelihood = -9.989
[round 47/100] avg private log-likelihood = -9.996
[round 48/100] avg private log-likelihood = -10.002
[round 49/100] avg private log-likelihood = -10.006
[round 50/100] avg private log-likelihood = -10.004
[round 51/100] avg private log-likelihood = -10.007
[round 52/100] avg private log-likelihood = -10.001
[round 53/100] avg private log-likelihood = -9.998
[round 54/100] avg private log-likelihood = -9.998
[round 55/100] avg private log-likelihood = -10.001
[round 56/100] avg private log-likelihood = -9.993
[round 57/100] avg private log-likelihood = -9.994
[round 58/100] avg private log-likelihood = -9.996
[round 59/100] avg private log-likelihood = -9.999
[round 60/100] avg private log-likelihood = -9.999
[round 61/100] avg private log-likelihood = -10.010
[round 62/100] avg private log-likelihood = -10.011
[round 63/100] avg private log-likelihood = -10.008
[round 64/100] avg private log-likelihood = -9.999
[round 65/100] avg private log-likelihood = -10.001
[round 66/100] avg private log-likelihood = -9.999
[round 67/100] avg private log-likelihood = -9.998
[round 68/100] avg private log-likelihood = -9.999
[round 69/100] avg private log-likelihood = -10.000
[round 70/100] avg private log-likelihood = -10.006
[round 71/100] avg private log-likelihood = -10.004
[round 72/100] avg private log-likelihood = -9.992
[round 73/100] avg private log-likelihood = -9.995
[round 74/100] avg private log-likelihood = -10.005
[round 75/100] avg private log-likelihood = -10.003
[round 76/100] avg private log-likelihood = -9.989
[round 77/100] avg private log-likelihood = -9.978
[round 78/100] avg private log-likelihood = -9.995
[round 79/100] avg private log-likelihood = -9.995
[round 80/100] avg private log-likelihood = -9.995
[round 81/100] avg private log-likelihood = -9.997
[round 82/100] avg private log-likelihood = -9.993
[round 83/100] avg private log-likelihood = -10.001
[round 84/100] avg private log-likelihood = -9.998
[round 85/100] avg private log-likelihood = -10.003
[round 86/100] avg private log-likelihood = -9.992
[round 87/100] avg private log-likelihood = -9.991
[round 88/100] avg private log-likelihood = -10.000
[round 89/100] avg private log-likelihood = -9.992
[round 90/100] avg private log-likelihood = -9.994
[round 91/100] avg private log-likelihood = -9.998
[round 92/100] avg private log-likelihood = -10.002
[round 93/100] avg private log-likelihood = -9.999
[round 94/100] avg private log-likelihood = -10.006
[round 95/100] avg private log-likelihood = -10.006
[round 96/100] avg private log-likelihood = -9.995
[round 97/100] avg private log-likelihood = -9.997
[round 98/100] avg private log-likelihood = -10.001
[round 99/100] avg private log-likelihood = -10.006
[round 100/100] avg private log-likelihood = -9.994
[round 01/100] avg private log-likelihood = -8.159
[round 02/100] avg private log-likelihood = -8.360
[round 03/100] avg private log-likelihood = -8.569
[round 04/100] avg private log-likelihood = -8.762
[round 05/100] avg private log-likelihood = -8.944
[round 06/100] avg private log-likelihood = -9.123
[round 07/100] avg private log-likelihood = -9.281
[round 08/100] avg private log-likelihood = -9.428
[round 09/100] avg private log-likelihood = -9.559
[round 10/100] avg private log-likelihood = -9.672
[round 11/100] avg private log-likelihood = -9.772
[round 12/100] avg private log-likelihood = -9.852
[round 13/100] avg private log-likelihood = -9.915
[round 14/100] avg private log-likelihood = -9.967
[round 15/100] avg private log-likelihood = -9.998
[round 16/100] avg private log-likelihood = -10.022
[round 17/100] avg private log-likelihood = -10.023
[round 18/100] avg private log-likelihood = -10.016
[round 19/100] avg private log-likelihood = -10.012
[round 20/100] avg private log-likelihood = -10.008
[round 21/100] avg private log-likelihood = -9.997
[round 22/100] avg private log-likelihood = -9.988
[round 23/100] avg private log-likelihood = -9.981
[round 24/100] avg private log-likelihood = -9.976
[round 25/100] avg private log-likelihood = -9.975
[round 26/100] avg private log-likelihood = -9.976
[round 27/100] avg private log-likelihood = -9.977
[round 28/100] avg private log-likelihood = -9.975
[round 29/100] avg private log-likelihood = -9.973
[round 30/100] avg private log-likelihood = -9.977
[round 31/100] avg private log-likelihood = -9.976
[round 32/100] avg private log-likelihood = -9.976
[round 33/100] avg private log-likelihood = -9.978
[round 34/100] avg private log-likelihood = -9.980
[round 35/100] avg private log-likelihood = -9.981
[round 36/100] avg private log-likelihood = -9.978
[round 37/100] avg private log-likelihood = -9.976
[round 38/100] avg private log-likelihood = -9.975
[round 39/100] avg private log-likelihood = -9.974
[round 40/100] avg private log-likelihood = -9.977
[round 41/100] avg private log-likelihood = -9.976
[round 42/100] avg private log-likelihood = -9.974
[round 43/100] avg private log-likelihood = -9.980
[round 44/100] avg private log-likelihood = -9.985
[round 45/100] avg private log-likelihood = -9.986
[round 46/100] avg private log-likelihood = -9.982
[round 47/100] avg private log-likelihood = -9.978
[round 48/100] avg private log-likelihood = -9.978
[round 49/100] avg private log-likelihood = -9.987
[round 50/100] avg private log-likelihood = -9.988
[round 51/100] avg private log-likelihood = -9.989
[round 52/100] avg private log-likelihood = -9.983
[round 53/100] avg private log-likelihood = -9.977
[round 54/100] avg private log-likelihood = -9.978
[round 55/100] avg private log-likelihood = -9.980
[round 56/100] avg private log-likelihood = -9.981
[round 57/100] avg private log-likelihood = -9.982
[round 58/100] avg private log-likelihood = -9.983
[round 59/100] avg private log-likelihood = -9.977
[round 60/100] avg private log-likelihood = -9.978
[round 61/100] avg private log-likelihood = -9.984
[round 62/100] avg private log-likelihood = -9.984
[round 63/100] avg private log-likelihood = -9.977
[round 64/100] avg private log-likelihood = -9.973
[round 65/100] avg private log-likelihood = -9.979
[round 66/100] avg private log-likelihood = -9.968
[round 67/100] avg private log-likelihood = -9.970
[round 68/100] avg private log-likelihood = -9.973
[round 69/100] avg private log-likelihood = -9.973
[round 70/100] avg private log-likelihood = -9.976
[round 71/100] avg private log-likelihood = -9.971
[round 72/100] avg private log-likelihood = -9.977
[round 73/100] avg private log-likelihood = -9.981
[round 74/100] avg private log-likelihood = -9.990
[round 75/100] avg private log-likelihood = -9.989
[round 76/100] avg private log-likelihood = -9.987
[round 77/100] avg private log-likelihood = -9.990
[round 78/100] avg private log-likelihood = -9.988
[round 79/100] avg private log-likelihood = -9.983
[round 80/100] avg private log-likelihood = -9.977
[round 81/100] avg private log-likelihood = -9.980
[round 82/100] avg private log-likelihood = -9.986
[round 83/100] avg private log-likelihood = -9.980
[round 84/100] avg private log-likelihood = -9.978
[round 85/100] avg private log-likelihood = -9.981
[round 86/100] avg private log-likelihood = -9.971
[round 87/100] avg private log-likelihood = -9.974
[round 88/100] avg private log-likelihood = -9.975
[round 89/100] avg private log-likelihood = -9.971
[round 90/100] avg private log-likelihood = -9.974
[round 91/100] avg private log-likelihood = -9.975
[round 92/100] avg private log-likelihood = -9.970
[round 93/100] avg private log-likelihood = -9.972
[round 94/100] avg private log-likelihood = -9.976
[round 95/100] avg private log-likelihood = -9.977
[round 96/100] avg private log-likelihood = -9.980
[round 97/100] avg private log-likelihood = -9.980
[round 98/100] avg private log-likelihood = -9.991
[round 99/100] avg private log-likelihood = -9.988
[round 100/100] avg private log-likelihood = -9.983
[DONE] Results saved to results/D8_N10_lam0.5_seed6.json
