========================================
Running experiment on GPU
  D       = 16
  N       = 25
  lambda  = 1.0
  seed    = 0
  GPU     = 0
========================================
[round 01/100] avg private log-likelihood = -21.318
[round 02/100] avg private log-likelihood = -21.470
[round 03/100] avg private log-likelihood = -21.580
[round 04/100] avg private log-likelihood = -21.642
[round 05/100] avg private log-likelihood = -21.682
[round 06/100] avg private log-likelihood = -21.696
[round 07/100] avg private log-likelihood = -21.706
[round 08/100] avg private log-likelihood = -21.715
[round 09/100] avg private log-likelihood = -21.718
[round 10/100] avg private log-likelihood = -21.726
[round 11/100] avg private log-likelihood = -21.719
[round 12/100] avg private log-likelihood = -21.718
[round 13/100] avg private log-likelihood = -21.723
[round 14/100] avg private log-likelihood = -21.725
[round 15/100] avg private log-likelihood = -21.726
[round 16/100] avg private log-likelihood = -21.724
[round 17/100] avg private log-likelihood = -21.723
[round 18/100] avg private log-likelihood = -21.718
[round 19/100] avg private log-likelihood = -21.728
[round 20/100] avg private log-likelihood = -21.724
[round 21/100] avg private log-likelihood = -21.726
[round 22/100] avg private log-likelihood = -21.724
[round 23/100] avg private log-likelihood = -21.724
[round 24/100] avg private log-likelihood = -21.726
[round 25/100] avg private log-likelihood = -21.724
[round 26/100] avg private log-likelihood = -21.721
[round 27/100] avg private log-likelihood = -21.723
[round 28/100] avg private log-likelihood = -21.726
[round 29/100] avg private log-likelihood = -21.726
[round 30/100] avg private log-likelihood = -21.720
[round 31/100] avg private log-likelihood = -21.724
[round 32/100] avg private log-likelihood = -21.728
[round 33/100] avg private log-likelihood = -21.728
[round 34/100] avg private log-likelihood = -21.730
[round 35/100] avg private log-likelihood = -21.724
[round 36/100] avg private log-likelihood = -21.725
[round 37/100] avg private log-likelihood = -21.730
[round 38/100] avg private log-likelihood = -21.732
[round 39/100] avg private log-likelihood = -21.727
[round 40/100] avg private log-likelihood = -21.726
[round 41/100] avg private log-likelihood = -21.734
[round 42/100] avg private log-likelihood = -21.722
[round 43/100] avg private log-likelihood = -21.726
[round 44/100] avg private log-likelihood = -21.725
[round 45/100] avg private log-likelihood = -21.726
[round 46/100] avg private log-likelihood = -21.728
[round 47/100] avg private log-likelihood = -21.726
[round 48/100] avg private log-likelihood = -21.715
[round 49/100] avg private log-likelihood = -21.725
[round 50/100] avg private log-likelihood = -21.721
[round 51/100] avg private log-likelihood = -21.723
[round 52/100] avg private log-likelihood = -21.722
[round 53/100] avg private log-likelihood = -21.721
[round 54/100] avg private log-likelihood = -21.719
[round 55/100] avg private log-likelihood = -21.727
[round 56/100] avg private log-likelihood = -21.720
[round 57/100] avg private log-likelihood = -21.719
[round 58/100] avg private log-likelihood = -21.719
[round 59/100] avg private log-likelihood = -21.720
[round 60/100] avg private log-likelihood = -21.716
[round 61/100] avg private log-likelihood = -21.721
[round 62/100] avg private log-likelihood = -21.730
[round 63/100] avg private log-likelihood = -21.724
[round 64/100] avg private log-likelihood = -21.724
[round 65/100] avg private log-likelihood = -21.721
[round 66/100] avg private log-likelihood = -21.720
[round 67/100] avg private log-likelihood = -21.722
[round 68/100] avg private log-likelihood = -21.724
[round 69/100] avg private log-likelihood = -21.726
[round 70/100] avg private log-likelihood = -21.725
[round 71/100] avg private log-likelihood = -21.724
[round 72/100] avg private log-likelihood = -21.722
[round 73/100] avg private log-likelihood = -21.719
[round 74/100] avg private log-likelihood = -21.729
[round 75/100] avg private log-likelihood = -21.727
[round 76/100] avg private log-likelihood = -21.724
[round 77/100] avg private log-likelihood = -21.732
[round 78/100] avg private log-likelihood = -21.726
[round 79/100] avg private log-likelihood = -21.723
[round 80/100] avg private log-likelihood = -21.725
[round 81/100] avg private log-likelihood = -21.726
[round 82/100] avg private log-likelihood = -21.717
[round 83/100] avg private log-likelihood = -21.726
[round 84/100] avg private log-likelihood = -21.724
[round 85/100] avg private log-likelihood = -21.723
[round 86/100] avg private log-likelihood = -21.719
[round 87/100] avg private log-likelihood = -21.720
[round 88/100] avg private log-likelihood = -21.724
[round 89/100] avg private log-likelihood = -21.727
[round 90/100] avg private log-likelihood = -21.725
[round 91/100] avg private log-likelihood = -21.727
[round 92/100] avg private log-likelihood = -21.718
[round 93/100] avg private log-likelihood = -21.720
[round 94/100] avg private log-likelihood = -21.717
[round 95/100] avg private log-likelihood = -21.718
[round 96/100] avg private log-likelihood = -21.721
[round 97/100] avg private log-likelihood = -21.722
[round 98/100] avg private log-likelihood = -21.722
[round 99/100] avg private log-likelihood = -21.721
[round 100/100] avg private log-likelihood = -21.724
[round 01/100] avg private log-likelihood = -21.308
[round 02/100] avg private log-likelihood = -21.451
[round 03/100] avg private log-likelihood = -21.557
[round 04/100] avg private log-likelihood = -21.629
[round 05/100] avg private log-likelihood = -21.667
[round 06/100] avg private log-likelihood = -21.691
[round 07/100] avg private log-likelihood = -21.700
[round 08/100] avg private log-likelihood = -21.705
[round 09/100] avg private log-likelihood = -21.714
[round 10/100] avg private log-likelihood = -21.716
[round 11/100] avg private log-likelihood = -21.717
[round 12/100] avg private log-likelihood = -21.714
[round 13/100] avg private log-likelihood = -21.715
[round 14/100] avg private log-likelihood = -21.717
[round 15/100] avg private log-likelihood = -21.720
[round 16/100] avg private log-likelihood = -21.718
[round 17/100] avg private log-likelihood = -21.717
[round 18/100] avg private log-likelihood = -21.719
[round 19/100] avg private log-likelihood = -21.719
[round 20/100] avg private log-likelihood = -21.720
[round 21/100] avg private log-likelihood = -21.718
[round 22/100] avg private log-likelihood = -21.719
[round 23/100] avg private log-likelihood = -21.718
[round 24/100] avg private log-likelihood = -21.718
[round 25/100] avg private log-likelihood = -21.717
[round 26/100] avg private log-likelihood = -21.720
[round 27/100] avg private log-likelihood = -21.720
[round 28/100] avg private log-likelihood = -21.720
[round 29/100] avg private log-likelihood = -21.720
[round 30/100] avg private log-likelihood = -21.719
[round 31/100] avg private log-likelihood = -21.718
[round 32/100] avg private log-likelihood = -21.720
[round 33/100] avg private log-likelihood = -21.716
[round 34/100] avg private log-likelihood = -21.721
[round 35/100] avg private log-likelihood = -21.719
[round 36/100] avg private log-likelihood = -21.716
[round 37/100] avg private log-likelihood = -21.720
[round 38/100] avg private log-likelihood = -21.720
[round 39/100] avg private log-likelihood = -21.720
[round 40/100] avg private log-likelihood = -21.720
[round 41/100] avg private log-likelihood = -21.720
[round 42/100] avg private log-likelihood = -21.721
[round 43/100] avg private log-likelihood = -21.719
[round 44/100] avg private log-likelihood = -21.717
[round 45/100] avg private log-likelihood = -21.721
[round 46/100] avg private log-likelihood = -21.720
[round 47/100] avg private log-likelihood = -21.723
[round 48/100] avg private log-likelihood = -21.721
[round 49/100] avg private log-likelihood = -21.720
[round 50/100] avg private log-likelihood = -21.720
[round 51/100] avg private log-likelihood = -21.721
[round 52/100] avg private log-likelihood = -21.720
[round 53/100] avg private log-likelihood = -21.720
[round 54/100] avg private log-likelihood = -21.718
[round 55/100] avg private log-likelihood = -21.720
[round 56/100] avg private log-likelihood = -21.722
[round 57/100] avg private log-likelihood = -21.721
[round 58/100] avg private log-likelihood = -21.722
[round 59/100] avg private log-likelihood = -21.723
[round 60/100] avg private log-likelihood = -21.722
[round 61/100] avg private log-likelihood = -21.718
[round 62/100] avg private log-likelihood = -21.719
[round 63/100] avg private log-likelihood = -21.719
[round 64/100] avg private log-likelihood = -21.721
[round 65/100] avg private log-likelihood = -21.721
[round 66/100] avg private log-likelihood = -21.721
[round 67/100] avg private log-likelihood = -21.719
[round 68/100] avg private log-likelihood = -21.722
[round 69/100] avg private log-likelihood = -21.717
[round 70/100] avg private log-likelihood = -21.720
[round 71/100] avg private log-likelihood = -21.721
[round 72/100] avg private log-likelihood = -21.720
[round 73/100] avg private log-likelihood = -21.719
[round 74/100] avg private log-likelihood = -21.721
[round 75/100] avg private log-likelihood = -21.719
[round 76/100] avg private log-likelihood = -21.719
[round 77/100] avg private log-likelihood = -21.721
[round 78/100] avg private log-likelihood = -21.721
[round 79/100] avg private log-likelihood = -21.718
[round 80/100] avg private log-likelihood = -21.716
[round 81/100] avg private log-likelihood = -21.720
[round 82/100] avg private log-likelihood = -21.721
[round 83/100] avg private log-likelihood = -21.721
[round 84/100] avg private log-likelihood = -21.723
[round 85/100] avg private log-likelihood = -21.721
[round 86/100] avg private log-likelihood = -21.727
[round 87/100] avg private log-likelihood = -21.723
[round 88/100] avg private log-likelihood = -21.722
[round 89/100] avg private log-likelihood = -21.720
[round 90/100] avg private log-likelihood = -21.718
[round 91/100] avg private log-likelihood = -21.719
[round 92/100] avg private log-likelihood = -21.718
[round 93/100] avg private log-likelihood = -21.721
[round 94/100] avg private log-likelihood = -21.719
[round 95/100] avg private log-likelihood = -21.716
[round 96/100] avg private log-likelihood = -21.721
[round 97/100] avg private log-likelihood = -21.718
[round 98/100] avg private log-likelihood = -21.717
[round 99/100] avg private log-likelihood = -21.719
[round 100/100] avg private log-likelihood = -21.722
[DONE] Results saved to results/D16_N25_lam1.0_seed0.json
