========================================
Running experiment on GPU
  D       = 16
  N       = 25
  lambda  = 0.5
  seed    = 3
  GPU     = 0
========================================
[round 01/100] avg private log-likelihood = -21.452
[round 02/100] avg private log-likelihood = -21.544
[round 03/100] avg private log-likelihood = -21.616
[round 04/100] avg private log-likelihood = -21.658
[round 05/100] avg private log-likelihood = -21.681
[round 06/100] avg private log-likelihood = -21.690
[round 07/100] avg private log-likelihood = -21.695
[round 08/100] avg private log-likelihood = -21.700
[round 09/100] avg private log-likelihood = -21.703
[round 10/100] avg private log-likelihood = -21.703
[round 11/100] avg private log-likelihood = -21.702
[round 12/100] avg private log-likelihood = -21.705
[round 13/100] avg private log-likelihood = -21.705
[round 14/100] avg private log-likelihood = -21.707
[round 15/100] avg private log-likelihood = -21.708
[round 16/100] avg private log-likelihood = -21.708
[round 17/100] avg private log-likelihood = -21.712
[round 18/100] avg private log-likelihood = -21.709
[round 19/100] avg private log-likelihood = -21.707
[round 20/100] avg private log-likelihood = -21.710
[round 21/100] avg private log-likelihood = -21.705
[round 22/100] avg private log-likelihood = -21.707
[round 23/100] avg private log-likelihood = -21.709
[round 24/100] avg private log-likelihood = -21.706
[round 25/100] avg private log-likelihood = -21.703
[round 26/100] avg private log-likelihood = -21.709
[round 27/100] avg private log-likelihood = -21.707
[round 28/100] avg private log-likelihood = -21.707
[round 29/100] avg private log-likelihood = -21.706
[round 30/100] avg private log-likelihood = -21.709
[round 31/100] avg private log-likelihood = -21.710
[round 32/100] avg private log-likelihood = -21.707
[round 33/100] avg private log-likelihood = -21.706
[round 34/100] avg private log-likelihood = -21.709
[round 35/100] avg private log-likelihood = -21.708
[round 36/100] avg private log-likelihood = -21.706
[round 37/100] avg private log-likelihood = -21.708
[round 38/100] avg private log-likelihood = -21.710
[round 39/100] avg private log-likelihood = -21.709
[round 40/100] avg private log-likelihood = -21.709
[round 41/100] avg private log-likelihood = -21.707
[round 42/100] avg private log-likelihood = -21.711
[round 43/100] avg private log-likelihood = -21.708
[round 44/100] avg private log-likelihood = -21.705
[round 45/100] avg private log-likelihood = -21.706
[round 46/100] avg private log-likelihood = -21.708
[round 47/100] avg private log-likelihood = -21.704
[round 48/100] avg private log-likelihood = -21.708
[round 49/100] avg private log-likelihood = -21.707
[round 50/100] avg private log-likelihood = -21.709
[round 51/100] avg private log-likelihood = -21.709
[round 52/100] avg private log-likelihood = -21.712
[round 53/100] avg private log-likelihood = -21.711
[round 54/100] avg private log-likelihood = -21.707
[round 55/100] avg private log-likelihood = -21.706
[round 56/100] avg private log-likelihood = -21.708
[round 57/100] avg private log-likelihood = -21.707
[round 58/100] avg private log-likelihood = -21.707
[round 59/100] avg private log-likelihood = -21.705
[round 60/100] avg private log-likelihood = -21.706
[round 61/100] avg private log-likelihood = -21.707
[round 62/100] avg private log-likelihood = -21.709
[round 63/100] avg private log-likelihood = -21.705
[round 64/100] avg private log-likelihood = -21.705
[round 65/100] avg private log-likelihood = -21.706
[round 66/100] avg private log-likelihood = -21.707
[round 67/100] avg private log-likelihood = -21.703
[round 68/100] avg private log-likelihood = -21.706
[round 69/100] avg private log-likelihood = -21.705
[round 70/100] avg private log-likelihood = -21.708
[round 71/100] avg private log-likelihood = -21.707
[round 72/100] avg private log-likelihood = -21.709
[round 73/100] avg private log-likelihood = -21.708
[round 74/100] avg private log-likelihood = -21.708
[round 75/100] avg private log-likelihood = -21.711
[round 76/100] avg private log-likelihood = -21.708
[round 77/100] avg private log-likelihood = -21.709
[round 78/100] avg private log-likelihood = -21.709
[round 79/100] avg private log-likelihood = -21.707
[round 80/100] avg private log-likelihood = -21.710
[round 81/100] avg private log-likelihood = -21.709
[round 82/100] avg private log-likelihood = -21.712
[round 83/100] avg private log-likelihood = -21.708
[round 84/100] avg private log-likelihood = -21.705
[round 85/100] avg private log-likelihood = -21.705
[round 86/100] avg private log-likelihood = -21.710
[round 87/100] avg private log-likelihood = -21.708
[round 88/100] avg private log-likelihood = -21.710
[round 89/100] avg private log-likelihood = -21.712
[round 90/100] avg private log-likelihood = -21.708
[round 91/100] avg private log-likelihood = -21.706
[round 92/100] avg private log-likelihood = -21.711
[round 93/100] avg private log-likelihood = -21.710
[round 94/100] avg private log-likelihood = -21.713
[round 95/100] avg private log-likelihood = -21.709
[round 96/100] avg private log-likelihood = -21.709
[round 97/100] avg private log-likelihood = -21.707
[round 98/100] avg private log-likelihood = -21.706
[round 99/100] avg private log-likelihood = -21.707
[round 100/100] avg private log-likelihood = -21.708
[round 01/100] avg private log-likelihood = -21.448
[round 02/100] avg private log-likelihood = -21.537
[round 03/100] avg private log-likelihood = -21.606
[round 04/100] avg private log-likelihood = -21.651
[round 05/100] avg private log-likelihood = -21.676
[round 06/100] avg private log-likelihood = -21.686
[round 07/100] avg private log-likelihood = -21.694
[round 08/100] avg private log-likelihood = -21.697
[round 09/100] avg private log-likelihood = -21.700
[round 10/100] avg private log-likelihood = -21.702
[round 11/100] avg private log-likelihood = -21.703
[round 12/100] avg private log-likelihood = -21.704
[round 13/100] avg private log-likelihood = -21.705
[round 14/100] avg private log-likelihood = -21.706
[round 15/100] avg private log-likelihood = -21.708
[round 16/100] avg private log-likelihood = -21.707
[round 17/100] avg private log-likelihood = -21.707
[round 18/100] avg private log-likelihood = -21.707
[round 19/100] avg private log-likelihood = -21.706
[round 20/100] avg private log-likelihood = -21.710
[round 21/100] avg private log-likelihood = -21.708
[round 22/100] avg private log-likelihood = -21.708
[round 23/100] avg private log-likelihood = -21.709
[round 24/100] avg private log-likelihood = -21.711
[round 25/100] avg private log-likelihood = -21.711
[round 26/100] avg private log-likelihood = -21.709
[round 27/100] avg private log-likelihood = -21.709
[round 28/100] avg private log-likelihood = -21.707
[round 29/100] avg private log-likelihood = -21.708
[round 30/100] avg private log-likelihood = -21.708
[round 31/100] avg private log-likelihood = -21.708
[round 32/100] avg private log-likelihood = -21.707
[round 33/100] avg private log-likelihood = -21.708
[round 34/100] avg private log-likelihood = -21.708
[round 35/100] avg private log-likelihood = -21.706
[round 36/100] avg private log-likelihood = -21.704
[round 37/100] avg private log-likelihood = -21.707
[round 38/100] avg private log-likelihood = -21.707
[round 39/100] avg private log-likelihood = -21.709
[round 40/100] avg private log-likelihood = -21.708
[round 41/100] avg private log-likelihood = -21.705
[round 42/100] avg private log-likelihood = -21.707
[round 43/100] avg private log-likelihood = -21.706
[round 44/100] avg private log-likelihood = -21.707
[round 45/100] avg private log-likelihood = -21.708
[round 46/100] avg private log-likelihood = -21.707
[round 47/100] avg private log-likelihood = -21.706
[round 48/100] avg private log-likelihood = -21.709
[round 49/100] avg private log-likelihood = -21.708
[round 50/100] avg private log-likelihood = -21.708
[round 51/100] avg private log-likelihood = -21.708
[round 52/100] avg private log-likelihood = -21.708
[round 53/100] avg private log-likelihood = -21.706
[round 54/100] avg private log-likelihood = -21.707
[round 55/100] avg private log-likelihood = -21.702
[round 56/100] avg private log-likelihood = -21.706
[round 57/100] avg private log-likelihood = -21.706
[round 58/100] avg private log-likelihood = -21.707
[round 59/100] avg private log-likelihood = -21.709
[round 60/100] avg private log-likelihood = -21.710
[round 61/100] avg private log-likelihood = -21.708
[round 62/100] avg private log-likelihood = -21.707
[round 63/100] avg private log-likelihood = -21.707
[round 64/100] avg private log-likelihood = -21.705
[round 65/100] avg private log-likelihood = -21.708
[round 66/100] avg private log-likelihood = -21.709
[round 67/100] avg private log-likelihood = -21.704
[round 68/100] avg private log-likelihood = -21.705
[round 69/100] avg private log-likelihood = -21.708
[round 70/100] avg private log-likelihood = -21.707
[round 71/100] avg private log-likelihood = -21.708
[round 72/100] avg private log-likelihood = -21.708
[round 73/100] avg private log-likelihood = -21.707
[round 74/100] avg private log-likelihood = -21.707
[round 75/100] avg private log-likelihood = -21.707
[round 76/100] avg private log-likelihood = -21.706
[round 77/100] avg private log-likelihood = -21.705
[round 78/100] avg private log-likelihood = -21.708
[round 79/100] avg private log-likelihood = -21.710
[round 80/100] avg private log-likelihood = -21.709
[round 81/100] avg private log-likelihood = -21.708
[round 82/100] avg private log-likelihood = -21.707
[round 83/100] avg private log-likelihood = -21.708
[round 84/100] avg private log-likelihood = -21.707
[round 85/100] avg private log-likelihood = -21.708
[round 86/100] avg private log-likelihood = -21.707
[round 87/100] avg private log-likelihood = -21.706
[round 88/100] avg private log-likelihood = -21.705
[round 89/100] avg private log-likelihood = -21.708
[round 90/100] avg private log-likelihood = -21.707
[round 91/100] avg private log-likelihood = -21.708
[round 92/100] avg private log-likelihood = -21.707
[round 93/100] avg private log-likelihood = -21.707
[round 94/100] avg private log-likelihood = -21.707
[round 95/100] avg private log-likelihood = -21.707
[round 96/100] avg private log-likelihood = -21.708
[round 97/100] avg private log-likelihood = -21.706
[round 98/100] avg private log-likelihood = -21.707
[round 99/100] avg private log-likelihood = -21.706
[round 100/100] avg private log-likelihood = -21.704
[DONE] Results saved to results/D16_N25_lam0.5_seed3.json
