========================================
Running experiment on GPU
  D       = 2
  N       = 10
  lambda  = 1.0
  seed    = 0
  GPU     = 0
========================================
[round 01/100] avg private log-likelihood = -2.471
[round 02/100] avg private log-likelihood = -2.526
[round 03/100] avg private log-likelihood = -2.577
[round 04/100] avg private log-likelihood = -2.631
[round 05/100] avg private log-likelihood = -2.661
[round 06/100] avg private log-likelihood = -2.678
[round 07/100] avg private log-likelihood = -2.694
[round 08/100] avg private log-likelihood = -2.695
[round 09/100] avg private log-likelihood = -2.700
[round 10/100] avg private log-likelihood = -2.698
[round 11/100] avg private log-likelihood = -2.698
[round 12/100] avg private log-likelihood = -2.701
[round 13/100] avg private log-likelihood = -2.701
[round 14/100] avg private log-likelihood = -2.701
[round 15/100] avg private log-likelihood = -2.698
[round 16/100] avg private log-likelihood = -2.701
[round 17/100] avg private log-likelihood = -2.697
[round 18/100] avg private log-likelihood = -2.702
[round 19/100] avg private log-likelihood = -2.703
[round 20/100] avg private log-likelihood = -2.699
[round 21/100] avg private log-likelihood = -2.697
[round 22/100] avg private log-likelihood = -2.698
[round 23/100] avg private log-likelihood = -2.691
[round 24/100] avg private log-likelihood = -2.693
[round 25/100] avg private log-likelihood = -2.691
[round 26/100] avg private log-likelihood = -2.690
[round 27/100] avg private log-likelihood = -2.697
[round 28/100] avg private log-likelihood = -2.693
[round 29/100] avg private log-likelihood = -2.688
[round 30/100] avg private log-likelihood = -2.688
[round 31/100] avg private log-likelihood = -2.685
[round 32/100] avg private log-likelihood = -2.683
[round 33/100] avg private log-likelihood = -2.679
[round 34/100] avg private log-likelihood = -2.677
[round 35/100] avg private log-likelihood = -2.679
[round 36/100] avg private log-likelihood = -2.675
[round 37/100] avg private log-likelihood = -2.676
[round 38/100] avg private log-likelihood = -2.672
[round 39/100] avg private log-likelihood = -2.671
[round 40/100] avg private log-likelihood = -2.668
[round 41/100] avg private log-likelihood = -2.671
[round 42/100] avg private log-likelihood = -2.667
[round 43/100] avg private log-likelihood = -2.664
[round 44/100] avg private log-likelihood = -2.665
[round 45/100] avg private log-likelihood = -2.658
[round 46/100] avg private log-likelihood = -2.656
[round 47/100] avg private log-likelihood = -2.654
[round 48/100] avg private log-likelihood = -2.656
[round 49/100] avg private log-likelihood = -2.653
[round 50/100] avg private log-likelihood = -2.654
[round 51/100] avg private log-likelihood = -2.649
[round 52/100] avg private log-likelihood = -2.647
[round 53/100] avg private log-likelihood = -2.646
[round 54/100] avg private log-likelihood = -2.645
[round 55/100] avg private log-likelihood = -2.642
[round 56/100] avg private log-likelihood = -2.640
[round 57/100] avg private log-likelihood = -2.639
[round 58/100] avg private log-likelihood = -2.640
[round 59/100] avg private log-likelihood = -2.635
[round 60/100] avg private log-likelihood = -2.631
[round 61/100] avg private log-likelihood = -2.628
[round 62/100] avg private log-likelihood = -2.628
[round 63/100] avg private log-likelihood = -2.625
[round 64/100] avg private log-likelihood = -2.626
[round 65/100] avg private log-likelihood = -2.625
[round 66/100] avg private log-likelihood = -2.622
[round 67/100] avg private log-likelihood = -2.620
[round 68/100] avg private log-likelihood = -2.618
[round 69/100] avg private log-likelihood = -2.617
[round 70/100] avg private log-likelihood = -2.618
[round 71/100] avg private log-likelihood = -2.625
[round 72/100] avg private log-likelihood = -2.616
[round 73/100] avg private log-likelihood = -2.615
[round 74/100] avg private log-likelihood = -2.613
[round 75/100] avg private log-likelihood = -2.615
[round 76/100] avg private log-likelihood = -2.617
[round 77/100] avg private log-likelihood = -2.617
[round 78/100] avg private log-likelihood = -2.619
[round 79/100] avg private log-likelihood = -2.615
[round 80/100] avg private log-likelihood = -2.616
[round 81/100] avg private log-likelihood = -2.611
[round 82/100] avg private log-likelihood = -2.612
[round 83/100] avg private log-likelihood = -2.611
[round 84/100] avg private log-likelihood = -2.611
[round 85/100] avg private log-likelihood = -2.614
[round 86/100] avg private log-likelihood = -2.617
[round 87/100] avg private log-likelihood = -2.614
[round 88/100] avg private log-likelihood = -2.614
[round 89/100] avg private log-likelihood = -2.614
[round 90/100] avg private log-likelihood = -2.612
[round 91/100] avg private log-likelihood = -2.615
[round 92/100] avg private log-likelihood = -2.617
[round 93/100] avg private log-likelihood = -2.615
[round 94/100] avg private log-likelihood = -2.615
[round 95/100] avg private log-likelihood = -2.616
[round 96/100] avg private log-likelihood = -2.615
[round 97/100] avg private log-likelihood = -2.616
[round 98/100] avg private log-likelihood = -2.615
[round 99/100] avg private log-likelihood = -2.614
[round 100/100] avg private log-likelihood = -2.616
[round 01/100] avg private log-likelihood = -2.584
[round 02/100] avg private log-likelihood = -2.623
[round 03/100] avg private log-likelihood = -2.668
[round 04/100] avg private log-likelihood = -2.703
[round 05/100] avg private log-likelihood = -2.727
[round 06/100] avg private log-likelihood = -2.743
[round 07/100] avg private log-likelihood = -2.754
[round 08/100] avg private log-likelihood = -2.760
[round 09/100] avg private log-likelihood = -2.761
[round 10/100] avg private log-likelihood = -2.763
[round 11/100] avg private log-likelihood = -2.762
[round 12/100] avg private log-likelihood = -2.760
[round 13/100] avg private log-likelihood = -2.760
[round 14/100] avg private log-likelihood = -2.761
[round 15/100] avg private log-likelihood = -2.758
[round 16/100] avg private log-likelihood = -2.757
[round 17/100] avg private log-likelihood = -2.756
[round 18/100] avg private log-likelihood = -2.755
[round 19/100] avg private log-likelihood = -2.755
[round 20/100] avg private log-likelihood = -2.755
[round 21/100] avg private log-likelihood = -2.754
[round 22/100] avg private log-likelihood = -2.752
[round 23/100] avg private log-likelihood = -2.754
[round 24/100] avg private log-likelihood = -2.753
[round 25/100] avg private log-likelihood = -2.754
[round 26/100] avg private log-likelihood = -2.752
[round 27/100] avg private log-likelihood = -2.751
[round 28/100] avg private log-likelihood = -2.752
[round 29/100] avg private log-likelihood = -2.753
[round 30/100] avg private log-likelihood = -2.751
[round 31/100] avg private log-likelihood = -2.752
[round 32/100] avg private log-likelihood = -2.749
[round 33/100] avg private log-likelihood = -2.749
[round 34/100] avg private log-likelihood = -2.748
[round 35/100] avg private log-likelihood = -2.748
[round 36/100] avg private log-likelihood = -2.747
[round 37/100] avg private log-likelihood = -2.745
[round 38/100] avg private log-likelihood = -2.743
[round 39/100] avg private log-likelihood = -2.743
[round 40/100] avg private log-likelihood = -2.739
[round 41/100] avg private log-likelihood = -2.737
[round 42/100] avg private log-likelihood = -2.735
[round 43/100] avg private log-likelihood = -2.732
[round 44/100] avg private log-likelihood = -2.728
[round 45/100] avg private log-likelihood = -2.727
[round 46/100] avg private log-likelihood = -2.723
[round 47/100] avg private log-likelihood = -2.720
[round 48/100] avg private log-likelihood = -2.719
[round 49/100] avg private log-likelihood = -2.717
[round 50/100] avg private log-likelihood = -2.714
[round 51/100] avg private log-likelihood = -2.709
[round 52/100] avg private log-likelihood = -2.706
[round 53/100] avg private log-likelihood = -2.705
[round 54/100] avg private log-likelihood = -2.702
[round 55/100] avg private log-likelihood = -2.698
[round 56/100] avg private log-likelihood = -2.697
[round 57/100] avg private log-likelihood = -2.696
[round 58/100] avg private log-likelihood = -2.691
[round 59/100] avg private log-likelihood = -2.691
[round 60/100] avg private log-likelihood = -2.691
[round 61/100] avg private log-likelihood = -2.690
[round 62/100] avg private log-likelihood = -2.689
[round 63/100] avg private log-likelihood = -2.686
[round 64/100] avg private log-likelihood = -2.685
[round 65/100] avg private log-likelihood = -2.681
[round 66/100] avg private log-likelihood = -2.681
[round 67/100] avg private log-likelihood = -2.681
[round 68/100] avg private log-likelihood = -2.681
[round 69/100] avg private log-likelihood = -2.680
[round 70/100] avg private log-likelihood = -2.680
[round 71/100] avg private log-likelihood = -2.680
[round 72/100] avg private log-likelihood = -2.681
[round 73/100] avg private log-likelihood = -2.682
[round 74/100] avg private log-likelihood = -2.682
[round 75/100] avg private log-likelihood = -2.681
[round 76/100] avg private log-likelihood = -2.681
[round 77/100] avg private log-likelihood = -2.682
[round 78/100] avg private log-likelihood = -2.681
[round 79/100] avg private log-likelihood = -2.681
[round 80/100] avg private log-likelihood = -2.680
[round 81/100] avg private log-likelihood = -2.682
[round 82/100] avg private log-likelihood = -2.681
[round 83/100] avg private log-likelihood = -2.679
[round 84/100] avg private log-likelihood = -2.677
[round 85/100] avg private log-likelihood = -2.678
[round 86/100] avg private log-likelihood = -2.676
[round 87/100] avg private log-likelihood = -2.676
[round 88/100] avg private log-likelihood = -2.677
[round 89/100] avg private log-likelihood = -2.676
[round 90/100] avg private log-likelihood = -2.676
[round 91/100] avg private log-likelihood = -2.675
[round 92/100] avg private log-likelihood = -2.676
[round 93/100] avg private log-likelihood = -2.678
[round 94/100] avg private log-likelihood = -2.674
[round 95/100] avg private log-likelihood = -2.675
[round 96/100] avg private log-likelihood = -2.675
[round 97/100] avg private log-likelihood = -2.673
[round 98/100] avg private log-likelihood = -2.673
[round 99/100] avg private log-likelihood = -2.672
[round 100/100] avg private log-likelihood = -2.670
[DONE] Results saved to results/D2_N10_lam1.0_seed0.json
