========================================
Running experiment on GPU
  D       = 16
  N       = 10
  lambda  = 0.5
  seed    = 1
  GPU     = 0
========================================
[round 01/100] avg private log-likelihood = -15.379
[round 02/100] avg private log-likelihood = -15.848
[round 03/100] avg private log-likelihood = -16.326
[round 04/100] avg private log-likelihood = -16.780
[round 05/100] avg private log-likelihood = -17.234
[round 06/100] avg private log-likelihood = -17.679
[round 07/100] avg private log-likelihood = -18.103
[round 08/100] avg private log-likelihood = -18.516
[round 09/100] avg private log-likelihood = -18.901
[round 10/100] avg private log-likelihood = -19.258
[round 11/100] avg private log-likelihood = -19.616
[round 12/100] avg private log-likelihood = -19.923
[round 13/100] avg private log-likelihood = -20.186
[round 14/100] avg private log-likelihood = -20.401
[round 15/100] avg private log-likelihood = -20.593
[round 16/100] avg private log-likelihood = -20.761
[round 17/100] avg private log-likelihood = -20.884
[round 18/100] avg private log-likelihood = -20.960
[round 19/100] avg private log-likelihood = -21.022
[round 20/100] avg private log-likelihood = -21.060
[round 21/100] avg private log-likelihood = -21.073
[round 22/100] avg private log-likelihood = -21.075
[round 23/100] avg private log-likelihood = -21.084
[round 24/100] avg private log-likelihood = -21.058
[round 25/100] avg private log-likelihood = -21.026
[round 26/100] avg private log-likelihood = -21.008
[round 27/100] avg private log-likelihood = -20.966
[round 28/100] avg private log-likelihood = -20.936
[round 29/100] avg private log-likelihood = -20.890
[round 30/100] avg private log-likelihood = -20.856
[round 31/100] avg private log-likelihood = -20.815
[round 32/100] avg private log-likelihood = -20.768
[round 33/100] avg private log-likelihood = -20.732
[round 34/100] avg private log-likelihood = -20.704
[round 35/100] avg private log-likelihood = -20.682
[round 36/100] avg private log-likelihood = -20.675
[round 37/100] avg private log-likelihood = -20.659
[round 38/100] avg private log-likelihood = -20.662
[round 39/100] avg private log-likelihood = -20.681
[round 40/100] avg private log-likelihood = -20.668
[round 41/100] avg private log-likelihood = -20.680
[round 42/100] avg private log-likelihood = -20.672
[round 43/100] avg private log-likelihood = -20.669
[round 44/100] avg private log-likelihood = -20.666
[round 45/100] avg private log-likelihood = -20.662
[round 46/100] avg private log-likelihood = -20.664
[round 47/100] avg private log-likelihood = -20.648
[round 48/100] avg private log-likelihood = -20.652
[round 49/100] avg private log-likelihood = -20.680
[round 50/100] avg private log-likelihood = -20.670
[round 51/100] avg private log-likelihood = -20.647
[round 52/100] avg private log-likelihood = -20.658
[round 53/100] avg private log-likelihood = -20.660
[round 54/100] avg private log-likelihood = -20.667
[round 55/100] avg private log-likelihood = -20.672
[round 56/100] avg private log-likelihood = -20.669
[round 57/100] avg private log-likelihood = -20.663
[round 58/100] avg private log-likelihood = -20.648
[round 59/100] avg private log-likelihood = -20.660
[round 60/100] avg private log-likelihood = -20.679
[round 61/100] avg private log-likelihood = -20.653
[round 62/100] avg private log-likelihood = -20.657
[round 63/100] avg private log-likelihood = -20.647
[round 64/100] avg private log-likelihood = -20.648
[round 65/100] avg private log-likelihood = -20.646
[round 66/100] avg private log-likelihood = -20.669
[round 67/100] avg private log-likelihood = -20.652
[round 68/100] avg private log-likelihood = -20.667
[round 69/100] avg private log-likelihood = -20.677
[round 70/100] avg private log-likelihood = -20.674
[round 71/100] avg private log-likelihood = -20.676
[round 72/100] avg private log-likelihood = -20.680
[round 73/100] avg private log-likelihood = -20.683
[round 74/100] avg private log-likelihood = -20.672
[round 75/100] avg private log-likelihood = -20.680
[round 76/100] avg private log-likelihood = -20.689
[round 77/100] avg private log-likelihood = -20.685
[round 78/100] avg private log-likelihood = -20.661
[round 79/100] avg private log-likelihood = -20.662
[round 80/100] avg private log-likelihood = -20.674
[round 81/100] avg private log-likelihood = -20.676
[round 82/100] avg private log-likelihood = -20.663
[round 83/100] avg private log-likelihood = -20.660
[round 84/100] avg private log-likelihood = -20.653
[round 85/100] avg private log-likelihood = -20.653
[round 86/100] avg private log-likelihood = -20.660
[round 87/100] avg private log-likelihood = -20.648
[round 88/100] avg private log-likelihood = -20.653
[round 89/100] avg private log-likelihood = -20.683
[round 90/100] avg private log-likelihood = -20.689
[round 91/100] avg private log-likelihood = -20.675
[round 92/100] avg private log-likelihood = -20.654
[round 93/100] avg private log-likelihood = -20.663
[round 94/100] avg private log-likelihood = -20.678
[round 95/100] avg private log-likelihood = -20.670
[round 96/100] avg private log-likelihood = -20.660
[round 97/100] avg private log-likelihood = -20.664
[round 98/100] avg private log-likelihood = -20.677
[round 99/100] avg private log-likelihood = -20.678
[round 100/100] avg private log-likelihood = -20.670
[round 01/100] avg private log-likelihood = -14.958
[round 02/100] avg private log-likelihood = -15.417
[round 03/100] avg private log-likelihood = -15.885
[round 04/100] avg private log-likelihood = -16.348
[round 05/100] avg private log-likelihood = -16.786
[round 06/100] avg private log-likelihood = -17.232
[round 07/100] avg private log-likelihood = -17.659
[round 08/100] avg private log-likelihood = -18.070
[round 09/100] avg private log-likelihood = -18.460
[round 10/100] avg private log-likelihood = -18.832
[round 11/100] avg private log-likelihood = -19.171
[round 12/100] avg private log-likelihood = -19.476
[round 13/100] avg private log-likelihood = -19.738
[round 14/100] avg private log-likelihood = -19.955
[round 15/100] avg private log-likelihood = -20.135
[round 16/100] avg private log-likelihood = -20.302
[round 17/100] avg private log-likelihood = -20.431
[round 18/100] avg private log-likelihood = -20.544
[round 19/100] avg private log-likelihood = -20.603
[round 20/100] avg private log-likelihood = -20.644
[round 21/100] avg private log-likelihood = -20.674
[round 22/100] avg private log-likelihood = -20.663
[round 23/100] avg private log-likelihood = -20.630
[round 24/100] avg private log-likelihood = -20.583
[round 25/100] avg private log-likelihood = -20.512
[round 26/100] avg private log-likelihood = -20.410
[round 27/100] avg private log-likelihood = -20.303
[round 28/100] avg private log-likelihood = -20.200
[round 29/100] avg private log-likelihood = -20.100
[round 30/100] avg private log-likelihood = -20.010
[round 31/100] avg private log-likelihood = -19.939
[round 32/100] avg private log-likelihood = -19.871
[round 33/100] avg private log-likelihood = -19.825
[round 34/100] avg private log-likelihood = -19.803
[round 35/100] avg private log-likelihood = -19.783
[round 36/100] avg private log-likelihood = -19.791
[round 37/100] avg private log-likelihood = -19.785
[round 38/100] avg private log-likelihood = -19.788
[round 39/100] avg private log-likelihood = -19.789
[round 40/100] avg private log-likelihood = -19.769
[round 41/100] avg private log-likelihood = -19.776
[round 42/100] avg private log-likelihood = -19.766
[round 43/100] avg private log-likelihood = -19.761
[round 44/100] avg private log-likelihood = -19.761
[round 45/100] avg private log-likelihood = -19.749
[round 46/100] avg private log-likelihood = -19.754
[round 47/100] avg private log-likelihood = -19.742
[round 48/100] avg private log-likelihood = -19.740
[round 49/100] avg private log-likelihood = -19.747
[round 50/100] avg private log-likelihood = -19.748
[round 51/100] avg private log-likelihood = -19.773
[round 52/100] avg private log-likelihood = -19.760
[round 53/100] avg private log-likelihood = -19.770
[round 54/100] avg private log-likelihood = -19.778
[round 55/100] avg private log-likelihood = -19.778
[round 56/100] avg private log-likelihood = -19.763
[round 57/100] avg private log-likelihood = -19.771
[round 58/100] avg private log-likelihood = -19.767
[round 59/100] avg private log-likelihood = -19.758
[round 60/100] avg private log-likelihood = -19.748
[round 61/100] avg private log-likelihood = -19.748
[round 62/100] avg private log-likelihood = -19.751
[round 63/100] avg private log-likelihood = -19.739
[round 64/100] avg private log-likelihood = -19.742
[round 65/100] avg private log-likelihood = -19.732
[round 66/100] avg private log-likelihood = -19.729
[round 67/100] avg private log-likelihood = -19.735
[round 68/100] avg private log-likelihood = -19.733
[round 69/100] avg private log-likelihood = -19.743
[round 70/100] avg private log-likelihood = -19.744
[round 71/100] avg private log-likelihood = -19.757
[round 72/100] avg private log-likelihood = -19.751
[round 73/100] avg private log-likelihood = -19.753
[round 74/100] avg private log-likelihood = -19.762
[round 75/100] avg private log-likelihood = -19.771
[round 76/100] avg private log-likelihood = -19.766
[round 77/100] avg private log-likelihood = -19.784
[round 78/100] avg private log-likelihood = -19.781
[round 79/100] avg private log-likelihood = -19.775
[round 80/100] avg private log-likelihood = -19.779
[round 81/100] avg private log-likelihood = -19.775
[round 82/100] avg private log-likelihood = -19.791
[round 83/100] avg private log-likelihood = -19.799
[round 84/100] avg private log-likelihood = -19.793
[round 85/100] avg private log-likelihood = -19.782
[round 86/100] avg private log-likelihood = -19.782
[round 87/100] avg private log-likelihood = -19.779
[round 88/100] avg private log-likelihood = -19.763
[round 89/100] avg private log-likelihood = -19.761
[round 90/100] avg private log-likelihood = -19.759
[round 91/100] avg private log-likelihood = -19.752
[round 92/100] avg private log-likelihood = -19.754
[round 93/100] avg private log-likelihood = -19.739
[round 94/100] avg private log-likelihood = -19.746
[round 95/100] avg private log-likelihood = -19.750
[round 96/100] avg private log-likelihood = -19.768
[round 97/100] avg private log-likelihood = -19.770
[round 98/100] avg private log-likelihood = -19.761
[round 99/100] avg private log-likelihood = -19.756
[round 100/100] avg private log-likelihood = -19.757
[DONE] Results saved to results/D16_N10_lam0.5_seed1.json
