========================================
Running experiment on GPU
  D       = 8
  N       = 10
  lambda  = 1.0
  seed    = 0
  GPU     = 0
========================================
[round 01/100] avg private log-likelihood = -8.086
[round 02/100] avg private log-likelihood = -8.370
[round 03/100] avg private log-likelihood = -8.672
[round 04/100] avg private log-likelihood = -8.993
[round 05/100] avg private log-likelihood = -9.233
[round 06/100] avg private log-likelihood = -9.494
[round 07/100] avg private log-likelihood = -9.776
[round 08/100] avg private log-likelihood = -10.045
[round 09/100] avg private log-likelihood = -10.302
[round 10/100] avg private log-likelihood = -10.527
[round 11/100] avg private log-likelihood = -10.778
[round 12/100] avg private log-likelihood = -10.994
[round 13/100] avg private log-likelihood = -11.174
[round 14/100] avg private log-likelihood = -11.339
[round 15/100] avg private log-likelihood = -11.479
[round 16/100] avg private log-likelihood = -11.594
[round 17/100] avg private log-likelihood = -11.668
[round 18/100] avg private log-likelihood = -11.719
[round 19/100] avg private log-likelihood = -11.777
[round 20/100] avg private log-likelihood = -11.798
[round 21/100] avg private log-likelihood = -11.812
[round 22/100] avg private log-likelihood = -11.830
[round 23/100] avg private log-likelihood = -11.826
[round 24/100] avg private log-likelihood = -11.833
[round 25/100] avg private log-likelihood = -11.832
[round 26/100] avg private log-likelihood = -11.784
[round 27/100] avg private log-likelihood = -11.759
[round 28/100] avg private log-likelihood = -11.715
[round 29/100] avg private log-likelihood = -11.675
[round 30/100] avg private log-likelihood = -11.634
[round 31/100] avg private log-likelihood = -11.610
[round 32/100] avg private log-likelihood = -11.584
[round 33/100] avg private log-likelihood = -11.560
[round 34/100] avg private log-likelihood = -11.544
[round 35/100] avg private log-likelihood = -11.516
[round 36/100] avg private log-likelihood = -11.485
[round 37/100] avg private log-likelihood = -11.459
[round 38/100] avg private log-likelihood = -11.437
[round 39/100] avg private log-likelihood = -11.425
[round 40/100] avg private log-likelihood = -11.429
[round 41/100] avg private log-likelihood = -11.416
[round 42/100] avg private log-likelihood = -11.391
[round 43/100] avg private log-likelihood = -11.380
[round 44/100] avg private log-likelihood = -11.375
[round 45/100] avg private log-likelihood = -11.356
[round 46/100] avg private log-likelihood = -11.337
[round 47/100] avg private log-likelihood = -11.333
[round 48/100] avg private log-likelihood = -11.338
[round 49/100] avg private log-likelihood = -11.337
[round 50/100] avg private log-likelihood = -11.320
[round 51/100] avg private log-likelihood = -11.313
[round 52/100] avg private log-likelihood = -11.301
[round 53/100] avg private log-likelihood = -11.308
[round 54/100] avg private log-likelihood = -11.309
[round 55/100] avg private log-likelihood = -11.308
[round 56/100] avg private log-likelihood = -11.319
[round 57/100] avg private log-likelihood = -11.317
[round 58/100] avg private log-likelihood = -11.319
[round 59/100] avg private log-likelihood = -11.307
[round 60/100] avg private log-likelihood = -11.310
[round 61/100] avg private log-likelihood = -11.321
[round 62/100] avg private log-likelihood = -11.322
[round 63/100] avg private log-likelihood = -11.323
[round 64/100] avg private log-likelihood = -11.324
[round 65/100] avg private log-likelihood = -11.322
[round 66/100] avg private log-likelihood = -11.312
[round 67/100] avg private log-likelihood = -11.318
[round 68/100] avg private log-likelihood = -11.304
[round 69/100] avg private log-likelihood = -11.306
[round 70/100] avg private log-likelihood = -11.309
[round 71/100] avg private log-likelihood = -11.320
[round 72/100] avg private log-likelihood = -11.309
[round 73/100] avg private log-likelihood = -11.318
[round 74/100] avg private log-likelihood = -11.307
[round 75/100] avg private log-likelihood = -11.320
[round 76/100] avg private log-likelihood = -11.330
[round 77/100] avg private log-likelihood = -11.331
[round 78/100] avg private log-likelihood = -11.328
[round 79/100] avg private log-likelihood = -11.326
[round 80/100] avg private log-likelihood = -11.323
[round 81/100] avg private log-likelihood = -11.311
[round 82/100] avg private log-likelihood = -11.311
[round 83/100] avg private log-likelihood = -11.315
[round 84/100] avg private log-likelihood = -11.308
[round 85/100] avg private log-likelihood = -11.308
[round 86/100] avg private log-likelihood = -11.315
[round 87/100] avg private log-likelihood = -11.312
[round 88/100] avg private log-likelihood = -11.321
[round 89/100] avg private log-likelihood = -11.306
[round 90/100] avg private log-likelihood = -11.295
[round 91/100] avg private log-likelihood = -11.302
[round 92/100] avg private log-likelihood = -11.305
[round 93/100] avg private log-likelihood = -11.317
[round 94/100] avg private log-likelihood = -11.312
[round 95/100] avg private log-likelihood = -11.319
[round 96/100] avg private log-likelihood = -11.317
[round 97/100] avg private log-likelihood = -11.315
[round 98/100] avg private log-likelihood = -11.300
[round 99/100] avg private log-likelihood = -11.306
[round 100/100] avg private log-likelihood = -11.314
[round 01/100] avg private log-likelihood = -8.228
[round 02/100] avg private log-likelihood = -8.576
[round 03/100] avg private log-likelihood = -8.886
[round 04/100] avg private log-likelihood = -9.174
[round 05/100] avg private log-likelihood = -9.428
[round 06/100] avg private log-likelihood = -9.694
[round 07/100] avg private log-likelihood = -9.957
[round 08/100] avg private log-likelihood = -10.219
[round 09/100] avg private log-likelihood = -10.478
[round 10/100] avg private log-likelihood = -10.730
[round 11/100] avg private log-likelihood = -10.958
[round 12/100] avg private log-likelihood = -11.169
[round 13/100] avg private log-likelihood = -11.353
[round 14/100] avg private log-likelihood = -11.514
[round 15/100] avg private log-likelihood = -11.636
[round 16/100] avg private log-likelihood = -11.733
[round 17/100] avg private log-likelihood = -11.818
[round 18/100] avg private log-likelihood = -11.862
[round 19/100] avg private log-likelihood = -11.903
[round 20/100] avg private log-likelihood = -11.959
[round 21/100] avg private log-likelihood = -11.973
[round 22/100] avg private log-likelihood = -11.996
[round 23/100] avg private log-likelihood = -12.010
[round 24/100] avg private log-likelihood = -12.017
[round 25/100] avg private log-likelihood = -12.011
[round 26/100] avg private log-likelihood = -12.007
[round 27/100] avg private log-likelihood = -11.995
[round 28/100] avg private log-likelihood = -11.976
[round 29/100] avg private log-likelihood = -11.958
[round 30/100] avg private log-likelihood = -11.932
[round 31/100] avg private log-likelihood = -11.910
[round 32/100] avg private log-likelihood = -11.889
[round 33/100] avg private log-likelihood = -11.871
[round 34/100] avg private log-likelihood = -11.839
[round 35/100] avg private log-likelihood = -11.807
[round 36/100] avg private log-likelihood = -11.779
[round 37/100] avg private log-likelihood = -11.755
[round 38/100] avg private log-likelihood = -11.725
[round 39/100] avg private log-likelihood = -11.690
[round 40/100] avg private log-likelihood = -11.668
[round 41/100] avg private log-likelihood = -11.637
[round 42/100] avg private log-likelihood = -11.615
[round 43/100] avg private log-likelihood = -11.600
[round 44/100] avg private log-likelihood = -11.584
[round 45/100] avg private log-likelihood = -11.561
[round 46/100] avg private log-likelihood = -11.546
[round 47/100] avg private log-likelihood = -11.528
[round 48/100] avg private log-likelihood = -11.512
[round 49/100] avg private log-likelihood = -11.505
[round 50/100] avg private log-likelihood = -11.490
[round 51/100] avg private log-likelihood = -11.492
[round 52/100] avg private log-likelihood = -11.481
[round 53/100] avg private log-likelihood = -11.479
[round 54/100] avg private log-likelihood = -11.475
[round 55/100] avg private log-likelihood = -11.470
[round 56/100] avg private log-likelihood = -11.475
[round 57/100] avg private log-likelihood = -11.472
[round 58/100] avg private log-likelihood = -11.468
[round 59/100] avg private log-likelihood = -11.475
[round 60/100] avg private log-likelihood = -11.480
[round 61/100] avg private log-likelihood = -11.474
[round 62/100] avg private log-likelihood = -11.471
[round 63/100] avg private log-likelihood = -11.472
[round 64/100] avg private log-likelihood = -11.474
[round 65/100] avg private log-likelihood = -11.465
[round 66/100] avg private log-likelihood = -11.468
[round 67/100] avg private log-likelihood = -11.461
[round 68/100] avg private log-likelihood = -11.465
[round 69/100] avg private log-likelihood = -11.462
[round 70/100] avg private log-likelihood = -11.465
[round 71/100] avg private log-likelihood = -11.476
[round 72/100] avg private log-likelihood = -11.465
[round 73/100] avg private log-likelihood = -11.470
[round 74/100] avg private log-likelihood = -11.464
[round 75/100] avg private log-likelihood = -11.462
[round 76/100] avg private log-likelihood = -11.464
[round 77/100] avg private log-likelihood = -11.461
[round 78/100] avg private log-likelihood = -11.462
[round 79/100] avg private log-likelihood = -11.461
[round 80/100] avg private log-likelihood = -11.466
[round 81/100] avg private log-likelihood = -11.460
[round 82/100] avg private log-likelihood = -11.462
[round 83/100] avg private log-likelihood = -11.460
[round 84/100] avg private log-likelihood = -11.470
[round 85/100] avg private log-likelihood = -11.466
[round 86/100] avg private log-likelihood = -11.464
[round 87/100] avg private log-likelihood = -11.470
[round 88/100] avg private log-likelihood = -11.467
[round 89/100] avg private log-likelihood = -11.467
[round 90/100] avg private log-likelihood = -11.468
[round 91/100] avg private log-likelihood = -11.472
[round 92/100] avg private log-likelihood = -11.476
[round 93/100] avg private log-likelihood = -11.471
[round 94/100] avg private log-likelihood = -11.470
[round 95/100] avg private log-likelihood = -11.462
[round 96/100] avg private log-likelihood = -11.458
[round 97/100] avg private log-likelihood = -11.461
[round 98/100] avg private log-likelihood = -11.469
[round 99/100] avg private log-likelihood = -11.462
[round 100/100] avg private log-likelihood = -11.463
[DONE] Results saved to results/D8_N10_lam1.0_seed0.json
