========================================
Running experiment on GPU
  D       = 4
  N       = 25
  lambda  = 1.0
  seed    = 7
  GPU     = 0
========================================
[round 01/100] avg private log-likelihood = -6.045
[round 02/100] avg private log-likelihood = -6.087
[round 03/100] avg private log-likelihood = -6.123
[round 04/100] avg private log-likelihood = -6.145
[round 05/100] avg private log-likelihood = -6.156
[round 06/100] avg private log-likelihood = -6.163
[round 07/100] avg private log-likelihood = -6.168
[round 08/100] avg private log-likelihood = -6.161
[round 09/100] avg private log-likelihood = -6.169
[round 10/100] avg private log-likelihood = -6.166
[round 11/100] avg private log-likelihood = -6.166
[round 12/100] avg private log-likelihood = -6.171
[round 13/100] avg private log-likelihood = -6.172
[round 14/100] avg private log-likelihood = -6.170
[round 15/100] avg private log-likelihood = -6.170
[round 16/100] avg private log-likelihood = -6.169
[round 17/100] avg private log-likelihood = -6.168
[round 18/100] avg private log-likelihood = -6.168
[round 19/100] avg private log-likelihood = -6.169
[round 20/100] avg private log-likelihood = -6.169
[round 21/100] avg private log-likelihood = -6.170
[round 22/100] avg private log-likelihood = -6.169
[round 23/100] avg private log-likelihood = -6.169
[round 24/100] avg private log-likelihood = -6.170
[round 25/100] avg private log-likelihood = -6.171
[round 26/100] avg private log-likelihood = -6.173
[round 27/100] avg private log-likelihood = -6.173
[round 28/100] avg private log-likelihood = -6.173
[round 29/100] avg private log-likelihood = -6.169
[round 30/100] avg private log-likelihood = -6.167
[round 31/100] avg private log-likelihood = -6.171
[round 32/100] avg private log-likelihood = -6.169
[round 33/100] avg private log-likelihood = -6.171
[round 34/100] avg private log-likelihood = -6.170
[round 35/100] avg private log-likelihood = -6.170
[round 36/100] avg private log-likelihood = -6.168
[round 37/100] avg private log-likelihood = -6.172
[round 38/100] avg private log-likelihood = -6.171
[round 39/100] avg private log-likelihood = -6.174
[round 40/100] avg private log-likelihood = -6.172
[round 41/100] avg private log-likelihood = -6.172
[round 42/100] avg private log-likelihood = -6.172
[round 43/100] avg private log-likelihood = -6.173
[round 44/100] avg private log-likelihood = -6.173
[round 45/100] avg private log-likelihood = -6.174
[round 46/100] avg private log-likelihood = -6.174
[round 47/100] avg private log-likelihood = -6.171
[round 48/100] avg private log-likelihood = -6.172
[round 49/100] avg private log-likelihood = -6.171
[round 50/100] avg private log-likelihood = -6.173
[round 51/100] avg private log-likelihood = -6.172
[round 52/100] avg private log-likelihood = -6.173
[round 53/100] avg private log-likelihood = -6.170
[round 54/100] avg private log-likelihood = -6.171
[round 55/100] avg private log-likelihood = -6.174
[round 56/100] avg private log-likelihood = -6.174
[round 57/100] avg private log-likelihood = -6.169
[round 58/100] avg private log-likelihood = -6.171
[round 59/100] avg private log-likelihood = -6.174
[round 60/100] avg private log-likelihood = -6.172
[round 61/100] avg private log-likelihood = -6.169
[round 62/100] avg private log-likelihood = -6.169
[round 63/100] avg private log-likelihood = -6.173
[round 64/100] avg private log-likelihood = -6.171
[round 65/100] avg private log-likelihood = -6.172
[round 66/100] avg private log-likelihood = -6.169
[round 67/100] avg private log-likelihood = -6.174
[round 68/100] avg private log-likelihood = -6.171
[round 69/100] avg private log-likelihood = -6.173
[round 70/100] avg private log-likelihood = -6.172
[round 71/100] avg private log-likelihood = -6.171
[round 72/100] avg private log-likelihood = -6.171
[round 73/100] avg private log-likelihood = -6.171
[round 74/100] avg private log-likelihood = -6.172
[round 75/100] avg private log-likelihood = -6.175
[round 76/100] avg private log-likelihood = -6.172
[round 77/100] avg private log-likelihood = -6.172
[round 78/100] avg private log-likelihood = -6.171
[round 79/100] avg private log-likelihood = -6.170
[round 80/100] avg private log-likelihood = -6.170
[round 81/100] avg private log-likelihood = -6.171
[round 82/100] avg private log-likelihood = -6.170
[round 83/100] avg private log-likelihood = -6.171
[round 84/100] avg private log-likelihood = -6.169
[round 85/100] avg private log-likelihood = -6.170
[round 86/100] avg private log-likelihood = -6.168
[round 87/100] avg private log-likelihood = -6.171
[round 88/100] avg private log-likelihood = -6.172
[round 89/100] avg private log-likelihood = -6.171
[round 90/100] avg private log-likelihood = -6.172
[round 91/100] avg private log-likelihood = -6.171
[round 92/100] avg private log-likelihood = -6.172
[round 93/100] avg private log-likelihood = -6.172
[round 94/100] avg private log-likelihood = -6.170
[round 95/100] avg private log-likelihood = -6.172
[round 96/100] avg private log-likelihood = -6.170
[round 97/100] avg private log-likelihood = -6.169
[round 98/100] avg private log-likelihood = -6.169
[round 99/100] avg private log-likelihood = -6.170
[round 100/100] avg private log-likelihood = -6.173
[round 01/100] avg private log-likelihood = -6.042
[round 02/100] avg private log-likelihood = -6.082
[round 03/100] avg private log-likelihood = -6.116
[round 04/100] avg private log-likelihood = -6.139
[round 05/100] avg private log-likelihood = -6.151
[round 06/100] avg private log-likelihood = -6.159
[round 07/100] avg private log-likelihood = -6.163
[round 08/100] avg private log-likelihood = -6.165
[round 09/100] avg private log-likelihood = -6.164
[round 10/100] avg private log-likelihood = -6.166
[round 11/100] avg private log-likelihood = -6.167
[round 12/100] avg private log-likelihood = -6.169
[round 13/100] avg private log-likelihood = -6.168
[round 14/100] avg private log-likelihood = -6.168
[round 15/100] avg private log-likelihood = -6.169
[round 16/100] avg private log-likelihood = -6.171
[round 17/100] avg private log-likelihood = -6.170
[round 18/100] avg private log-likelihood = -6.170
[round 19/100] avg private log-likelihood = -6.169
[round 20/100] avg private log-likelihood = -6.169
[round 21/100] avg private log-likelihood = -6.171
[round 22/100] avg private log-likelihood = -6.171
[round 23/100] avg private log-likelihood = -6.168
[round 24/100] avg private log-likelihood = -6.169
[round 25/100] avg private log-likelihood = -6.168
[round 26/100] avg private log-likelihood = -6.169
[round 27/100] avg private log-likelihood = -6.170
[round 28/100] avg private log-likelihood = -6.169
[round 29/100] avg private log-likelihood = -6.169
[round 30/100] avg private log-likelihood = -6.170
[round 31/100] avg private log-likelihood = -6.170
[round 32/100] avg private log-likelihood = -6.170
[round 33/100] avg private log-likelihood = -6.172
[round 34/100] avg private log-likelihood = -6.170
[round 35/100] avg private log-likelihood = -6.169
[round 36/100] avg private log-likelihood = -6.170
[round 37/100] avg private log-likelihood = -6.169
[round 38/100] avg private log-likelihood = -6.172
[round 39/100] avg private log-likelihood = -6.170
[round 40/100] avg private log-likelihood = -6.169
[round 41/100] avg private log-likelihood = -6.170
[round 42/100] avg private log-likelihood = -6.170
[round 43/100] avg private log-likelihood = -6.170
[round 44/100] avg private log-likelihood = -6.171
[round 45/100] avg private log-likelihood = -6.169
[round 46/100] avg private log-likelihood = -6.169
[round 47/100] avg private log-likelihood = -6.171
[round 48/100] avg private log-likelihood = -6.170
[round 49/100] avg private log-likelihood = -6.171
[round 50/100] avg private log-likelihood = -6.170
[round 51/100] avg private log-likelihood = -6.170
[round 52/100] avg private log-likelihood = -6.169
[round 53/100] avg private log-likelihood = -6.171
[round 54/100] avg private log-likelihood = -6.170
[round 55/100] avg private log-likelihood = -6.170
[round 56/100] avg private log-likelihood = -6.169
[round 57/100] avg private log-likelihood = -6.170
[round 58/100] avg private log-likelihood = -6.170
[round 59/100] avg private log-likelihood = -6.170
[round 60/100] avg private log-likelihood = -6.171
[round 61/100] avg private log-likelihood = -6.170
[round 62/100] avg private log-likelihood = -6.170
[round 63/100] avg private log-likelihood = -6.169
[round 64/100] avg private log-likelihood = -6.168
[round 65/100] avg private log-likelihood = -6.170
[round 66/100] avg private log-likelihood = -6.171
[round 67/100] avg private log-likelihood = -6.169
[round 68/100] avg private log-likelihood = -6.170
[round 69/100] avg private log-likelihood = -6.170
[round 70/100] avg private log-likelihood = -6.170
[round 71/100] avg private log-likelihood = -6.168
[round 72/100] avg private log-likelihood = -6.170
[round 73/100] avg private log-likelihood = -6.170
[round 74/100] avg private log-likelihood = -6.169
[round 75/100] avg private log-likelihood = -6.168
[round 76/100] avg private log-likelihood = -6.169
[round 77/100] avg private log-likelihood = -6.170
[round 78/100] avg private log-likelihood = -6.170
[round 79/100] avg private log-likelihood = -6.169
[round 80/100] avg private log-likelihood = -6.170
[round 81/100] avg private log-likelihood = -6.170
[round 82/100] avg private log-likelihood = -6.170
[round 83/100] avg private log-likelihood = -6.168
[round 84/100] avg private log-likelihood = -6.168
[round 85/100] avg private log-likelihood = -6.170
[round 86/100] avg private log-likelihood = -6.171
[round 87/100] avg private log-likelihood = -6.168
[round 88/100] avg private log-likelihood = -6.169
[round 89/100] avg private log-likelihood = -6.169
[round 90/100] avg private log-likelihood = -6.171
[round 91/100] avg private log-likelihood = -6.169
[round 92/100] avg private log-likelihood = -6.171
[round 93/100] avg private log-likelihood = -6.170
[round 94/100] avg private log-likelihood = -6.171
[round 95/100] avg private log-likelihood = -6.172
[round 96/100] avg private log-likelihood = -6.170
[round 97/100] avg private log-likelihood = -6.168
[round 98/100] avg private log-likelihood = -6.170
[round 99/100] avg private log-likelihood = -6.170
[round 100/100] avg private log-likelihood = -6.170
[DONE] Results saved to results/D4_N25_lam1.0_seed7.json
