========================================
Running experiment on GPU
  D       = 4
  N       = 10
  lambda  = 0.5
  seed    = 0
  GPU     = 0
========================================
[round 01/100] avg private log-likelihood = -4.748
[round 02/100] avg private log-likelihood = -4.860
[round 03/100] avg private log-likelihood = -4.976
[round 04/100] avg private log-likelihood = -5.087
[round 05/100] avg private log-likelihood = -5.184
[round 06/100] avg private log-likelihood = -5.268
[round 07/100] avg private log-likelihood = -5.330
[round 08/100] avg private log-likelihood = -5.368
[round 09/100] avg private log-likelihood = -5.388
[round 10/100] avg private log-likelihood = -5.397
[round 11/100] avg private log-likelihood = -5.398
[round 12/100] avg private log-likelihood = -5.405
[round 13/100] avg private log-likelihood = -5.407
[round 14/100] avg private log-likelihood = -5.416
[round 15/100] avg private log-likelihood = -5.420
[round 16/100] avg private log-likelihood = -5.427
[round 17/100] avg private log-likelihood = -5.429
[round 18/100] avg private log-likelihood = -5.430
[round 19/100] avg private log-likelihood = -5.432
[round 20/100] avg private log-likelihood = -5.431
[round 21/100] avg private log-likelihood = -5.432
[round 22/100] avg private log-likelihood = -5.431
[round 23/100] avg private log-likelihood = -5.426
[round 24/100] avg private log-likelihood = -5.425
[round 25/100] avg private log-likelihood = -5.424
[round 26/100] avg private log-likelihood = -5.428
[round 27/100] avg private log-likelihood = -5.430
[round 28/100] avg private log-likelihood = -5.434
[round 29/100] avg private log-likelihood = -5.434
[round 30/100] avg private log-likelihood = -5.434
[round 31/100] avg private log-likelihood = -5.433
[round 32/100] avg private log-likelihood = -5.432
[round 33/100] avg private log-likelihood = -5.434
[round 34/100] avg private log-likelihood = -5.432
[round 35/100] avg private log-likelihood = -5.437
[round 36/100] avg private log-likelihood = -5.437
[round 37/100] avg private log-likelihood = -5.430
[round 38/100] avg private log-likelihood = -5.431
[round 39/100] avg private log-likelihood = -5.436
[round 40/100] avg private log-likelihood = -5.434
[round 41/100] avg private log-likelihood = -5.436
[round 42/100] avg private log-likelihood = -5.437
[round 43/100] avg private log-likelihood = -5.436
[round 44/100] avg private log-likelihood = -5.431
[round 45/100] avg private log-likelihood = -5.431
[round 46/100] avg private log-likelihood = -5.435
[round 47/100] avg private log-likelihood = -5.433
[round 48/100] avg private log-likelihood = -5.434
[round 49/100] avg private log-likelihood = -5.435
[round 50/100] avg private log-likelihood = -5.434
[round 51/100] avg private log-likelihood = -5.431
[round 52/100] avg private log-likelihood = -5.427
[round 53/100] avg private log-likelihood = -5.427
[round 54/100] avg private log-likelihood = -5.430
[round 55/100] avg private log-likelihood = -5.433
[round 56/100] avg private log-likelihood = -5.430
[round 57/100] avg private log-likelihood = -5.428
[round 58/100] avg private log-likelihood = -5.433
[round 59/100] avg private log-likelihood = -5.429
[round 60/100] avg private log-likelihood = -5.429
[round 61/100] avg private log-likelihood = -5.434
[round 62/100] avg private log-likelihood = -5.433
[round 63/100] avg private log-likelihood = -5.434
[round 64/100] avg private log-likelihood = -5.434
[round 65/100] avg private log-likelihood = -5.433
[round 66/100] avg private log-likelihood = -5.434
[round 67/100] avg private log-likelihood = -5.436
[round 68/100] avg private log-likelihood = -5.433
[round 69/100] avg private log-likelihood = -5.430
[round 70/100] avg private log-likelihood = -5.428
[round 71/100] avg private log-likelihood = -5.432
[round 72/100] avg private log-likelihood = -5.432
[round 73/100] avg private log-likelihood = -5.430
[round 74/100] avg private log-likelihood = -5.428
[round 75/100] avg private log-likelihood = -5.431
[round 76/100] avg private log-likelihood = -5.438
[round 77/100] avg private log-likelihood = -5.435
[round 78/100] avg private log-likelihood = -5.435
[round 79/100] avg private log-likelihood = -5.430
[round 80/100] avg private log-likelihood = -5.432
[round 81/100] avg private log-likelihood = -5.432
[round 82/100] avg private log-likelihood = -5.429
[round 83/100] avg private log-likelihood = -5.438
[round 84/100] avg private log-likelihood = -5.432
[round 85/100] avg private log-likelihood = -5.430
[round 86/100] avg private log-likelihood = -5.432
[round 87/100] avg private log-likelihood = -5.431
[round 88/100] avg private log-likelihood = -5.434
[round 89/100] avg private log-likelihood = -5.431
[round 90/100] avg private log-likelihood = -5.431
[round 91/100] avg private log-likelihood = -5.431
[round 92/100] avg private log-likelihood = -5.432
[round 93/100] avg private log-likelihood = -5.431
[round 94/100] avg private log-likelihood = -5.427
[round 95/100] avg private log-likelihood = -5.433
[round 96/100] avg private log-likelihood = -5.433
[round 97/100] avg private log-likelihood = -5.431
[round 98/100] avg private log-likelihood = -5.429
[round 99/100] avg private log-likelihood = -5.428
[round 100/100] avg private log-likelihood = -5.431
[round 01/100] avg private log-likelihood = -4.730
[round 02/100] avg private log-likelihood = -4.841
[round 03/100] avg private log-likelihood = -4.956
[round 04/100] avg private log-likelihood = -5.066
[round 05/100] avg private log-likelihood = -5.169
[round 06/100] avg private log-likelihood = -5.251
[round 07/100] avg private log-likelihood = -5.312
[round 08/100] avg private log-likelihood = -5.347
[round 09/100] avg private log-likelihood = -5.363
[round 10/100] avg private log-likelihood = -5.370
[round 11/100] avg private log-likelihood = -5.376
[round 12/100] avg private log-likelihood = -5.381
[round 13/100] avg private log-likelihood = -5.386
[round 14/100] avg private log-likelihood = -5.393
[round 15/100] avg private log-likelihood = -5.401
[round 16/100] avg private log-likelihood = -5.405
[round 17/100] avg private log-likelihood = -5.408
[round 18/100] avg private log-likelihood = -5.410
[round 19/100] avg private log-likelihood = -5.412
[round 20/100] avg private log-likelihood = -5.413
[round 21/100] avg private log-likelihood = -5.412
[round 22/100] avg private log-likelihood = -5.412
[round 23/100] avg private log-likelihood = -5.410
[round 24/100] avg private log-likelihood = -5.407
[round 25/100] avg private log-likelihood = -5.408
[round 26/100] avg private log-likelihood = -5.411
[round 27/100] avg private log-likelihood = -5.412
[round 28/100] avg private log-likelihood = -5.411
[round 29/100] avg private log-likelihood = -5.411
[round 30/100] avg private log-likelihood = -5.413
[round 31/100] avg private log-likelihood = -5.411
[round 32/100] avg private log-likelihood = -5.411
[round 33/100] avg private log-likelihood = -5.409
[round 34/100] avg private log-likelihood = -5.409
[round 35/100] avg private log-likelihood = -5.413
[round 36/100] avg private log-likelihood = -5.415
[round 37/100] avg private log-likelihood = -5.418
[round 38/100] avg private log-likelihood = -5.417
[round 39/100] avg private log-likelihood = -5.415
[round 40/100] avg private log-likelihood = -5.413
[round 41/100] avg private log-likelihood = -5.410
[round 42/100] avg private log-likelihood = -5.415
[round 43/100] avg private log-likelihood = -5.415
[round 44/100] avg private log-likelihood = -5.415
[round 45/100] avg private log-likelihood = -5.416
[round 46/100] avg private log-likelihood = -5.416
[round 47/100] avg private log-likelihood = -5.415
[round 48/100] avg private log-likelihood = -5.417
[round 49/100] avg private log-likelihood = -5.416
[round 50/100] avg private log-likelihood = -5.416
[round 51/100] avg private log-likelihood = -5.415
[round 52/100] avg private log-likelihood = -5.413
[round 53/100] avg private log-likelihood = -5.414
[round 54/100] avg private log-likelihood = -5.414
[round 55/100] avg private log-likelihood = -5.416
[round 56/100] avg private log-likelihood = -5.417
[round 57/100] avg private log-likelihood = -5.416
[round 58/100] avg private log-likelihood = -5.415
[round 59/100] avg private log-likelihood = -5.413
[round 60/100] avg private log-likelihood = -5.414
[round 61/100] avg private log-likelihood = -5.415
[round 62/100] avg private log-likelihood = -5.414
[round 63/100] avg private log-likelihood = -5.416
[round 64/100] avg private log-likelihood = -5.415
[round 65/100] avg private log-likelihood = -5.414
[round 66/100] avg private log-likelihood = -5.415
[round 67/100] avg private log-likelihood = -5.413
[round 68/100] avg private log-likelihood = -5.415
[round 69/100] avg private log-likelihood = -5.415
[round 70/100] avg private log-likelihood = -5.414
[round 71/100] avg private log-likelihood = -5.418
[round 72/100] avg private log-likelihood = -5.417
[round 73/100] avg private log-likelihood = -5.414
[round 74/100] avg private log-likelihood = -5.418
[round 75/100] avg private log-likelihood = -5.412
[round 76/100] avg private log-likelihood = -5.411
[round 77/100] avg private log-likelihood = -5.413
[round 78/100] avg private log-likelihood = -5.413
[round 79/100] avg private log-likelihood = -5.417
[round 80/100] avg private log-likelihood = -5.416
[round 81/100] avg private log-likelihood = -5.416
[round 82/100] avg private log-likelihood = -5.417
[round 83/100] avg private log-likelihood = -5.416
[round 84/100] avg private log-likelihood = -5.412
[round 85/100] avg private log-likelihood = -5.419
[round 86/100] avg private log-likelihood = -5.418
[round 87/100] avg private log-likelihood = -5.417
[round 88/100] avg private log-likelihood = -5.414
[round 89/100] avg private log-likelihood = -5.413
[round 90/100] avg private log-likelihood = -5.411
[round 91/100] avg private log-likelihood = -5.413
[round 92/100] avg private log-likelihood = -5.417
[round 93/100] avg private log-likelihood = -5.416
[round 94/100] avg private log-likelihood = -5.414
[round 95/100] avg private log-likelihood = -5.412
[round 96/100] avg private log-likelihood = -5.414
[round 97/100] avg private log-likelihood = -5.415
[round 98/100] avg private log-likelihood = -5.413
[round 99/100] avg private log-likelihood = -5.413
[round 100/100] avg private log-likelihood = -5.416
[DONE] Results saved to results/D4_N10_lam0.5_seed0.json
