========================================
Running experiment on GPU
  D       = 16
  N       = 10
  lambda  = 1.0
  seed    = 7
  GPU     = 0
========================================
[round 01/100] avg private log-likelihood = -15.968
[round 02/100] avg private log-likelihood = -16.651
[round 03/100] avg private log-likelihood = -17.322
[round 04/100] avg private log-likelihood = -17.899
[round 05/100] avg private log-likelihood = -18.349
[round 06/100] avg private log-likelihood = -18.724
[round 07/100] avg private log-likelihood = -19.123
[round 08/100] avg private log-likelihood = -19.546
[round 09/100] avg private log-likelihood = -19.939
[round 10/100] avg private log-likelihood = -20.315
[round 11/100] avg private log-likelihood = -20.657
[round 12/100] avg private log-likelihood = -20.985
[round 13/100] avg private log-likelihood = -21.272
[round 14/100] avg private log-likelihood = -21.501
[round 15/100] avg private log-likelihood = -21.699
[round 16/100] avg private log-likelihood = -21.851
[round 17/100] avg private log-likelihood = -21.994
[round 18/100] avg private log-likelihood = -22.119
[round 19/100] avg private log-likelihood = -22.212
[round 20/100] avg private log-likelihood = -22.307
[round 21/100] avg private log-likelihood = -22.357
[round 22/100] avg private log-likelihood = -22.400
[round 23/100] avg private log-likelihood = -22.456
[round 24/100] avg private log-likelihood = -22.452
[round 25/100] avg private log-likelihood = -22.481
[round 26/100] avg private log-likelihood = -22.477
[round 27/100] avg private log-likelihood = -22.469
[round 28/100] avg private log-likelihood = -22.448
[round 29/100] avg private log-likelihood = -22.471
[round 30/100] avg private log-likelihood = -22.450
[round 31/100] avg private log-likelihood = -22.449
[round 32/100] avg private log-likelihood = -22.446
[round 33/100] avg private log-likelihood = -22.449
[round 34/100] avg private log-likelihood = -22.456
[round 35/100] avg private log-likelihood = -22.467
[round 36/100] avg private log-likelihood = -22.448
[round 37/100] avg private log-likelihood = -22.429
[round 38/100] avg private log-likelihood = -22.446
[round 39/100] avg private log-likelihood = -22.453
[round 40/100] avg private log-likelihood = -22.426
[round 41/100] avg private log-likelihood = -22.417
[round 42/100] avg private log-likelihood = -22.388
[round 43/100] avg private log-likelihood = -22.407
[round 44/100] avg private log-likelihood = -22.390
[round 45/100] avg private log-likelihood = -22.394
[round 46/100] avg private log-likelihood = -22.396
[round 47/100] avg private log-likelihood = -22.363
[round 48/100] avg private log-likelihood = -22.357
[round 49/100] avg private log-likelihood = -22.352
[round 50/100] avg private log-likelihood = -22.359
[round 51/100] avg private log-likelihood = -22.343
[round 52/100] avg private log-likelihood = -22.323
[round 53/100] avg private log-likelihood = -22.322
[round 54/100] avg private log-likelihood = -22.334
[round 55/100] avg private log-likelihood = -22.310
[round 56/100] avg private log-likelihood = -22.301
[round 57/100] avg private log-likelihood = -22.319
[round 58/100] avg private log-likelihood = -22.296
[round 59/100] avg private log-likelihood = -22.297
[round 60/100] avg private log-likelihood = -22.313
[round 61/100] avg private log-likelihood = -22.312
[round 62/100] avg private log-likelihood = -22.303
[round 63/100] avg private log-likelihood = -22.318
[round 64/100] avg private log-likelihood = -22.338
[round 65/100] avg private log-likelihood = -22.349
[round 66/100] avg private log-likelihood = -22.337
[round 67/100] avg private log-likelihood = -22.330
[round 68/100] avg private log-likelihood = -22.330
[round 69/100] avg private log-likelihood = -22.327
[round 70/100] avg private log-likelihood = -22.325
[round 71/100] avg private log-likelihood = -22.326
[round 72/100] avg private log-likelihood = -22.295
[round 73/100] avg private log-likelihood = -22.301
[round 74/100] avg private log-likelihood = -22.285
[round 75/100] avg private log-likelihood = -22.274
[round 76/100] avg private log-likelihood = -22.277
[round 77/100] avg private log-likelihood = -22.274
[round 78/100] avg private log-likelihood = -22.269
[round 79/100] avg private log-likelihood = -22.264
[round 80/100] avg private log-likelihood = -22.269
[round 81/100] avg private log-likelihood = -22.276
[round 82/100] avg private log-likelihood = -22.297
[round 83/100] avg private log-likelihood = -22.295
[round 84/100] avg private log-likelihood = -22.299
[round 85/100] avg private log-likelihood = -22.281
[round 86/100] avg private log-likelihood = -22.308
[round 87/100] avg private log-likelihood = -22.300
[round 88/100] avg private log-likelihood = -22.264
[round 89/100] avg private log-likelihood = -22.284
[round 90/100] avg private log-likelihood = -22.312
[round 91/100] avg private log-likelihood = -22.312
[round 92/100] avg private log-likelihood = -22.312
[round 93/100] avg private log-likelihood = -22.309
[round 94/100] avg private log-likelihood = -22.307
[round 95/100] avg private log-likelihood = -22.318
[round 96/100] avg private log-likelihood = -22.304
[round 97/100] avg private log-likelihood = -22.310
[round 98/100] avg private log-likelihood = -22.297
[round 99/100] avg private log-likelihood = -22.295
[round 100/100] avg private log-likelihood = -22.328
[round 01/100] avg private log-likelihood = -15.817
[round 02/100] avg private log-likelihood = -16.532
[round 03/100] avg private log-likelihood = -17.209
[round 04/100] avg private log-likelihood = -17.807
[round 05/100] avg private log-likelihood = -18.221
[round 06/100] avg private log-likelihood = -18.659
[round 07/100] avg private log-likelihood = -19.066
[round 08/100] avg private log-likelihood = -19.463
[round 09/100] avg private log-likelihood = -19.856
[round 10/100] avg private log-likelihood = -20.231
[round 11/100] avg private log-likelihood = -20.578
[round 12/100] avg private log-likelihood = -20.897
[round 13/100] avg private log-likelihood = -21.187
[round 14/100] avg private log-likelihood = -21.423
[round 15/100] avg private log-likelihood = -21.631
[round 16/100] avg private log-likelihood = -21.839
[round 17/100] avg private log-likelihood = -21.963
[round 18/100] avg private log-likelihood = -22.095
[round 19/100] avg private log-likelihood = -22.208
[round 20/100] avg private log-likelihood = -22.270
[round 21/100] avg private log-likelihood = -22.343
[round 22/100] avg private log-likelihood = -22.388
[round 23/100] avg private log-likelihood = -22.418
[round 24/100] avg private log-likelihood = -22.440
[round 25/100] avg private log-likelihood = -22.451
[round 26/100] avg private log-likelihood = -22.454
[round 27/100] avg private log-likelihood = -22.472
[round 28/100] avg private log-likelihood = -22.476
[round 29/100] avg private log-likelihood = -22.460
[round 30/100] avg private log-likelihood = -22.466
[round 31/100] avg private log-likelihood = -22.476
[round 32/100] avg private log-likelihood = -22.464
[round 33/100] avg private log-likelihood = -22.442
[round 34/100] avg private log-likelihood = -22.458
[round 35/100] avg private log-likelihood = -22.444
[round 36/100] avg private log-likelihood = -22.449
[round 37/100] avg private log-likelihood = -22.448
[round 38/100] avg private log-likelihood = -22.430
[round 39/100] avg private log-likelihood = -22.418
[round 40/100] avg private log-likelihood = -22.416
[round 41/100] avg private log-likelihood = -22.416
[round 42/100] avg private log-likelihood = -22.419
[round 43/100] avg private log-likelihood = -22.415
[round 44/100] avg private log-likelihood = -22.381
[round 45/100] avg private log-likelihood = -22.375
[round 46/100] avg private log-likelihood = -22.374
[round 47/100] avg private log-likelihood = -22.393
[round 48/100] avg private log-likelihood = -22.389
[round 49/100] avg private log-likelihood = -22.366
[round 50/100] avg private log-likelihood = -22.354
[round 51/100] avg private log-likelihood = -22.336
[round 52/100] avg private log-likelihood = -22.341
[round 53/100] avg private log-likelihood = -22.339
[round 54/100] avg private log-likelihood = -22.347
[round 55/100] avg private log-likelihood = -22.318
[round 56/100] avg private log-likelihood = -22.326
[round 57/100] avg private log-likelihood = -22.311
[round 58/100] avg private log-likelihood = -22.312
[round 59/100] avg private log-likelihood = -22.297
[round 60/100] avg private log-likelihood = -22.303
[round 61/100] avg private log-likelihood = -22.313
[round 62/100] avg private log-likelihood = -22.319
[round 63/100] avg private log-likelihood = -22.315
[round 64/100] avg private log-likelihood = -22.301
[round 65/100] avg private log-likelihood = -22.300
[round 66/100] avg private log-likelihood = -22.298
[round 67/100] avg private log-likelihood = -22.296
[round 68/100] avg private log-likelihood = -22.294
[round 69/100] avg private log-likelihood = -22.294
[round 70/100] avg private log-likelihood = -22.307
[round 71/100] avg private log-likelihood = -22.314
[round 72/100] avg private log-likelihood = -22.301
[round 73/100] avg private log-likelihood = -22.292
[round 74/100] avg private log-likelihood = -22.293
[round 75/100] avg private log-likelihood = -22.279
[round 76/100] avg private log-likelihood = -22.284
[round 77/100] avg private log-likelihood = -22.282
[round 78/100] avg private log-likelihood = -22.288
[round 79/100] avg private log-likelihood = -22.293
[round 80/100] avg private log-likelihood = -22.304
[round 81/100] avg private log-likelihood = -22.307
[round 82/100] avg private log-likelihood = -22.283
[round 83/100] avg private log-likelihood = -22.291
[round 84/100] avg private log-likelihood = -22.302
[round 85/100] avg private log-likelihood = -22.294
[round 86/100] avg private log-likelihood = -22.305
[round 87/100] avg private log-likelihood = -22.326
[round 88/100] avg private log-likelihood = -22.302
[round 89/100] avg private log-likelihood = -22.285
[round 90/100] avg private log-likelihood = -22.300
[round 91/100] avg private log-likelihood = -22.299
[round 92/100] avg private log-likelihood = -22.305
[round 93/100] avg private log-likelihood = -22.306
[round 94/100] avg private log-likelihood = -22.305
[round 95/100] avg private log-likelihood = -22.314
[round 96/100] avg private log-likelihood = -22.315
[round 97/100] avg private log-likelihood = -22.310
[round 98/100] avg private log-likelihood = -22.292
[round 99/100] avg private log-likelihood = -22.290
[round 100/100] avg private log-likelihood = -22.305
[DONE] Results saved to results/D16_N10_lam1.0_seed7.json
