========================================
Running experiment on GPU
  D       = 8
  N       = 25
  lambda  = 1.0
  seed    = 3
  GPU     = 0
========================================
[round 01/100] avg private log-likelihood = -11.356
[round 02/100] avg private log-likelihood = -11.438
[round 03/100] avg private log-likelihood = -11.493
[round 04/100] avg private log-likelihood = -11.531
[round 05/100] avg private log-likelihood = -11.547
[round 06/100] avg private log-likelihood = -11.561
[round 07/100] avg private log-likelihood = -11.567
[round 08/100] avg private log-likelihood = -11.565
[round 09/100] avg private log-likelihood = -11.566
[round 10/100] avg private log-likelihood = -11.565
[round 11/100] avg private log-likelihood = -11.564
[round 12/100] avg private log-likelihood = -11.566
[round 13/100] avg private log-likelihood = -11.572
[round 14/100] avg private log-likelihood = -11.563
[round 15/100] avg private log-likelihood = -11.568
[round 16/100] avg private log-likelihood = -11.567
[round 17/100] avg private log-likelihood = -11.572
[round 18/100] avg private log-likelihood = -11.575
[round 19/100] avg private log-likelihood = -11.573
[round 20/100] avg private log-likelihood = -11.571
[round 21/100] avg private log-likelihood = -11.570
[round 22/100] avg private log-likelihood = -11.567
[round 23/100] avg private log-likelihood = -11.567
[round 24/100] avg private log-likelihood = -11.576
[round 25/100] avg private log-likelihood = -11.568
[round 26/100] avg private log-likelihood = -11.568
[round 27/100] avg private log-likelihood = -11.579
[round 28/100] avg private log-likelihood = -11.574
[round 29/100] avg private log-likelihood = -11.568
[round 30/100] avg private log-likelihood = -11.563
[round 31/100] avg private log-likelihood = -11.567
[round 32/100] avg private log-likelihood = -11.570
[round 33/100] avg private log-likelihood = -11.569
[round 34/100] avg private log-likelihood = -11.569
[round 35/100] avg private log-likelihood = -11.568
[round 36/100] avg private log-likelihood = -11.569
[round 37/100] avg private log-likelihood = -11.563
[round 38/100] avg private log-likelihood = -11.571
[round 39/100] avg private log-likelihood = -11.571
[round 40/100] avg private log-likelihood = -11.572
[round 41/100] avg private log-likelihood = -11.567
[round 42/100] avg private log-likelihood = -11.572
[round 43/100] avg private log-likelihood = -11.568
[round 44/100] avg private log-likelihood = -11.570
[round 45/100] avg private log-likelihood = -11.568
[round 46/100] avg private log-likelihood = -11.568
[round 47/100] avg private log-likelihood = -11.571
[round 48/100] avg private log-likelihood = -11.569
[round 49/100] avg private log-likelihood = -11.569
[round 50/100] avg private log-likelihood = -11.573
[round 51/100] avg private log-likelihood = -11.574
[round 52/100] avg private log-likelihood = -11.570
[round 53/100] avg private log-likelihood = -11.576
[round 54/100] avg private log-likelihood = -11.568
[round 55/100] avg private log-likelihood = -11.568
[round 56/100] avg private log-likelihood = -11.568
[round 57/100] avg private log-likelihood = -11.570
[round 58/100] avg private log-likelihood = -11.568
[round 59/100] avg private log-likelihood = -11.566
[round 60/100] avg private log-likelihood = -11.566
[round 61/100] avg private log-likelihood = -11.568
[round 62/100] avg private log-likelihood = -11.570
[round 63/100] avg private log-likelihood = -11.570
[round 64/100] avg private log-likelihood = -11.568
[round 65/100] avg private log-likelihood = -11.566
[round 66/100] avg private log-likelihood = -11.567
[round 67/100] avg private log-likelihood = -11.568
[round 68/100] avg private log-likelihood = -11.570
[round 69/100] avg private log-likelihood = -11.569
[round 70/100] avg private log-likelihood = -11.574
[round 71/100] avg private log-likelihood = -11.566
[round 72/100] avg private log-likelihood = -11.572
[round 73/100] avg private log-likelihood = -11.567
[round 74/100] avg private log-likelihood = -11.568
[round 75/100] avg private log-likelihood = -11.570
[round 76/100] avg private log-likelihood = -11.572
[round 77/100] avg private log-likelihood = -11.567
[round 78/100] avg private log-likelihood = -11.574
[round 79/100] avg private log-likelihood = -11.566
[round 80/100] avg private log-likelihood = -11.572
[round 81/100] avg private log-likelihood = -11.571
[round 82/100] avg private log-likelihood = -11.576
[round 83/100] avg private log-likelihood = -11.569
[round 84/100] avg private log-likelihood = -11.566
[round 85/100] avg private log-likelihood = -11.570
[round 86/100] avg private log-likelihood = -11.572
[round 87/100] avg private log-likelihood = -11.572
[round 88/100] avg private log-likelihood = -11.568
[round 89/100] avg private log-likelihood = -11.575
[round 90/100] avg private log-likelihood = -11.576
[round 91/100] avg private log-likelihood = -11.572
[round 92/100] avg private log-likelihood = -11.568
[round 93/100] avg private log-likelihood = -11.565
[round 94/100] avg private log-likelihood = -11.570
[round 95/100] avg private log-likelihood = -11.571
[round 96/100] avg private log-likelihood = -11.574
[round 97/100] avg private log-likelihood = -11.569
[round 98/100] avg private log-likelihood = -11.566
[round 99/100] avg private log-likelihood = -11.565
[round 100/100] avg private log-likelihood = -11.571
[round 01/100] avg private log-likelihood = -11.349
[round 02/100] avg private log-likelihood = -11.425
[round 03/100] avg private log-likelihood = -11.485
[round 04/100] avg private log-likelihood = -11.524
[round 05/100] avg private log-likelihood = -11.543
[round 06/100] avg private log-likelihood = -11.553
[round 07/100] avg private log-likelihood = -11.560
[round 08/100] avg private log-likelihood = -11.563
[round 09/100] avg private log-likelihood = -11.567
[round 10/100] avg private log-likelihood = -11.567
[round 11/100] avg private log-likelihood = -11.566
[round 12/100] avg private log-likelihood = -11.564
[round 13/100] avg private log-likelihood = -11.565
[round 14/100] avg private log-likelihood = -11.569
[round 15/100] avg private log-likelihood = -11.564
[round 16/100] avg private log-likelihood = -11.567
[round 17/100] avg private log-likelihood = -11.567
[round 18/100] avg private log-likelihood = -11.566
[round 19/100] avg private log-likelihood = -11.567
[round 20/100] avg private log-likelihood = -11.568
[round 21/100] avg private log-likelihood = -11.568
[round 22/100] avg private log-likelihood = -11.567
[round 23/100] avg private log-likelihood = -11.567
[round 24/100] avg private log-likelihood = -11.568
[round 25/100] avg private log-likelihood = -11.568
[round 26/100] avg private log-likelihood = -11.568
[round 27/100] avg private log-likelihood = -11.569
[round 28/100] avg private log-likelihood = -11.568
[round 29/100] avg private log-likelihood = -11.569
[round 30/100] avg private log-likelihood = -11.568
[round 31/100] avg private log-likelihood = -11.567
[round 32/100] avg private log-likelihood = -11.569
[round 33/100] avg private log-likelihood = -11.568
[round 34/100] avg private log-likelihood = -11.565
[round 35/100] avg private log-likelihood = -11.566
[round 36/100] avg private log-likelihood = -11.565
[round 37/100] avg private log-likelihood = -11.565
[round 38/100] avg private log-likelihood = -11.568
[round 39/100] avg private log-likelihood = -11.568
[round 40/100] avg private log-likelihood = -11.568
[round 41/100] avg private log-likelihood = -11.565
[round 42/100] avg private log-likelihood = -11.567
[round 43/100] avg private log-likelihood = -11.565
[round 44/100] avg private log-likelihood = -11.565
[round 45/100] avg private log-likelihood = -11.564
[round 46/100] avg private log-likelihood = -11.567
[round 47/100] avg private log-likelihood = -11.565
[round 48/100] avg private log-likelihood = -11.567
[round 49/100] avg private log-likelihood = -11.567
[round 50/100] avg private log-likelihood = -11.564
[round 51/100] avg private log-likelihood = -11.567
[round 52/100] avg private log-likelihood = -11.565
[round 53/100] avg private log-likelihood = -11.567
[round 54/100] avg private log-likelihood = -11.567
[round 55/100] avg private log-likelihood = -11.569
[round 56/100] avg private log-likelihood = -11.566
[round 57/100] avg private log-likelihood = -11.565
[round 58/100] avg private log-likelihood = -11.567
[round 59/100] avg private log-likelihood = -11.568
[round 60/100] avg private log-likelihood = -11.565
[round 61/100] avg private log-likelihood = -11.565
[round 62/100] avg private log-likelihood = -11.563
[round 63/100] avg private log-likelihood = -11.567
[round 64/100] avg private log-likelihood = -11.567
[round 65/100] avg private log-likelihood = -11.565
[round 66/100] avg private log-likelihood = -11.566
[round 67/100] avg private log-likelihood = -11.566
[round 68/100] avg private log-likelihood = -11.566
[round 69/100] avg private log-likelihood = -11.564
[round 70/100] avg private log-likelihood = -11.567
[round 71/100] avg private log-likelihood = -11.568
[round 72/100] avg private log-likelihood = -11.565
[round 73/100] avg private log-likelihood = -11.565
[round 74/100] avg private log-likelihood = -11.565
[round 75/100] avg private log-likelihood = -11.565
[round 76/100] avg private log-likelihood = -11.567
[round 77/100] avg private log-likelihood = -11.569
[round 78/100] avg private log-likelihood = -11.569
[round 79/100] avg private log-likelihood = -11.568
[round 80/100] avg private log-likelihood = -11.567
[round 81/100] avg private log-likelihood = -11.566
[round 82/100] avg private log-likelihood = -11.568
[round 83/100] avg private log-likelihood = -11.566
[round 84/100] avg private log-likelihood = -11.565
[round 85/100] avg private log-likelihood = -11.567
[round 86/100] avg private log-likelihood = -11.566
[round 87/100] avg private log-likelihood = -11.567
[round 88/100] avg private log-likelihood = -11.566
[round 89/100] avg private log-likelihood = -11.567
[round 90/100] avg private log-likelihood = -11.566
[round 91/100] avg private log-likelihood = -11.568
[round 92/100] avg private log-likelihood = -11.568
[round 93/100] avg private log-likelihood = -11.569
[round 94/100] avg private log-likelihood = -11.568
[round 95/100] avg private log-likelihood = -11.567
[round 96/100] avg private log-likelihood = -11.570
[round 97/100] avg private log-likelihood = -11.567
[round 98/100] avg private log-likelihood = -11.567
[round 99/100] avg private log-likelihood = -11.568
[round 100/100] avg private log-likelihood = -11.569
[DONE] Results saved to results/D8_N25_lam1.0_seed3.json
