========================================
Running experiment on GPU
  D       = 16
  N       = 10
  lambda  = 1.0
  seed    = 9
  GPU     = 0
========================================
[round 01/100] avg private log-likelihood = -17.862
[round 02/100] avg private log-likelihood = -18.874
[round 03/100] avg private log-likelihood = -19.562
[round 04/100] avg private log-likelihood = -19.922
[round 05/100] avg private log-likelihood = -20.314
[round 06/100] avg private log-likelihood = -20.790
[round 07/100] avg private log-likelihood = -21.271
[round 08/100] avg private log-likelihood = -21.709
[round 09/100] avg private log-likelihood = -22.202
[round 10/100] avg private log-likelihood = -22.698
[round 11/100] avg private log-likelihood = -23.182
[round 12/100] avg private log-likelihood = -23.660
[round 13/100] avg private log-likelihood = -24.119
[round 14/100] avg private log-likelihood = -24.534
[round 15/100] avg private log-likelihood = -24.907
[round 16/100] avg private log-likelihood = -25.218
[round 17/100] avg private log-likelihood = -25.447
[round 18/100] avg private log-likelihood = -25.614
[round 19/100] avg private log-likelihood = -25.715
[round 20/100] avg private log-likelihood = -25.715
[round 21/100] avg private log-likelihood = -25.593
[round 22/100] avg private log-likelihood = -25.366
[round 23/100] avg private log-likelihood = -25.051
[round 24/100] avg private log-likelihood = -24.719
[round 25/100] avg private log-likelihood = -24.362
[round 26/100] avg private log-likelihood = -23.951
[round 27/100] avg private log-likelihood = -23.522
[round 28/100] avg private log-likelihood = -23.118
[round 29/100] avg private log-likelihood = -22.769
[round 30/100] avg private log-likelihood = -22.467
[round 31/100] avg private log-likelihood = -22.189
[round 32/100] avg private log-likelihood = -21.968
[round 33/100] avg private log-likelihood = -21.770
[round 34/100] avg private log-likelihood = -21.636
[round 35/100] avg private log-likelihood = -21.523
[round 36/100] avg private log-likelihood = -21.444
[round 37/100] avg private log-likelihood = -21.379
[round 38/100] avg private log-likelihood = -21.344
[round 39/100] avg private log-likelihood = -21.300
[round 40/100] avg private log-likelihood = -21.302
[round 41/100] avg private log-likelihood = -21.284
[round 42/100] avg private log-likelihood = -21.267
[round 43/100] avg private log-likelihood = -21.256
[round 44/100] avg private log-likelihood = -21.257
[round 45/100] avg private log-likelihood = -21.257
[round 46/100] avg private log-likelihood = -21.289
[round 47/100] avg private log-likelihood = -21.290
[round 48/100] avg private log-likelihood = -21.283
[round 49/100] avg private log-likelihood = -21.279
[round 50/100] avg private log-likelihood = -21.274
[round 51/100] avg private log-likelihood = -21.241
[round 52/100] avg private log-likelihood = -21.253
[round 53/100] avg private log-likelihood = -21.261
[round 54/100] avg private log-likelihood = -21.259
[round 55/100] avg private log-likelihood = -21.261
[round 56/100] avg private log-likelihood = -21.250
[round 57/100] avg private log-likelihood = -21.255
[round 58/100] avg private log-likelihood = -21.247
[round 59/100] avg private log-likelihood = -21.248
[round 60/100] avg private log-likelihood = -21.261
[round 61/100] avg private log-likelihood = -21.259
[round 62/100] avg private log-likelihood = -21.262
[round 63/100] avg private log-likelihood = -21.249
[round 64/100] avg private log-likelihood = -21.256
[round 65/100] avg private log-likelihood = -21.257
[round 66/100] avg private log-likelihood = -21.268
[round 67/100] avg private log-likelihood = -21.267
[round 68/100] avg private log-likelihood = -21.271
[round 69/100] avg private log-likelihood = -21.265
[round 70/100] avg private log-likelihood = -21.274
[round 71/100] avg private log-likelihood = -21.287
[round 72/100] avg private log-likelihood = -21.246
[round 73/100] avg private log-likelihood = -21.236
[round 74/100] avg private log-likelihood = -21.236
[round 75/100] avg private log-likelihood = -21.246
[round 76/100] avg private log-likelihood = -21.254
[round 77/100] avg private log-likelihood = -21.258
[round 78/100] avg private log-likelihood = -21.271
[round 79/100] avg private log-likelihood = -21.268
[round 80/100] avg private log-likelihood = -21.261
[round 81/100] avg private log-likelihood = -21.259
[round 82/100] avg private log-likelihood = -21.263
[round 83/100] avg private log-likelihood = -21.265
[round 84/100] avg private log-likelihood = -21.242
[round 85/100] avg private log-likelihood = -21.255
[round 86/100] avg private log-likelihood = -21.254
[round 87/100] avg private log-likelihood = -21.257
[round 88/100] avg private log-likelihood = -21.270
[round 89/100] avg private log-likelihood = -21.269
[round 90/100] avg private log-likelihood = -21.271
[round 91/100] avg private log-likelihood = -21.281
[round 92/100] avg private log-likelihood = -21.269
[round 93/100] avg private log-likelihood = -21.270
[round 94/100] avg private log-likelihood = -21.264
[round 95/100] avg private log-likelihood = -21.254
[round 96/100] avg private log-likelihood = -21.261
[round 97/100] avg private log-likelihood = -21.245
[round 98/100] avg private log-likelihood = -21.240
[round 99/100] avg private log-likelihood = -21.242
[round 100/100] avg private log-likelihood = -21.251
[round 01/100] avg private log-likelihood = -17.741
[round 02/100] avg private log-likelihood = -18.744
[round 03/100] avg private log-likelihood = -19.423
[round 04/100] avg private log-likelihood = -19.880
[round 05/100] avg private log-likelihood = -20.288
[round 06/100] avg private log-likelihood = -20.730
[round 07/100] avg private log-likelihood = -21.189
[round 08/100] avg private log-likelihood = -21.642
[round 09/100] avg private log-likelihood = -22.144
[round 10/100] avg private log-likelihood = -22.626
[round 11/100] avg private log-likelihood = -23.123
[round 12/100] avg private log-likelihood = -23.604
[round 13/100] avg private log-likelihood = -24.057
[round 14/100] avg private log-likelihood = -24.436
[round 15/100] avg private log-likelihood = -24.787
[round 16/100] avg private log-likelihood = -25.066
[round 17/100] avg private log-likelihood = -25.330
[round 18/100] avg private log-likelihood = -25.490
[round 19/100] avg private log-likelihood = -25.594
[round 20/100] avg private log-likelihood = -25.595
[round 21/100] avg private log-likelihood = -25.495
[round 22/100] avg private log-likelihood = -25.299
[round 23/100] avg private log-likelihood = -25.034
[round 24/100] avg private log-likelihood = -24.720
[round 25/100] avg private log-likelihood = -24.367
[round 26/100] avg private log-likelihood = -23.981
[round 27/100] avg private log-likelihood = -23.592
[round 28/100] avg private log-likelihood = -23.215
[round 29/100] avg private log-likelihood = -22.862
[round 30/100] avg private log-likelihood = -22.548
[round 31/100] avg private log-likelihood = -22.266
[round 32/100] avg private log-likelihood = -22.039
[round 33/100] avg private log-likelihood = -21.840
[round 34/100] avg private log-likelihood = -21.682
[round 35/100] avg private log-likelihood = -21.555
[round 36/100] avg private log-likelihood = -21.458
[round 37/100] avg private log-likelihood = -21.395
[round 38/100] avg private log-likelihood = -21.350
[round 39/100] avg private log-likelihood = -21.313
[round 40/100] avg private log-likelihood = -21.285
[round 41/100] avg private log-likelihood = -21.294
[round 42/100] avg private log-likelihood = -21.281
[round 43/100] avg private log-likelihood = -21.263
[round 44/100] avg private log-likelihood = -21.264
[round 45/100] avg private log-likelihood = -21.250
[round 46/100] avg private log-likelihood = -21.235
[round 47/100] avg private log-likelihood = -21.251
[round 48/100] avg private log-likelihood = -21.261
[round 49/100] avg private log-likelihood = -21.265
[round 50/100] avg private log-likelihood = -21.264
[round 51/100] avg private log-likelihood = -21.250
[round 52/100] avg private log-likelihood = -21.251
[round 53/100] avg private log-likelihood = -21.262
[round 54/100] avg private log-likelihood = -21.262
[round 55/100] avg private log-likelihood = -21.262
[round 56/100] avg private log-likelihood = -21.256
[round 57/100] avg private log-likelihood = -21.264
[round 58/100] avg private log-likelihood = -21.249
[round 59/100] avg private log-likelihood = -21.244
[round 60/100] avg private log-likelihood = -21.250
[round 61/100] avg private log-likelihood = -21.247
[round 62/100] avg private log-likelihood = -21.245
[round 63/100] avg private log-likelihood = -21.253
[round 64/100] avg private log-likelihood = -21.259
[round 65/100] avg private log-likelihood = -21.259
[round 66/100] avg private log-likelihood = -21.241
[round 67/100] avg private log-likelihood = -21.252
[round 68/100] avg private log-likelihood = -21.266
[round 69/100] avg private log-likelihood = -21.264
[round 70/100] avg private log-likelihood = -21.265
[round 71/100] avg private log-likelihood = -21.251
[round 72/100] avg private log-likelihood = -21.263
[round 73/100] avg private log-likelihood = -21.275
[round 74/100] avg private log-likelihood = -21.271
[round 75/100] avg private log-likelihood = -21.269
[round 76/100] avg private log-likelihood = -21.253
[round 77/100] avg private log-likelihood = -21.266
[round 78/100] avg private log-likelihood = -21.273
[round 79/100] avg private log-likelihood = -21.281
[round 80/100] avg private log-likelihood = -21.296
[round 81/100] avg private log-likelihood = -21.291
[round 82/100] avg private log-likelihood = -21.280
[round 83/100] avg private log-likelihood = -21.282
[round 84/100] avg private log-likelihood = -21.265
[round 85/100] avg private log-likelihood = -21.266
[round 86/100] avg private log-likelihood = -21.263
[round 87/100] avg private log-likelihood = -21.263
[round 88/100] avg private log-likelihood = -21.266
[round 89/100] avg private log-likelihood = -21.270
[round 90/100] avg private log-likelihood = -21.270
[round 91/100] avg private log-likelihood = -21.256
[round 92/100] avg private log-likelihood = -21.267
[round 93/100] avg private log-likelihood = -21.254
[round 94/100] avg private log-likelihood = -21.256
[round 95/100] avg private log-likelihood = -21.255
[round 96/100] avg private log-likelihood = -21.244
[round 97/100] avg private log-likelihood = -21.239
[round 98/100] avg private log-likelihood = -21.243
[round 99/100] avg private log-likelihood = -21.258
[round 100/100] avg private log-likelihood = -21.275
[DONE] Results saved to results/D16_N10_lam1.0_seed9.json
