========================================
Running experiment on GPU
  D       = 4
  N       = 10
  lambda  = 1.0
  seed    = 0
  GPU     = 0
========================================
[round 01/100] avg private log-likelihood = -4.792
[round 02/100] avg private log-likelihood = -4.944
[round 03/100] avg private log-likelihood = -5.106
[round 04/100] avg private log-likelihood = -5.251
[round 05/100] avg private log-likelihood = -5.384
[round 06/100] avg private log-likelihood = -5.513
[round 07/100] avg private log-likelihood = -5.629
[round 08/100] avg private log-likelihood = -5.719
[round 09/100] avg private log-likelihood = -5.778
[round 10/100] avg private log-likelihood = -5.809
[round 11/100] avg private log-likelihood = -5.814
[round 12/100] avg private log-likelihood = -5.815
[round 13/100] avg private log-likelihood = -5.803
[round 14/100] avg private log-likelihood = -5.805
[round 15/100] avg private log-likelihood = -5.799
[round 16/100] avg private log-likelihood = -5.805
[round 17/100] avg private log-likelihood = -5.801
[round 18/100] avg private log-likelihood = -5.799
[round 19/100] avg private log-likelihood = -5.802
[round 20/100] avg private log-likelihood = -5.800
[round 21/100] avg private log-likelihood = -5.798
[round 22/100] avg private log-likelihood = -5.796
[round 23/100] avg private log-likelihood = -5.787
[round 24/100] avg private log-likelihood = -5.787
[round 25/100] avg private log-likelihood = -5.783
[round 26/100] avg private log-likelihood = -5.785
[round 27/100] avg private log-likelihood = -5.792
[round 28/100] avg private log-likelihood = -5.800
[round 29/100] avg private log-likelihood = -5.797
[round 30/100] avg private log-likelihood = -5.795
[round 31/100] avg private log-likelihood = -5.796
[round 32/100] avg private log-likelihood = -5.793
[round 33/100] avg private log-likelihood = -5.799
[round 34/100] avg private log-likelihood = -5.796
[round 35/100] avg private log-likelihood = -5.801
[round 36/100] avg private log-likelihood = -5.803
[round 37/100] avg private log-likelihood = -5.790
[round 38/100] avg private log-likelihood = -5.792
[round 39/100] avg private log-likelihood = -5.799
[round 40/100] avg private log-likelihood = -5.799
[round 41/100] avg private log-likelihood = -5.803
[round 42/100] avg private log-likelihood = -5.804
[round 43/100] avg private log-likelihood = -5.802
[round 44/100] avg private log-likelihood = -5.793
[round 45/100] avg private log-likelihood = -5.795
[round 46/100] avg private log-likelihood = -5.801
[round 47/100] avg private log-likelihood = -5.796
[round 48/100] avg private log-likelihood = -5.796
[round 49/100] avg private log-likelihood = -5.795
[round 50/100] avg private log-likelihood = -5.795
[round 51/100] avg private log-likelihood = -5.793
[round 52/100] avg private log-likelihood = -5.787
[round 53/100] avg private log-likelihood = -5.786
[round 54/100] avg private log-likelihood = -5.792
[round 55/100] avg private log-likelihood = -5.797
[round 56/100] avg private log-likelihood = -5.790
[round 57/100] avg private log-likelihood = -5.788
[round 58/100] avg private log-likelihood = -5.799
[round 59/100] avg private log-likelihood = -5.792
[round 60/100] avg private log-likelihood = -5.788
[round 61/100] avg private log-likelihood = -5.796
[round 62/100] avg private log-likelihood = -5.795
[round 63/100] avg private log-likelihood = -5.792
[round 64/100] avg private log-likelihood = -5.797
[round 65/100] avg private log-likelihood = -5.793
[round 66/100] avg private log-likelihood = -5.798
[round 67/100] avg private log-likelihood = -5.800
[round 68/100] avg private log-likelihood = -5.793
[round 69/100] avg private log-likelihood = -5.791
[round 70/100] avg private log-likelihood = -5.790
[round 71/100] avg private log-likelihood = -5.797
[round 72/100] avg private log-likelihood = -5.793
[round 73/100] avg private log-likelihood = -5.792
[round 74/100] avg private log-likelihood = -5.791
[round 75/100] avg private log-likelihood = -5.793
[round 76/100] avg private log-likelihood = -5.803
[round 77/100] avg private log-likelihood = -5.801
[round 78/100] avg private log-likelihood = -5.802
[round 79/100] avg private log-likelihood = -5.794
[round 80/100] avg private log-likelihood = -5.796
[round 81/100] avg private log-likelihood = -5.791
[round 82/100] avg private log-likelihood = -5.786
[round 83/100] avg private log-likelihood = -5.802
[round 84/100] avg private log-likelihood = -5.794
[round 85/100] avg private log-likelihood = -5.792
[round 86/100] avg private log-likelihood = -5.796
[round 87/100] avg private log-likelihood = -5.796
[round 88/100] avg private log-likelihood = -5.801
[round 89/100] avg private log-likelihood = -5.794
[round 90/100] avg private log-likelihood = -5.794
[round 91/100] avg private log-likelihood = -5.796
[round 92/100] avg private log-likelihood = -5.793
[round 93/100] avg private log-likelihood = -5.793
[round 94/100] avg private log-likelihood = -5.786
[round 95/100] avg private log-likelihood = -5.794
[round 96/100] avg private log-likelihood = -5.793
[round 97/100] avg private log-likelihood = -5.792
[round 98/100] avg private log-likelihood = -5.788
[round 99/100] avg private log-likelihood = -5.788
[round 100/100] avg private log-likelihood = -5.793
[round 01/100] avg private log-likelihood = -4.759
[round 02/100] avg private log-likelihood = -4.919
[round 03/100] avg private log-likelihood = -5.077
[round 04/100] avg private log-likelihood = -5.217
[round 05/100] avg private log-likelihood = -5.351
[round 06/100] avg private log-likelihood = -5.479
[round 07/100] avg private log-likelihood = -5.597
[round 08/100] avg private log-likelihood = -5.694
[round 09/100] avg private log-likelihood = -5.758
[round 10/100] avg private log-likelihood = -5.795
[round 11/100] avg private log-likelihood = -5.808
[round 12/100] avg private log-likelihood = -5.805
[round 13/100] avg private log-likelihood = -5.790
[round 14/100] avg private log-likelihood = -5.777
[round 15/100] avg private log-likelihood = -5.765
[round 16/100] avg private log-likelihood = -5.751
[round 17/100] avg private log-likelihood = -5.738
[round 18/100] avg private log-likelihood = -5.725
[round 19/100] avg private log-likelihood = -5.718
[round 20/100] avg private log-likelihood = -5.713
[round 21/100] avg private log-likelihood = -5.706
[round 22/100] avg private log-likelihood = -5.703
[round 23/100] avg private log-likelihood = -5.697
[round 24/100] avg private log-likelihood = -5.687
[round 25/100] avg private log-likelihood = -5.682
[round 26/100] avg private log-likelihood = -5.680
[round 27/100] avg private log-likelihood = -5.671
[round 28/100] avg private log-likelihood = -5.664
[round 29/100] avg private log-likelihood = -5.655
[round 30/100] avg private log-likelihood = -5.651
[round 31/100] avg private log-likelihood = -5.645
[round 32/100] avg private log-likelihood = -5.642
[round 33/100] avg private log-likelihood = -5.636
[round 34/100] avg private log-likelihood = -5.636
[round 35/100] avg private log-likelihood = -5.636
[round 36/100] avg private log-likelihood = -5.639
[round 37/100] avg private log-likelihood = -5.640
[round 38/100] avg private log-likelihood = -5.641
[round 39/100] avg private log-likelihood = -5.642
[round 40/100] avg private log-likelihood = -5.640
[round 41/100] avg private log-likelihood = -5.637
[round 42/100] avg private log-likelihood = -5.637
[round 43/100] avg private log-likelihood = -5.641
[round 44/100] avg private log-likelihood = -5.639
[round 45/100] avg private log-likelihood = -5.640
[round 46/100] avg private log-likelihood = -5.640
[round 47/100] avg private log-likelihood = -5.640
[round 48/100] avg private log-likelihood = -5.642
[round 49/100] avg private log-likelihood = -5.639
[round 50/100] avg private log-likelihood = -5.638
[round 51/100] avg private log-likelihood = -5.638
[round 52/100] avg private log-likelihood = -5.637
[round 53/100] avg private log-likelihood = -5.639
[round 54/100] avg private log-likelihood = -5.640
[round 55/100] avg private log-likelihood = -5.644
[round 56/100] avg private log-likelihood = -5.642
[round 57/100] avg private log-likelihood = -5.640
[round 58/100] avg private log-likelihood = -5.642
[round 59/100] avg private log-likelihood = -5.642
[round 60/100] avg private log-likelihood = -5.641
[round 61/100] avg private log-likelihood = -5.640
[round 62/100] avg private log-likelihood = -5.640
[round 63/100] avg private log-likelihood = -5.643
[round 64/100] avg private log-likelihood = -5.642
[round 65/100] avg private log-likelihood = -5.642
[round 66/100] avg private log-likelihood = -5.641
[round 67/100] avg private log-likelihood = -5.642
[round 68/100] avg private log-likelihood = -5.641
[round 69/100] avg private log-likelihood = -5.640
[round 70/100] avg private log-likelihood = -5.638
[round 71/100] avg private log-likelihood = -5.642
[round 72/100] avg private log-likelihood = -5.641
[round 73/100] avg private log-likelihood = -5.637
[round 74/100] avg private log-likelihood = -5.640
[round 75/100] avg private log-likelihood = -5.638
[round 76/100] avg private log-likelihood = -5.637
[round 77/100] avg private log-likelihood = -5.637
[round 78/100] avg private log-likelihood = -5.639
[round 79/100] avg private log-likelihood = -5.640
[round 80/100] avg private log-likelihood = -5.641
[round 81/100] avg private log-likelihood = -5.644
[round 82/100] avg private log-likelihood = -5.644
[round 83/100] avg private log-likelihood = -5.644
[round 84/100] avg private log-likelihood = -5.640
[round 85/100] avg private log-likelihood = -5.646
[round 86/100] avg private log-likelihood = -5.645
[round 87/100] avg private log-likelihood = -5.643
[round 88/100] avg private log-likelihood = -5.640
[round 89/100] avg private log-likelihood = -5.639
[round 90/100] avg private log-likelihood = -5.640
[round 91/100] avg private log-likelihood = -5.636
[round 92/100] avg private log-likelihood = -5.642
[round 93/100] avg private log-likelihood = -5.643
[round 94/100] avg private log-likelihood = -5.640
[round 95/100] avg private log-likelihood = -5.637
[round 96/100] avg private log-likelihood = -5.640
[round 97/100] avg private log-likelihood = -5.641
[round 98/100] avg private log-likelihood = -5.641
[round 99/100] avg private log-likelihood = -5.639
[round 100/100] avg private log-likelihood = -5.640
[DONE] Results saved to results/D4_N10_lam1.0_seed0.json
