========================================
Running experiment on GPU
  D       = 2
  N       = 25
  lambda  = 1.0
  seed    = 5
  GPU     = 0
========================================
[round 01/100] avg private log-likelihood = -3.187
[round 02/100] avg private log-likelihood = -3.206
[round 03/100] avg private log-likelihood = -3.220
[round 04/100] avg private log-likelihood = -3.229
[round 05/100] avg private log-likelihood = -3.235
[round 06/100] avg private log-likelihood = -3.239
[round 07/100] avg private log-likelihood = -3.241
[round 08/100] avg private log-likelihood = -3.242
[round 09/100] avg private log-likelihood = -3.243
[round 10/100] avg private log-likelihood = -3.245
[round 11/100] avg private log-likelihood = -3.246
[round 12/100] avg private log-likelihood = -3.245
[round 13/100] avg private log-likelihood = -3.245
[round 14/100] avg private log-likelihood = -3.245
[round 15/100] avg private log-likelihood = -3.244
[round 16/100] avg private log-likelihood = -3.242
[round 17/100] avg private log-likelihood = -3.242
[round 18/100] avg private log-likelihood = -3.242
[round 19/100] avg private log-likelihood = -3.242
[round 20/100] avg private log-likelihood = -3.240
[round 21/100] avg private log-likelihood = -3.239
[round 22/100] avg private log-likelihood = -3.238
[round 23/100] avg private log-likelihood = -3.238
[round 24/100] avg private log-likelihood = -3.236
[round 25/100] avg private log-likelihood = -3.237
[round 26/100] avg private log-likelihood = -3.237
[round 27/100] avg private log-likelihood = -3.237
[round 28/100] avg private log-likelihood = -3.237
[round 29/100] avg private log-likelihood = -3.237
[round 30/100] avg private log-likelihood = -3.237
[round 31/100] avg private log-likelihood = -3.236
[round 32/100] avg private log-likelihood = -3.237
[round 33/100] avg private log-likelihood = -3.236
[round 34/100] avg private log-likelihood = -3.236
[round 35/100] avg private log-likelihood = -3.235
[round 36/100] avg private log-likelihood = -3.234
[round 37/100] avg private log-likelihood = -3.235
[round 38/100] avg private log-likelihood = -3.234
[round 39/100] avg private log-likelihood = -3.234
[round 40/100] avg private log-likelihood = -3.234
[round 41/100] avg private log-likelihood = -3.233
[round 42/100] avg private log-likelihood = -3.235
[round 43/100] avg private log-likelihood = -3.234
[round 44/100] avg private log-likelihood = -3.235
[round 45/100] avg private log-likelihood = -3.233
[round 46/100] avg private log-likelihood = -3.232
[round 47/100] avg private log-likelihood = -3.232
[round 48/100] avg private log-likelihood = -3.232
[round 49/100] avg private log-likelihood = -3.232
[round 50/100] avg private log-likelihood = -3.231
[round 51/100] avg private log-likelihood = -3.231
[round 52/100] avg private log-likelihood = -3.230
[round 53/100] avg private log-likelihood = -3.231
[round 54/100] avg private log-likelihood = -3.231
[round 55/100] avg private log-likelihood = -3.231
[round 56/100] avg private log-likelihood = -3.231
[round 57/100] avg private log-likelihood = -3.231
[round 58/100] avg private log-likelihood = -3.229
[round 59/100] avg private log-likelihood = -3.230
[round 60/100] avg private log-likelihood = -3.231
[round 61/100] avg private log-likelihood = -3.226
[round 62/100] avg private log-likelihood = -3.231
[round 63/100] avg private log-likelihood = -3.231
[round 64/100] avg private log-likelihood = -3.230
[round 65/100] avg private log-likelihood = -3.231
[round 66/100] avg private log-likelihood = -3.232
[round 67/100] avg private log-likelihood = -3.230
[round 68/100] avg private log-likelihood = -3.229
[round 69/100] avg private log-likelihood = -3.233
[round 70/100] avg private log-likelihood = -3.229
[round 71/100] avg private log-likelihood = -3.231
[round 72/100] avg private log-likelihood = -3.232
[round 73/100] avg private log-likelihood = -3.229
[round 74/100] avg private log-likelihood = -3.230
[round 75/100] avg private log-likelihood = -3.229
[round 76/100] avg private log-likelihood = -3.230
[round 77/100] avg private log-likelihood = -3.229
[round 78/100] avg private log-likelihood = -3.231
[round 79/100] avg private log-likelihood = -3.229
[round 80/100] avg private log-likelihood = -3.228
[round 81/100] avg private log-likelihood = -3.228
[round 82/100] avg private log-likelihood = -3.229
[round 83/100] avg private log-likelihood = -3.229
[round 84/100] avg private log-likelihood = -3.231
[round 85/100] avg private log-likelihood = -3.230
[round 86/100] avg private log-likelihood = -3.230
[round 87/100] avg private log-likelihood = -3.230
[round 88/100] avg private log-likelihood = -3.230
[round 89/100] avg private log-likelihood = -3.230
[round 90/100] avg private log-likelihood = -3.228
[round 91/100] avg private log-likelihood = -3.229
[round 92/100] avg private log-likelihood = -3.231
[round 93/100] avg private log-likelihood = -3.228
[round 94/100] avg private log-likelihood = -3.232
[round 95/100] avg private log-likelihood = -3.230
[round 96/100] avg private log-likelihood = -3.229
[round 97/100] avg private log-likelihood = -3.230
[round 98/100] avg private log-likelihood = -3.230
[round 99/100] avg private log-likelihood = -3.228
[round 100/100] avg private log-likelihood = -3.228
[round 01/100] avg private log-likelihood = -3.172
[round 02/100] avg private log-likelihood = -3.185
[round 03/100] avg private log-likelihood = -3.196
[round 04/100] avg private log-likelihood = -3.204
[round 05/100] avg private log-likelihood = -3.209
[round 06/100] avg private log-likelihood = -3.210
[round 07/100] avg private log-likelihood = -3.211
[round 08/100] avg private log-likelihood = -3.212
[round 09/100] avg private log-likelihood = -3.213
[round 10/100] avg private log-likelihood = -3.216
[round 11/100] avg private log-likelihood = -3.216
[round 12/100] avg private log-likelihood = -3.217
[round 13/100] avg private log-likelihood = -3.217
[round 14/100] avg private log-likelihood = -3.217
[round 15/100] avg private log-likelihood = -3.217
[round 16/100] avg private log-likelihood = -3.216
[round 17/100] avg private log-likelihood = -3.217
[round 18/100] avg private log-likelihood = -3.215
[round 19/100] avg private log-likelihood = -3.216
[round 20/100] avg private log-likelihood = -3.215
[round 21/100] avg private log-likelihood = -3.215
[round 22/100] avg private log-likelihood = -3.214
[round 23/100] avg private log-likelihood = -3.214
[round 24/100] avg private log-likelihood = -3.213
[round 25/100] avg private log-likelihood = -3.212
[round 26/100] avg private log-likelihood = -3.212
[round 27/100] avg private log-likelihood = -3.212
[round 28/100] avg private log-likelihood = -3.213
[round 29/100] avg private log-likelihood = -3.212
[round 30/100] avg private log-likelihood = -3.210
[round 31/100] avg private log-likelihood = -3.211
[round 32/100] avg private log-likelihood = -3.211
[round 33/100] avg private log-likelihood = -3.210
[round 34/100] avg private log-likelihood = -3.210
[round 35/100] avg private log-likelihood = -3.210
[round 36/100] avg private log-likelihood = -3.208
[round 37/100] avg private log-likelihood = -3.208
[round 38/100] avg private log-likelihood = -3.207
[round 39/100] avg private log-likelihood = -3.206
[round 40/100] avg private log-likelihood = -3.205
[round 41/100] avg private log-likelihood = -3.203
[round 42/100] avg private log-likelihood = -3.204
[round 43/100] avg private log-likelihood = -3.203
[round 44/100] avg private log-likelihood = -3.204
[round 45/100] avg private log-likelihood = -3.203
[round 46/100] avg private log-likelihood = -3.201
[round 47/100] avg private log-likelihood = -3.202
[round 48/100] avg private log-likelihood = -3.199
[round 49/100] avg private log-likelihood = -3.200
[round 50/100] avg private log-likelihood = -3.198
[round 51/100] avg private log-likelihood = -3.198
[round 52/100] avg private log-likelihood = -3.199
[round 53/100] avg private log-likelihood = -3.199
[round 54/100] avg private log-likelihood = -3.199
[round 55/100] avg private log-likelihood = -3.199
[round 56/100] avg private log-likelihood = -3.197
[round 57/100] avg private log-likelihood = -3.198
[round 58/100] avg private log-likelihood = -3.198
[round 59/100] avg private log-likelihood = -3.197
[round 60/100] avg private log-likelihood = -3.198
[round 61/100] avg private log-likelihood = -3.199
[round 62/100] avg private log-likelihood = -3.198
[round 63/100] avg private log-likelihood = -3.199
[round 64/100] avg private log-likelihood = -3.199
[round 65/100] avg private log-likelihood = -3.197
[round 66/100] avg private log-likelihood = -3.197
[round 67/100] avg private log-likelihood = -3.199
[round 68/100] avg private log-likelihood = -3.198
[round 69/100] avg private log-likelihood = -3.198
[round 70/100] avg private log-likelihood = -3.199
[round 71/100] avg private log-likelihood = -3.198
[round 72/100] avg private log-likelihood = -3.198
[round 73/100] avg private log-likelihood = -3.198
[round 74/100] avg private log-likelihood = -3.199
[round 75/100] avg private log-likelihood = -3.198
[round 76/100] avg private log-likelihood = -3.199
[round 77/100] avg private log-likelihood = -3.198
[round 78/100] avg private log-likelihood = -3.197
[round 79/100] avg private log-likelihood = -3.197
[round 80/100] avg private log-likelihood = -3.198
[round 81/100] avg private log-likelihood = -3.198
[round 82/100] avg private log-likelihood = -3.197
[round 83/100] avg private log-likelihood = -3.198
[round 84/100] avg private log-likelihood = -3.197
[round 85/100] avg private log-likelihood = -3.197
[round 86/100] avg private log-likelihood = -3.197
[round 87/100] avg private log-likelihood = -3.198
[round 88/100] avg private log-likelihood = -3.198
[round 89/100] avg private log-likelihood = -3.198
[round 90/100] avg private log-likelihood = -3.197
[round 91/100] avg private log-likelihood = -3.197
[round 92/100] avg private log-likelihood = -3.198
[round 93/100] avg private log-likelihood = -3.197
[round 94/100] avg private log-likelihood = -3.197
[round 95/100] avg private log-likelihood = -3.197
[round 96/100] avg private log-likelihood = -3.197
[round 97/100] avg private log-likelihood = -3.197
[round 98/100] avg private log-likelihood = -3.197
[round 99/100] avg private log-likelihood = -3.197
[round 100/100] avg private log-likelihood = -3.197
[DONE] Results saved to results/D2_N25_lam1.0_seed5.json
