========================================
Running experiment on GPU
  D       = 4
  N       = 10
  lambda  = 1.0
  seed    = 2
  GPU     = 0
========================================
[round 01/100] avg private log-likelihood = -4.532
[round 02/100] avg private log-likelihood = -4.638
[round 03/100] avg private log-likelihood = -4.757
[round 04/100] avg private log-likelihood = -4.874
[round 05/100] avg private log-likelihood = -4.976
[round 06/100] avg private log-likelihood = -5.059
[round 07/100] avg private log-likelihood = -5.139
[round 08/100] avg private log-likelihood = -5.193
[round 09/100] avg private log-likelihood = -5.234
[round 10/100] avg private log-likelihood = -5.264
[round 11/100] avg private log-likelihood = -5.285
[round 12/100] avg private log-likelihood = -5.300
[round 13/100] avg private log-likelihood = -5.292
[round 14/100] avg private log-likelihood = -5.286
[round 15/100] avg private log-likelihood = -5.288
[round 16/100] avg private log-likelihood = -5.291
[round 17/100] avg private log-likelihood = -5.287
[round 18/100] avg private log-likelihood = -5.288
[round 19/100] avg private log-likelihood = -5.290
[round 20/100] avg private log-likelihood = -5.291
[round 21/100] avg private log-likelihood = -5.288
[round 22/100] avg private log-likelihood = -5.295
[round 23/100] avg private log-likelihood = -5.299
[round 24/100] avg private log-likelihood = -5.290
[round 25/100] avg private log-likelihood = -5.288
[round 26/100] avg private log-likelihood = -5.289
[round 27/100] avg private log-likelihood = -5.289
[round 28/100] avg private log-likelihood = -5.293
[round 29/100] avg private log-likelihood = -5.296
[round 30/100] avg private log-likelihood = -5.290
[round 31/100] avg private log-likelihood = -5.291
[round 32/100] avg private log-likelihood = -5.287
[round 33/100] avg private log-likelihood = -5.294
[round 34/100] avg private log-likelihood = -5.294
[round 35/100] avg private log-likelihood = -5.301
[round 36/100] avg private log-likelihood = -5.303
[round 37/100] avg private log-likelihood = -5.302
[round 38/100] avg private log-likelihood = -5.299
[round 39/100] avg private log-likelihood = -5.297
[round 40/100] avg private log-likelihood = -5.300
[round 41/100] avg private log-likelihood = -5.301
[round 42/100] avg private log-likelihood = -5.299
[round 43/100] avg private log-likelihood = -5.298
[round 44/100] avg private log-likelihood = -5.299
[round 45/100] avg private log-likelihood = -5.307
[round 46/100] avg private log-likelihood = -5.298
[round 47/100] avg private log-likelihood = -5.297
[round 48/100] avg private log-likelihood = -5.294
[round 49/100] avg private log-likelihood = -5.301
[round 50/100] avg private log-likelihood = -5.301
[round 51/100] avg private log-likelihood = -5.301
[round 52/100] avg private log-likelihood = -5.306
[round 53/100] avg private log-likelihood = -5.299
[round 54/100] avg private log-likelihood = -5.303
[round 55/100] avg private log-likelihood = -5.304
[round 56/100] avg private log-likelihood = -5.301
[round 57/100] avg private log-likelihood = -5.293
[round 58/100] avg private log-likelihood = -5.304
[round 59/100] avg private log-likelihood = -5.307
[round 60/100] avg private log-likelihood = -5.299
[round 61/100] avg private log-likelihood = -5.305
[round 62/100] avg private log-likelihood = -5.316
[round 63/100] avg private log-likelihood = -5.305
[round 64/100] avg private log-likelihood = -5.303
[round 65/100] avg private log-likelihood = -5.292
[round 66/100] avg private log-likelihood = -5.294
[round 67/100] avg private log-likelihood = -5.299
[round 68/100] avg private log-likelihood = -5.301
[round 69/100] avg private log-likelihood = -5.295
[round 70/100] avg private log-likelihood = -5.301
[round 71/100] avg private log-likelihood = -5.300
[round 72/100] avg private log-likelihood = -5.292
[round 73/100] avg private log-likelihood = -5.292
[round 74/100] avg private log-likelihood = -5.299
[round 75/100] avg private log-likelihood = -5.298
[round 76/100] avg private log-likelihood = -5.311
[round 77/100] avg private log-likelihood = -5.306
[round 78/100] avg private log-likelihood = -5.304
[round 79/100] avg private log-likelihood = -5.304
[round 80/100] avg private log-likelihood = -5.303
[round 81/100] avg private log-likelihood = -5.305
[round 82/100] avg private log-likelihood = -5.305
[round 83/100] avg private log-likelihood = -5.302
[round 84/100] avg private log-likelihood = -5.302
[round 85/100] avg private log-likelihood = -5.300
[round 86/100] avg private log-likelihood = -5.298
[round 87/100] avg private log-likelihood = -5.303
[round 88/100] avg private log-likelihood = -5.301
[round 89/100] avg private log-likelihood = -5.303
[round 90/100] avg private log-likelihood = -5.301
[round 91/100] avg private log-likelihood = -5.301
[round 92/100] avg private log-likelihood = -5.304
[round 93/100] avg private log-likelihood = -5.299
[round 94/100] avg private log-likelihood = -5.307
[round 95/100] avg private log-likelihood = -5.308
[round 96/100] avg private log-likelihood = -5.296
[round 97/100] avg private log-likelihood = -5.301
[round 98/100] avg private log-likelihood = -5.303
[round 99/100] avg private log-likelihood = -5.297
[round 100/100] avg private log-likelihood = -5.293
[round 01/100] avg private log-likelihood = -4.799
[round 02/100] avg private log-likelihood = -4.896
[round 03/100] avg private log-likelihood = -5.004
[round 04/100] avg private log-likelihood = -5.107
[round 05/100] avg private log-likelihood = -5.205
[round 06/100] avg private log-likelihood = -5.283
[round 07/100] avg private log-likelihood = -5.351
[round 08/100] avg private log-likelihood = -5.401
[round 09/100] avg private log-likelihood = -5.443
[round 10/100] avg private log-likelihood = -5.472
[round 11/100] avg private log-likelihood = -5.490
[round 12/100] avg private log-likelihood = -5.501
[round 13/100] avg private log-likelihood = -5.507
[round 14/100] avg private log-likelihood = -5.510
[round 15/100] avg private log-likelihood = -5.508
[round 16/100] avg private log-likelihood = -5.509
[round 17/100] avg private log-likelihood = -5.510
[round 18/100] avg private log-likelihood = -5.509
[round 19/100] avg private log-likelihood = -5.508
[round 20/100] avg private log-likelihood = -5.506
[round 21/100] avg private log-likelihood = -5.504
[round 22/100] avg private log-likelihood = -5.505
[round 23/100] avg private log-likelihood = -5.506
[round 24/100] avg private log-likelihood = -5.507
[round 25/100] avg private log-likelihood = -5.505
[round 26/100] avg private log-likelihood = -5.509
[round 27/100] avg private log-likelihood = -5.506
[round 28/100] avg private log-likelihood = -5.505
[round 29/100] avg private log-likelihood = -5.509
[round 30/100] avg private log-likelihood = -5.508
[round 31/100] avg private log-likelihood = -5.508
[round 32/100] avg private log-likelihood = -5.508
[round 33/100] avg private log-likelihood = -5.511
[round 34/100] avg private log-likelihood = -5.507
[round 35/100] avg private log-likelihood = -5.507
[round 36/100] avg private log-likelihood = -5.506
[round 37/100] avg private log-likelihood = -5.505
[round 38/100] avg private log-likelihood = -5.507
[round 39/100] avg private log-likelihood = -5.509
[round 40/100] avg private log-likelihood = -5.513
[round 41/100] avg private log-likelihood = -5.515
[round 42/100] avg private log-likelihood = -5.509
[round 43/100] avg private log-likelihood = -5.507
[round 44/100] avg private log-likelihood = -5.504
[round 45/100] avg private log-likelihood = -5.506
[round 46/100] avg private log-likelihood = -5.510
[round 47/100] avg private log-likelihood = -5.510
[round 48/100] avg private log-likelihood = -5.507
[round 49/100] avg private log-likelihood = -5.510
[round 50/100] avg private log-likelihood = -5.510
[round 51/100] avg private log-likelihood = -5.511
[round 52/100] avg private log-likelihood = -5.506
[round 53/100] avg private log-likelihood = -5.507
[round 54/100] avg private log-likelihood = -5.507
[round 55/100] avg private log-likelihood = -5.508
[round 56/100] avg private log-likelihood = -5.505
[round 57/100] avg private log-likelihood = -5.508
[round 58/100] avg private log-likelihood = -5.512
[round 59/100] avg private log-likelihood = -5.511
[round 60/100] avg private log-likelihood = -5.509
[round 61/100] avg private log-likelihood = -5.508
[round 62/100] avg private log-likelihood = -5.510
[round 63/100] avg private log-likelihood = -5.511
[round 64/100] avg private log-likelihood = -5.508
[round 65/100] avg private log-likelihood = -5.511
[round 66/100] avg private log-likelihood = -5.508
[round 67/100] avg private log-likelihood = -5.509
[round 68/100] avg private log-likelihood = -5.513
[round 69/100] avg private log-likelihood = -5.510
[round 70/100] avg private log-likelihood = -5.509
[round 71/100] avg private log-likelihood = -5.511
[round 72/100] avg private log-likelihood = -5.510
[round 73/100] avg private log-likelihood = -5.514
[round 74/100] avg private log-likelihood = -5.510
[round 75/100] avg private log-likelihood = -5.507
[round 76/100] avg private log-likelihood = -5.506
[round 77/100] avg private log-likelihood = -5.507
[round 78/100] avg private log-likelihood = -5.508
[round 79/100] avg private log-likelihood = -5.505
[round 80/100] avg private log-likelihood = -5.510
[round 81/100] avg private log-likelihood = -5.508
[round 82/100] avg private log-likelihood = -5.511
[round 83/100] avg private log-likelihood = -5.508
[round 84/100] avg private log-likelihood = -5.508
[round 85/100] avg private log-likelihood = -5.506
[round 86/100] avg private log-likelihood = -5.508
[round 87/100] avg private log-likelihood = -5.506
[round 88/100] avg private log-likelihood = -5.506
[round 89/100] avg private log-likelihood = -5.506
[round 90/100] avg private log-likelihood = -5.507
[round 91/100] avg private log-likelihood = -5.506
[round 92/100] avg private log-likelihood = -5.509
[round 93/100] avg private log-likelihood = -5.512
[round 94/100] avg private log-likelihood = -5.512
[round 95/100] avg private log-likelihood = -5.514
[round 96/100] avg private log-likelihood = -5.509
[round 97/100] avg private log-likelihood = -5.508
[round 98/100] avg private log-likelihood = -5.508
[round 99/100] avg private log-likelihood = -5.510
[round 100/100] avg private log-likelihood = -5.511
[DONE] Results saved to results/D4_N10_lam1.0_seed2.json
