========================================
Running experiment on GPU
  D       = 2
  N       = 10
  lambda  = 0.5
  seed    = 2
  GPU     = 0
========================================
[round 01/100] avg private log-likelihood = -2.753
[round 02/100] avg private log-likelihood = -2.792
[round 03/100] avg private log-likelihood = -2.825
[round 04/100] avg private log-likelihood = -2.845
[round 05/100] avg private log-likelihood = -2.861
[round 06/100] avg private log-likelihood = -2.873
[round 07/100] avg private log-likelihood = -2.885
[round 08/100] avg private log-likelihood = -2.894
[round 09/100] avg private log-likelihood = -2.903
[round 10/100] avg private log-likelihood = -2.907
[round 11/100] avg private log-likelihood = -2.914
[round 12/100] avg private log-likelihood = -2.921
[round 13/100] avg private log-likelihood = -2.923
[round 14/100] avg private log-likelihood = -2.926
[round 15/100] avg private log-likelihood = -2.925
[round 16/100] avg private log-likelihood = -2.922
[round 17/100] avg private log-likelihood = -2.923
[round 18/100] avg private log-likelihood = -2.924
[round 19/100] avg private log-likelihood = -2.923
[round 20/100] avg private log-likelihood = -2.924
[round 21/100] avg private log-likelihood = -2.925
[round 22/100] avg private log-likelihood = -2.926
[round 23/100] avg private log-likelihood = -2.925
[round 24/100] avg private log-likelihood = -2.925
[round 25/100] avg private log-likelihood = -2.926
[round 26/100] avg private log-likelihood = -2.926
[round 27/100] avg private log-likelihood = -2.927
[round 28/100] avg private log-likelihood = -2.925
[round 29/100] avg private log-likelihood = -2.924
[round 30/100] avg private log-likelihood = -2.925
[round 31/100] avg private log-likelihood = -2.924
[round 32/100] avg private log-likelihood = -2.926
[round 33/100] avg private log-likelihood = -2.927
[round 34/100] avg private log-likelihood = -2.925
[round 35/100] avg private log-likelihood = -2.923
[round 36/100] avg private log-likelihood = -2.925
[round 37/100] avg private log-likelihood = -2.924
[round 38/100] avg private log-likelihood = -2.922
[round 39/100] avg private log-likelihood = -2.924
[round 40/100] avg private log-likelihood = -2.924
[round 41/100] avg private log-likelihood = -2.925
[round 42/100] avg private log-likelihood = -2.924
[round 43/100] avg private log-likelihood = -2.925
[round 44/100] avg private log-likelihood = -2.922
[round 45/100] avg private log-likelihood = -2.923
[round 46/100] avg private log-likelihood = -2.923
[round 47/100] avg private log-likelihood = -2.924
[round 48/100] avg private log-likelihood = -2.925
[round 49/100] avg private log-likelihood = -2.926
[round 50/100] avg private log-likelihood = -2.923
[round 51/100] avg private log-likelihood = -2.922
[round 52/100] avg private log-likelihood = -2.925
[round 53/100] avg private log-likelihood = -2.925
[round 54/100] avg private log-likelihood = -2.925
[round 55/100] avg private log-likelihood = -2.925
[round 56/100] avg private log-likelihood = -2.927
[round 57/100] avg private log-likelihood = -2.926
[round 58/100] avg private log-likelihood = -2.924
[round 59/100] avg private log-likelihood = -2.926
[round 60/100] avg private log-likelihood = -2.926
[round 61/100] avg private log-likelihood = -2.926
[round 62/100] avg private log-likelihood = -2.924
[round 63/100] avg private log-likelihood = -2.924
[round 64/100] avg private log-likelihood = -2.925
[round 65/100] avg private log-likelihood = -2.924
[round 66/100] avg private log-likelihood = -2.924
[round 67/100] avg private log-likelihood = -2.925
[round 68/100] avg private log-likelihood = -2.925
[round 69/100] avg private log-likelihood = -2.922
[round 70/100] avg private log-likelihood = -2.923
[round 71/100] avg private log-likelihood = -2.924
[round 72/100] avg private log-likelihood = -2.923
[round 73/100] avg private log-likelihood = -2.924
[round 74/100] avg private log-likelihood = -2.924
[round 75/100] avg private log-likelihood = -2.925
[round 76/100] avg private log-likelihood = -2.926
[round 77/100] avg private log-likelihood = -2.924
[round 78/100] avg private log-likelihood = -2.925
[round 79/100] avg private log-likelihood = -2.924
[round 80/100] avg private log-likelihood = -2.925
[round 81/100] avg private log-likelihood = -2.926
[round 82/100] avg private log-likelihood = -2.927
[round 83/100] avg private log-likelihood = -2.926
[round 84/100] avg private log-likelihood = -2.925
[round 85/100] avg private log-likelihood = -2.925
[round 86/100] avg private log-likelihood = -2.926
[round 87/100] avg private log-likelihood = -2.928
[round 88/100] avg private log-likelihood = -2.923
[round 89/100] avg private log-likelihood = -2.926
[round 90/100] avg private log-likelihood = -2.924
[round 91/100] avg private log-likelihood = -2.925
[round 92/100] avg private log-likelihood = -2.924
[round 93/100] avg private log-likelihood = -2.925
[round 94/100] avg private log-likelihood = -2.927
[round 95/100] avg private log-likelihood = -2.926
[round 96/100] avg private log-likelihood = -2.924
[round 97/100] avg private log-likelihood = -2.924
[round 98/100] avg private log-likelihood = -2.925
[round 99/100] avg private log-likelihood = -2.927
[round 100/100] avg private log-likelihood = -2.926
[round 01/100] avg private log-likelihood = -2.809
[round 02/100] avg private log-likelihood = -2.847
[round 03/100] avg private log-likelihood = -2.884
[round 04/100] avg private log-likelihood = -2.908
[round 05/100] avg private log-likelihood = -2.928
[round 06/100] avg private log-likelihood = -2.942
[round 07/100] avg private log-likelihood = -2.955
[round 08/100] avg private log-likelihood = -2.968
[round 09/100] avg private log-likelihood = -2.978
[round 10/100] avg private log-likelihood = -2.983
[round 11/100] avg private log-likelihood = -2.987
[round 12/100] avg private log-likelihood = -2.990
[round 13/100] avg private log-likelihood = -2.992
[round 14/100] avg private log-likelihood = -2.993
[round 15/100] avg private log-likelihood = -2.992
[round 16/100] avg private log-likelihood = -2.993
[round 17/100] avg private log-likelihood = -2.993
[round 18/100] avg private log-likelihood = -2.993
[round 19/100] avg private log-likelihood = -2.994
[round 20/100] avg private log-likelihood = -2.994
[round 21/100] avg private log-likelihood = -2.992
[round 22/100] avg private log-likelihood = -2.994
[round 23/100] avg private log-likelihood = -2.993
[round 24/100] avg private log-likelihood = -2.993
[round 25/100] avg private log-likelihood = -2.993
[round 26/100] avg private log-likelihood = -2.994
[round 27/100] avg private log-likelihood = -2.993
[round 28/100] avg private log-likelihood = -2.994
[round 29/100] avg private log-likelihood = -2.996
[round 30/100] avg private log-likelihood = -2.996
[round 31/100] avg private log-likelihood = -2.993
[round 32/100] avg private log-likelihood = -2.994
[round 33/100] avg private log-likelihood = -2.994
[round 34/100] avg private log-likelihood = -2.995
[round 35/100] avg private log-likelihood = -2.995
[round 36/100] avg private log-likelihood = -2.996
[round 37/100] avg private log-likelihood = -2.997
[round 38/100] avg private log-likelihood = -2.997
[round 39/100] avg private log-likelihood = -2.994
[round 40/100] avg private log-likelihood = -2.995
[round 41/100] avg private log-likelihood = -2.997
[round 42/100] avg private log-likelihood = -2.995
[round 43/100] avg private log-likelihood = -2.994
[round 44/100] avg private log-likelihood = -2.994
[round 45/100] avg private log-likelihood = -2.994
[round 46/100] avg private log-likelihood = -2.995
[round 47/100] avg private log-likelihood = -2.993
[round 48/100] avg private log-likelihood = -2.990
[round 49/100] avg private log-likelihood = -2.992
[round 50/100] avg private log-likelihood = -2.993
[round 51/100] avg private log-likelihood = -2.996
[round 52/100] avg private log-likelihood = -2.998
[round 53/100] avg private log-likelihood = -2.995
[round 54/100] avg private log-likelihood = -2.994
[round 55/100] avg private log-likelihood = -2.992
[round 56/100] avg private log-likelihood = -2.991
[round 57/100] avg private log-likelihood = -2.992
[round 58/100] avg private log-likelihood = -2.994
[round 59/100] avg private log-likelihood = -2.994
[round 60/100] avg private log-likelihood = -2.994
[round 61/100] avg private log-likelihood = -2.994
[round 62/100] avg private log-likelihood = -2.994
[round 63/100] avg private log-likelihood = -2.995
[round 64/100] avg private log-likelihood = -2.995
[round 65/100] avg private log-likelihood = -2.994
[round 66/100] avg private log-likelihood = -2.995
[round 67/100] avg private log-likelihood = -2.994
[round 68/100] avg private log-likelihood = -2.995
[round 69/100] avg private log-likelihood = -2.994
[round 70/100] avg private log-likelihood = -2.994
[round 71/100] avg private log-likelihood = -2.993
[round 72/100] avg private log-likelihood = -2.993
[round 73/100] avg private log-likelihood = -2.994
[round 74/100] avg private log-likelihood = -2.993
[round 75/100] avg private log-likelihood = -2.994
[round 76/100] avg private log-likelihood = -2.994
[round 77/100] avg private log-likelihood = -2.994
[round 78/100] avg private log-likelihood = -2.994
[round 79/100] avg private log-likelihood = -2.994
[round 80/100] avg private log-likelihood = -2.994
[round 81/100] avg private log-likelihood = -2.994
[round 82/100] avg private log-likelihood = -2.994
[round 83/100] avg private log-likelihood = -2.994
[round 84/100] avg private log-likelihood = -2.994
[round 85/100] avg private log-likelihood = -2.995
[round 86/100] avg private log-likelihood = -2.995
[round 87/100] avg private log-likelihood = -2.996
[round 88/100] avg private log-likelihood = -2.994
[round 89/100] avg private log-likelihood = -2.996
[round 90/100] avg private log-likelihood = -2.994
[round 91/100] avg private log-likelihood = -2.994
[round 92/100] avg private log-likelihood = -2.995
[round 93/100] avg private log-likelihood = -2.993
[round 94/100] avg private log-likelihood = -2.994
[round 95/100] avg private log-likelihood = -2.995
[round 96/100] avg private log-likelihood = -2.995
[round 97/100] avg private log-likelihood = -2.994
[round 98/100] avg private log-likelihood = -2.993
[round 99/100] avg private log-likelihood = -2.994
[round 100/100] avg private log-likelihood = -2.994
[DONE] Results saved to results/D2_N10_lam0.5_seed2.json
