========================================
Running experiment on GPU
  D       = 8
  N       = 10
  lambda  = 1.0
  seed    = 1
  GPU     = 0
========================================
[round 01/100] avg private log-likelihood = -7.603
[round 02/100] avg private log-likelihood = -7.840
[round 03/100] avg private log-likelihood = -8.089
[round 04/100] avg private log-likelihood = -8.306
[round 05/100] avg private log-likelihood = -8.524
[round 06/100] avg private log-likelihood = -8.718
[round 07/100] avg private log-likelihood = -8.921
[round 08/100] avg private log-likelihood = -9.105
[round 09/100] avg private log-likelihood = -9.273
[round 10/100] avg private log-likelihood = -9.462
[round 11/100] avg private log-likelihood = -9.665
[round 12/100] avg private log-likelihood = -9.762
[round 13/100] avg private log-likelihood = -9.911
[round 14/100] avg private log-likelihood = -10.016
[round 15/100] avg private log-likelihood = -10.099
[round 16/100] avg private log-likelihood = -10.143
[round 17/100] avg private log-likelihood = -10.177
[round 18/100] avg private log-likelihood = -10.199
[round 19/100] avg private log-likelihood = -10.199
[round 20/100] avg private log-likelihood = -10.228
[round 21/100] avg private log-likelihood = -10.240
[round 22/100] avg private log-likelihood = -10.249
[round 23/100] avg private log-likelihood = -10.254
[round 24/100] avg private log-likelihood = -10.248
[round 25/100] avg private log-likelihood = -10.254
[round 26/100] avg private log-likelihood = -10.252
[round 27/100] avg private log-likelihood = -10.247
[round 28/100] avg private log-likelihood = -10.243
[round 29/100] avg private log-likelihood = -10.247
[round 30/100] avg private log-likelihood = -10.252
[round 31/100] avg private log-likelihood = -10.258
[round 32/100] avg private log-likelihood = -10.251
[round 33/100] avg private log-likelihood = -10.258
[round 34/100] avg private log-likelihood = -10.251
[round 35/100] avg private log-likelihood = -10.256
[round 36/100] avg private log-likelihood = -10.252
[round 37/100] avg private log-likelihood = -10.240
[round 38/100] avg private log-likelihood = -10.242
[round 39/100] avg private log-likelihood = -10.246
[round 40/100] avg private log-likelihood = -10.254
[round 41/100] avg private log-likelihood = -10.265
[round 42/100] avg private log-likelihood = -10.254
[round 43/100] avg private log-likelihood = -10.249
[round 44/100] avg private log-likelihood = -10.246
[round 45/100] avg private log-likelihood = -10.249
[round 46/100] avg private log-likelihood = -10.251
[round 47/100] avg private log-likelihood = -10.251
[round 48/100] avg private log-likelihood = -10.256
[round 49/100] avg private log-likelihood = -10.266
[round 50/100] avg private log-likelihood = -10.242
[round 51/100] avg private log-likelihood = -10.256
[round 52/100] avg private log-likelihood = -10.259
[round 53/100] avg private log-likelihood = -10.260
[round 54/100] avg private log-likelihood = -10.256
[round 55/100] avg private log-likelihood = -10.255
[round 56/100] avg private log-likelihood = -10.253
[round 57/100] avg private log-likelihood = -10.247
[round 58/100] avg private log-likelihood = -10.247
[round 59/100] avg private log-likelihood = -10.263
[round 60/100] avg private log-likelihood = -10.249
[round 61/100] avg private log-likelihood = -10.254
[round 62/100] avg private log-likelihood = -10.249
[round 63/100] avg private log-likelihood = -10.244
[round 64/100] avg private log-likelihood = -10.260
[round 65/100] avg private log-likelihood = -10.255
[round 66/100] avg private log-likelihood = -10.250
[round 67/100] avg private log-likelihood = -10.253
[round 68/100] avg private log-likelihood = -10.251
[round 69/100] avg private log-likelihood = -10.255
[round 70/100] avg private log-likelihood = -10.247
[round 71/100] avg private log-likelihood = -10.239
[round 72/100] avg private log-likelihood = -10.244
[round 73/100] avg private log-likelihood = -10.248
[round 74/100] avg private log-likelihood = -10.258
[round 75/100] avg private log-likelihood = -10.266
[round 76/100] avg private log-likelihood = -10.261
[round 77/100] avg private log-likelihood = -10.270
[round 78/100] avg private log-likelihood = -10.261
[round 79/100] avg private log-likelihood = -10.252
[round 80/100] avg private log-likelihood = -10.250
[round 81/100] avg private log-likelihood = -10.251
[round 82/100] avg private log-likelihood = -10.243
[round 83/100] avg private log-likelihood = -10.259
[round 84/100] avg private log-likelihood = -10.254
[round 85/100] avg private log-likelihood = -10.248
[round 86/100] avg private log-likelihood = -10.243
[round 87/100] avg private log-likelihood = -10.249
[round 88/100] avg private log-likelihood = -10.255
[round 89/100] avg private log-likelihood = -10.266
[round 90/100] avg private log-likelihood = -10.255
[round 91/100] avg private log-likelihood = -10.249
[round 92/100] avg private log-likelihood = -10.251
[round 93/100] avg private log-likelihood = -10.251
[round 94/100] avg private log-likelihood = -10.258
[round 95/100] avg private log-likelihood = -10.248
[round 96/100] avg private log-likelihood = -10.249
[round 97/100] avg private log-likelihood = -10.250
[round 98/100] avg private log-likelihood = -10.257
[round 99/100] avg private log-likelihood = -10.265
[round 100/100] avg private log-likelihood = -10.260
[round 01/100] avg private log-likelihood = -7.456
[round 02/100] avg private log-likelihood = -7.717
[round 03/100] avg private log-likelihood = -7.928
[round 04/100] avg private log-likelihood = -8.171
[round 05/100] avg private log-likelihood = -8.398
[round 06/100] avg private log-likelihood = -8.609
[round 07/100] avg private log-likelihood = -8.798
[round 08/100] avg private log-likelihood = -8.985
[round 09/100] avg private log-likelihood = -9.160
[round 10/100] avg private log-likelihood = -9.337
[round 11/100] avg private log-likelihood = -9.499
[round 12/100] avg private log-likelihood = -9.655
[round 13/100] avg private log-likelihood = -9.796
[round 14/100] avg private log-likelihood = -9.912
[round 15/100] avg private log-likelihood = -10.002
[round 16/100] avg private log-likelihood = -10.066
[round 17/100] avg private log-likelihood = -10.096
[round 18/100] avg private log-likelihood = -10.119
[round 19/100] avg private log-likelihood = -10.133
[round 20/100] avg private log-likelihood = -10.152
[round 21/100] avg private log-likelihood = -10.170
[round 22/100] avg private log-likelihood = -10.174
[round 23/100] avg private log-likelihood = -10.174
[round 24/100] avg private log-likelihood = -10.177
[round 25/100] avg private log-likelihood = -10.173
[round 26/100] avg private log-likelihood = -10.165
[round 27/100] avg private log-likelihood = -10.170
[round 28/100] avg private log-likelihood = -10.170
[round 29/100] avg private log-likelihood = -10.168
[round 30/100] avg private log-likelihood = -10.169
[round 31/100] avg private log-likelihood = -10.164
[round 32/100] avg private log-likelihood = -10.166
[round 33/100] avg private log-likelihood = -10.168
[round 34/100] avg private log-likelihood = -10.173
[round 35/100] avg private log-likelihood = -10.169
[round 36/100] avg private log-likelihood = -10.169
[round 37/100] avg private log-likelihood = -10.163
[round 38/100] avg private log-likelihood = -10.167
[round 39/100] avg private log-likelihood = -10.161
[round 40/100] avg private log-likelihood = -10.160
[round 41/100] avg private log-likelihood = -10.163
[round 42/100] avg private log-likelihood = -10.163
[round 43/100] avg private log-likelihood = -10.172
[round 44/100] avg private log-likelihood = -10.175
[round 45/100] avg private log-likelihood = -10.169
[round 46/100] avg private log-likelihood = -10.175
[round 47/100] avg private log-likelihood = -10.157
[round 48/100] avg private log-likelihood = -10.161
[round 49/100] avg private log-likelihood = -10.166
[round 50/100] avg private log-likelihood = -10.171
[round 51/100] avg private log-likelihood = -10.171
[round 52/100] avg private log-likelihood = -10.165
[round 53/100] avg private log-likelihood = -10.165
[round 54/100] avg private log-likelihood = -10.173
[round 55/100] avg private log-likelihood = -10.172
[round 56/100] avg private log-likelihood = -10.173
[round 57/100] avg private log-likelihood = -10.173
[round 58/100] avg private log-likelihood = -10.166
[round 59/100] avg private log-likelihood = -10.166
[round 60/100] avg private log-likelihood = -10.164
[round 61/100] avg private log-likelihood = -10.162
[round 62/100] avg private log-likelihood = -10.164
[round 63/100] avg private log-likelihood = -10.162
[round 64/100] avg private log-likelihood = -10.169
[round 65/100] avg private log-likelihood = -10.173
[round 66/100] avg private log-likelihood = -10.169
[round 67/100] avg private log-likelihood = -10.170
[round 68/100] avg private log-likelihood = -10.176
[round 69/100] avg private log-likelihood = -10.174
[round 70/100] avg private log-likelihood = -10.170
[round 71/100] avg private log-likelihood = -10.171
[round 72/100] avg private log-likelihood = -10.163
[round 73/100] avg private log-likelihood = -10.166
[round 74/100] avg private log-likelihood = -10.164
[round 75/100] avg private log-likelihood = -10.166
[round 76/100] avg private log-likelihood = -10.164
[round 77/100] avg private log-likelihood = -10.162
[round 78/100] avg private log-likelihood = -10.173
[round 79/100] avg private log-likelihood = -10.172
[round 80/100] avg private log-likelihood = -10.161
[round 81/100] avg private log-likelihood = -10.169
[round 82/100] avg private log-likelihood = -10.168
[round 83/100] avg private log-likelihood = -10.160
[round 84/100] avg private log-likelihood = -10.164
[round 85/100] avg private log-likelihood = -10.160
[round 86/100] avg private log-likelihood = -10.160
[round 87/100] avg private log-likelihood = -10.158
[round 88/100] avg private log-likelihood = -10.157
[round 89/100] avg private log-likelihood = -10.164
[round 90/100] avg private log-likelihood = -10.164
[round 91/100] avg private log-likelihood = -10.162
[round 92/100] avg private log-likelihood = -10.159
[round 93/100] avg private log-likelihood = -10.170
[round 94/100] avg private log-likelihood = -10.172
[round 95/100] avg private log-likelihood = -10.170
[round 96/100] avg private log-likelihood = -10.172
[round 97/100] avg private log-likelihood = -10.180
[round 98/100] avg private log-likelihood = -10.177
[round 99/100] avg private log-likelihood = -10.174
[round 100/100] avg private log-likelihood = -10.178
[DONE] Results saved to results/D8_N10_lam1.0_seed1.json
