========================================
Running experiment on GPU
  D       = 4
  N       = 10
  lambda  = 1.0
  seed    = 6
  GPU     = 0
========================================
[round 01/100] avg private log-likelihood = -4.355
[round 02/100] avg private log-likelihood = -4.475
[round 03/100] avg private log-likelihood = -4.631
[round 04/100] avg private log-likelihood = -4.779
[round 05/100] avg private log-likelihood = -4.924
[round 06/100] avg private log-likelihood = -5.043
[round 07/100] avg private log-likelihood = -5.150
[round 08/100] avg private log-likelihood = -5.252
[round 09/100] avg private log-likelihood = -5.324
[round 10/100] avg private log-likelihood = -5.396
[round 11/100] avg private log-likelihood = -5.449
[round 12/100] avg private log-likelihood = -5.495
[round 13/100] avg private log-likelihood = -5.530
[round 14/100] avg private log-likelihood = -5.559
[round 15/100] avg private log-likelihood = -5.579
[round 16/100] avg private log-likelihood = -5.597
[round 17/100] avg private log-likelihood = -5.604
[round 18/100] avg private log-likelihood = -5.613
[round 19/100] avg private log-likelihood = -5.617
[round 20/100] avg private log-likelihood = -5.613
[round 21/100] avg private log-likelihood = -5.617
[round 22/100] avg private log-likelihood = -5.617
[round 23/100] avg private log-likelihood = -5.629
[round 24/100] avg private log-likelihood = -5.622
[round 25/100] avg private log-likelihood = -5.631
[round 26/100] avg private log-likelihood = -5.634
[round 27/100] avg private log-likelihood = -5.625
[round 28/100] avg private log-likelihood = -5.618
[round 29/100] avg private log-likelihood = -5.624
[round 30/100] avg private log-likelihood = -5.619
[round 31/100] avg private log-likelihood = -5.617
[round 32/100] avg private log-likelihood = -5.626
[round 33/100] avg private log-likelihood = -5.620
[round 34/100] avg private log-likelihood = -5.628
[round 35/100] avg private log-likelihood = -5.620
[round 36/100] avg private log-likelihood = -5.611
[round 37/100] avg private log-likelihood = -5.607
[round 38/100] avg private log-likelihood = -5.609
[round 39/100] avg private log-likelihood = -5.614
[round 40/100] avg private log-likelihood = -5.609
[round 41/100] avg private log-likelihood = -5.599
[round 42/100] avg private log-likelihood = -5.605
[round 43/100] avg private log-likelihood = -5.606
[round 44/100] avg private log-likelihood = -5.603
[round 45/100] avg private log-likelihood = -5.600
[round 46/100] avg private log-likelihood = -5.594
[round 47/100] avg private log-likelihood = -5.595
[round 48/100] avg private log-likelihood = -5.598
[round 49/100] avg private log-likelihood = -5.594
[round 50/100] avg private log-likelihood = -5.595
[round 51/100] avg private log-likelihood = -5.591
[round 52/100] avg private log-likelihood = -5.588
[round 53/100] avg private log-likelihood = -5.596
[round 54/100] avg private log-likelihood = -5.600
[round 55/100] avg private log-likelihood = -5.591
[round 56/100] avg private log-likelihood = -5.591
[round 57/100] avg private log-likelihood = -5.596
[round 58/100] avg private log-likelihood = -5.595
[round 59/100] avg private log-likelihood = -5.594
[round 60/100] avg private log-likelihood = -5.597
[round 61/100] avg private log-likelihood = -5.596
[round 62/100] avg private log-likelihood = -5.597
[round 63/100] avg private log-likelihood = -5.600
[round 64/100] avg private log-likelihood = -5.595
[round 65/100] avg private log-likelihood = -5.595
[round 66/100] avg private log-likelihood = -5.598
[round 67/100] avg private log-likelihood = -5.596
[round 68/100] avg private log-likelihood = -5.597
[round 69/100] avg private log-likelihood = -5.598
[round 70/100] avg private log-likelihood = -5.604
[round 71/100] avg private log-likelihood = -5.598
[round 72/100] avg private log-likelihood = -5.600
[round 73/100] avg private log-likelihood = -5.595
[round 74/100] avg private log-likelihood = -5.598
[round 75/100] avg private log-likelihood = -5.602
[round 76/100] avg private log-likelihood = -5.600
[round 77/100] avg private log-likelihood = -5.588
[round 78/100] avg private log-likelihood = -5.590
[round 79/100] avg private log-likelihood = -5.598
[round 80/100] avg private log-likelihood = -5.594
[round 81/100] avg private log-likelihood = -5.599
[round 82/100] avg private log-likelihood = -5.598
[round 83/100] avg private log-likelihood = -5.600
[round 84/100] avg private log-likelihood = -5.598
[round 85/100] avg private log-likelihood = -5.586
[round 86/100] avg private log-likelihood = -5.592
[round 87/100] avg private log-likelihood = -5.603
[round 88/100] avg private log-likelihood = -5.597
[round 89/100] avg private log-likelihood = -5.593
[round 90/100] avg private log-likelihood = -5.596
[round 91/100] avg private log-likelihood = -5.594
[round 92/100] avg private log-likelihood = -5.599
[round 93/100] avg private log-likelihood = -5.602
[round 94/100] avg private log-likelihood = -5.599
[round 95/100] avg private log-likelihood = -5.598
[round 96/100] avg private log-likelihood = -5.596
[round 97/100] avg private log-likelihood = -5.597
[round 98/100] avg private log-likelihood = -5.599
[round 99/100] avg private log-likelihood = -5.596
[round 100/100] avg private log-likelihood = -5.591
[round 01/100] avg private log-likelihood = -4.337
[round 02/100] avg private log-likelihood = -4.467
[round 03/100] avg private log-likelihood = -4.617
[round 04/100] avg private log-likelihood = -4.769
[round 05/100] avg private log-likelihood = -4.909
[round 06/100] avg private log-likelihood = -5.032
[round 07/100] avg private log-likelihood = -5.136
[round 08/100] avg private log-likelihood = -5.229
[round 09/100] avg private log-likelihood = -5.308
[round 10/100] avg private log-likelihood = -5.377
[round 11/100] avg private log-likelihood = -5.439
[round 12/100] avg private log-likelihood = -5.480
[round 13/100] avg private log-likelihood = -5.511
[round 14/100] avg private log-likelihood = -5.548
[round 15/100] avg private log-likelihood = -5.573
[round 16/100] avg private log-likelihood = -5.591
[round 17/100] avg private log-likelihood = -5.606
[round 18/100] avg private log-likelihood = -5.615
[round 19/100] avg private log-likelihood = -5.612
[round 20/100] avg private log-likelihood = -5.611
[round 21/100] avg private log-likelihood = -5.611
[round 22/100] avg private log-likelihood = -5.614
[round 23/100] avg private log-likelihood = -5.614
[round 24/100] avg private log-likelihood = -5.618
[round 25/100] avg private log-likelihood = -5.616
[round 26/100] avg private log-likelihood = -5.618
[round 27/100] avg private log-likelihood = -5.618
[round 28/100] avg private log-likelihood = -5.624
[round 29/100] avg private log-likelihood = -5.617
[round 30/100] avg private log-likelihood = -5.617
[round 31/100] avg private log-likelihood = -5.616
[round 32/100] avg private log-likelihood = -5.617
[round 33/100] avg private log-likelihood = -5.615
[round 34/100] avg private log-likelihood = -5.619
[round 35/100] avg private log-likelihood = -5.618
[round 36/100] avg private log-likelihood = -5.618
[round 37/100] avg private log-likelihood = -5.607
[round 38/100] avg private log-likelihood = -5.604
[round 39/100] avg private log-likelihood = -5.605
[round 40/100] avg private log-likelihood = -5.604
[round 41/100] avg private log-likelihood = -5.598
[round 42/100] avg private log-likelihood = -5.591
[round 43/100] avg private log-likelihood = -5.591
[round 44/100] avg private log-likelihood = -5.596
[round 45/100] avg private log-likelihood = -5.595
[round 46/100] avg private log-likelihood = -5.595
[round 47/100] avg private log-likelihood = -5.591
[round 48/100] avg private log-likelihood = -5.597
[round 49/100] avg private log-likelihood = -5.599
[round 50/100] avg private log-likelihood = -5.594
[round 51/100] avg private log-likelihood = -5.603
[round 52/100] avg private log-likelihood = -5.601
[round 53/100] avg private log-likelihood = -5.597
[round 54/100] avg private log-likelihood = -5.599
[round 55/100] avg private log-likelihood = -5.598
[round 56/100] avg private log-likelihood = -5.595
[round 57/100] avg private log-likelihood = -5.592
[round 58/100] avg private log-likelihood = -5.599
[round 59/100] avg private log-likelihood = -5.599
[round 60/100] avg private log-likelihood = -5.594
[round 61/100] avg private log-likelihood = -5.596
[round 62/100] avg private log-likelihood = -5.595
[round 63/100] avg private log-likelihood = -5.599
[round 64/100] avg private log-likelihood = -5.597
[round 65/100] avg private log-likelihood = -5.599
[round 66/100] avg private log-likelihood = -5.595
[round 67/100] avg private log-likelihood = -5.592
[round 68/100] avg private log-likelihood = -5.595
[round 69/100] avg private log-likelihood = -5.599
[round 70/100] avg private log-likelihood = -5.598
[round 71/100] avg private log-likelihood = -5.595
[round 72/100] avg private log-likelihood = -5.591
[round 73/100] avg private log-likelihood = -5.590
[round 74/100] avg private log-likelihood = -5.595
[round 75/100] avg private log-likelihood = -5.594
[round 76/100] avg private log-likelihood = -5.595
[round 77/100] avg private log-likelihood = -5.600
[round 78/100] avg private log-likelihood = -5.598
[round 79/100] avg private log-likelihood = -5.596
[round 80/100] avg private log-likelihood = -5.591
[round 81/100] avg private log-likelihood = -5.593
[round 82/100] avg private log-likelihood = -5.597
[round 83/100] avg private log-likelihood = -5.596
[round 84/100] avg private log-likelihood = -5.594
[round 85/100] avg private log-likelihood = -5.600
[round 86/100] avg private log-likelihood = -5.594
[round 87/100] avg private log-likelihood = -5.595
[round 88/100] avg private log-likelihood = -5.597
[round 89/100] avg private log-likelihood = -5.596
[round 90/100] avg private log-likelihood = -5.596
[round 91/100] avg private log-likelihood = -5.600
[round 92/100] avg private log-likelihood = -5.600
[round 93/100] avg private log-likelihood = -5.601
[round 94/100] avg private log-likelihood = -5.598
[round 95/100] avg private log-likelihood = -5.599
[round 96/100] avg private log-likelihood = -5.602
[round 97/100] avg private log-likelihood = -5.602
[round 98/100] avg private log-likelihood = -5.600
[round 99/100] avg private log-likelihood = -5.601
[round 100/100] avg private log-likelihood = -5.596
[DONE] Results saved to results/D4_N10_lam1.0_seed6.json
