========================================
Running experiment on GPU
  D       = 2
  N       = 25
  lambda  = 1.0
  seed    = 7
  GPU     = 0
========================================
[round 01/100] avg private log-likelihood = -3.609
[round 02/100] avg private log-likelihood = -3.630
[round 03/100] avg private log-likelihood = -3.643
[round 04/100] avg private log-likelihood = -3.655
[round 05/100] avg private log-likelihood = -3.660
[round 06/100] avg private log-likelihood = -3.659
[round 07/100] avg private log-likelihood = -3.663
[round 08/100] avg private log-likelihood = -3.662
[round 09/100] avg private log-likelihood = -3.661
[round 10/100] avg private log-likelihood = -3.662
[round 11/100] avg private log-likelihood = -3.661
[round 12/100] avg private log-likelihood = -3.662
[round 13/100] avg private log-likelihood = -3.662
[round 14/100] avg private log-likelihood = -3.662
[round 15/100] avg private log-likelihood = -3.664
[round 16/100] avg private log-likelihood = -3.663
[round 17/100] avg private log-likelihood = -3.662
[round 18/100] avg private log-likelihood = -3.660
[round 19/100] avg private log-likelihood = -3.662
[round 20/100] avg private log-likelihood = -3.663
[round 21/100] avg private log-likelihood = -3.662
[round 22/100] avg private log-likelihood = -3.664
[round 23/100] avg private log-likelihood = -3.664
[round 24/100] avg private log-likelihood = -3.662
[round 25/100] avg private log-likelihood = -3.662
[round 26/100] avg private log-likelihood = -3.662
[round 27/100] avg private log-likelihood = -3.664
[round 28/100] avg private log-likelihood = -3.661
[round 29/100] avg private log-likelihood = -3.662
[round 30/100] avg private log-likelihood = -3.660
[round 31/100] avg private log-likelihood = -3.662
[round 32/100] avg private log-likelihood = -3.660
[round 33/100] avg private log-likelihood = -3.663
[round 34/100] avg private log-likelihood = -3.664
[round 35/100] avg private log-likelihood = -3.662
[round 36/100] avg private log-likelihood = -3.661
[round 37/100] avg private log-likelihood = -3.661
[round 38/100] avg private log-likelihood = -3.662
[round 39/100] avg private log-likelihood = -3.665
[round 40/100] avg private log-likelihood = -3.663
[round 41/100] avg private log-likelihood = -3.661
[round 42/100] avg private log-likelihood = -3.664
[round 43/100] avg private log-likelihood = -3.662
[round 44/100] avg private log-likelihood = -3.662
[round 45/100] avg private log-likelihood = -3.662
[round 46/100] avg private log-likelihood = -3.663
[round 47/100] avg private log-likelihood = -3.662
[round 48/100] avg private log-likelihood = -3.660
[round 49/100] avg private log-likelihood = -3.661
[round 50/100] avg private log-likelihood = -3.665
[round 51/100] avg private log-likelihood = -3.662
[round 52/100] avg private log-likelihood = -3.663
[round 53/100] avg private log-likelihood = -3.661
[round 54/100] avg private log-likelihood = -3.660
[round 55/100] avg private log-likelihood = -3.662
[round 56/100] avg private log-likelihood = -3.661
[round 57/100] avg private log-likelihood = -3.661
[round 58/100] avg private log-likelihood = -3.662
[round 59/100] avg private log-likelihood = -3.661
[round 60/100] avg private log-likelihood = -3.663
[round 61/100] avg private log-likelihood = -3.662
[round 62/100] avg private log-likelihood = -3.660
[round 63/100] avg private log-likelihood = -3.661
[round 64/100] avg private log-likelihood = -3.663
[round 65/100] avg private log-likelihood = -3.664
[round 66/100] avg private log-likelihood = -3.664
[round 67/100] avg private log-likelihood = -3.662
[round 68/100] avg private log-likelihood = -3.664
[round 69/100] avg private log-likelihood = -3.662
[round 70/100] avg private log-likelihood = -3.662
[round 71/100] avg private log-likelihood = -3.660
[round 72/100] avg private log-likelihood = -3.662
[round 73/100] avg private log-likelihood = -3.661
[round 74/100] avg private log-likelihood = -3.664
[round 75/100] avg private log-likelihood = -3.661
[round 76/100] avg private log-likelihood = -3.661
[round 77/100] avg private log-likelihood = -3.663
[round 78/100] avg private log-likelihood = -3.662
[round 79/100] avg private log-likelihood = -3.660
[round 80/100] avg private log-likelihood = -3.663
[round 81/100] avg private log-likelihood = -3.664
[round 82/100] avg private log-likelihood = -3.661
[round 83/100] avg private log-likelihood = -3.663
[round 84/100] avg private log-likelihood = -3.661
[round 85/100] avg private log-likelihood = -3.661
[round 86/100] avg private log-likelihood = -3.663
[round 87/100] avg private log-likelihood = -3.659
[round 88/100] avg private log-likelihood = -3.660
[round 89/100] avg private log-likelihood = -3.661
[round 90/100] avg private log-likelihood = -3.663
[round 91/100] avg private log-likelihood = -3.662
[round 92/100] avg private log-likelihood = -3.664
[round 93/100] avg private log-likelihood = -3.663
[round 94/100] avg private log-likelihood = -3.665
[round 95/100] avg private log-likelihood = -3.666
[round 96/100] avg private log-likelihood = -3.663
[round 97/100] avg private log-likelihood = -3.662
[round 98/100] avg private log-likelihood = -3.661
[round 99/100] avg private log-likelihood = -3.661
[round 100/100] avg private log-likelihood = -3.661
[round 01/100] avg private log-likelihood = -3.608
[round 02/100] avg private log-likelihood = -3.627
[round 03/100] avg private log-likelihood = -3.641
[round 04/100] avg private log-likelihood = -3.652
[round 05/100] avg private log-likelihood = -3.658
[round 06/100] avg private log-likelihood = -3.659
[round 07/100] avg private log-likelihood = -3.660
[round 08/100] avg private log-likelihood = -3.661
[round 09/100] avg private log-likelihood = -3.663
[round 10/100] avg private log-likelihood = -3.662
[round 11/100] avg private log-likelihood = -3.661
[round 12/100] avg private log-likelihood = -3.662
[round 13/100] avg private log-likelihood = -3.661
[round 14/100] avg private log-likelihood = -3.662
[round 15/100] avg private log-likelihood = -3.661
[round 16/100] avg private log-likelihood = -3.661
[round 17/100] avg private log-likelihood = -3.663
[round 18/100] avg private log-likelihood = -3.662
[round 19/100] avg private log-likelihood = -3.661
[round 20/100] avg private log-likelihood = -3.661
[round 21/100] avg private log-likelihood = -3.662
[round 22/100] avg private log-likelihood = -3.661
[round 23/100] avg private log-likelihood = -3.661
[round 24/100] avg private log-likelihood = -3.661
[round 25/100] avg private log-likelihood = -3.660
[round 26/100] avg private log-likelihood = -3.661
[round 27/100] avg private log-likelihood = -3.661
[round 28/100] avg private log-likelihood = -3.661
[round 29/100] avg private log-likelihood = -3.660
[round 30/100] avg private log-likelihood = -3.661
[round 31/100] avg private log-likelihood = -3.660
[round 32/100] avg private log-likelihood = -3.662
[round 33/100] avg private log-likelihood = -3.662
[round 34/100] avg private log-likelihood = -3.661
[round 35/100] avg private log-likelihood = -3.660
[round 36/100] avg private log-likelihood = -3.662
[round 37/100] avg private log-likelihood = -3.661
[round 38/100] avg private log-likelihood = -3.661
[round 39/100] avg private log-likelihood = -3.662
[round 40/100] avg private log-likelihood = -3.660
[round 41/100] avg private log-likelihood = -3.661
[round 42/100] avg private log-likelihood = -3.662
[round 43/100] avg private log-likelihood = -3.663
[round 44/100] avg private log-likelihood = -3.663
[round 45/100] avg private log-likelihood = -3.661
[round 46/100] avg private log-likelihood = -3.662
[round 47/100] avg private log-likelihood = -3.661
[round 48/100] avg private log-likelihood = -3.661
[round 49/100] avg private log-likelihood = -3.659
[round 50/100] avg private log-likelihood = -3.661
[round 51/100] avg private log-likelihood = -3.662
[round 52/100] avg private log-likelihood = -3.661
[round 53/100] avg private log-likelihood = -3.661
[round 54/100] avg private log-likelihood = -3.661
[round 55/100] avg private log-likelihood = -3.661
[round 56/100] avg private log-likelihood = -3.661
[round 57/100] avg private log-likelihood = -3.662
[round 58/100] avg private log-likelihood = -3.662
[round 59/100] avg private log-likelihood = -3.662
[round 60/100] avg private log-likelihood = -3.661
[round 61/100] avg private log-likelihood = -3.662
[round 62/100] avg private log-likelihood = -3.663
[round 63/100] avg private log-likelihood = -3.662
[round 64/100] avg private log-likelihood = -3.662
[round 65/100] avg private log-likelihood = -3.663
[round 66/100] avg private log-likelihood = -3.660
[round 67/100] avg private log-likelihood = -3.660
[round 68/100] avg private log-likelihood = -3.660
[round 69/100] avg private log-likelihood = -3.660
[round 70/100] avg private log-likelihood = -3.660
[round 71/100] avg private log-likelihood = -3.661
[round 72/100] avg private log-likelihood = -3.661
[round 73/100] avg private log-likelihood = -3.661
[round 74/100] avg private log-likelihood = -3.660
[round 75/100] avg private log-likelihood = -3.661
[round 76/100] avg private log-likelihood = -3.661
[round 77/100] avg private log-likelihood = -3.661
[round 78/100] avg private log-likelihood = -3.662
[round 79/100] avg private log-likelihood = -3.662
[round 80/100] avg private log-likelihood = -3.662
[round 81/100] avg private log-likelihood = -3.663
[round 82/100] avg private log-likelihood = -3.661
[round 83/100] avg private log-likelihood = -3.661
[round 84/100] avg private log-likelihood = -3.663
[round 85/100] avg private log-likelihood = -3.661
[round 86/100] avg private log-likelihood = -3.661
[round 87/100] avg private log-likelihood = -3.663
[round 88/100] avg private log-likelihood = -3.661
[round 89/100] avg private log-likelihood = -3.662
[round 90/100] avg private log-likelihood = -3.662
[round 91/100] avg private log-likelihood = -3.662
[round 92/100] avg private log-likelihood = -3.661
[round 93/100] avg private log-likelihood = -3.662
[round 94/100] avg private log-likelihood = -3.663
[round 95/100] avg private log-likelihood = -3.662
[round 96/100] avg private log-likelihood = -3.661
[round 97/100] avg private log-likelihood = -3.662
[round 98/100] avg private log-likelihood = -3.662
[round 99/100] avg private log-likelihood = -3.660
[round 100/100] avg private log-likelihood = -3.661
[DONE] Results saved to results/D2_N25_lam1.0_seed7.json
