========================================
Running experiment on GPU
  D       = 16
  N       = 10
  lambda  = 1.0
  seed    = 0
  GPU     = 0
========================================
[round 01/100] avg private log-likelihood = -13.688
[round 02/100] avg private log-likelihood = -14.840
[round 03/100] avg private log-likelihood = -15.573
[round 04/100] avg private log-likelihood = -16.145
[round 05/100] avg private log-likelihood = -16.573
[round 06/100] avg private log-likelihood = -17.114
[round 07/100] avg private log-likelihood = -17.660
[round 08/100] avg private log-likelihood = -18.184
[round 09/100] avg private log-likelihood = -18.704
[round 10/100] avg private log-likelihood = -19.242
[round 11/100] avg private log-likelihood = -19.730
[round 12/100] avg private log-likelihood = -20.182
[round 13/100] avg private log-likelihood = -20.577
[round 14/100] avg private log-likelihood = -20.946
[round 15/100] avg private log-likelihood = -21.257
[round 16/100] avg private log-likelihood = -21.533
[round 17/100] avg private log-likelihood = -21.783
[round 18/100] avg private log-likelihood = -21.967
[round 19/100] avg private log-likelihood = -22.177
[round 20/100] avg private log-likelihood = -22.250
[round 21/100] avg private log-likelihood = -22.324
[round 22/100] avg private log-likelihood = -22.374
[round 23/100] avg private log-likelihood = -22.352
[round 24/100] avg private log-likelihood = -22.378
[round 25/100] avg private log-likelihood = -22.384
[round 26/100] avg private log-likelihood = -22.365
[round 27/100] avg private log-likelihood = -22.362
[round 28/100] avg private log-likelihood = -22.339
[round 29/100] avg private log-likelihood = -22.286
[round 30/100] avg private log-likelihood = -22.235
[round 31/100] avg private log-likelihood = -22.238
[round 32/100] avg private log-likelihood = -22.192
[round 33/100] avg private log-likelihood = -22.139
[round 34/100] avg private log-likelihood = -22.102
[round 35/100] avg private log-likelihood = -22.053
[round 36/100] avg private log-likelihood = -21.963
[round 37/100] avg private log-likelihood = -21.932
[round 38/100] avg private log-likelihood = -21.861
[round 39/100] avg private log-likelihood = -21.827
[round 40/100] avg private log-likelihood = -21.806
[round 41/100] avg private log-likelihood = -21.785
[round 42/100] avg private log-likelihood = -21.733
[round 43/100] avg private log-likelihood = -21.744
[round 44/100] avg private log-likelihood = -21.722
[round 45/100] avg private log-likelihood = -21.718
[round 46/100] avg private log-likelihood = -21.697
[round 47/100] avg private log-likelihood = -21.698
[round 48/100] avg private log-likelihood = -21.681
[round 49/100] avg private log-likelihood = -21.669
[round 50/100] avg private log-likelihood = -21.687
[round 51/100] avg private log-likelihood = -21.678
[round 52/100] avg private log-likelihood = -21.670
[round 53/100] avg private log-likelihood = -21.677
[round 54/100] avg private log-likelihood = -21.692
[round 55/100] avg private log-likelihood = -21.695
[round 56/100] avg private log-likelihood = -21.695
[round 57/100] avg private log-likelihood = -21.682
[round 58/100] avg private log-likelihood = -21.686
[round 59/100] avg private log-likelihood = -21.693
[round 60/100] avg private log-likelihood = -21.705
[round 61/100] avg private log-likelihood = -21.727
[round 62/100] avg private log-likelihood = -21.703
[round 63/100] avg private log-likelihood = -21.705
[round 64/100] avg private log-likelihood = -21.692
[round 65/100] avg private log-likelihood = -21.689
[round 66/100] avg private log-likelihood = -21.702
[round 67/100] avg private log-likelihood = -21.697
[round 68/100] avg private log-likelihood = -21.688
[round 69/100] avg private log-likelihood = -21.695
[round 70/100] avg private log-likelihood = -21.690
[round 71/100] avg private log-likelihood = -21.685
[round 72/100] avg private log-likelihood = -21.708
[round 73/100] avg private log-likelihood = -21.700
[round 74/100] avg private log-likelihood = -21.697
[round 75/100] avg private log-likelihood = -21.724
[round 76/100] avg private log-likelihood = -21.717
[round 77/100] avg private log-likelihood = -21.715
[round 78/100] avg private log-likelihood = -21.701
[round 79/100] avg private log-likelihood = -21.731
[round 80/100] avg private log-likelihood = -21.728
[round 81/100] avg private log-likelihood = -21.671
[round 82/100] avg private log-likelihood = -21.680
[round 83/100] avg private log-likelihood = -21.687
[round 84/100] avg private log-likelihood = -21.684
[round 85/100] avg private log-likelihood = -21.675
[round 86/100] avg private log-likelihood = -21.687
[round 87/100] avg private log-likelihood = -21.657
[round 88/100] avg private log-likelihood = -21.686
[round 89/100] avg private log-likelihood = -21.697
[round 90/100] avg private log-likelihood = -21.684
[round 91/100] avg private log-likelihood = -21.713
[round 92/100] avg private log-likelihood = -21.707
[round 93/100] avg private log-likelihood = -21.686
[round 94/100] avg private log-likelihood = -21.671
[round 95/100] avg private log-likelihood = -21.698
[round 96/100] avg private log-likelihood = -21.705
[round 97/100] avg private log-likelihood = -21.684
[round 98/100] avg private log-likelihood = -21.667
[round 99/100] avg private log-likelihood = -21.679
[round 100/100] avg private log-likelihood = -21.667
[round 01/100] avg private log-likelihood = -13.566
[round 02/100] avg private log-likelihood = -14.700
[round 03/100] avg private log-likelihood = -15.494
[round 04/100] avg private log-likelihood = -16.074
[round 05/100] avg private log-likelihood = -16.517
[round 06/100] avg private log-likelihood = -17.035
[round 07/100] avg private log-likelihood = -17.552
[round 08/100] avg private log-likelihood = -18.105
[round 09/100] avg private log-likelihood = -18.620
[round 10/100] avg private log-likelihood = -19.142
[round 11/100] avg private log-likelihood = -19.638
[round 12/100] avg private log-likelihood = -20.075
[round 13/100] avg private log-likelihood = -20.462
[round 14/100] avg private log-likelihood = -20.852
[round 15/100] avg private log-likelihood = -21.192
[round 16/100] avg private log-likelihood = -21.479
[round 17/100] avg private log-likelihood = -21.719
[round 18/100] avg private log-likelihood = -21.936
[round 19/100] avg private log-likelihood = -22.102
[round 20/100] avg private log-likelihood = -22.226
[round 21/100] avg private log-likelihood = -22.295
[round 22/100] avg private log-likelihood = -22.336
[round 23/100] avg private log-likelihood = -22.347
[round 24/100] avg private log-likelihood = -22.361
[round 25/100] avg private log-likelihood = -22.369
[round 26/100] avg private log-likelihood = -22.349
[round 27/100] avg private log-likelihood = -22.356
[round 28/100] avg private log-likelihood = -22.334
[round 29/100] avg private log-likelihood = -22.294
[round 30/100] avg private log-likelihood = -22.242
[round 31/100] avg private log-likelihood = -22.203
[round 32/100] avg private log-likelihood = -22.144
[round 33/100] avg private log-likelihood = -22.130
[round 34/100] avg private log-likelihood = -22.081
[round 35/100] avg private log-likelihood = -22.047
[round 36/100] avg private log-likelihood = -21.989
[round 37/100] avg private log-likelihood = -21.929
[round 38/100] avg private log-likelihood = -21.867
[round 39/100] avg private log-likelihood = -21.820
[round 40/100] avg private log-likelihood = -21.806
[round 41/100] avg private log-likelihood = -21.769
[round 42/100] avg private log-likelihood = -21.744
[round 43/100] avg private log-likelihood = -21.721
[round 44/100] avg private log-likelihood = -21.707
[round 45/100] avg private log-likelihood = -21.695
[round 46/100] avg private log-likelihood = -21.685
[round 47/100] avg private log-likelihood = -21.699
[round 48/100] avg private log-likelihood = -21.705
[round 49/100] avg private log-likelihood = -21.692
[round 50/100] avg private log-likelihood = -21.699
[round 51/100] avg private log-likelihood = -21.694
[round 52/100] avg private log-likelihood = -21.689
[round 53/100] avg private log-likelihood = -21.686
[round 54/100] avg private log-likelihood = -21.681
[round 55/100] avg private log-likelihood = -21.674
[round 56/100] avg private log-likelihood = -21.667
[round 57/100] avg private log-likelihood = -21.673
[round 58/100] avg private log-likelihood = -21.699
[round 59/100] avg private log-likelihood = -21.706
[round 60/100] avg private log-likelihood = -21.696
[round 61/100] avg private log-likelihood = -21.685
[round 62/100] avg private log-likelihood = -21.695
[round 63/100] avg private log-likelihood = -21.685
[round 64/100] avg private log-likelihood = -21.681
[round 65/100] avg private log-likelihood = -21.688
[round 66/100] avg private log-likelihood = -21.680
[round 67/100] avg private log-likelihood = -21.676
[round 68/100] avg private log-likelihood = -21.665
[round 69/100] avg private log-likelihood = -21.675
[round 70/100] avg private log-likelihood = -21.685
[round 71/100] avg private log-likelihood = -21.690
[round 72/100] avg private log-likelihood = -21.688
[round 73/100] avg private log-likelihood = -21.686
[round 74/100] avg private log-likelihood = -21.670
[round 75/100] avg private log-likelihood = -21.684
[round 76/100] avg private log-likelihood = -21.677
[round 77/100] avg private log-likelihood = -21.688
[round 78/100] avg private log-likelihood = -21.671
[round 79/100] avg private log-likelihood = -21.673
[round 80/100] avg private log-likelihood = -21.676
[round 81/100] avg private log-likelihood = -21.661
[round 82/100] avg private log-likelihood = -21.674
[round 83/100] avg private log-likelihood = -21.680
[round 84/100] avg private log-likelihood = -21.699
[round 85/100] avg private log-likelihood = -21.673
[round 86/100] avg private log-likelihood = -21.679
[round 87/100] avg private log-likelihood = -21.704
[round 88/100] avg private log-likelihood = -21.695
[round 89/100] avg private log-likelihood = -21.683
[round 90/100] avg private log-likelihood = -21.693
[round 91/100] avg private log-likelihood = -21.696
[round 92/100] avg private log-likelihood = -21.695
[round 93/100] avg private log-likelihood = -21.690
[round 94/100] avg private log-likelihood = -21.687
[round 95/100] avg private log-likelihood = -21.676
[round 96/100] avg private log-likelihood = -21.677
[round 97/100] avg private log-likelihood = -21.685
[round 98/100] avg private log-likelihood = -21.674
[round 99/100] avg private log-likelihood = -21.672
[round 100/100] avg private log-likelihood = -21.679
[DONE] Results saved to results/D16_N10_lam1.0_seed0.json
