========================================
Running experiment on GPU
  D       = 8
  N       = 50
  lambda  = 1.0
  seed    = 6
  GPU     = 0
========================================
[round 01/100] avg private log-likelihood = -11.631
[round 02/100] avg private log-likelihood = -11.666
[round 03/100] avg private log-likelihood = -11.685
[round 04/100] avg private log-likelihood = -11.691
[round 05/100] avg private log-likelihood = -11.691
[round 06/100] avg private log-likelihood = -11.693
[round 07/100] avg private log-likelihood = -11.690
[round 08/100] avg private log-likelihood = -11.693
[round 09/100] avg private log-likelihood = -11.693
[round 10/100] avg private log-likelihood = -11.693
[round 11/100] avg private log-likelihood = -11.693
[round 12/100] avg private log-likelihood = -11.693
[round 13/100] avg private log-likelihood = -11.694
[round 14/100] avg private log-likelihood = -11.692
[round 15/100] avg private log-likelihood = -11.691
[round 16/100] avg private log-likelihood = -11.694
[round 17/100] avg private log-likelihood = -11.694
[round 18/100] avg private log-likelihood = -11.692
[round 19/100] avg private log-likelihood = -11.695
[round 20/100] avg private log-likelihood = -11.693
[round 21/100] avg private log-likelihood = -11.694
[round 22/100] avg private log-likelihood = -11.695
[round 23/100] avg private log-likelihood = -11.693
[round 24/100] avg private log-likelihood = -11.690
[round 25/100] avg private log-likelihood = -11.689
[round 26/100] avg private log-likelihood = -11.693
[round 27/100] avg private log-likelihood = -11.694
[round 28/100] avg private log-likelihood = -11.695
[round 29/100] avg private log-likelihood = -11.691
[round 30/100] avg private log-likelihood = -11.694
[round 31/100] avg private log-likelihood = -11.689
[round 32/100] avg private log-likelihood = -11.691
[round 33/100] avg private log-likelihood = -11.692
[round 34/100] avg private log-likelihood = -11.691
[round 35/100] avg private log-likelihood = -11.693
[round 36/100] avg private log-likelihood = -11.696
[round 37/100] avg private log-likelihood = -11.693
[round 38/100] avg private log-likelihood = -11.691
[round 39/100] avg private log-likelihood = -11.691
[round 40/100] avg private log-likelihood = -11.693
[round 41/100] avg private log-likelihood = -11.692
[round 42/100] avg private log-likelihood = -11.692
[round 43/100] avg private log-likelihood = -11.695
[round 44/100] avg private log-likelihood = -11.694
[round 45/100] avg private log-likelihood = -11.694
[round 46/100] avg private log-likelihood = -11.692
[round 47/100] avg private log-likelihood = -11.690
[round 48/100] avg private log-likelihood = -11.690
[round 49/100] avg private log-likelihood = -11.696
[round 50/100] avg private log-likelihood = -11.695
[round 51/100] avg private log-likelihood = -11.697
[round 52/100] avg private log-likelihood = -11.695
[round 53/100] avg private log-likelihood = -11.690
[round 54/100] avg private log-likelihood = -11.691
[round 55/100] avg private log-likelihood = -11.693
[round 56/100] avg private log-likelihood = -11.692
[round 57/100] avg private log-likelihood = -11.694
[round 58/100] avg private log-likelihood = -11.691
[round 59/100] avg private log-likelihood = -11.696
[round 60/100] avg private log-likelihood = -11.696
[round 61/100] avg private log-likelihood = -11.690
[round 62/100] avg private log-likelihood = -11.692
[round 63/100] avg private log-likelihood = -11.692
[round 64/100] avg private log-likelihood = -11.695
[round 65/100] avg private log-likelihood = -11.695
[round 66/100] avg private log-likelihood = -11.693
[round 67/100] avg private log-likelihood = -11.691
[round 68/100] avg private log-likelihood = -11.690
[round 69/100] avg private log-likelihood = -11.690
[round 70/100] avg private log-likelihood = -11.691
[round 71/100] avg private log-likelihood = -11.692
[round 72/100] avg private log-likelihood = -11.693
[round 73/100] avg private log-likelihood = -11.692
[round 74/100] avg private log-likelihood = -11.694
[round 75/100] avg private log-likelihood = -11.688
[round 76/100] avg private log-likelihood = -11.693
[round 77/100] avg private log-likelihood = -11.692
[round 78/100] avg private log-likelihood = -11.692
[round 79/100] avg private log-likelihood = -11.691
[round 80/100] avg private log-likelihood = -11.690
[round 81/100] avg private log-likelihood = -11.692
[round 82/100] avg private log-likelihood = -11.691
[round 83/100] avg private log-likelihood = -11.693
[round 84/100] avg private log-likelihood = -11.692
[round 85/100] avg private log-likelihood = -11.691
[round 86/100] avg private log-likelihood = -11.692
[round 87/100] avg private log-likelihood = -11.691
[round 88/100] avg private log-likelihood = -11.691
[round 89/100] avg private log-likelihood = -11.694
[round 90/100] avg private log-likelihood = -11.694
[round 91/100] avg private log-likelihood = -11.690
[round 92/100] avg private log-likelihood = -11.690
[round 93/100] avg private log-likelihood = -11.695
[round 94/100] avg private log-likelihood = -11.694
[round 95/100] avg private log-likelihood = -11.693
[round 96/100] avg private log-likelihood = -11.693
[round 97/100] avg private log-likelihood = -11.692
[round 98/100] avg private log-likelihood = -11.689
[round 99/100] avg private log-likelihood = -11.694
[round 100/100] avg private log-likelihood = -11.693
[round 01/100] avg private log-likelihood = -11.625
[round 02/100] avg private log-likelihood = -11.659
[round 03/100] avg private log-likelihood = -11.679
[round 04/100] avg private log-likelihood = -11.685
[round 05/100] avg private log-likelihood = -11.688
[round 06/100] avg private log-likelihood = -11.689
[round 07/100] avg private log-likelihood = -11.689
[round 08/100] avg private log-likelihood = -11.689
[round 09/100] avg private log-likelihood = -11.689
[round 10/100] avg private log-likelihood = -11.690
[round 11/100] avg private log-likelihood = -11.689
[round 12/100] avg private log-likelihood = -11.689
[round 13/100] avg private log-likelihood = -11.690
[round 14/100] avg private log-likelihood = -11.689
[round 15/100] avg private log-likelihood = -11.688
[round 16/100] avg private log-likelihood = -11.688
[round 17/100] avg private log-likelihood = -11.687
[round 18/100] avg private log-likelihood = -11.688
[round 19/100] avg private log-likelihood = -11.688
[round 20/100] avg private log-likelihood = -11.689
[round 21/100] avg private log-likelihood = -11.689
[round 22/100] avg private log-likelihood = -11.690
[round 23/100] avg private log-likelihood = -11.689
[round 24/100] avg private log-likelihood = -11.689
[round 25/100] avg private log-likelihood = -11.690
[round 26/100] avg private log-likelihood = -11.690
[round 27/100] avg private log-likelihood = -11.690
[round 28/100] avg private log-likelihood = -11.690
[round 29/100] avg private log-likelihood = -11.689
[round 30/100] avg private log-likelihood = -11.688
[round 31/100] avg private log-likelihood = -11.688
[round 32/100] avg private log-likelihood = -11.688
[round 33/100] avg private log-likelihood = -11.689
[round 34/100] avg private log-likelihood = -11.689
[round 35/100] avg private log-likelihood = -11.689
[round 36/100] avg private log-likelihood = -11.690
[round 37/100] avg private log-likelihood = -11.689
[round 38/100] avg private log-likelihood = -11.688
[round 39/100] avg private log-likelihood = -11.690
[round 40/100] avg private log-likelihood = -11.689
[round 41/100] avg private log-likelihood = -11.690
[round 42/100] avg private log-likelihood = -11.689
[round 43/100] avg private log-likelihood = -11.688
[round 44/100] avg private log-likelihood = -11.689
[round 45/100] avg private log-likelihood = -11.689
[round 46/100] avg private log-likelihood = -11.687
[round 47/100] avg private log-likelihood = -11.688
[round 48/100] avg private log-likelihood = -11.688
[round 49/100] avg private log-likelihood = -11.689
[round 50/100] avg private log-likelihood = -11.688
[round 51/100] avg private log-likelihood = -11.691
[round 52/100] avg private log-likelihood = -11.689
[round 53/100] avg private log-likelihood = -11.689
[round 54/100] avg private log-likelihood = -11.689
[round 55/100] avg private log-likelihood = -11.689
[round 56/100] avg private log-likelihood = -11.689
[round 57/100] avg private log-likelihood = -11.689
[round 58/100] avg private log-likelihood = -11.689
[round 59/100] avg private log-likelihood = -11.688
[round 60/100] avg private log-likelihood = -11.689
[round 61/100] avg private log-likelihood = -11.688
[round 62/100] avg private log-likelihood = -11.689
[round 63/100] avg private log-likelihood = -11.687
[round 64/100] avg private log-likelihood = -11.689
[round 65/100] avg private log-likelihood = -11.690
[round 66/100] avg private log-likelihood = -11.690
[round 67/100] avg private log-likelihood = -11.687
[round 68/100] avg private log-likelihood = -11.687
[round 69/100] avg private log-likelihood = -11.688
[round 70/100] avg private log-likelihood = -11.688
[round 71/100] avg private log-likelihood = -11.688
[round 72/100] avg private log-likelihood = -11.690
[round 73/100] avg private log-likelihood = -11.689
[round 74/100] avg private log-likelihood = -11.690
[round 75/100] avg private log-likelihood = -11.688
[round 76/100] avg private log-likelihood = -11.689
[round 77/100] avg private log-likelihood = -11.689
[round 78/100] avg private log-likelihood = -11.689
[round 79/100] avg private log-likelihood = -11.689
[round 80/100] avg private log-likelihood = -11.690
[round 81/100] avg private log-likelihood = -11.689
[round 82/100] avg private log-likelihood = -11.688
[round 83/100] avg private log-likelihood = -11.689
[round 84/100] avg private log-likelihood = -11.689
[round 85/100] avg private log-likelihood = -11.690
[round 86/100] avg private log-likelihood = -11.689
[round 87/100] avg private log-likelihood = -11.689
[round 88/100] avg private log-likelihood = -11.688
[round 89/100] avg private log-likelihood = -11.688
[round 90/100] avg private log-likelihood = -11.688
[round 91/100] avg private log-likelihood = -11.689
[round 92/100] avg private log-likelihood = -11.690
[round 93/100] avg private log-likelihood = -11.690
[round 94/100] avg private log-likelihood = -11.688
[round 95/100] avg private log-likelihood = -11.689
[round 96/100] avg private log-likelihood = -11.689
[round 97/100] avg private log-likelihood = -11.689
[round 98/100] avg private log-likelihood = -11.689
[round 99/100] avg private log-likelihood = -11.688
[round 100/100] avg private log-likelihood = -11.689
[DONE] Results saved to results/D8_N50_lam1.0_seed6.json
