========================================
Running experiment on GPU
  D       = 8
  N       = 10
  lambda  = 1.0
  seed    = 5
  GPU     = 0
========================================
[round 01/100] avg private log-likelihood = -8.759
[round 02/100] avg private log-likelihood = -9.147
[round 03/100] avg private log-likelihood = -9.399
[round 04/100] avg private log-likelihood = -9.567
[round 05/100] avg private log-likelihood = -9.755
[round 06/100] avg private log-likelihood = -9.928
[round 07/100] avg private log-likelihood = -10.066
[round 08/100] avg private log-likelihood = -10.198
[round 09/100] avg private log-likelihood = -10.340
[round 10/100] avg private log-likelihood = -10.453
[round 11/100] avg private log-likelihood = -10.570
[round 12/100] avg private log-likelihood = -10.656
[round 13/100] avg private log-likelihood = -10.698
[round 14/100] avg private log-likelihood = -10.728
[round 15/100] avg private log-likelihood = -10.724
[round 16/100] avg private log-likelihood = -10.707
[round 17/100] avg private log-likelihood = -10.688
[round 18/100] avg private log-likelihood = -10.667
[round 19/100] avg private log-likelihood = -10.631
[round 20/100] avg private log-likelihood = -10.594
[round 21/100] avg private log-likelihood = -10.567
[round 22/100] avg private log-likelihood = -10.551
[round 23/100] avg private log-likelihood = -10.542
[round 24/100] avg private log-likelihood = -10.532
[round 25/100] avg private log-likelihood = -10.531
[round 26/100] avg private log-likelihood = -10.519
[round 27/100] avg private log-likelihood = -10.514
[round 28/100] avg private log-likelihood = -10.514
[round 29/100] avg private log-likelihood = -10.515
[round 30/100] avg private log-likelihood = -10.525
[round 31/100] avg private log-likelihood = -10.523
[round 32/100] avg private log-likelihood = -10.521
[round 33/100] avg private log-likelihood = -10.525
[round 34/100] avg private log-likelihood = -10.516
[round 35/100] avg private log-likelihood = -10.522
[round 36/100] avg private log-likelihood = -10.526
[round 37/100] avg private log-likelihood = -10.530
[round 38/100] avg private log-likelihood = -10.524
[round 39/100] avg private log-likelihood = -10.528
[round 40/100] avg private log-likelihood = -10.531
[round 41/100] avg private log-likelihood = -10.533
[round 42/100] avg private log-likelihood = -10.528
[round 43/100] avg private log-likelihood = -10.529
[round 44/100] avg private log-likelihood = -10.529
[round 45/100] avg private log-likelihood = -10.535
[round 46/100] avg private log-likelihood = -10.533
[round 47/100] avg private log-likelihood = -10.531
[round 48/100] avg private log-likelihood = -10.527
[round 49/100] avg private log-likelihood = -10.526
[round 50/100] avg private log-likelihood = -10.527
[round 51/100] avg private log-likelihood = -10.534
[round 52/100] avg private log-likelihood = -10.535
[round 53/100] avg private log-likelihood = -10.537
[round 54/100] avg private log-likelihood = -10.527
[round 55/100] avg private log-likelihood = -10.529
[round 56/100] avg private log-likelihood = -10.527
[round 57/100] avg private log-likelihood = -10.528
[round 58/100] avg private log-likelihood = -10.526
[round 59/100] avg private log-likelihood = -10.523
[round 60/100] avg private log-likelihood = -10.521
[round 61/100] avg private log-likelihood = -10.529
[round 62/100] avg private log-likelihood = -10.537
[round 63/100] avg private log-likelihood = -10.541
[round 64/100] avg private log-likelihood = -10.538
[round 65/100] avg private log-likelihood = -10.530
[round 66/100] avg private log-likelihood = -10.535
[round 67/100] avg private log-likelihood = -10.531
[round 68/100] avg private log-likelihood = -10.533
[round 69/100] avg private log-likelihood = -10.530
[round 70/100] avg private log-likelihood = -10.529
[round 71/100] avg private log-likelihood = -10.529
[round 72/100] avg private log-likelihood = -10.530
[round 73/100] avg private log-likelihood = -10.525
[round 74/100] avg private log-likelihood = -10.523
[round 75/100] avg private log-likelihood = -10.528
[round 76/100] avg private log-likelihood = -10.525
[round 77/100] avg private log-likelihood = -10.528
[round 78/100] avg private log-likelihood = -10.530
[round 79/100] avg private log-likelihood = -10.531
[round 80/100] avg private log-likelihood = -10.527
[round 81/100] avg private log-likelihood = -10.525
[round 82/100] avg private log-likelihood = -10.533
[round 83/100] avg private log-likelihood = -10.520
[round 84/100] avg private log-likelihood = -10.524
[round 85/100] avg private log-likelihood = -10.532
[round 86/100] avg private log-likelihood = -10.525
[round 87/100] avg private log-likelihood = -10.530
[round 88/100] avg private log-likelihood = -10.530
[round 89/100] avg private log-likelihood = -10.541
[round 90/100] avg private log-likelihood = -10.533
[round 91/100] avg private log-likelihood = -10.535
[round 92/100] avg private log-likelihood = -10.521
[round 93/100] avg private log-likelihood = -10.521
[round 94/100] avg private log-likelihood = -10.522
[round 95/100] avg private log-likelihood = -10.518
[round 96/100] avg private log-likelihood = -10.519
[round 97/100] avg private log-likelihood = -10.527
[round 98/100] avg private log-likelihood = -10.540
[round 99/100] avg private log-likelihood = -10.534
[round 100/100] avg private log-likelihood = -10.525
[round 01/100] avg private log-likelihood = -8.711
[round 02/100] avg private log-likelihood = -9.084
[round 03/100] avg private log-likelihood = -9.343
[round 04/100] avg private log-likelihood = -9.544
[round 05/100] avg private log-likelihood = -9.725
[round 06/100] avg private log-likelihood = -9.890
[round 07/100] avg private log-likelihood = -10.043
[round 08/100] avg private log-likelihood = -10.182
[round 09/100] avg private log-likelihood = -10.315
[round 10/100] avg private log-likelihood = -10.437
[round 11/100] avg private log-likelihood = -10.544
[round 12/100] avg private log-likelihood = -10.628
[round 13/100] avg private log-likelihood = -10.699
[round 14/100] avg private log-likelihood = -10.738
[round 15/100] avg private log-likelihood = -10.747
[round 16/100] avg private log-likelihood = -10.728
[round 17/100] avg private log-likelihood = -10.703
[round 18/100] avg private log-likelihood = -10.671
[round 19/100] avg private log-likelihood = -10.648
[round 20/100] avg private log-likelihood = -10.613
[round 21/100] avg private log-likelihood = -10.580
[round 22/100] avg private log-likelihood = -10.557
[round 23/100] avg private log-likelihood = -10.539
[round 24/100] avg private log-likelihood = -10.532
[round 25/100] avg private log-likelihood = -10.525
[round 26/100] avg private log-likelihood = -10.521
[round 27/100] avg private log-likelihood = -10.516
[round 28/100] avg private log-likelihood = -10.509
[round 29/100] avg private log-likelihood = -10.510
[round 30/100] avg private log-likelihood = -10.511
[round 31/100] avg private log-likelihood = -10.514
[round 32/100] avg private log-likelihood = -10.515
[round 33/100] avg private log-likelihood = -10.509
[round 34/100] avg private log-likelihood = -10.512
[round 35/100] avg private log-likelihood = -10.515
[round 36/100] avg private log-likelihood = -10.524
[round 37/100] avg private log-likelihood = -10.519
[round 38/100] avg private log-likelihood = -10.523
[round 39/100] avg private log-likelihood = -10.522
[round 40/100] avg private log-likelihood = -10.518
[round 41/100] avg private log-likelihood = -10.514
[round 42/100] avg private log-likelihood = -10.520
[round 43/100] avg private log-likelihood = -10.526
[round 44/100] avg private log-likelihood = -10.521
[round 45/100] avg private log-likelihood = -10.529
[round 46/100] avg private log-likelihood = -10.529
[round 47/100] avg private log-likelihood = -10.522
[round 48/100] avg private log-likelihood = -10.521
[round 49/100] avg private log-likelihood = -10.524
[round 50/100] avg private log-likelihood = -10.521
[round 51/100] avg private log-likelihood = -10.524
[round 52/100] avg private log-likelihood = -10.533
[round 53/100] avg private log-likelihood = -10.531
[round 54/100] avg private log-likelihood = -10.530
[round 55/100] avg private log-likelihood = -10.532
[round 56/100] avg private log-likelihood = -10.530
[round 57/100] avg private log-likelihood = -10.527
[round 58/100] avg private log-likelihood = -10.531
[round 59/100] avg private log-likelihood = -10.529
[round 60/100] avg private log-likelihood = -10.527
[round 61/100] avg private log-likelihood = -10.527
[round 62/100] avg private log-likelihood = -10.527
[round 63/100] avg private log-likelihood = -10.524
[round 64/100] avg private log-likelihood = -10.530
[round 65/100] avg private log-likelihood = -10.529
[round 66/100] avg private log-likelihood = -10.537
[round 67/100] avg private log-likelihood = -10.533
[round 68/100] avg private log-likelihood = -10.525
[round 69/100] avg private log-likelihood = -10.528
[round 70/100] avg private log-likelihood = -10.529
[round 71/100] avg private log-likelihood = -10.526
[round 72/100] avg private log-likelihood = -10.521
[round 73/100] avg private log-likelihood = -10.531
[round 74/100] avg private log-likelihood = -10.526
[round 75/100] avg private log-likelihood = -10.526
[round 76/100] avg private log-likelihood = -10.525
[round 77/100] avg private log-likelihood = -10.529
[round 78/100] avg private log-likelihood = -10.531
[round 79/100] avg private log-likelihood = -10.534
[round 80/100] avg private log-likelihood = -10.539
[round 81/100] avg private log-likelihood = -10.538
[round 82/100] avg private log-likelihood = -10.535
[round 83/100] avg private log-likelihood = -10.531
[round 84/100] avg private log-likelihood = -10.531
[round 85/100] avg private log-likelihood = -10.532
[round 86/100] avg private log-likelihood = -10.528
[round 87/100] avg private log-likelihood = -10.529
[round 88/100] avg private log-likelihood = -10.528
[round 89/100] avg private log-likelihood = -10.528
[round 90/100] avg private log-likelihood = -10.526
[round 91/100] avg private log-likelihood = -10.533
[round 92/100] avg private log-likelihood = -10.535
[round 93/100] avg private log-likelihood = -10.534
[round 94/100] avg private log-likelihood = -10.534
[round 95/100] avg private log-likelihood = -10.528
[round 96/100] avg private log-likelihood = -10.531
[round 97/100] avg private log-likelihood = -10.532
[round 98/100] avg private log-likelihood = -10.533
[round 99/100] avg private log-likelihood = -10.536
[round 100/100] avg private log-likelihood = -10.531
[DONE] Results saved to results/D8_N10_lam1.0_seed5.json
