========================================
Running experiment on GPU
  D       = 2
  N       = 10
  lambda  = 0.5
  seed    = 9
  GPU     = 0
========================================
[round 01/100] avg private log-likelihood = -2.669
[round 02/100] avg private log-likelihood = -2.732
[round 03/100] avg private log-likelihood = -2.792
[round 04/100] avg private log-likelihood = -2.847
[round 05/100] avg private log-likelihood = -2.893
[round 06/100] avg private log-likelihood = -2.933
[round 07/100] avg private log-likelihood = -2.966
[round 08/100] avg private log-likelihood = -2.986
[round 09/100] avg private log-likelihood = -3.001
[round 10/100] avg private log-likelihood = -3.016
[round 11/100] avg private log-likelihood = -3.023
[round 12/100] avg private log-likelihood = -3.029
[round 13/100] avg private log-likelihood = -3.037
[round 14/100] avg private log-likelihood = -3.042
[round 15/100] avg private log-likelihood = -3.042
[round 16/100] avg private log-likelihood = -3.044
[round 17/100] avg private log-likelihood = -3.044
[round 18/100] avg private log-likelihood = -3.040
[round 19/100] avg private log-likelihood = -3.046
[round 20/100] avg private log-likelihood = -3.044
[round 21/100] avg private log-likelihood = -3.043
[round 22/100] avg private log-likelihood = -3.046
[round 23/100] avg private log-likelihood = -3.045
[round 24/100] avg private log-likelihood = -3.046
[round 25/100] avg private log-likelihood = -3.043
[round 26/100] avg private log-likelihood = -3.046
[round 27/100] avg private log-likelihood = -3.042
[round 28/100] avg private log-likelihood = -3.041
[round 29/100] avg private log-likelihood = -3.042
[round 30/100] avg private log-likelihood = -3.043
[round 31/100] avg private log-likelihood = -3.043
[round 32/100] avg private log-likelihood = -3.041
[round 33/100] avg private log-likelihood = -3.042
[round 34/100] avg private log-likelihood = -3.044
[round 35/100] avg private log-likelihood = -3.042
[round 36/100] avg private log-likelihood = -3.044
[round 37/100] avg private log-likelihood = -3.045
[round 38/100] avg private log-likelihood = -3.044
[round 39/100] avg private log-likelihood = -3.048
[round 40/100] avg private log-likelihood = -3.046
[round 41/100] avg private log-likelihood = -3.045
[round 42/100] avg private log-likelihood = -3.042
[round 43/100] avg private log-likelihood = -3.043
[round 44/100] avg private log-likelihood = -3.039
[round 45/100] avg private log-likelihood = -3.041
[round 46/100] avg private log-likelihood = -3.040
[round 47/100] avg private log-likelihood = -3.042
[round 48/100] avg private log-likelihood = -3.043
[round 49/100] avg private log-likelihood = -3.042
[round 50/100] avg private log-likelihood = -3.040
[round 51/100] avg private log-likelihood = -3.041
[round 52/100] avg private log-likelihood = -3.041
[round 53/100] avg private log-likelihood = -3.042
[round 54/100] avg private log-likelihood = -3.042
[round 55/100] avg private log-likelihood = -3.041
[round 56/100] avg private log-likelihood = -3.043
[round 57/100] avg private log-likelihood = -3.044
[round 58/100] avg private log-likelihood = -3.044
[round 59/100] avg private log-likelihood = -3.044
[round 60/100] avg private log-likelihood = -3.042
[round 61/100] avg private log-likelihood = -3.045
[round 62/100] avg private log-likelihood = -3.043
[round 63/100] avg private log-likelihood = -3.041
[round 64/100] avg private log-likelihood = -3.041
[round 65/100] avg private log-likelihood = -3.043
[round 66/100] avg private log-likelihood = -3.041
[round 67/100] avg private log-likelihood = -3.043
[round 68/100] avg private log-likelihood = -3.042
[round 69/100] avg private log-likelihood = -3.042
[round 70/100] avg private log-likelihood = -3.041
[round 71/100] avg private log-likelihood = -3.044
[round 72/100] avg private log-likelihood = -3.041
[round 73/100] avg private log-likelihood = -3.045
[round 74/100] avg private log-likelihood = -3.045
[round 75/100] avg private log-likelihood = -3.044
[round 76/100] avg private log-likelihood = -3.043
[round 77/100] avg private log-likelihood = -3.043
[round 78/100] avg private log-likelihood = -3.043
[round 79/100] avg private log-likelihood = -3.043
[round 80/100] avg private log-likelihood = -3.043
[round 81/100] avg private log-likelihood = -3.046
[round 82/100] avg private log-likelihood = -3.045
[round 83/100] avg private log-likelihood = -3.045
[round 84/100] avg private log-likelihood = -3.044
[round 85/100] avg private log-likelihood = -3.042
[round 86/100] avg private log-likelihood = -3.042
[round 87/100] avg private log-likelihood = -3.044
[round 88/100] avg private log-likelihood = -3.042
[round 89/100] avg private log-likelihood = -3.043
[round 90/100] avg private log-likelihood = -3.042
[round 91/100] avg private log-likelihood = -3.043
[round 92/100] avg private log-likelihood = -3.042
[round 93/100] avg private log-likelihood = -3.043
[round 94/100] avg private log-likelihood = -3.040
[round 95/100] avg private log-likelihood = -3.041
[round 96/100] avg private log-likelihood = -3.040
[round 97/100] avg private log-likelihood = -3.039
[round 98/100] avg private log-likelihood = -3.041
[round 99/100] avg private log-likelihood = -3.040
[round 100/100] avg private log-likelihood = -3.044
[round 01/100] avg private log-likelihood = -2.682
[round 02/100] avg private log-likelihood = -2.739
[round 03/100] avg private log-likelihood = -2.799
[round 04/100] avg private log-likelihood = -2.850
[round 05/100] avg private log-likelihood = -2.891
[round 06/100] avg private log-likelihood = -2.926
[round 07/100] avg private log-likelihood = -2.956
[round 08/100] avg private log-likelihood = -2.976
[round 09/100] avg private log-likelihood = -2.991
[round 10/100] avg private log-likelihood = -2.999
[round 11/100] avg private log-likelihood = -3.004
[round 12/100] avg private log-likelihood = -3.008
[round 13/100] avg private log-likelihood = -3.008
[round 14/100] avg private log-likelihood = -3.006
[round 15/100] avg private log-likelihood = -3.008
[round 16/100] avg private log-likelihood = -3.006
[round 17/100] avg private log-likelihood = -3.006
[round 18/100] avg private log-likelihood = -3.006
[round 19/100] avg private log-likelihood = -3.005
[round 20/100] avg private log-likelihood = -3.005
[round 21/100] avg private log-likelihood = -3.005
[round 22/100] avg private log-likelihood = -3.006
[round 23/100] avg private log-likelihood = -3.005
[round 24/100] avg private log-likelihood = -3.006
[round 25/100] avg private log-likelihood = -3.007
[round 26/100] avg private log-likelihood = -3.007
[round 27/100] avg private log-likelihood = -3.007
[round 28/100] avg private log-likelihood = -3.005
[round 29/100] avg private log-likelihood = -3.008
[round 30/100] avg private log-likelihood = -3.009
[round 31/100] avg private log-likelihood = -3.009
[round 32/100] avg private log-likelihood = -3.010
[round 33/100] avg private log-likelihood = -3.009
[round 34/100] avg private log-likelihood = -3.009
[round 35/100] avg private log-likelihood = -3.011
[round 36/100] avg private log-likelihood = -3.009
[round 37/100] avg private log-likelihood = -3.009
[round 38/100] avg private log-likelihood = -3.008
[round 39/100] avg private log-likelihood = -3.007
[round 40/100] avg private log-likelihood = -3.007
[round 41/100] avg private log-likelihood = -3.011
[round 42/100] avg private log-likelihood = -3.011
[round 43/100] avg private log-likelihood = -3.010
[round 44/100] avg private log-likelihood = -3.012
[round 45/100] avg private log-likelihood = -3.012
[round 46/100] avg private log-likelihood = -3.012
[round 47/100] avg private log-likelihood = -3.011
[round 48/100] avg private log-likelihood = -3.011
[round 49/100] avg private log-likelihood = -3.009
[round 50/100] avg private log-likelihood = -3.011
[round 51/100] avg private log-likelihood = -3.009
[round 52/100] avg private log-likelihood = -3.009
[round 53/100] avg private log-likelihood = -3.012
[round 54/100] avg private log-likelihood = -3.013
[round 55/100] avg private log-likelihood = -3.011
[round 56/100] avg private log-likelihood = -3.010
[round 57/100] avg private log-likelihood = -3.010
[round 58/100] avg private log-likelihood = -3.010
[round 59/100] avg private log-likelihood = -3.008
[round 60/100] avg private log-likelihood = -3.008
[round 61/100] avg private log-likelihood = -3.008
[round 62/100] avg private log-likelihood = -3.009
[round 63/100] avg private log-likelihood = -3.010
[round 64/100] avg private log-likelihood = -3.009
[round 65/100] avg private log-likelihood = -3.009
[round 66/100] avg private log-likelihood = -3.010
[round 67/100] avg private log-likelihood = -3.009
[round 68/100] avg private log-likelihood = -3.010
[round 69/100] avg private log-likelihood = -3.009
[round 70/100] avg private log-likelihood = -3.009
[round 71/100] avg private log-likelihood = -3.011
[round 72/100] avg private log-likelihood = -3.008
[round 73/100] avg private log-likelihood = -3.007
[round 74/100] avg private log-likelihood = -3.007
[round 75/100] avg private log-likelihood = -3.008
[round 76/100] avg private log-likelihood = -3.008
[round 77/100] avg private log-likelihood = -3.009
[round 78/100] avg private log-likelihood = -3.010
[round 79/100] avg private log-likelihood = -3.012
[round 80/100] avg private log-likelihood = -3.012
[round 81/100] avg private log-likelihood = -3.012
[round 82/100] avg private log-likelihood = -3.013
[round 83/100] avg private log-likelihood = -3.011
[round 84/100] avg private log-likelihood = -3.009
[round 85/100] avg private log-likelihood = -3.010
[round 86/100] avg private log-likelihood = -3.010
[round 87/100] avg private log-likelihood = -3.012
[round 88/100] avg private log-likelihood = -3.010
[round 89/100] avg private log-likelihood = -3.011
[round 90/100] avg private log-likelihood = -3.010
[round 91/100] avg private log-likelihood = -3.008
[round 92/100] avg private log-likelihood = -3.011
[round 93/100] avg private log-likelihood = -3.010
[round 94/100] avg private log-likelihood = -3.009
[round 95/100] avg private log-likelihood = -3.010
[round 96/100] avg private log-likelihood = -3.010
[round 97/100] avg private log-likelihood = -3.011
[round 98/100] avg private log-likelihood = -3.010
[round 99/100] avg private log-likelihood = -3.009
[round 100/100] avg private log-likelihood = -3.009
[DONE] Results saved to results/D2_N10_lam0.5_seed9.json
