========================================
Running experiment on GPU
  D       = 8
  N       = 10
  lambda  = 0.5
  seed    = 4
  GPU     = 0
========================================
[round 01/100] avg private log-likelihood = -8.504
[round 02/100] avg private log-likelihood = -8.806
[round 03/100] avg private log-likelihood = -9.056
[round 04/100] avg private log-likelihood = -9.158
[round 05/100] avg private log-likelihood = -9.275
[round 06/100] avg private log-likelihood = -9.343
[round 07/100] avg private log-likelihood = -9.419
[round 08/100] avg private log-likelihood = -9.464
[round 09/100] avg private log-likelihood = -9.521
[round 10/100] avg private log-likelihood = -9.575
[round 11/100] avg private log-likelihood = -9.628
[round 12/100] avg private log-likelihood = -9.674
[round 13/100] avg private log-likelihood = -9.722
[round 14/100] avg private log-likelihood = -9.760
[round 15/100] avg private log-likelihood = -9.803
[round 16/100] avg private log-likelihood = -9.839
[round 17/100] avg private log-likelihood = -9.883
[round 18/100] avg private log-likelihood = -9.929
[round 19/100] avg private log-likelihood = -9.960
[round 20/100] avg private log-likelihood = -9.980
[round 21/100] avg private log-likelihood = -10.001
[round 22/100] avg private log-likelihood = -10.014
[round 23/100] avg private log-likelihood = -10.025
[round 24/100] avg private log-likelihood = -10.032
[round 25/100] avg private log-likelihood = -10.035
[round 26/100] avg private log-likelihood = -10.034
[round 27/100] avg private log-likelihood = -10.035
[round 28/100] avg private log-likelihood = -10.041
[round 29/100] avg private log-likelihood = -10.041
[round 30/100] avg private log-likelihood = -10.037
[round 31/100] avg private log-likelihood = -10.037
[round 32/100] avg private log-likelihood = -10.042
[round 33/100] avg private log-likelihood = -10.044
[round 34/100] avg private log-likelihood = -10.042
[round 35/100] avg private log-likelihood = -10.047
[round 36/100] avg private log-likelihood = -10.042
[round 37/100] avg private log-likelihood = -10.039
[round 38/100] avg private log-likelihood = -10.039
[round 39/100] avg private log-likelihood = -10.048
[round 40/100] avg private log-likelihood = -10.042
[round 41/100] avg private log-likelihood = -10.045
[round 42/100] avg private log-likelihood = -10.047
[round 43/100] avg private log-likelihood = -10.035
[round 44/100] avg private log-likelihood = -10.037
[round 45/100] avg private log-likelihood = -10.040
[round 46/100] avg private log-likelihood = -10.043
[round 47/100] avg private log-likelihood = -10.032
[round 48/100] avg private log-likelihood = -10.038
[round 49/100] avg private log-likelihood = -10.050
[round 50/100] avg private log-likelihood = -10.041
[round 51/100] avg private log-likelihood = -10.040
[round 52/100] avg private log-likelihood = -10.044
[round 53/100] avg private log-likelihood = -10.050
[round 54/100] avg private log-likelihood = -10.046
[round 55/100] avg private log-likelihood = -10.039
[round 56/100] avg private log-likelihood = -10.036
[round 57/100] avg private log-likelihood = -10.038
[round 58/100] avg private log-likelihood = -10.041
[round 59/100] avg private log-likelihood = -10.038
[round 60/100] avg private log-likelihood = -10.043
[round 61/100] avg private log-likelihood = -10.048
[round 62/100] avg private log-likelihood = -10.041
[round 63/100] avg private log-likelihood = -10.043
[round 64/100] avg private log-likelihood = -10.036
[round 65/100] avg private log-likelihood = -10.041
[round 66/100] avg private log-likelihood = -10.050
[round 67/100] avg private log-likelihood = -10.047
[round 68/100] avg private log-likelihood = -10.034
[round 69/100] avg private log-likelihood = -10.030
[round 70/100] avg private log-likelihood = -10.037
[round 71/100] avg private log-likelihood = -10.035
[round 72/100] avg private log-likelihood = -10.037
[round 73/100] avg private log-likelihood = -10.047
[round 74/100] avg private log-likelihood = -10.048
[round 75/100] avg private log-likelihood = -10.051
[round 76/100] avg private log-likelihood = -10.037
[round 77/100] avg private log-likelihood = -10.036
[round 78/100] avg private log-likelihood = -10.031
[round 79/100] avg private log-likelihood = -10.043
[round 80/100] avg private log-likelihood = -10.052
[round 81/100] avg private log-likelihood = -10.042
[round 82/100] avg private log-likelihood = -10.046
[round 83/100] avg private log-likelihood = -10.042
[round 84/100] avg private log-likelihood = -10.037
[round 85/100] avg private log-likelihood = -10.045
[round 86/100] avg private log-likelihood = -10.045
[round 87/100] avg private log-likelihood = -10.051
[round 88/100] avg private log-likelihood = -10.058
[round 89/100] avg private log-likelihood = -10.048
[round 90/100] avg private log-likelihood = -10.048
[round 91/100] avg private log-likelihood = -10.045
[round 92/100] avg private log-likelihood = -10.030
[round 93/100] avg private log-likelihood = -10.039
[round 94/100] avg private log-likelihood = -10.037
[round 95/100] avg private log-likelihood = -10.053
[round 96/100] avg private log-likelihood = -10.051
[round 97/100] avg private log-likelihood = -10.037
[round 98/100] avg private log-likelihood = -10.039
[round 99/100] avg private log-likelihood = -10.039
[round 100/100] avg private log-likelihood = -10.037
[round 01/100] avg private log-likelihood = -8.483
[round 02/100] avg private log-likelihood = -8.784
[round 03/100] avg private log-likelihood = -9.018
[round 04/100] avg private log-likelihood = -9.151
[round 05/100] avg private log-likelihood = -9.256
[round 06/100] avg private log-likelihood = -9.336
[round 07/100] avg private log-likelihood = -9.398
[round 08/100] avg private log-likelihood = -9.456
[round 09/100] avg private log-likelihood = -9.513
[round 10/100] avg private log-likelihood = -9.570
[round 11/100] avg private log-likelihood = -9.619
[round 12/100] avg private log-likelihood = -9.667
[round 13/100] avg private log-likelihood = -9.705
[round 14/100] avg private log-likelihood = -9.747
[round 15/100] avg private log-likelihood = -9.790
[round 16/100] avg private log-likelihood = -9.830
[round 17/100] avg private log-likelihood = -9.874
[round 18/100] avg private log-likelihood = -9.924
[round 19/100] avg private log-likelihood = -9.959
[round 20/100] avg private log-likelihood = -9.984
[round 21/100] avg private log-likelihood = -10.001
[round 22/100] avg private log-likelihood = -10.013
[round 23/100] avg private log-likelihood = -10.018
[round 24/100] avg private log-likelihood = -10.023
[round 25/100] avg private log-likelihood = -10.032
[round 26/100] avg private log-likelihood = -10.038
[round 27/100] avg private log-likelihood = -10.038
[round 28/100] avg private log-likelihood = -10.041
[round 29/100] avg private log-likelihood = -10.055
[round 30/100] avg private log-likelihood = -10.042
[round 31/100] avg private log-likelihood = -10.042
[round 32/100] avg private log-likelihood = -10.041
[round 33/100] avg private log-likelihood = -10.039
[round 34/100] avg private log-likelihood = -10.029
[round 35/100] avg private log-likelihood = -10.031
[round 36/100] avg private log-likelihood = -10.038
[round 37/100] avg private log-likelihood = -10.040
[round 38/100] avg private log-likelihood = -10.040
[round 39/100] avg private log-likelihood = -10.038
[round 40/100] avg private log-likelihood = -10.036
[round 41/100] avg private log-likelihood = -10.033
[round 42/100] avg private log-likelihood = -10.040
[round 43/100] avg private log-likelihood = -10.043
[round 44/100] avg private log-likelihood = -10.041
[round 45/100] avg private log-likelihood = -10.043
[round 46/100] avg private log-likelihood = -10.042
[round 47/100] avg private log-likelihood = -10.048
[round 48/100] avg private log-likelihood = -10.043
[round 49/100] avg private log-likelihood = -10.038
[round 50/100] avg private log-likelihood = -10.039
[round 51/100] avg private log-likelihood = -10.038
[round 52/100] avg private log-likelihood = -10.032
[round 53/100] avg private log-likelihood = -10.030
[round 54/100] avg private log-likelihood = -10.030
[round 55/100] avg private log-likelihood = -10.036
[round 56/100] avg private log-likelihood = -10.033
[round 57/100] avg private log-likelihood = -10.037
[round 58/100] avg private log-likelihood = -10.034
[round 59/100] avg private log-likelihood = -10.032
[round 60/100] avg private log-likelihood = -10.043
[round 61/100] avg private log-likelihood = -10.032
[round 62/100] avg private log-likelihood = -10.035
[round 63/100] avg private log-likelihood = -10.033
[round 64/100] avg private log-likelihood = -10.039
[round 65/100] avg private log-likelihood = -10.034
[round 66/100] avg private log-likelihood = -10.037
[round 67/100] avg private log-likelihood = -10.039
[round 68/100] avg private log-likelihood = -10.028
[round 69/100] avg private log-likelihood = -10.034
[round 70/100] avg private log-likelihood = -10.036
[round 71/100] avg private log-likelihood = -10.043
[round 72/100] avg private log-likelihood = -10.051
[round 73/100] avg private log-likelihood = -10.043
[round 74/100] avg private log-likelihood = -10.037
[round 75/100] avg private log-likelihood = -10.029
[round 76/100] avg private log-likelihood = -10.039
[round 77/100] avg private log-likelihood = -10.042
[round 78/100] avg private log-likelihood = -10.042
[round 79/100] avg private log-likelihood = -10.042
[round 80/100] avg private log-likelihood = -10.033
[round 81/100] avg private log-likelihood = -10.029
[round 82/100] avg private log-likelihood = -10.032
[round 83/100] avg private log-likelihood = -10.038
[round 84/100] avg private log-likelihood = -10.046
[round 85/100] avg private log-likelihood = -10.040
[round 86/100] avg private log-likelihood = -10.051
[round 87/100] avg private log-likelihood = -10.049
[round 88/100] avg private log-likelihood = -10.038
[round 89/100] avg private log-likelihood = -10.035
[round 90/100] avg private log-likelihood = -10.040
[round 91/100] avg private log-likelihood = -10.041
[round 92/100] avg private log-likelihood = -10.048
[round 93/100] avg private log-likelihood = -10.044
[round 94/100] avg private log-likelihood = -10.039
[round 95/100] avg private log-likelihood = -10.030
[round 96/100] avg private log-likelihood = -10.024
[round 97/100] avg private log-likelihood = -10.036
[round 98/100] avg private log-likelihood = -10.034
[round 99/100] avg private log-likelihood = -10.036
[round 100/100] avg private log-likelihood = -10.033
[DONE] Results saved to results/D8_N10_lam0.5_seed4.json
