========================================
Running experiment on GPU
  D       = 2
  N       = 10
  lambda  = 1.0
  seed    = 8
  GPU     = 0
========================================
[round 01/100] avg private log-likelihood = -3.102
[round 02/100] avg private log-likelihood = -3.181
[round 03/100] avg private log-likelihood = -3.255
[round 04/100] avg private log-likelihood = -3.318
[round 05/100] avg private log-likelihood = -3.371
[round 06/100] avg private log-likelihood = -3.411
[round 07/100] avg private log-likelihood = -3.437
[round 08/100] avg private log-likelihood = -3.480
[round 09/100] avg private log-likelihood = -3.521
[round 10/100] avg private log-likelihood = -3.570
[round 11/100] avg private log-likelihood = -3.622
[round 12/100] avg private log-likelihood = -3.669
[round 13/100] avg private log-likelihood = -3.718
[round 14/100] avg private log-likelihood = -3.761
[round 15/100] avg private log-likelihood = -3.794
[round 16/100] avg private log-likelihood = -3.816
[round 17/100] avg private log-likelihood = -3.828
[round 18/100] avg private log-likelihood = -3.843
[round 19/100] avg private log-likelihood = -3.849
[round 20/100] avg private log-likelihood = -3.858
[round 21/100] avg private log-likelihood = -3.853
[round 22/100] avg private log-likelihood = -3.855
[round 23/100] avg private log-likelihood = -3.853
[round 24/100] avg private log-likelihood = -3.851
[round 25/100] avg private log-likelihood = -3.852
[round 26/100] avg private log-likelihood = -3.844
[round 27/100] avg private log-likelihood = -3.841
[round 28/100] avg private log-likelihood = -3.835
[round 29/100] avg private log-likelihood = -3.829
[round 30/100] avg private log-likelihood = -3.830
[round 31/100] avg private log-likelihood = -3.825
[round 32/100] avg private log-likelihood = -3.826
[round 33/100] avg private log-likelihood = -3.825
[round 34/100] avg private log-likelihood = -3.828
[round 35/100] avg private log-likelihood = -3.824
[round 36/100] avg private log-likelihood = -3.826
[round 37/100] avg private log-likelihood = -3.822
[round 38/100] avg private log-likelihood = -3.822
[round 39/100] avg private log-likelihood = -3.821
[round 40/100] avg private log-likelihood = -3.821
[round 41/100] avg private log-likelihood = -3.821
[round 42/100] avg private log-likelihood = -3.813
[round 43/100] avg private log-likelihood = -3.814
[round 44/100] avg private log-likelihood = -3.807
[round 45/100] avg private log-likelihood = -3.803
[round 46/100] avg private log-likelihood = -3.799
[round 47/100] avg private log-likelihood = -3.803
[round 48/100] avg private log-likelihood = -3.801
[round 49/100] avg private log-likelihood = -3.797
[round 50/100] avg private log-likelihood = -3.793
[round 51/100] avg private log-likelihood = -3.789
[round 52/100] avg private log-likelihood = -3.786
[round 53/100] avg private log-likelihood = -3.786
[round 54/100] avg private log-likelihood = -3.782
[round 55/100] avg private log-likelihood = -3.783
[round 56/100] avg private log-likelihood = -3.776
[round 57/100] avg private log-likelihood = -3.775
[round 58/100] avg private log-likelihood = -3.774
[round 59/100] avg private log-likelihood = -3.766
[round 60/100] avg private log-likelihood = -3.763
[round 61/100] avg private log-likelihood = -3.760
[round 62/100] avg private log-likelihood = -3.760
[round 63/100] avg private log-likelihood = -3.758
[round 64/100] avg private log-likelihood = -3.754
[round 65/100] avg private log-likelihood = -3.756
[round 66/100] avg private log-likelihood = -3.754
[round 67/100] avg private log-likelihood = -3.751
[round 68/100] avg private log-likelihood = -3.754
[round 69/100] avg private log-likelihood = -3.753
[round 70/100] avg private log-likelihood = -3.750
[round 71/100] avg private log-likelihood = -3.753
[round 72/100] avg private log-likelihood = -3.751
[round 73/100] avg private log-likelihood = -3.752
[round 74/100] avg private log-likelihood = -3.754
[round 75/100] avg private log-likelihood = -3.760
[round 76/100] avg private log-likelihood = -3.749
[round 77/100] avg private log-likelihood = -3.750
[round 78/100] avg private log-likelihood = -3.748
[round 79/100] avg private log-likelihood = -3.751
[round 80/100] avg private log-likelihood = -3.754
[round 81/100] avg private log-likelihood = -3.753
[round 82/100] avg private log-likelihood = -3.753
[round 83/100] avg private log-likelihood = -3.757
[round 84/100] avg private log-likelihood = -3.758
[round 85/100] avg private log-likelihood = -3.757
[round 86/100] avg private log-likelihood = -3.754
[round 87/100] avg private log-likelihood = -3.747
[round 88/100] avg private log-likelihood = -3.752
[round 89/100] avg private log-likelihood = -3.752
[round 90/100] avg private log-likelihood = -3.751
[round 91/100] avg private log-likelihood = -3.751
[round 92/100] avg private log-likelihood = -3.751
[round 93/100] avg private log-likelihood = -3.757
[round 94/100] avg private log-likelihood = -3.753
[round 95/100] avg private log-likelihood = -3.751
[round 96/100] avg private log-likelihood = -3.754
[round 97/100] avg private log-likelihood = -3.755
[round 98/100] avg private log-likelihood = -3.753
[round 99/100] avg private log-likelihood = -3.754
[round 100/100] avg private log-likelihood = -3.753
[round 01/100] avg private log-likelihood = -3.099
[round 02/100] avg private log-likelihood = -3.174
[round 03/100] avg private log-likelihood = -3.249
[round 04/100] avg private log-likelihood = -3.313
[round 05/100] avg private log-likelihood = -3.359
[round 06/100] avg private log-likelihood = -3.397
[round 07/100] avg private log-likelihood = -3.435
[round 08/100] avg private log-likelihood = -3.477
[round 09/100] avg private log-likelihood = -3.524
[round 10/100] avg private log-likelihood = -3.568
[round 11/100] avg private log-likelihood = -3.613
[round 12/100] avg private log-likelihood = -3.664
[round 13/100] avg private log-likelihood = -3.708
[round 14/100] avg private log-likelihood = -3.752
[round 15/100] avg private log-likelihood = -3.779
[round 16/100] avg private log-likelihood = -3.803
[round 17/100] avg private log-likelihood = -3.827
[round 18/100] avg private log-likelihood = -3.842
[round 19/100] avg private log-likelihood = -3.848
[round 20/100] avg private log-likelihood = -3.854
[round 21/100] avg private log-likelihood = -3.855
[round 22/100] avg private log-likelihood = -3.851
[round 23/100] avg private log-likelihood = -3.856
[round 24/100] avg private log-likelihood = -3.855
[round 25/100] avg private log-likelihood = -3.850
[round 26/100] avg private log-likelihood = -3.853
[round 27/100] avg private log-likelihood = -3.850
[round 28/100] avg private log-likelihood = -3.846
[round 29/100] avg private log-likelihood = -3.843
[round 30/100] avg private log-likelihood = -3.840
[round 31/100] avg private log-likelihood = -3.838
[round 32/100] avg private log-likelihood = -3.835
[round 33/100] avg private log-likelihood = -3.833
[round 34/100] avg private log-likelihood = -3.827
[round 35/100] avg private log-likelihood = -3.832
[round 36/100] avg private log-likelihood = -3.829
[round 37/100] avg private log-likelihood = -3.828
[round 38/100] avg private log-likelihood = -3.822
[round 39/100] avg private log-likelihood = -3.825
[round 40/100] avg private log-likelihood = -3.826
[round 41/100] avg private log-likelihood = -3.822
[round 42/100] avg private log-likelihood = -3.817
[round 43/100] avg private log-likelihood = -3.814
[round 44/100] avg private log-likelihood = -3.815
[round 45/100] avg private log-likelihood = -3.815
[round 46/100] avg private log-likelihood = -3.813
[round 47/100] avg private log-likelihood = -3.810
[round 48/100] avg private log-likelihood = -3.808
[round 49/100] avg private log-likelihood = -3.804
[round 50/100] avg private log-likelihood = -3.801
[round 51/100] avg private log-likelihood = -3.800
[round 52/100] avg private log-likelihood = -3.801
[round 53/100] avg private log-likelihood = -3.799
[round 54/100] avg private log-likelihood = -3.801
[round 55/100] avg private log-likelihood = -3.797
[round 56/100] avg private log-likelihood = -3.795
[round 57/100] avg private log-likelihood = -3.790
[round 58/100] avg private log-likelihood = -3.787
[round 59/100] avg private log-likelihood = -3.781
[round 60/100] avg private log-likelihood = -3.778
[round 61/100] avg private log-likelihood = -3.772
[round 62/100] avg private log-likelihood = -3.770
[round 63/100] avg private log-likelihood = -3.768
[round 64/100] avg private log-likelihood = -3.767
[round 65/100] avg private log-likelihood = -3.764
[round 66/100] avg private log-likelihood = -3.763
[round 67/100] avg private log-likelihood = -3.759
[round 68/100] avg private log-likelihood = -3.755
[round 69/100] avg private log-likelihood = -3.753
[round 70/100] avg private log-likelihood = -3.749
[round 71/100] avg private log-likelihood = -3.751
[round 72/100] avg private log-likelihood = -3.755
[round 73/100] avg private log-likelihood = -3.752
[round 74/100] avg private log-likelihood = -3.752
[round 75/100] avg private log-likelihood = -3.755
[round 76/100] avg private log-likelihood = -3.755
[round 77/100] avg private log-likelihood = -3.752
[round 78/100] avg private log-likelihood = -3.751
[round 79/100] avg private log-likelihood = -3.754
[round 80/100] avg private log-likelihood = -3.754
[round 81/100] avg private log-likelihood = -3.754
[round 82/100] avg private log-likelihood = -3.754
[round 83/100] avg private log-likelihood = -3.754
[round 84/100] avg private log-likelihood = -3.755
[round 85/100] avg private log-likelihood = -3.756
[round 86/100] avg private log-likelihood = -3.755
[round 87/100] avg private log-likelihood = -3.755
[round 88/100] avg private log-likelihood = -3.753
[round 89/100] avg private log-likelihood = -3.754
[round 90/100] avg private log-likelihood = -3.752
[round 91/100] avg private log-likelihood = -3.754
[round 92/100] avg private log-likelihood = -3.755
[round 93/100] avg private log-likelihood = -3.755
[round 94/100] avg private log-likelihood = -3.755
[round 95/100] avg private log-likelihood = -3.754
[round 96/100] avg private log-likelihood = -3.754
[round 97/100] avg private log-likelihood = -3.757
[round 98/100] avg private log-likelihood = -3.757
[round 99/100] avg private log-likelihood = -3.756
[round 100/100] avg private log-likelihood = -3.757
[DONE] Results saved to results/D2_N10_lam1.0_seed8.json
