========================================
Running experiment on GPU
  D       = 2
  N       = 10
  lambda  = 0.5
  seed    = 6
  GPU     = 0
========================================
[round 01/100] avg private log-likelihood = -2.978
[round 02/100] avg private log-likelihood = -3.016
[round 03/100] avg private log-likelihood = -3.056
[round 04/100] avg private log-likelihood = -3.090
[round 05/100] avg private log-likelihood = -3.116
[round 06/100] avg private log-likelihood = -3.137
[round 07/100] avg private log-likelihood = -3.149
[round 08/100] avg private log-likelihood = -3.159
[round 09/100] avg private log-likelihood = -3.164
[round 10/100] avg private log-likelihood = -3.167
[round 11/100] avg private log-likelihood = -3.170
[round 12/100] avg private log-likelihood = -3.171
[round 13/100] avg private log-likelihood = -3.173
[round 14/100] avg private log-likelihood = -3.171
[round 15/100] avg private log-likelihood = -3.170
[round 16/100] avg private log-likelihood = -3.172
[round 17/100] avg private log-likelihood = -3.172
[round 18/100] avg private log-likelihood = -3.171
[round 19/100] avg private log-likelihood = -3.170
[round 20/100] avg private log-likelihood = -3.169
[round 21/100] avg private log-likelihood = -3.169
[round 22/100] avg private log-likelihood = -3.173
[round 23/100] avg private log-likelihood = -3.174
[round 24/100] avg private log-likelihood = -3.174
[round 25/100] avg private log-likelihood = -3.173
[round 26/100] avg private log-likelihood = -3.172
[round 27/100] avg private log-likelihood = -3.172
[round 28/100] avg private log-likelihood = -3.174
[round 29/100] avg private log-likelihood = -3.176
[round 30/100] avg private log-likelihood = -3.175
[round 31/100] avg private log-likelihood = -3.172
[round 32/100] avg private log-likelihood = -3.175
[round 33/100] avg private log-likelihood = -3.175
[round 34/100] avg private log-likelihood = -3.174
[round 35/100] avg private log-likelihood = -3.174
[round 36/100] avg private log-likelihood = -3.176
[round 37/100] avg private log-likelihood = -3.174
[round 38/100] avg private log-likelihood = -3.173
[round 39/100] avg private log-likelihood = -3.174
[round 40/100] avg private log-likelihood = -3.175
[round 41/100] avg private log-likelihood = -3.173
[round 42/100] avg private log-likelihood = -3.177
[round 43/100] avg private log-likelihood = -3.173
[round 44/100] avg private log-likelihood = -3.175
[round 45/100] avg private log-likelihood = -3.177
[round 46/100] avg private log-likelihood = -3.175
[round 47/100] avg private log-likelihood = -3.174
[round 48/100] avg private log-likelihood = -3.174
[round 49/100] avg private log-likelihood = -3.172
[round 50/100] avg private log-likelihood = -3.172
[round 51/100] avg private log-likelihood = -3.175
[round 52/100] avg private log-likelihood = -3.175
[round 53/100] avg private log-likelihood = -3.174
[round 54/100] avg private log-likelihood = -3.175
[round 55/100] avg private log-likelihood = -3.177
[round 56/100] avg private log-likelihood = -3.175
[round 57/100] avg private log-likelihood = -3.175
[round 58/100] avg private log-likelihood = -3.174
[round 59/100] avg private log-likelihood = -3.173
[round 60/100] avg private log-likelihood = -3.173
[round 61/100] avg private log-likelihood = -3.174
[round 62/100] avg private log-likelihood = -3.173
[round 63/100] avg private log-likelihood = -3.173
[round 64/100] avg private log-likelihood = -3.176
[round 65/100] avg private log-likelihood = -3.175
[round 66/100] avg private log-likelihood = -3.174
[round 67/100] avg private log-likelihood = -3.174
[round 68/100] avg private log-likelihood = -3.173
[round 69/100] avg private log-likelihood = -3.171
[round 70/100] avg private log-likelihood = -3.171
[round 71/100] avg private log-likelihood = -3.168
[round 72/100] avg private log-likelihood = -3.170
[round 73/100] avg private log-likelihood = -3.171
[round 74/100] avg private log-likelihood = -3.173
[round 75/100] avg private log-likelihood = -3.173
[round 76/100] avg private log-likelihood = -3.174
[round 77/100] avg private log-likelihood = -3.172
[round 78/100] avg private log-likelihood = -3.173
[round 79/100] avg private log-likelihood = -3.171
[round 80/100] avg private log-likelihood = -3.170
[round 81/100] avg private log-likelihood = -3.169
[round 82/100] avg private log-likelihood = -3.174
[round 83/100] avg private log-likelihood = -3.175
[round 84/100] avg private log-likelihood = -3.175
[round 85/100] avg private log-likelihood = -3.173
[round 86/100] avg private log-likelihood = -3.173
[round 87/100] avg private log-likelihood = -3.174
[round 88/100] avg private log-likelihood = -3.177
[round 89/100] avg private log-likelihood = -3.175
[round 90/100] avg private log-likelihood = -3.176
[round 91/100] avg private log-likelihood = -3.176
[round 92/100] avg private log-likelihood = -3.175
[round 93/100] avg private log-likelihood = -3.172
[round 94/100] avg private log-likelihood = -3.177
[round 95/100] avg private log-likelihood = -3.176
[round 96/100] avg private log-likelihood = -3.175
[round 97/100] avg private log-likelihood = -3.175
[round 98/100] avg private log-likelihood = -3.176
[round 99/100] avg private log-likelihood = -3.176
[round 100/100] avg private log-likelihood = -3.174
[round 01/100] avg private log-likelihood = -2.976
[round 02/100] avg private log-likelihood = -3.016
[round 03/100] avg private log-likelihood = -3.053
[round 04/100] avg private log-likelihood = -3.088
[round 05/100] avg private log-likelihood = -3.115
[round 06/100] avg private log-likelihood = -3.135
[round 07/100] avg private log-likelihood = -3.148
[round 08/100] avg private log-likelihood = -3.158
[round 09/100] avg private log-likelihood = -3.163
[round 10/100] avg private log-likelihood = -3.167
[round 11/100] avg private log-likelihood = -3.168
[round 12/100] avg private log-likelihood = -3.170
[round 13/100] avg private log-likelihood = -3.171
[round 14/100] avg private log-likelihood = -3.171
[round 15/100] avg private log-likelihood = -3.171
[round 16/100] avg private log-likelihood = -3.171
[round 17/100] avg private log-likelihood = -3.172
[round 18/100] avg private log-likelihood = -3.172
[round 19/100] avg private log-likelihood = -3.173
[round 20/100] avg private log-likelihood = -3.175
[round 21/100] avg private log-likelihood = -3.175
[round 22/100] avg private log-likelihood = -3.173
[round 23/100] avg private log-likelihood = -3.173
[round 24/100] avg private log-likelihood = -3.171
[round 25/100] avg private log-likelihood = -3.172
[round 26/100] avg private log-likelihood = -3.171
[round 27/100] avg private log-likelihood = -3.173
[round 28/100] avg private log-likelihood = -3.173
[round 29/100] avg private log-likelihood = -3.173
[round 30/100] avg private log-likelihood = -3.172
[round 31/100] avg private log-likelihood = -3.173
[round 32/100] avg private log-likelihood = -3.173
[round 33/100] avg private log-likelihood = -3.176
[round 34/100] avg private log-likelihood = -3.174
[round 35/100] avg private log-likelihood = -3.173
[round 36/100] avg private log-likelihood = -3.175
[round 37/100] avg private log-likelihood = -3.175
[round 38/100] avg private log-likelihood = -3.174
[round 39/100] avg private log-likelihood = -3.172
[round 40/100] avg private log-likelihood = -3.174
[round 41/100] avg private log-likelihood = -3.174
[round 42/100] avg private log-likelihood = -3.174
[round 43/100] avg private log-likelihood = -3.173
[round 44/100] avg private log-likelihood = -3.173
[round 45/100] avg private log-likelihood = -3.174
[round 46/100] avg private log-likelihood = -3.174
[round 47/100] avg private log-likelihood = -3.173
[round 48/100] avg private log-likelihood = -3.173
[round 49/100] avg private log-likelihood = -3.173
[round 50/100] avg private log-likelihood = -3.173
[round 51/100] avg private log-likelihood = -3.173
[round 52/100] avg private log-likelihood = -3.172
[round 53/100] avg private log-likelihood = -3.173
[round 54/100] avg private log-likelihood = -3.172
[round 55/100] avg private log-likelihood = -3.172
[round 56/100] avg private log-likelihood = -3.173
[round 57/100] avg private log-likelihood = -3.172
[round 58/100] avg private log-likelihood = -3.172
[round 59/100] avg private log-likelihood = -3.172
[round 60/100] avg private log-likelihood = -3.172
[round 61/100] avg private log-likelihood = -3.173
[round 62/100] avg private log-likelihood = -3.174
[round 63/100] avg private log-likelihood = -3.177
[round 64/100] avg private log-likelihood = -3.177
[round 65/100] avg private log-likelihood = -3.177
[round 66/100] avg private log-likelihood = -3.175
[round 67/100] avg private log-likelihood = -3.174
[round 68/100] avg private log-likelihood = -3.176
[round 69/100] avg private log-likelihood = -3.174
[round 70/100] avg private log-likelihood = -3.173
[round 71/100] avg private log-likelihood = -3.173
[round 72/100] avg private log-likelihood = -3.174
[round 73/100] avg private log-likelihood = -3.174
[round 74/100] avg private log-likelihood = -3.173
[round 75/100] avg private log-likelihood = -3.173
[round 76/100] avg private log-likelihood = -3.173
[round 77/100] avg private log-likelihood = -3.172
[round 78/100] avg private log-likelihood = -3.174
[round 79/100] avg private log-likelihood = -3.173
[round 80/100] avg private log-likelihood = -3.175
[round 81/100] avg private log-likelihood = -3.174
[round 82/100] avg private log-likelihood = -3.175
[round 83/100] avg private log-likelihood = -3.173
[round 84/100] avg private log-likelihood = -3.173
[round 85/100] avg private log-likelihood = -3.174
[round 86/100] avg private log-likelihood = -3.173
[round 87/100] avg private log-likelihood = -3.172
[round 88/100] avg private log-likelihood = -3.172
[round 89/100] avg private log-likelihood = -3.172
[round 90/100] avg private log-likelihood = -3.172
[round 91/100] avg private log-likelihood = -3.171
[round 92/100] avg private log-likelihood = -3.171
[round 93/100] avg private log-likelihood = -3.172
[round 94/100] avg private log-likelihood = -3.173
[round 95/100] avg private log-likelihood = -3.175
[round 96/100] avg private log-likelihood = -3.174
[round 97/100] avg private log-likelihood = -3.172
[round 98/100] avg private log-likelihood = -3.174
[round 99/100] avg private log-likelihood = -3.174
[round 100/100] avg private log-likelihood = -3.174
[DONE] Results saved to results/D2_N10_lam0.5_seed6.json
