========================================
Running experiment on GPU
  D       = 4
  N       = 10
  lambda  = 0.5
  seed    = 5
  GPU     = 0
========================================
[round 01/100] avg private log-likelihood = -4.556
[round 02/100] avg private log-likelihood = -4.660
[round 03/100] avg private log-likelihood = -4.762
[round 04/100] avg private log-likelihood = -4.862
[round 05/100] avg private log-likelihood = -4.960
[round 06/100] avg private log-likelihood = -5.054
[round 07/100] avg private log-likelihood = -5.140
[round 08/100] avg private log-likelihood = -5.222
[round 09/100] avg private log-likelihood = -5.299
[round 10/100] avg private log-likelihood = -5.365
[round 11/100] avg private log-likelihood = -5.416
[round 12/100] avg private log-likelihood = -5.455
[round 13/100] avg private log-likelihood = -5.490
[round 14/100] avg private log-likelihood = -5.517
[round 15/100] avg private log-likelihood = -5.537
[round 16/100] avg private log-likelihood = -5.549
[round 17/100] avg private log-likelihood = -5.568
[round 18/100] avg private log-likelihood = -5.584
[round 19/100] avg private log-likelihood = -5.593
[round 20/100] avg private log-likelihood = -5.593
[round 21/100] avg private log-likelihood = -5.593
[round 22/100] avg private log-likelihood = -5.596
[round 23/100] avg private log-likelihood = -5.602
[round 24/100] avg private log-likelihood = -5.602
[round 25/100] avg private log-likelihood = -5.608
[round 26/100] avg private log-likelihood = -5.605
[round 27/100] avg private log-likelihood = -5.604
[round 28/100] avg private log-likelihood = -5.603
[round 29/100] avg private log-likelihood = -5.607
[round 30/100] avg private log-likelihood = -5.609
[round 31/100] avg private log-likelihood = -5.610
[round 32/100] avg private log-likelihood = -5.612
[round 33/100] avg private log-likelihood = -5.612
[round 34/100] avg private log-likelihood = -5.608
[round 35/100] avg private log-likelihood = -5.608
[round 36/100] avg private log-likelihood = -5.607
[round 37/100] avg private log-likelihood = -5.605
[round 38/100] avg private log-likelihood = -5.601
[round 39/100] avg private log-likelihood = -5.605
[round 40/100] avg private log-likelihood = -5.606
[round 41/100] avg private log-likelihood = -5.608
[round 42/100] avg private log-likelihood = -5.605
[round 43/100] avg private log-likelihood = -5.609
[round 44/100] avg private log-likelihood = -5.612
[round 45/100] avg private log-likelihood = -5.611
[round 46/100] avg private log-likelihood = -5.610
[round 47/100] avg private log-likelihood = -5.606
[round 48/100] avg private log-likelihood = -5.601
[round 49/100] avg private log-likelihood = -5.606
[round 50/100] avg private log-likelihood = -5.611
[round 51/100] avg private log-likelihood = -5.607
[round 52/100] avg private log-likelihood = -5.613
[round 53/100] avg private log-likelihood = -5.616
[round 54/100] avg private log-likelihood = -5.613
[round 55/100] avg private log-likelihood = -5.611
[round 56/100] avg private log-likelihood = -5.610
[round 57/100] avg private log-likelihood = -5.604
[round 58/100] avg private log-likelihood = -5.603
[round 59/100] avg private log-likelihood = -5.612
[round 60/100] avg private log-likelihood = -5.612
[round 61/100] avg private log-likelihood = -5.609
[round 62/100] avg private log-likelihood = -5.614
[round 63/100] avg private log-likelihood = -5.613
[round 64/100] avg private log-likelihood = -5.613
[round 65/100] avg private log-likelihood = -5.605
[round 66/100] avg private log-likelihood = -5.607
[round 67/100] avg private log-likelihood = -5.603
[round 68/100] avg private log-likelihood = -5.605
[round 69/100] avg private log-likelihood = -5.601
[round 70/100] avg private log-likelihood = -5.604
[round 71/100] avg private log-likelihood = -5.609
[round 72/100] avg private log-likelihood = -5.608
[round 73/100] avg private log-likelihood = -5.611
[round 74/100] avg private log-likelihood = -5.603
[round 75/100] avg private log-likelihood = -5.607
[round 76/100] avg private log-likelihood = -5.605
[round 77/100] avg private log-likelihood = -5.607
[round 78/100] avg private log-likelihood = -5.610
[round 79/100] avg private log-likelihood = -5.605
[round 80/100] avg private log-likelihood = -5.606
[round 81/100] avg private log-likelihood = -5.605
[round 82/100] avg private log-likelihood = -5.608
[round 83/100] avg private log-likelihood = -5.611
[round 84/100] avg private log-likelihood = -5.614
[round 85/100] avg private log-likelihood = -5.617
[round 86/100] avg private log-likelihood = -5.609
[round 87/100] avg private log-likelihood = -5.610
[round 88/100] avg private log-likelihood = -5.611
[round 89/100] avg private log-likelihood = -5.608
[round 90/100] avg private log-likelihood = -5.603
[round 91/100] avg private log-likelihood = -5.597
[round 92/100] avg private log-likelihood = -5.601
[round 93/100] avg private log-likelihood = -5.599
[round 94/100] avg private log-likelihood = -5.605
[round 95/100] avg private log-likelihood = -5.605
[round 96/100] avg private log-likelihood = -5.603
[round 97/100] avg private log-likelihood = -5.601
[round 98/100] avg private log-likelihood = -5.605
[round 99/100] avg private log-likelihood = -5.606
[round 100/100] avg private log-likelihood = -5.599
[round 01/100] avg private log-likelihood = -4.399
[round 02/100] avg private log-likelihood = -4.502
[round 03/100] avg private log-likelihood = -4.607
[round 04/100] avg private log-likelihood = -4.710
[round 05/100] avg private log-likelihood = -4.813
[round 06/100] avg private log-likelihood = -4.905
[round 07/100] avg private log-likelihood = -4.993
[round 08/100] avg private log-likelihood = -5.079
[round 09/100] avg private log-likelihood = -5.153
[round 10/100] avg private log-likelihood = -5.224
[round 11/100] avg private log-likelihood = -5.288
[round 12/100] avg private log-likelihood = -5.342
[round 13/100] avg private log-likelihood = -5.384
[round 14/100] avg private log-likelihood = -5.416
[round 15/100] avg private log-likelihood = -5.443
[round 16/100] avg private log-likelihood = -5.461
[round 17/100] avg private log-likelihood = -5.481
[round 18/100] avg private log-likelihood = -5.494
[round 19/100] avg private log-likelihood = -5.503
[round 20/100] avg private log-likelihood = -5.505
[round 21/100] avg private log-likelihood = -5.505
[round 22/100] avg private log-likelihood = -5.507
[round 23/100] avg private log-likelihood = -5.514
[round 24/100] avg private log-likelihood = -5.514
[round 25/100] avg private log-likelihood = -5.510
[round 26/100] avg private log-likelihood = -5.512
[round 27/100] avg private log-likelihood = -5.515
[round 28/100] avg private log-likelihood = -5.512
[round 29/100] avg private log-likelihood = -5.517
[round 30/100] avg private log-likelihood = -5.516
[round 31/100] avg private log-likelihood = -5.515
[round 32/100] avg private log-likelihood = -5.517
[round 33/100] avg private log-likelihood = -5.514
[round 34/100] avg private log-likelihood = -5.513
[round 35/100] avg private log-likelihood = -5.518
[round 36/100] avg private log-likelihood = -5.514
[round 37/100] avg private log-likelihood = -5.514
[round 38/100] avg private log-likelihood = -5.513
[round 39/100] avg private log-likelihood = -5.511
[round 40/100] avg private log-likelihood = -5.511
[round 41/100] avg private log-likelihood = -5.509
[round 42/100] avg private log-likelihood = -5.516
[round 43/100] avg private log-likelihood = -5.515
[round 44/100] avg private log-likelihood = -5.515
[round 45/100] avg private log-likelihood = -5.517
[round 46/100] avg private log-likelihood = -5.517
[round 47/100] avg private log-likelihood = -5.515
[round 48/100] avg private log-likelihood = -5.511
[round 49/100] avg private log-likelihood = -5.516
[round 50/100] avg private log-likelihood = -5.523
[round 51/100] avg private log-likelihood = -5.520
[round 52/100] avg private log-likelihood = -5.517
[round 53/100] avg private log-likelihood = -5.522
[round 54/100] avg private log-likelihood = -5.521
[round 55/100] avg private log-likelihood = -5.518
[round 56/100] avg private log-likelihood = -5.517
[round 57/100] avg private log-likelihood = -5.516
[round 58/100] avg private log-likelihood = -5.519
[round 59/100] avg private log-likelihood = -5.514
[round 60/100] avg private log-likelihood = -5.513
[round 61/100] avg private log-likelihood = -5.509
[round 62/100] avg private log-likelihood = -5.512
[round 63/100] avg private log-likelihood = -5.515
[round 64/100] avg private log-likelihood = -5.517
[round 65/100] avg private log-likelihood = -5.513
[round 66/100] avg private log-likelihood = -5.512
[round 67/100] avg private log-likelihood = -5.519
[round 68/100] avg private log-likelihood = -5.515
[round 69/100] avg private log-likelihood = -5.516
[round 70/100] avg private log-likelihood = -5.513
[round 71/100] avg private log-likelihood = -5.516
[round 72/100] avg private log-likelihood = -5.514
[round 73/100] avg private log-likelihood = -5.522
[round 74/100] avg private log-likelihood = -5.516
[round 75/100] avg private log-likelihood = -5.524
[round 76/100] avg private log-likelihood = -5.518
[round 77/100] avg private log-likelihood = -5.513
[round 78/100] avg private log-likelihood = -5.512
[round 79/100] avg private log-likelihood = -5.514
[round 80/100] avg private log-likelihood = -5.517
[round 81/100] avg private log-likelihood = -5.515
[round 82/100] avg private log-likelihood = -5.513
[round 83/100] avg private log-likelihood = -5.515
[round 84/100] avg private log-likelihood = -5.518
[round 85/100] avg private log-likelihood = -5.517
[round 86/100] avg private log-likelihood = -5.516
[round 87/100] avg private log-likelihood = -5.517
[round 88/100] avg private log-likelihood = -5.517
[round 89/100] avg private log-likelihood = -5.518
[round 90/100] avg private log-likelihood = -5.519
[round 91/100] avg private log-likelihood = -5.520
[round 92/100] avg private log-likelihood = -5.520
[round 93/100] avg private log-likelihood = -5.516
[round 94/100] avg private log-likelihood = -5.515
[round 95/100] avg private log-likelihood = -5.513
[round 96/100] avg private log-likelihood = -5.520
[round 97/100] avg private log-likelihood = -5.520
[round 98/100] avg private log-likelihood = -5.518
[round 99/100] avg private log-likelihood = -5.510
[round 100/100] avg private log-likelihood = -5.508
[DONE] Results saved to results/D4_N10_lam0.5_seed5.json
