========================================
Running experiment on GPU
  D       = 4
  N       = 10
  lambda  = 1.0
  seed    = 1
  GPU     = 0
========================================
[round 01/100] avg private log-likelihood = -4.247
[round 02/100] avg private log-likelihood = -4.394
[round 03/100] avg private log-likelihood = -4.537
[round 04/100] avg private log-likelihood = -4.698
[round 05/100] avg private log-likelihood = -4.845
[round 06/100] avg private log-likelihood = -5.005
[round 07/100] avg private log-likelihood = -5.145
[round 08/100] avg private log-likelihood = -5.290
[round 09/100] avg private log-likelihood = -5.432
[round 10/100] avg private log-likelihood = -5.566
[round 11/100] avg private log-likelihood = -5.692
[round 12/100] avg private log-likelihood = -5.787
[round 13/100] avg private log-likelihood = -5.861
[round 14/100] avg private log-likelihood = -5.925
[round 15/100] avg private log-likelihood = -5.968
[round 16/100] avg private log-likelihood = -5.991
[round 17/100] avg private log-likelihood = -5.996
[round 18/100] avg private log-likelihood = -5.992
[round 19/100] avg private log-likelihood = -5.992
[round 20/100] avg private log-likelihood = -5.991
[round 21/100] avg private log-likelihood = -5.986
[round 22/100] avg private log-likelihood = -5.974
[round 23/100] avg private log-likelihood = -5.974
[round 24/100] avg private log-likelihood = -5.983
[round 25/100] avg private log-likelihood = -5.979
[round 26/100] avg private log-likelihood = -5.978
[round 27/100] avg private log-likelihood = -5.973
[round 28/100] avg private log-likelihood = -5.972
[round 29/100] avg private log-likelihood = -5.980
[round 30/100] avg private log-likelihood = -5.974
[round 31/100] avg private log-likelihood = -5.982
[round 32/100] avg private log-likelihood = -5.987
[round 33/100] avg private log-likelihood = -5.983
[round 34/100] avg private log-likelihood = -5.973
[round 35/100] avg private log-likelihood = -5.977
[round 36/100] avg private log-likelihood = -5.975
[round 37/100] avg private log-likelihood = -5.967
[round 38/100] avg private log-likelihood = -5.963
[round 39/100] avg private log-likelihood = -5.964
[round 40/100] avg private log-likelihood = -5.978
[round 41/100] avg private log-likelihood = -5.976
[round 42/100] avg private log-likelihood = -5.982
[round 43/100] avg private log-likelihood = -5.977
[round 44/100] avg private log-likelihood = -5.971
[round 45/100] avg private log-likelihood = -5.974
[round 46/100] avg private log-likelihood = -5.973
[round 47/100] avg private log-likelihood = -5.977
[round 48/100] avg private log-likelihood = -5.984
[round 49/100] avg private log-likelihood = -5.981
[round 50/100] avg private log-likelihood = -5.972
[round 51/100] avg private log-likelihood = -5.975
[round 52/100] avg private log-likelihood = -5.983
[round 53/100] avg private log-likelihood = -5.986
[round 54/100] avg private log-likelihood = -5.978
[round 55/100] avg private log-likelihood = -5.978
[round 56/100] avg private log-likelihood = -5.978
[round 57/100] avg private log-likelihood = -5.971
[round 58/100] avg private log-likelihood = -5.969
[round 59/100] avg private log-likelihood = -5.971
[round 60/100] avg private log-likelihood = -5.976
[round 61/100] avg private log-likelihood = -5.980
[round 62/100] avg private log-likelihood = -5.982
[round 63/100] avg private log-likelihood = -5.961
[round 64/100] avg private log-likelihood = -5.980
[round 65/100] avg private log-likelihood = -5.979
[round 66/100] avg private log-likelihood = -5.972
[round 67/100] avg private log-likelihood = -5.971
[round 68/100] avg private log-likelihood = -5.978
[round 69/100] avg private log-likelihood = -5.980
[round 70/100] avg private log-likelihood = -5.979
[round 71/100] avg private log-likelihood = -5.975
[round 72/100] avg private log-likelihood = -5.971
[round 73/100] avg private log-likelihood = -5.983
[round 74/100] avg private log-likelihood = -5.979
[round 75/100] avg private log-likelihood = -5.968
[round 76/100] avg private log-likelihood = -5.979
[round 77/100] avg private log-likelihood = -5.981
[round 78/100] avg private log-likelihood = -5.979
[round 79/100] avg private log-likelihood = -5.981
[round 80/100] avg private log-likelihood = -5.977
[round 81/100] avg private log-likelihood = -5.980
[round 82/100] avg private log-likelihood = -5.975
[round 83/100] avg private log-likelihood = -5.975
[round 84/100] avg private log-likelihood = -5.980
[round 85/100] avg private log-likelihood = -5.984
[round 86/100] avg private log-likelihood = -5.987
[round 87/100] avg private log-likelihood = -5.979
[round 88/100] avg private log-likelihood = -5.984
[round 89/100] avg private log-likelihood = -5.984
[round 90/100] avg private log-likelihood = -5.982
[round 91/100] avg private log-likelihood = -5.977
[round 92/100] avg private log-likelihood = -5.973
[round 93/100] avg private log-likelihood = -5.978
[round 94/100] avg private log-likelihood = -5.979
[round 95/100] avg private log-likelihood = -5.982
[round 96/100] avg private log-likelihood = -5.988
[round 97/100] avg private log-likelihood = -5.978
[round 98/100] avg private log-likelihood = -5.977
[round 99/100] avg private log-likelihood = -5.978
[round 100/100] avg private log-likelihood = -5.981
[round 01/100] avg private log-likelihood = -4.234
[round 02/100] avg private log-likelihood = -4.374
[round 03/100] avg private log-likelihood = -4.525
[round 04/100] avg private log-likelihood = -4.676
[round 05/100] avg private log-likelihood = -4.827
[round 06/100] avg private log-likelihood = -4.982
[round 07/100] avg private log-likelihood = -5.130
[round 08/100] avg private log-likelihood = -5.274
[round 09/100] avg private log-likelihood = -5.415
[round 10/100] avg private log-likelihood = -5.547
[round 11/100] avg private log-likelihood = -5.657
[round 12/100] avg private log-likelihood = -5.749
[round 13/100] avg private log-likelihood = -5.830
[round 14/100] avg private log-likelihood = -5.891
[round 15/100] avg private log-likelihood = -5.938
[round 16/100] avg private log-likelihood = -5.973
[round 17/100] avg private log-likelihood = -5.983
[round 18/100] avg private log-likelihood = -5.984
[round 19/100] avg private log-likelihood = -5.986
[round 20/100] avg private log-likelihood = -5.977
[round 21/100] avg private log-likelihood = -5.975
[round 22/100] avg private log-likelihood = -5.980
[round 23/100] avg private log-likelihood = -5.971
[round 24/100] avg private log-likelihood = -5.973
[round 25/100] avg private log-likelihood = -5.977
[round 26/100] avg private log-likelihood = -5.980
[round 27/100] avg private log-likelihood = -5.970
[round 28/100] avg private log-likelihood = -5.974
[round 29/100] avg private log-likelihood = -5.969
[round 30/100] avg private log-likelihood = -5.961
[round 31/100] avg private log-likelihood = -5.967
[round 32/100] avg private log-likelihood = -5.970
[round 33/100] avg private log-likelihood = -5.967
[round 34/100] avg private log-likelihood = -5.973
[round 35/100] avg private log-likelihood = -5.980
[round 36/100] avg private log-likelihood = -5.980
[round 37/100] avg private log-likelihood = -5.977
[round 38/100] avg private log-likelihood = -5.971
[round 39/100] avg private log-likelihood = -5.966
[round 40/100] avg private log-likelihood = -5.969
[round 41/100] avg private log-likelihood = -5.974
[round 42/100] avg private log-likelihood = -5.966
[round 43/100] avg private log-likelihood = -5.970
[round 44/100] avg private log-likelihood = -5.976
[round 45/100] avg private log-likelihood = -5.971
[round 46/100] avg private log-likelihood = -5.971
[round 47/100] avg private log-likelihood = -5.971
[round 48/100] avg private log-likelihood = -5.970
[round 49/100] avg private log-likelihood = -5.971
[round 50/100] avg private log-likelihood = -5.974
[round 51/100] avg private log-likelihood = -5.978
[round 52/100] avg private log-likelihood = -5.974
[round 53/100] avg private log-likelihood = -5.980
[round 54/100] avg private log-likelihood = -5.976
[round 55/100] avg private log-likelihood = -5.968
[round 56/100] avg private log-likelihood = -5.971
[round 57/100] avg private log-likelihood = -5.965
[round 58/100] avg private log-likelihood = -5.965
[round 59/100] avg private log-likelihood = -5.962
[round 60/100] avg private log-likelihood = -5.968
[round 61/100] avg private log-likelihood = -5.967
[round 62/100] avg private log-likelihood = -5.970
[round 63/100] avg private log-likelihood = -5.973
[round 64/100] avg private log-likelihood = -5.969
[round 65/100] avg private log-likelihood = -5.969
[round 66/100] avg private log-likelihood = -5.969
[round 67/100] avg private log-likelihood = -5.976
[round 68/100] avg private log-likelihood = -5.973
[round 69/100] avg private log-likelihood = -5.978
[round 70/100] avg private log-likelihood = -5.978
[round 71/100] avg private log-likelihood = -5.972
[round 72/100] avg private log-likelihood = -5.970
[round 73/100] avg private log-likelihood = -5.974
[round 74/100] avg private log-likelihood = -5.981
[round 75/100] avg private log-likelihood = -5.972
[round 76/100] avg private log-likelihood = -5.969
[round 77/100] avg private log-likelihood = -5.967
[round 78/100] avg private log-likelihood = -5.978
[round 79/100] avg private log-likelihood = -5.982
[round 80/100] avg private log-likelihood = -5.973
[round 81/100] avg private log-likelihood = -5.975
[round 82/100] avg private log-likelihood = -5.978
[round 83/100] avg private log-likelihood = -5.976
[round 84/100] avg private log-likelihood = -5.978
[round 85/100] avg private log-likelihood = -5.973
[round 86/100] avg private log-likelihood = -5.975
[round 87/100] avg private log-likelihood = -5.976
[round 88/100] avg private log-likelihood = -5.974
[round 89/100] avg private log-likelihood = -5.971
[round 90/100] avg private log-likelihood = -5.972
[round 91/100] avg private log-likelihood = -5.968
[round 92/100] avg private log-likelihood = -5.968
[round 93/100] avg private log-likelihood = -5.971
[round 94/100] avg private log-likelihood = -5.975
[round 95/100] avg private log-likelihood = -5.972
[round 96/100] avg private log-likelihood = -5.978
[round 97/100] avg private log-likelihood = -5.976
[round 98/100] avg private log-likelihood = -5.972
[round 99/100] avg private log-likelihood = -5.977
[round 100/100] avg private log-likelihood = -5.974
[DONE] Results saved to results/D4_N10_lam1.0_seed1.json
