========================================
Running experiment on GPU
  D       = 8
  N       = 25
  lambda  = 1.0
  seed    = 9
  GPU     = 0
========================================
[round 01/100] avg private log-likelihood = -11.430
[round 02/100] avg private log-likelihood = -11.578
[round 03/100] avg private log-likelihood = -11.697
[round 04/100] avg private log-likelihood = -11.764
[round 05/100] avg private log-likelihood = -11.800
[round 06/100] avg private log-likelihood = -11.830
[round 07/100] avg private log-likelihood = -11.870
[round 08/100] avg private log-likelihood = -11.904
[round 09/100] avg private log-likelihood = -11.944
[round 10/100] avg private log-likelihood = -11.974
[round 11/100] avg private log-likelihood = -12.009
[round 12/100] avg private log-likelihood = -12.025
[round 13/100] avg private log-likelihood = -12.046
[round 14/100] avg private log-likelihood = -12.035
[round 15/100] avg private log-likelihood = -11.998
[round 16/100] avg private log-likelihood = -11.938
[round 17/100] avg private log-likelihood = -11.889
[round 18/100] avg private log-likelihood = -11.848
[round 19/100] avg private log-likelihood = -11.809
[round 20/100] avg private log-likelihood = -11.779
[round 21/100] avg private log-likelihood = -11.757
[round 22/100] avg private log-likelihood = -11.734
[round 23/100] avg private log-likelihood = -11.724
[round 24/100] avg private log-likelihood = -11.711
[round 25/100] avg private log-likelihood = -11.705
[round 26/100] avg private log-likelihood = -11.701
[round 27/100] avg private log-likelihood = -11.709
[round 28/100] avg private log-likelihood = -11.702
[round 29/100] avg private log-likelihood = -11.697
[round 30/100] avg private log-likelihood = -11.699
[round 31/100] avg private log-likelihood = -11.701
[round 32/100] avg private log-likelihood = -11.699
[round 33/100] avg private log-likelihood = -11.700
[round 34/100] avg private log-likelihood = -11.696
[round 35/100] avg private log-likelihood = -11.700
[round 36/100] avg private log-likelihood = -11.701
[round 37/100] avg private log-likelihood = -11.703
[round 38/100] avg private log-likelihood = -11.700
[round 39/100] avg private log-likelihood = -11.701
[round 40/100] avg private log-likelihood = -11.704
[round 41/100] avg private log-likelihood = -11.704
[round 42/100] avg private log-likelihood = -11.701
[round 43/100] avg private log-likelihood = -11.695
[round 44/100] avg private log-likelihood = -11.699
[round 45/100] avg private log-likelihood = -11.700
[round 46/100] avg private log-likelihood = -11.700
[round 47/100] avg private log-likelihood = -11.698
[round 48/100] avg private log-likelihood = -11.699
[round 49/100] avg private log-likelihood = -11.701
[round 50/100] avg private log-likelihood = -11.699
[round 51/100] avg private log-likelihood = -11.696
[round 52/100] avg private log-likelihood = -11.702
[round 53/100] avg private log-likelihood = -11.705
[round 54/100] avg private log-likelihood = -11.699
[round 55/100] avg private log-likelihood = -11.701
[round 56/100] avg private log-likelihood = -11.700
[round 57/100] avg private log-likelihood = -11.702
[round 58/100] avg private log-likelihood = -11.702
[round 59/100] avg private log-likelihood = -11.699
[round 60/100] avg private log-likelihood = -11.705
[round 61/100] avg private log-likelihood = -11.701
[round 62/100] avg private log-likelihood = -11.702
[round 63/100] avg private log-likelihood = -11.700
[round 64/100] avg private log-likelihood = -11.696
[round 65/100] avg private log-likelihood = -11.699
[round 66/100] avg private log-likelihood = -11.697
[round 67/100] avg private log-likelihood = -11.701
[round 68/100] avg private log-likelihood = -11.699
[round 69/100] avg private log-likelihood = -11.702
[round 70/100] avg private log-likelihood = -11.699
[round 71/100] avg private log-likelihood = -11.699
[round 72/100] avg private log-likelihood = -11.703
[round 73/100] avg private log-likelihood = -11.707
[round 74/100] avg private log-likelihood = -11.703
[round 75/100] avg private log-likelihood = -11.703
[round 76/100] avg private log-likelihood = -11.701
[round 77/100] avg private log-likelihood = -11.703
[round 78/100] avg private log-likelihood = -11.703
[round 79/100] avg private log-likelihood = -11.704
[round 80/100] avg private log-likelihood = -11.701
[round 81/100] avg private log-likelihood = -11.698
[round 82/100] avg private log-likelihood = -11.702
[round 83/100] avg private log-likelihood = -11.705
[round 84/100] avg private log-likelihood = -11.697
[round 85/100] avg private log-likelihood = -11.704
[round 86/100] avg private log-likelihood = -11.700
[round 87/100] avg private log-likelihood = -11.700
[round 88/100] avg private log-likelihood = -11.704
[round 89/100] avg private log-likelihood = -11.702
[round 90/100] avg private log-likelihood = -11.700
[round 91/100] avg private log-likelihood = -11.701
[round 92/100] avg private log-likelihood = -11.705
[round 93/100] avg private log-likelihood = -11.704
[round 94/100] avg private log-likelihood = -11.704
[round 95/100] avg private log-likelihood = -11.700
[round 96/100] avg private log-likelihood = -11.696
[round 97/100] avg private log-likelihood = -11.700
[round 98/100] avg private log-likelihood = -11.703
[round 99/100] avg private log-likelihood = -11.702
[round 100/100] avg private log-likelihood = -11.701
[round 01/100] avg private log-likelihood = -11.423
[round 02/100] avg private log-likelihood = -11.561
[round 03/100] avg private log-likelihood = -11.667
[round 04/100] avg private log-likelihood = -11.735
[round 05/100] avg private log-likelihood = -11.786
[round 06/100] avg private log-likelihood = -11.824
[round 07/100] avg private log-likelihood = -11.861
[round 08/100] avg private log-likelihood = -11.905
[round 09/100] avg private log-likelihood = -11.930
[round 10/100] avg private log-likelihood = -11.967
[round 11/100] avg private log-likelihood = -11.993
[round 12/100] avg private log-likelihood = -12.013
[round 13/100] avg private log-likelihood = -12.025
[round 14/100] avg private log-likelihood = -12.020
[round 15/100] avg private log-likelihood = -11.991
[round 16/100] avg private log-likelihood = -11.943
[round 17/100] avg private log-likelihood = -11.895
[round 18/100] avg private log-likelihood = -11.848
[round 19/100] avg private log-likelihood = -11.809
[round 20/100] avg private log-likelihood = -11.779
[round 21/100] avg private log-likelihood = -11.755
[round 22/100] avg private log-likelihood = -11.737
[round 23/100] avg private log-likelihood = -11.725
[round 24/100] avg private log-likelihood = -11.713
[round 25/100] avg private log-likelihood = -11.706
[round 26/100] avg private log-likelihood = -11.703
[round 27/100] avg private log-likelihood = -11.702
[round 28/100] avg private log-likelihood = -11.702
[round 29/100] avg private log-likelihood = -11.698
[round 30/100] avg private log-likelihood = -11.697
[round 31/100] avg private log-likelihood = -11.699
[round 32/100] avg private log-likelihood = -11.700
[round 33/100] avg private log-likelihood = -11.700
[round 34/100] avg private log-likelihood = -11.698
[round 35/100] avg private log-likelihood = -11.698
[round 36/100] avg private log-likelihood = -11.697
[round 37/100] avg private log-likelihood = -11.698
[round 38/100] avg private log-likelihood = -11.699
[round 39/100] avg private log-likelihood = -11.700
[round 40/100] avg private log-likelihood = -11.697
[round 41/100] avg private log-likelihood = -11.700
[round 42/100] avg private log-likelihood = -11.700
[round 43/100] avg private log-likelihood = -11.700
[round 44/100] avg private log-likelihood = -11.699
[round 45/100] avg private log-likelihood = -11.700
[round 46/100] avg private log-likelihood = -11.702
[round 47/100] avg private log-likelihood = -11.699
[round 48/100] avg private log-likelihood = -11.700
[round 49/100] avg private log-likelihood = -11.702
[round 50/100] avg private log-likelihood = -11.701
[round 51/100] avg private log-likelihood = -11.697
[round 52/100] avg private log-likelihood = -11.701
[round 53/100] avg private log-likelihood = -11.701
[round 54/100] avg private log-likelihood = -11.701
[round 55/100] avg private log-likelihood = -11.702
[round 56/100] avg private log-likelihood = -11.701
[round 57/100] avg private log-likelihood = -11.700
[round 58/100] avg private log-likelihood = -11.697
[round 59/100] avg private log-likelihood = -11.700
[round 60/100] avg private log-likelihood = -11.701
[round 61/100] avg private log-likelihood = -11.699
[round 62/100] avg private log-likelihood = -11.700
[round 63/100] avg private log-likelihood = -11.701
[round 64/100] avg private log-likelihood = -11.699
[round 65/100] avg private log-likelihood = -11.701
[round 66/100] avg private log-likelihood = -11.701
[round 67/100] avg private log-likelihood = -11.702
[round 68/100] avg private log-likelihood = -11.699
[round 69/100] avg private log-likelihood = -11.700
[round 70/100] avg private log-likelihood = -11.699
[round 71/100] avg private log-likelihood = -11.699
[round 72/100] avg private log-likelihood = -11.698
[round 73/100] avg private log-likelihood = -11.700
[round 74/100] avg private log-likelihood = -11.697
[round 75/100] avg private log-likelihood = -11.697
[round 76/100] avg private log-likelihood = -11.697
[round 77/100] avg private log-likelihood = -11.700
[round 78/100] avg private log-likelihood = -11.698
[round 79/100] avg private log-likelihood = -11.698
[round 80/100] avg private log-likelihood = -11.698
[round 81/100] avg private log-likelihood = -11.699
[round 82/100] avg private log-likelihood = -11.698
[round 83/100] avg private log-likelihood = -11.700
[round 84/100] avg private log-likelihood = -11.700
[round 85/100] avg private log-likelihood = -11.696
[round 86/100] avg private log-likelihood = -11.698
[round 87/100] avg private log-likelihood = -11.697
[round 88/100] avg private log-likelihood = -11.697
[round 89/100] avg private log-likelihood = -11.699
[round 90/100] avg private log-likelihood = -11.699
[round 91/100] avg private log-likelihood = -11.696
[round 92/100] avg private log-likelihood = -11.700
[round 93/100] avg private log-likelihood = -11.697
[round 94/100] avg private log-likelihood = -11.695
[round 95/100] avg private log-likelihood = -11.695
[round 96/100] avg private log-likelihood = -11.700
[round 97/100] avg private log-likelihood = -11.700
[round 98/100] avg private log-likelihood = -11.698
[round 99/100] avg private log-likelihood = -11.698
[round 100/100] avg private log-likelihood = -11.699
[DONE] Results saved to results/D8_N25_lam1.0_seed9.json
