========================================
Running experiment on GPU
  D       = 2
  N       = 10
  lambda  = 0.5
  seed    = 7
  GPU     = 0
========================================
[round 01/100] avg private log-likelihood = -3.054
[round 02/100] avg private log-likelihood = -3.089
[round 03/100] avg private log-likelihood = -3.123
[round 04/100] avg private log-likelihood = -3.154
[round 05/100] avg private log-likelihood = -3.182
[round 06/100] avg private log-likelihood = -3.209
[round 07/100] avg private log-likelihood = -3.231
[round 08/100] avg private log-likelihood = -3.251
[round 09/100] avg private log-likelihood = -3.267
[round 10/100] avg private log-likelihood = -3.281
[round 11/100] avg private log-likelihood = -3.291
[round 12/100] avg private log-likelihood = -3.299
[round 13/100] avg private log-likelihood = -3.304
[round 14/100] avg private log-likelihood = -3.306
[round 15/100] avg private log-likelihood = -3.310
[round 16/100] avg private log-likelihood = -3.314
[round 17/100] avg private log-likelihood = -3.317
[round 18/100] avg private log-likelihood = -3.319
[round 19/100] avg private log-likelihood = -3.318
[round 20/100] avg private log-likelihood = -3.317
[round 21/100] avg private log-likelihood = -3.317
[round 22/100] avg private log-likelihood = -3.318
[round 23/100] avg private log-likelihood = -3.320
[round 24/100] avg private log-likelihood = -3.319
[round 25/100] avg private log-likelihood = -3.318
[round 26/100] avg private log-likelihood = -3.319
[round 27/100] avg private log-likelihood = -3.318
[round 28/100] avg private log-likelihood = -3.318
[round 29/100] avg private log-likelihood = -3.319
[round 30/100] avg private log-likelihood = -3.319
[round 31/100] avg private log-likelihood = -3.321
[round 32/100] avg private log-likelihood = -3.318
[round 33/100] avg private log-likelihood = -3.320
[round 34/100] avg private log-likelihood = -3.319
[round 35/100] avg private log-likelihood = -3.319
[round 36/100] avg private log-likelihood = -3.321
[round 37/100] avg private log-likelihood = -3.320
[round 38/100] avg private log-likelihood = -3.322
[round 39/100] avg private log-likelihood = -3.322
[round 40/100] avg private log-likelihood = -3.317
[round 41/100] avg private log-likelihood = -3.319
[round 42/100] avg private log-likelihood = -3.319
[round 43/100] avg private log-likelihood = -3.320
[round 44/100] avg private log-likelihood = -3.320
[round 45/100] avg private log-likelihood = -3.322
[round 46/100] avg private log-likelihood = -3.321
[round 47/100] avg private log-likelihood = -3.321
[round 48/100] avg private log-likelihood = -3.322
[round 49/100] avg private log-likelihood = -3.320
[round 50/100] avg private log-likelihood = -3.321
[round 51/100] avg private log-likelihood = -3.320
[round 52/100] avg private log-likelihood = -3.321
[round 53/100] avg private log-likelihood = -3.320
[round 54/100] avg private log-likelihood = -3.318
[round 55/100] avg private log-likelihood = -3.323
[round 56/100] avg private log-likelihood = -3.321
[round 57/100] avg private log-likelihood = -3.322
[round 58/100] avg private log-likelihood = -3.319
[round 59/100] avg private log-likelihood = -3.318
[round 60/100] avg private log-likelihood = -3.319
[round 61/100] avg private log-likelihood = -3.322
[round 62/100] avg private log-likelihood = -3.319
[round 63/100] avg private log-likelihood = -3.320
[round 64/100] avg private log-likelihood = -3.320
[round 65/100] avg private log-likelihood = -3.319
[round 66/100] avg private log-likelihood = -3.319
[round 67/100] avg private log-likelihood = -3.318
[round 68/100] avg private log-likelihood = -3.320
[round 69/100] avg private log-likelihood = -3.321
[round 70/100] avg private log-likelihood = -3.321
[round 71/100] avg private log-likelihood = -3.319
[round 72/100] avg private log-likelihood = -3.320
[round 73/100] avg private log-likelihood = -3.321
[round 74/100] avg private log-likelihood = -3.318
[round 75/100] avg private log-likelihood = -3.321
[round 76/100] avg private log-likelihood = -3.319
[round 77/100] avg private log-likelihood = -3.321
[round 78/100] avg private log-likelihood = -3.320
[round 79/100] avg private log-likelihood = -3.321
[round 80/100] avg private log-likelihood = -3.320
[round 81/100] avg private log-likelihood = -3.319
[round 82/100] avg private log-likelihood = -3.318
[round 83/100] avg private log-likelihood = -3.318
[round 84/100] avg private log-likelihood = -3.318
[round 85/100] avg private log-likelihood = -3.319
[round 86/100] avg private log-likelihood = -3.322
[round 87/100] avg private log-likelihood = -3.320
[round 88/100] avg private log-likelihood = -3.321
[round 89/100] avg private log-likelihood = -3.321
[round 90/100] avg private log-likelihood = -3.320
[round 91/100] avg private log-likelihood = -3.322
[round 92/100] avg private log-likelihood = -3.319
[round 93/100] avg private log-likelihood = -3.320
[round 94/100] avg private log-likelihood = -3.321
[round 95/100] avg private log-likelihood = -3.319
[round 96/100] avg private log-likelihood = -3.319
[round 97/100] avg private log-likelihood = -3.320
[round 98/100] avg private log-likelihood = -3.318
[round 99/100] avg private log-likelihood = -3.321
[round 100/100] avg private log-likelihood = -3.320
[round 01/100] avg private log-likelihood = -3.052
[round 02/100] avg private log-likelihood = -3.087
[round 03/100] avg private log-likelihood = -3.121
[round 04/100] avg private log-likelihood = -3.151
[round 05/100] avg private log-likelihood = -3.181
[round 06/100] avg private log-likelihood = -3.206
[round 07/100] avg private log-likelihood = -3.229
[round 08/100] avg private log-likelihood = -3.248
[round 09/100] avg private log-likelihood = -3.264
[round 10/100] avg private log-likelihood = -3.280
[round 11/100] avg private log-likelihood = -3.290
[round 12/100] avg private log-likelihood = -3.299
[round 13/100] avg private log-likelihood = -3.307
[round 14/100] avg private log-likelihood = -3.311
[round 15/100] avg private log-likelihood = -3.315
[round 16/100] avg private log-likelihood = -3.318
[round 17/100] avg private log-likelihood = -3.321
[round 18/100] avg private log-likelihood = -3.320
[round 19/100] avg private log-likelihood = -3.320
[round 20/100] avg private log-likelihood = -3.320
[round 21/100] avg private log-likelihood = -3.319
[round 22/100] avg private log-likelihood = -3.319
[round 23/100] avg private log-likelihood = -3.319
[round 24/100] avg private log-likelihood = -3.321
[round 25/100] avg private log-likelihood = -3.319
[round 26/100] avg private log-likelihood = -3.320
[round 27/100] avg private log-likelihood = -3.320
[round 28/100] avg private log-likelihood = -3.320
[round 29/100] avg private log-likelihood = -3.319
[round 30/100] avg private log-likelihood = -3.321
[round 31/100] avg private log-likelihood = -3.319
[round 32/100] avg private log-likelihood = -3.317
[round 33/100] avg private log-likelihood = -3.318
[round 34/100] avg private log-likelihood = -3.318
[round 35/100] avg private log-likelihood = -3.320
[round 36/100] avg private log-likelihood = -3.320
[round 37/100] avg private log-likelihood = -3.321
[round 38/100] avg private log-likelihood = -3.318
[round 39/100] avg private log-likelihood = -3.317
[round 40/100] avg private log-likelihood = -3.319
[round 41/100] avg private log-likelihood = -3.319
[round 42/100] avg private log-likelihood = -3.320
[round 43/100] avg private log-likelihood = -3.319
[round 44/100] avg private log-likelihood = -3.320
[round 45/100] avg private log-likelihood = -3.320
[round 46/100] avg private log-likelihood = -3.318
[round 47/100] avg private log-likelihood = -3.319
[round 48/100] avg private log-likelihood = -3.322
[round 49/100] avg private log-likelihood = -3.320
[round 50/100] avg private log-likelihood = -3.319
[round 51/100] avg private log-likelihood = -3.319
[round 52/100] avg private log-likelihood = -3.319
[round 53/100] avg private log-likelihood = -3.320
[round 54/100] avg private log-likelihood = -3.319
[round 55/100] avg private log-likelihood = -3.318
[round 56/100] avg private log-likelihood = -3.320
[round 57/100] avg private log-likelihood = -3.320
[round 58/100] avg private log-likelihood = -3.319
[round 59/100] avg private log-likelihood = -3.321
[round 60/100] avg private log-likelihood = -3.319
[round 61/100] avg private log-likelihood = -3.320
[round 62/100] avg private log-likelihood = -3.321
[round 63/100] avg private log-likelihood = -3.320
[round 64/100] avg private log-likelihood = -3.319
[round 65/100] avg private log-likelihood = -3.319
[round 66/100] avg private log-likelihood = -3.319
[round 67/100] avg private log-likelihood = -3.319
[round 68/100] avg private log-likelihood = -3.319
[round 69/100] avg private log-likelihood = -3.320
[round 70/100] avg private log-likelihood = -3.322
[round 71/100] avg private log-likelihood = -3.323
[round 72/100] avg private log-likelihood = -3.322
[round 73/100] avg private log-likelihood = -3.321
[round 74/100] avg private log-likelihood = -3.320
[round 75/100] avg private log-likelihood = -3.320
[round 76/100] avg private log-likelihood = -3.321
[round 77/100] avg private log-likelihood = -3.324
[round 78/100] avg private log-likelihood = -3.320
[round 79/100] avg private log-likelihood = -3.319
[round 80/100] avg private log-likelihood = -3.318
[round 81/100] avg private log-likelihood = -3.318
[round 82/100] avg private log-likelihood = -3.320
[round 83/100] avg private log-likelihood = -3.322
[round 84/100] avg private log-likelihood = -3.320
[round 85/100] avg private log-likelihood = -3.319
[round 86/100] avg private log-likelihood = -3.319
[round 87/100] avg private log-likelihood = -3.319
[round 88/100] avg private log-likelihood = -3.319
[round 89/100] avg private log-likelihood = -3.319
[round 90/100] avg private log-likelihood = -3.320
[round 91/100] avg private log-likelihood = -3.321
[round 92/100] avg private log-likelihood = -3.318
[round 93/100] avg private log-likelihood = -3.319
[round 94/100] avg private log-likelihood = -3.321
[round 95/100] avg private log-likelihood = -3.319
[round 96/100] avg private log-likelihood = -3.321
[round 97/100] avg private log-likelihood = -3.319
[round 98/100] avg private log-likelihood = -3.319
[round 99/100] avg private log-likelihood = -3.319
[round 100/100] avg private log-likelihood = -3.320
[DONE] Results saved to results/D2_N10_lam0.5_seed7.json
