========================================
Running experiment on GPU
  D       = 4
  N       = 10
  lambda  = 0.5
  seed    = 2
  GPU     = 0
========================================
[round 01/100] avg private log-likelihood = -4.512
[round 02/100] avg private log-likelihood = -4.587
[round 03/100] avg private log-likelihood = -4.669
[round 04/100] avg private log-likelihood = -4.743
[round 05/100] avg private log-likelihood = -4.804
[round 06/100] avg private log-likelihood = -4.855
[round 07/100] avg private log-likelihood = -4.900
[round 08/100] avg private log-likelihood = -4.928
[round 09/100] avg private log-likelihood = -4.949
[round 10/100] avg private log-likelihood = -4.963
[round 11/100] avg private log-likelihood = -4.972
[round 12/100] avg private log-likelihood = -4.973
[round 13/100] avg private log-likelihood = -4.972
[round 14/100] avg private log-likelihood = -4.972
[round 15/100] avg private log-likelihood = -4.974
[round 16/100] avg private log-likelihood = -4.978
[round 17/100] avg private log-likelihood = -4.978
[round 18/100] avg private log-likelihood = -4.980
[round 19/100] avg private log-likelihood = -4.982
[round 20/100] avg private log-likelihood = -4.981
[round 21/100] avg private log-likelihood = -4.979
[round 22/100] avg private log-likelihood = -4.984
[round 23/100] avg private log-likelihood = -4.986
[round 24/100] avg private log-likelihood = -4.980
[round 25/100] avg private log-likelihood = -4.980
[round 26/100] avg private log-likelihood = -4.982
[round 27/100] avg private log-likelihood = -4.980
[round 28/100] avg private log-likelihood = -4.980
[round 29/100] avg private log-likelihood = -4.985
[round 30/100] avg private log-likelihood = -4.982
[round 31/100] avg private log-likelihood = -4.982
[round 32/100] avg private log-likelihood = -4.979
[round 33/100] avg private log-likelihood = -4.983
[round 34/100] avg private log-likelihood = -4.983
[round 35/100] avg private log-likelihood = -4.987
[round 36/100] avg private log-likelihood = -4.986
[round 37/100] avg private log-likelihood = -4.986
[round 38/100] avg private log-likelihood = -4.985
[round 39/100] avg private log-likelihood = -4.984
[round 40/100] avg private log-likelihood = -4.988
[round 41/100] avg private log-likelihood = -4.988
[round 42/100] avg private log-likelihood = -4.985
[round 43/100] avg private log-likelihood = -4.982
[round 44/100] avg private log-likelihood = -4.984
[round 45/100] avg private log-likelihood = -4.989
[round 46/100] avg private log-likelihood = -4.985
[round 47/100] avg private log-likelihood = -4.983
[round 48/100] avg private log-likelihood = -4.981
[round 49/100] avg private log-likelihood = -4.985
[round 50/100] avg private log-likelihood = -4.984
[round 51/100] avg private log-likelihood = -4.986
[round 52/100] avg private log-likelihood = -4.988
[round 53/100] avg private log-likelihood = -4.984
[round 54/100] avg private log-likelihood = -4.986
[round 55/100] avg private log-likelihood = -4.988
[round 56/100] avg private log-likelihood = -4.985
[round 57/100] avg private log-likelihood = -4.981
[round 58/100] avg private log-likelihood = -4.982
[round 59/100] avg private log-likelihood = -4.985
[round 60/100] avg private log-likelihood = -4.982
[round 61/100] avg private log-likelihood = -4.988
[round 62/100] avg private log-likelihood = -4.989
[round 63/100] avg private log-likelihood = -4.986
[round 64/100] avg private log-likelihood = -4.986
[round 65/100] avg private log-likelihood = -4.979
[round 66/100] avg private log-likelihood = -4.979
[round 67/100] avg private log-likelihood = -4.982
[round 68/100] avg private log-likelihood = -4.981
[round 69/100] avg private log-likelihood = -4.977
[round 70/100] avg private log-likelihood = -4.983
[round 71/100] avg private log-likelihood = -4.980
[round 72/100] avg private log-likelihood = -4.975
[round 73/100] avg private log-likelihood = -4.976
[round 74/100] avg private log-likelihood = -4.981
[round 75/100] avg private log-likelihood = -4.982
[round 76/100] avg private log-likelihood = -4.988
[round 77/100] avg private log-likelihood = -4.986
[round 78/100] avg private log-likelihood = -4.983
[round 79/100] avg private log-likelihood = -4.984
[round 80/100] avg private log-likelihood = -4.982
[round 81/100] avg private log-likelihood = -4.984
[round 82/100] avg private log-likelihood = -4.986
[round 83/100] avg private log-likelihood = -4.984
[round 84/100] avg private log-likelihood = -4.984
[round 85/100] avg private log-likelihood = -4.983
[round 86/100] avg private log-likelihood = -4.981
[round 87/100] avg private log-likelihood = -4.983
[round 88/100] avg private log-likelihood = -4.982
[round 89/100] avg private log-likelihood = -4.983
[round 90/100] avg private log-likelihood = -4.981
[round 91/100] avg private log-likelihood = -4.982
[round 92/100] avg private log-likelihood = -4.983
[round 93/100] avg private log-likelihood = -4.982
[round 94/100] avg private log-likelihood = -4.986
[round 95/100] avg private log-likelihood = -4.986
[round 96/100] avg private log-likelihood = -4.980
[round 97/100] avg private log-likelihood = -4.983
[round 98/100] avg private log-likelihood = -4.986
[round 99/100] avg private log-likelihood = -4.981
[round 100/100] avg private log-likelihood = -4.978
[round 01/100] avg private log-likelihood = -4.783
[round 02/100] avg private log-likelihood = -4.850
[round 03/100] avg private log-likelihood = -4.923
[round 04/100] avg private log-likelihood = -4.988
[round 05/100] avg private log-likelihood = -5.047
[round 06/100] avg private log-likelihood = -5.096
[round 07/100] avg private log-likelihood = -5.134
[round 08/100] avg private log-likelihood = -5.161
[round 09/100] avg private log-likelihood = -5.180
[round 10/100] avg private log-likelihood = -5.192
[round 11/100] avg private log-likelihood = -5.199
[round 12/100] avg private log-likelihood = -5.203
[round 13/100] avg private log-likelihood = -5.206
[round 14/100] avg private log-likelihood = -5.206
[round 15/100] avg private log-likelihood = -5.206
[round 16/100] avg private log-likelihood = -5.207
[round 17/100] avg private log-likelihood = -5.209
[round 18/100] avg private log-likelihood = -5.210
[round 19/100] avg private log-likelihood = -5.211
[round 20/100] avg private log-likelihood = -5.208
[round 21/100] avg private log-likelihood = -5.208
[round 22/100] avg private log-likelihood = -5.210
[round 23/100] avg private log-likelihood = -5.211
[round 24/100] avg private log-likelihood = -5.211
[round 25/100] avg private log-likelihood = -5.210
[round 26/100] avg private log-likelihood = -5.214
[round 27/100] avg private log-likelihood = -5.212
[round 28/100] avg private log-likelihood = -5.211
[round 29/100] avg private log-likelihood = -5.214
[round 30/100] avg private log-likelihood = -5.213
[round 31/100] avg private log-likelihood = -5.213
[round 32/100] avg private log-likelihood = -5.213
[round 33/100] avg private log-likelihood = -5.215
[round 34/100] avg private log-likelihood = -5.211
[round 35/100] avg private log-likelihood = -5.212
[round 36/100] avg private log-likelihood = -5.210
[round 37/100] avg private log-likelihood = -5.210
[round 38/100] avg private log-likelihood = -5.210
[round 39/100] avg private log-likelihood = -5.211
[round 40/100] avg private log-likelihood = -5.215
[round 41/100] avg private log-likelihood = -5.215
[round 42/100] avg private log-likelihood = -5.212
[round 43/100] avg private log-likelihood = -5.209
[round 44/100] avg private log-likelihood = -5.206
[round 45/100] avg private log-likelihood = -5.210
[round 46/100] avg private log-likelihood = -5.210
[round 47/100] avg private log-likelihood = -5.211
[round 48/100] avg private log-likelihood = -5.212
[round 49/100] avg private log-likelihood = -5.212
[round 50/100] avg private log-likelihood = -5.210
[round 51/100] avg private log-likelihood = -5.212
[round 52/100] avg private log-likelihood = -5.208
[round 53/100] avg private log-likelihood = -5.210
[round 54/100] avg private log-likelihood = -5.210
[round 55/100] avg private log-likelihood = -5.210
[round 56/100] avg private log-likelihood = -5.210
[round 57/100] avg private log-likelihood = -5.213
[round 58/100] avg private log-likelihood = -5.214
[round 59/100] avg private log-likelihood = -5.214
[round 60/100] avg private log-likelihood = -5.213
[round 61/100] avg private log-likelihood = -5.211
[round 62/100] avg private log-likelihood = -5.212
[round 63/100] avg private log-likelihood = -5.211
[round 64/100] avg private log-likelihood = -5.210
[round 65/100] avg private log-likelihood = -5.212
[round 66/100] avg private log-likelihood = -5.210
[round 67/100] avg private log-likelihood = -5.212
[round 68/100] avg private log-likelihood = -5.215
[round 69/100] avg private log-likelihood = -5.212
[round 70/100] avg private log-likelihood = -5.211
[round 71/100] avg private log-likelihood = -5.211
[round 72/100] avg private log-likelihood = -5.210
[round 73/100] avg private log-likelihood = -5.213
[round 74/100] avg private log-likelihood = -5.212
[round 75/100] avg private log-likelihood = -5.210
[round 76/100] avg private log-likelihood = -5.209
[round 77/100] avg private log-likelihood = -5.212
[round 78/100] avg private log-likelihood = -5.212
[round 79/100] avg private log-likelihood = -5.211
[round 80/100] avg private log-likelihood = -5.213
[round 81/100] avg private log-likelihood = -5.211
[round 82/100] avg private log-likelihood = -5.214
[round 83/100] avg private log-likelihood = -5.212
[round 84/100] avg private log-likelihood = -5.211
[round 85/100] avg private log-likelihood = -5.210
[round 86/100] avg private log-likelihood = -5.213
[round 87/100] avg private log-likelihood = -5.211
[round 88/100] avg private log-likelihood = -5.211
[round 89/100] avg private log-likelihood = -5.211
[round 90/100] avg private log-likelihood = -5.211
[round 91/100] avg private log-likelihood = -5.210
[round 92/100] avg private log-likelihood = -5.212
[round 93/100] avg private log-likelihood = -5.214
[round 94/100] avg private log-likelihood = -5.213
[round 95/100] avg private log-likelihood = -5.216
[round 96/100] avg private log-likelihood = -5.213
[round 97/100] avg private log-likelihood = -5.210
[round 98/100] avg private log-likelihood = -5.212
[round 99/100] avg private log-likelihood = -5.213
[round 100/100] avg private log-likelihood = -5.214
[DONE] Results saved to results/D4_N10_lam0.5_seed2.json
