========================================
Running experiment on GPU
  D       = 16
  N       = 10
  lambda  = 0.5
  seed    = 0
  GPU     = 0
========================================
[round 01/100] avg private log-likelihood = -13.401
[round 02/100] avg private log-likelihood = -13.980
[round 03/100] avg private log-likelihood = -14.478
[round 04/100] avg private log-likelihood = -14.995
[round 05/100] avg private log-likelihood = -15.468
[round 06/100] avg private log-likelihood = -15.982
[round 07/100] avg private log-likelihood = -16.442
[round 08/100] avg private log-likelihood = -16.886
[round 09/100] avg private log-likelihood = -17.288
[round 10/100] avg private log-likelihood = -17.680
[round 11/100] avg private log-likelihood = -18.022
[round 12/100] avg private log-likelihood = -18.341
[round 13/100] avg private log-likelihood = -18.602
[round 14/100] avg private log-likelihood = -18.822
[round 15/100] avg private log-likelihood = -19.008
[round 16/100] avg private log-likelihood = -19.150
[round 17/100] avg private log-likelihood = -19.276
[round 18/100] avg private log-likelihood = -19.323
[round 19/100] avg private log-likelihood = -19.353
[round 20/100] avg private log-likelihood = -19.307
[round 21/100] avg private log-likelihood = -19.265
[round 22/100] avg private log-likelihood = -19.226
[round 23/100] avg private log-likelihood = -19.133
[round 24/100] avg private log-likelihood = -19.098
[round 25/100] avg private log-likelihood = -19.082
[round 26/100] avg private log-likelihood = -19.041
[round 27/100] avg private log-likelihood = -19.027
[round 28/100] avg private log-likelihood = -19.004
[round 29/100] avg private log-likelihood = -19.003
[round 30/100] avg private log-likelihood = -18.978
[round 31/100] avg private log-likelihood = -19.015
[round 32/100] avg private log-likelihood = -19.002
[round 33/100] avg private log-likelihood = -18.989
[round 34/100] avg private log-likelihood = -18.999
[round 35/100] avg private log-likelihood = -19.014
[round 36/100] avg private log-likelihood = -18.986
[round 37/100] avg private log-likelihood = -18.981
[round 38/100] avg private log-likelihood = -18.993
[round 39/100] avg private log-likelihood = -18.986
[round 40/100] avg private log-likelihood = -18.969
[round 41/100] avg private log-likelihood = -18.993
[round 42/100] avg private log-likelihood = -18.982
[round 43/100] avg private log-likelihood = -18.999
[round 44/100] avg private log-likelihood = -19.009
[round 45/100] avg private log-likelihood = -19.004
[round 46/100] avg private log-likelihood = -19.000
[round 47/100] avg private log-likelihood = -18.999
[round 48/100] avg private log-likelihood = -18.998
[round 49/100] avg private log-likelihood = -18.976
[round 50/100] avg private log-likelihood = -18.972
[round 51/100] avg private log-likelihood = -18.972
[round 52/100] avg private log-likelihood = -18.976
[round 53/100] avg private log-likelihood = -18.970
[round 54/100] avg private log-likelihood = -18.977
[round 55/100] avg private log-likelihood = -18.974
[round 56/100] avg private log-likelihood = -18.987
[round 57/100] avg private log-likelihood = -18.986
[round 58/100] avg private log-likelihood = -18.974
[round 59/100] avg private log-likelihood = -18.979
[round 60/100] avg private log-likelihood = -19.001
[round 61/100] avg private log-likelihood = -19.035
[round 62/100] avg private log-likelihood = -19.009
[round 63/100] avg private log-likelihood = -19.009
[round 64/100] avg private log-likelihood = -19.004
[round 65/100] avg private log-likelihood = -19.016
[round 66/100] avg private log-likelihood = -19.006
[round 67/100] avg private log-likelihood = -19.008
[round 68/100] avg private log-likelihood = -18.984
[round 69/100] avg private log-likelihood = -18.985
[round 70/100] avg private log-likelihood = -18.993
[round 71/100] avg private log-likelihood = -18.994
[round 72/100] avg private log-likelihood = -19.006
[round 73/100] avg private log-likelihood = -19.017
[round 74/100] avg private log-likelihood = -18.993
[round 75/100] avg private log-likelihood = -19.004
[round 76/100] avg private log-likelihood = -19.002
[round 77/100] avg private log-likelihood = -19.017
[round 78/100] avg private log-likelihood = -18.991
[round 79/100] avg private log-likelihood = -18.990
[round 80/100] avg private log-likelihood = -19.014
[round 81/100] avg private log-likelihood = -18.988
[round 82/100] avg private log-likelihood = -18.985
[round 83/100] avg private log-likelihood = -18.971
[round 84/100] avg private log-likelihood = -18.969
[round 85/100] avg private log-likelihood = -18.949
[round 86/100] avg private log-likelihood = -18.966
[round 87/100] avg private log-likelihood = -18.964
[round 88/100] avg private log-likelihood = -18.979
[round 89/100] avg private log-likelihood = -18.986
[round 90/100] avg private log-likelihood = -19.004
[round 91/100] avg private log-likelihood = -19.016
[round 92/100] avg private log-likelihood = -19.008
[round 93/100] avg private log-likelihood = -18.999
[round 94/100] avg private log-likelihood = -18.981
[round 95/100] avg private log-likelihood = -18.999
[round 96/100] avg private log-likelihood = -19.000
[round 97/100] avg private log-likelihood = -18.994
[round 98/100] avg private log-likelihood = -18.979
[round 99/100] avg private log-likelihood = -18.976
[round 100/100] avg private log-likelihood = -18.974
[round 01/100] avg private log-likelihood = -13.335
[round 02/100] avg private log-likelihood = -13.992
[round 03/100] avg private log-likelihood = -14.478
[round 04/100] avg private log-likelihood = -14.975
[round 05/100] avg private log-likelihood = -15.436
[round 06/100] avg private log-likelihood = -15.930
[round 07/100] avg private log-likelihood = -16.387
[round 08/100] avg private log-likelihood = -16.841
[round 09/100] avg private log-likelihood = -17.252
[round 10/100] avg private log-likelihood = -17.645
[round 11/100] avg private log-likelihood = -18.000
[round 12/100] avg private log-likelihood = -18.299
[round 13/100] avg private log-likelihood = -18.559
[round 14/100] avg private log-likelihood = -18.804
[round 15/100] avg private log-likelihood = -18.997
[round 16/100] avg private log-likelihood = -19.157
[round 17/100] avg private log-likelihood = -19.270
[round 18/100] avg private log-likelihood = -19.322
[round 19/100] avg private log-likelihood = -19.344
[round 20/100] avg private log-likelihood = -19.331
[round 21/100] avg private log-likelihood = -19.276
[round 22/100] avg private log-likelihood = -19.226
[round 23/100] avg private log-likelihood = -19.165
[round 24/100] avg private log-likelihood = -19.115
[round 25/100] avg private log-likelihood = -19.080
[round 26/100] avg private log-likelihood = -19.029
[round 27/100] avg private log-likelihood = -19.015
[round 28/100] avg private log-likelihood = -19.010
[round 29/100] avg private log-likelihood = -19.002
[round 30/100] avg private log-likelihood = -18.994
[round 31/100] avg private log-likelihood = -19.002
[round 32/100] avg private log-likelihood = -18.978
[round 33/100] avg private log-likelihood = -19.000
[round 34/100] avg private log-likelihood = -18.988
[round 35/100] avg private log-likelihood = -18.996
[round 36/100] avg private log-likelihood = -18.994
[round 37/100] avg private log-likelihood = -18.982
[round 38/100] avg private log-likelihood = -18.975
[round 39/100] avg private log-likelihood = -18.981
[round 40/100] avg private log-likelihood = -18.989
[round 41/100] avg private log-likelihood = -18.989
[round 42/100] avg private log-likelihood = -18.987
[round 43/100] avg private log-likelihood = -19.002
[round 44/100] avg private log-likelihood = -18.996
[round 45/100] avg private log-likelihood = -18.987
[round 46/100] avg private log-likelihood = -18.979
[round 47/100] avg private log-likelihood = -18.997
[round 48/100] avg private log-likelihood = -19.009
[round 49/100] avg private log-likelihood = -19.001
[round 50/100] avg private log-likelihood = -19.009
[round 51/100] avg private log-likelihood = -19.003
[round 52/100] avg private log-likelihood = -19.007
[round 53/100] avg private log-likelihood = -18.995
[round 54/100] avg private log-likelihood = -19.002
[round 55/100] avg private log-likelihood = -18.998
[round 56/100] avg private log-likelihood = -18.996
[round 57/100] avg private log-likelihood = -18.998
[round 58/100] avg private log-likelihood = -19.008
[round 59/100] avg private log-likelihood = -19.009
[round 60/100] avg private log-likelihood = -18.989
[round 61/100] avg private log-likelihood = -18.996
[round 62/100] avg private log-likelihood = -19.009
[round 63/100] avg private log-likelihood = -18.995
[round 64/100] avg private log-likelihood = -18.995
[round 65/100] avg private log-likelihood = -18.976
[round 66/100] avg private log-likelihood = -18.982
[round 67/100] avg private log-likelihood = -18.974
[round 68/100] avg private log-likelihood = -18.969
[round 69/100] avg private log-likelihood = -18.985
[round 70/100] avg private log-likelihood = -18.990
[round 71/100] avg private log-likelihood = -19.002
[round 72/100] avg private log-likelihood = -19.002
[round 73/100] avg private log-likelihood = -19.004
[round 74/100] avg private log-likelihood = -18.992
[round 75/100] avg private log-likelihood = -18.998
[round 76/100] avg private log-likelihood = -19.003
[round 77/100] avg private log-likelihood = -19.002
[round 78/100] avg private log-likelihood = -18.998
[round 79/100] avg private log-likelihood = -18.996
[round 80/100] avg private log-likelihood = -18.998
[round 81/100] avg private log-likelihood = -18.990
[round 82/100] avg private log-likelihood = -18.992
[round 83/100] avg private log-likelihood = -18.997
[round 84/100] avg private log-likelihood = -19.004
[round 85/100] avg private log-likelihood = -18.993
[round 86/100] avg private log-likelihood = -18.973
[round 87/100] avg private log-likelihood = -19.007
[round 88/100] avg private log-likelihood = -18.998
[round 89/100] avg private log-likelihood = -18.989
[round 90/100] avg private log-likelihood = -18.997
[round 91/100] avg private log-likelihood = -18.998
[round 92/100] avg private log-likelihood = -18.999
[round 93/100] avg private log-likelihood = -18.997
[round 94/100] avg private log-likelihood = -18.995
[round 95/100] avg private log-likelihood = -18.978
[round 96/100] avg private log-likelihood = -18.985
[round 97/100] avg private log-likelihood = -18.985
[round 98/100] avg private log-likelihood = -18.977
[round 99/100] avg private log-likelihood = -18.988
[round 100/100] avg private log-likelihood = -19.005
[DONE] Results saved to results/D16_N10_lam0.5_seed0.json
